[2026-08-20 07:49:49.352] Skipping import of cpp extensions due to incompatible torch version. Please upgrade to torch >= 2.11.0 (found 2.4.0+cu121).
[2026-08-20 07:49:49.376] Ignore import error when loading sglang.srt.models.llava. Failed to import transformers.models.clip.modeling_clip because of the following error (look up to see its traceback):
module 'torch' has no attribute 'int1'
[2026-08-20 07:49:49.380] Skipping import of cpp extensions due to incompatible torch version. Please upgrade to torch >= 2.11.0 (found 2.4.0+cu121).
[2026-08-20 07:49:49.381] Ignore import error when loading sglang.srt.models.llava. Failed to import transformers.models.clip.modeling_clip because of the following error (look up to see its traceback):
module 'torch' has no attribute 'int1'
[2026-08-20 07:49:49.384] Skipping import of cpp extensions due to incompatible torch version. Please upgrade to torch >= 2.11.0 (found 2.4.0+cu121).
[2026-08-20 07:49:49.385] Ignore import error when loading sglang.srt.models.llavavid. Failed to import transformers.models.clip.modeling_clip because of the following error (look up to see its traceback):
module 'torch' has no attribute 'int1'
[2026-08-20 07:49:49.392] Skipping import of cpp extensions due to incompatible torch version. Please upgrade to torch >= 2.11.0 (found 2.4.0+cu121).
[2026-08-20 07:49:49.395] Ignore import error when loading sglang.srt.models.llava. Failed to import transformers.models.clip.modeling_clip because of the following error (look up to see its traceback):
module 'torch' has no attribute 'int1'
[2026-08-20 07:49:49.398] Skipping import of cpp extensions due to incompatible torch version. Please upgrade to torch >= 2.11.0 (found 2.4.0+cu121).
[2026-08-20 07:49:49.400] Ignore import error when loading sglang.srt.models.mllama. Failed to import transformers.modeling_utils because of the following error (look up to see its traceback):
module 'torch' has no attribute 'int1'
[2026-08-20 07:49:49.400] Ignore import error when loading sglang.srt.models.llavavid. Failed to import transformers.models.clip.modeling_clip because of the following error (look up to see its traceback):
cannot import name 'PreTrainedModel' from 'transformers.modeling_utils' (/workspace/prism-exp/prism-venv/lib/python3.10/site-packages/transformers/modeling_utils.py)
[2026-08-20 07:49:49.408] Skipping import of cpp extensions due to incompatible torch version. Please upgrade to torch >= 2.11.0 (found 2.4.0+cu121).
[2026-08-20 07:49:49.411] Ignore import error when loading sglang.srt.models.llava. Failed to import transformers.models.clip.modeling_clip because of the following error (look up to see its traceback):
module 'torch' has no attribute 'int1'
[2026-08-20 07:49:49.417] Skipping import of cpp extensions due to incompatible torch version. Please upgrade to torch >= 2.11.0 (found 2.4.0+cu121).
[2026-08-20 07:49:49.420] Ignore import error when loading sglang.srt.models.mllama. Failed to import transformers.modeling_utils because of the following error (look up to see its traceback):
module 'torch' has no attribute 'int1'
[2026-08-20 07:49:49.420] Ignore import error when loading sglang.srt.models.llavavid. Failed to import transformers.models.clip.modeling_clip because of the following error (look up to see its traceback):
cannot import name 'PreTrainedModel' from 'transformers.modeling_utils' (/workspace/prism-exp/prism-venv/lib/python3.10/site-packages/transformers/modeling_utils.py)
[2026-08-20 07:49:49.425] Skipping import of cpp extensions due to incompatible torch version. Please upgrade to torch >= 2.11.0 (found 2.4.0+cu121).
[2026-08-20 07:49:49.426] Ignore import error when loading sglang.srt.models.llava. Failed to import transformers.models.clip.modeling_clip because of the following error (look up to see its traceback):
module 'torch' has no attribute 'int1'
[2026-08-20 07:49:49.430] Skipping import of cpp extensions due to incompatible torch version. Please upgrade to torch >= 2.11.0 (found 2.4.0+cu121).
[2026-08-20 07:49:49.432] Ignore import error when loading sglang.srt.models.mllama. Failed to import transformers.modeling_utils because of the following error (look up to see its traceback):
module 'torch' has no attribute 'int1'
[2026-08-20 07:49:49.432] Ignore import error when loading sglang.srt.models.llavavid. Failed to import transformers.models.clip.modeling_clip because of the following error (look up to see its traceback):
cannot import name 'PreTrainedModel' from 'transformers.modeling_utils' (/workspace/prism-exp/prism-venv/lib/python3.10/site-packages/transformers/modeling_utils.py)
[2026-08-20 07:49:49.436] Skipping import of cpp extensions due to incompatible torch version. Please upgrade to torch >= 2.11.0 (found 2.4.0+cu121).
[2026-08-20 07:49:49.438] Ignore import error when loading sglang.srt.models.llava. Failed to import transformers.models.clip.modeling_clip because of the following error (look up to see its traceback):
module 'torch' has no attribute 'int1'
[2026-08-20 07:49:49.441] Skipping import of cpp extensions due to incompatible torch version. Please upgrade to torch >= 2.11.0 (found 2.4.0+cu121).
[2026-08-20 07:49:49.442] Ignore import error when loading sglang.srt.models.mllama. Failed to import transformers.modeling_utils because of the following error (look up to see its traceback):
module 'torch' has no attribute 'int1'
[2026-08-20 07:49:49.442] Ignore import error when loading sglang.srt.models.llavavid. Failed to import transformers.models.clip.modeling_clip because of the following error (look up to see its traceback):
cannot import name 'PreTrainedModel' from 'transformers.modeling_utils' (/workspace/prism-exp/prism-venv/lib/python3.10/site-packages/transformers/modeling_utils.py)
[2026-08-20 07:49:49.446] Skipping import of cpp extensions due to incompatible torch version. Please upgrade to torch >= 2.11.0 (found 2.4.0+cu121).
[2026-08-20 07:49:49.448] Ignore import error when loading sglang.srt.models.llavavid. Failed to import transformers.models.clip.modeling_clip because of the following error (look up to see its traceback):
module 'torch' has no attribute 'int1'
[2026-08-20 07:49:49.450] Skipping import of cpp extensions due to incompatible torch version. Please upgrade to torch >= 2.11.0 (found 2.4.0+cu121).
[2026-08-20 07:49:49.452] Ignore import error when loading sglang.srt.models.mllama. Failed to import transformers.modeling_utils because of the following error (look up to see its traceback):
module 'torch' has no attribute 'int1'
[2026-08-20 07:49:49.455] Skipping import of cpp extensions due to incompatible torch version. Please upgrade to torch >= 2.11.0 (found 2.4.0+cu121).
[2026-08-20 07:49:49.456] Ignore import error when loading sglang.srt.models.mllama. Failed to import transformers.modeling_utils because of the following error (look up to see its traceback):
module 'torch' has no attribute 'int1'
[2026-08-20 07:49:49.493] Skipping import of cpp extensions due to incompatible torch version. Please upgrade to torch >= 2.11.0 (found 2.4.0+cu121).
[2026-08-20 07:49:49.494] Ignore import error when loading sglang.srt.models.yivl. Failed to import transformers.models.clip.modeling_clip because of the following error (look up to see its traceback):
module 'torch' has no attribute 'int1'
[2026-08-20 07:49:49.499] Skipping import of cpp extensions due to incompatible torch version. Please upgrade to torch >= 2.11.0 (found 2.4.0+cu121).
[2026-08-20 07:49:49.500] Ignore import error when loading sglang.srt.models.yivl. Failed to import transformers.models.clip.modeling_clip because of the following error (look up to see its traceback):
module 'torch' has no attribute 'int1'
[2026-08-20 07:49:49.506] Skipping import of cpp extensions due to incompatible torch version. Please upgrade to torch >= 2.11.0 (found 2.4.0+cu121).
[2026-08-20 07:49:49.508] Ignore import error when loading sglang.srt.models.yivl. Failed to import transformers.models.clip.modeling_clip because of the following error (look up to see its traceback):
module 'torch' has no attribute 'int1'
[2026-08-20 07:49:49.512] Skipping import of cpp extensions due to incompatible torch version. Please upgrade to torch >= 2.11.0 (found 2.4.0+cu121).
[2026-08-20 07:49:49.514] Ignore import error when loading sglang.srt.models.yivl. Failed to import transformers.models.clip.modeling_clip because of the following error (look up to see its traceback):
module 'torch' has no attribute 'int1'
[2026-08-20 07:49:49.517] Skipping import of cpp extensions due to incompatible torch version. Please upgrade to torch >= 2.11.0 (found 2.4.0+cu121).
[2026-08-20 07:49:49.519] Ignore import error when loading sglang.srt.models.yivl. Failed to import transformers.models.clip.modeling_clip because of the following error (look up to see its traceback):
module 'torch' has no attribute 'int1'
[2026-08-20 07:49:49.524] Skipping import of cpp extensions due to incompatible torch version. Please upgrade to torch >= 2.11.0 (found 2.4.0+cu121).
[2026-08-20 07:49:49.526] Ignore import error when loading sglang.srt.models.yivl. Failed to import transformers.models.clip.modeling_clip because of the following error (look up to see its traceback):
module 'torch' has no attribute 'int1'
