[2026-08-20 13:29:49.927 GlobalController] All assigned GPU ids: [0, 1, 2, 3]
[2026-08-20 13:29:50.411 GlobalController] Total single GPU memory: 79.25 GB
[2026-08-20 13:29:51.892 GlobalController] GPU 0, memory: 74.65 GB
[2026-08-20 13:29:54.052 GlobalController] GPU 1, memory: 74.14 GB
[2026-08-20 13:29:56.171 GlobalController] GPU 2, memory: 73.07 GB
[2026-08-20 13:29:57.515 GlobalController] GPU 3, memory: 73.35 GB
[2026-08-20 13:29:57.515 GlobalController] Time for checking GPU memory: 7.1039s
[2026-08-20 13:29:57.515 GlobalController] Model weight information loaded successfully
[2026-08-20 13:29:57.517 GlobalController] [PAPER-ALG1-TP] init {"anti_affinity": true, "anti_affinity_strict": true, "model_tp_sizes": {"model_1": 4}}
[2026-08-20 13:29:57.517 GlobalController] Using policy: KVPRGlobalPolicyTP
[2026-08-20 13:29:57.518 GlobalController] Starting schedule statistic thread
[2026-08-20 13:29:57.519 GlobalController] Waiting for the first generate request to start model scheduling
[2026-08-20 13:29:57.519 GlobalController] Schedule statistics will be logged to /workspace/prism-exp/prism-research/benchmark/multi-model/benchmark/multi-model/stats_2026-08-20T13:29:57.519238.log
[2026-08-20 13:29:57.519 GlobalController] Loading model weight information for statistics
[2026-08-20 13:29:57.519 GlobalController] Loaded model weights from /workspace/prism-exp/prism-research/python/sglang/multi_model/scheduling/../utils/model_info.json
[2026-08-20 13:29:57.519 GlobalController] Loading model config and mapping weights
[2026-08-20 13:29:57.520 GlobalController] Mapped 1 models to their weights
[2026-08-20 13:29:57.520 GlobalController] Set GPU total memory: {0: 80, 1: 80, 2: 80, 3: 80}
[2026-08-20 13:30:23.568 GlobalController] model_1: num_unfinished_reqs: 0, num_waiting_reqs: 0, num_running_reqs: 0, last_arrival_time_ref: N/A, earliest_arrived_req_in_queue: N/A, last_finish_time_ref: N/A
[2026-08-20 13:30:23.669 GlobalController] model_1: num_unfinished_reqs: 0, num_waiting_reqs: 0, num_running_reqs: 0, last_arrival_time_ref: N/A, earliest_arrived_req_in_queue: N/A, last_finish_time_ref: N/A
[2026-08-20 13:30:23.870 GlobalController] model_1: num_unfinished_reqs: 1, num_waiting_reqs: 1, num_running_reqs: 0, last_arrival_time_ref: 0:00:33.900509, earliest_arrived_req_in_queue: 0:00:33.900509, last_finish_time_ref: N/A
[2026-08-20 13:30:23.870 GlobalController] Schedule interval: 5 seconds
[2026-08-20 13:30:23.870 GlobalController] Starting model scheduling
[2026-08-20 13:30:23.870 GlobalController] Time for preprocessing data structures: 0.0001s
[2026-08-20 13:30:23.870 GlobalController] Model model_1:
[2026-08-20 13:30:23.871 GlobalController]   Instance 0: ACTIVE, memory usage: 2.28 GB, gpu_ids: [0], init_memory_pool_size: 0 GB
[2026-08-20 13:30:23.871 GlobalController]   Instance 1: INACTIVE, memory usage: 2.28 GB, gpu_ids: [1], init_memory_pool_size: 0 GB
[2026-08-20 13:30:23.871 GlobalController]   Instance 2: INACTIVE, memory usage: 2.28 GB, gpu_ids: [2], init_memory_pool_size: 0 GB
[2026-08-20 13:30:23.871 GlobalController]   Instance 3: INACTIVE, memory usage: 2.28 GB, gpu_ids: [3], init_memory_pool_size: 0 GB
[2026-08-20 13:30:23.871 GlobalController] first request time: 1787232623.8280356
[2026-08-20 13:30:23.871 GlobalController] Model model_1 has been idle for 0.04 seconds, its own last request or global first request time is 1787232623.8280356
[2026-08-20 13:30:23.871 GlobalController] Model model_1 has waiting/running requests: True
[2026-08-20 13:30:23.871 GlobalController] Time for idle instance eviction: 0.0001s
[2026-08-20 13:30:23.871 GlobalController] GPU 0, mem 73.2919921875
[2026-08-20 13:30:23.871 GlobalController] GPU 1, mem 73.0107421875
[2026-08-20 13:30:23.871 GlobalController] GPU 2, mem 73.0107421875
[2026-08-20 13:30:23.871 GlobalController] GPU 3, mem 73.2919921875
[2026-08-20 13:30:23.871 GlobalController] Time for checking GPU memory: 0.0005s
[2026-08-20 13:30:23.872 GlobalController] [PAPER-ALG1-V4] {"cycle": 1, "timestamp": 1787232623.871898, "tau_mode": "absolute-line8", "tau": 0.17108602804407128, "kvpr": {"0": 1.0415304959017292e-05, "1": 0.0, "2": 0.0, "3": 0.0}, "peak_kvpr": 1.0415304959017292e-05, "line8": [{"model": "model_1", "tp_size": 4, "rank": 0, "current_gpu": 0, "best_gpu": 0, "best_gpu_unconstrained": 0, "anti_affinity_filtered": [], "current_r": 0.0, "best_r": 0.0, "absolute_delta": 0.0, "tau": 0.17108602804407128, "chosen_gpu": 0}, {"model": "model_1", "tp_size": 4, "rank": 1, "current_gpu": 1, "best_gpu": 1, "best_gpu_unconstrained": 1, "anti_affinity_filtered": [0], "current_r": 0.0, "best_r": 0.0, "absolute_delta": 0.0, "tau": 0.17108602804407128, "chosen_gpu": 1}, {"model": "model_1", "tp_size": 4, "rank": 2, "current_gpu": 2, "best_gpu": 2, "best_gpu_unconstrained": 2, "anti_affinity_filtered": [0, 1], "current_r": 0.0, "best_r": 0.0, "absolute_delta": 0.0, "tau": 0.17108602804407128, "chosen_gpu": 2}, {"model": "model_1", "tp_size": 4, "rank": 3, "current_gpu": 3, "best_gpu": 3, "best_gpu_unconstrained": 3, "anti_affinity_filtered": [0, 1, 2], "current_r": 0.0, "best_r": 0.0, "absolute_delta": 0.0, "tau": 0.17108602804407128, "chosen_gpu": 3}], "placement_plan": {"model_1": 0}, "current_placement": {"model_1": 0}, "plan_wants_moved": [], "blocked": [], "convergence_gap": 0, "misplaced_models": [], "cooldown_active": false, "candidate": null, "migration_decision": null, "migration_reason": "line-8 placement unchanged or every candidate blocked", "audit_totals": {"cycles": 1, "placement_decisions": 4, "migrations_emitted": 0, "suppressed_by_tau": 0, "rejected_by_memory": 0, "rejected_last_model_on_gpu": 0, "deferred_by_cooldown": 0, "not_best_candidate": 0}}
[2026-08-20 13:30:23.872 GlobalController] [PAPER-ALG1-TP] {"cycle": 1, "timestamp": 1787232623.8721836, "anti_affinity": true, "any_tp_group_active": true, "current_groups": {"model_1": [0, 1, 2, 3]}, "tracked_groups": {"model_1": [0, 1, 2, 3]}, "group_plan": {"model_1": [0, 1, 2, 3]}, "tp_audit": {"cycles": 1, "shards_placed": 4, "aa_violations": 0, "aa_diverted": 0, "aa_infeasible": 0, "aa_second_also_collides": 0}}
[2026-08-20 13:30:23.872 GlobalController] Time for finding migrations: 0.0004s
[2026-08-20 13:30:23.872 GlobalController] Time for planning inactive model activation: 0.0000s
[2026-08-20 13:30:23.872 GlobalController] Time for creating action list: 0.0000s
[2026-08-20 13:30:23.872 GlobalController] Total time for global scheduling: 0.0016s
[2026-08-20 13:30:25.073 GlobalController] model_1: num_unfinished_reqs: 1, num_waiting_reqs: 0, num_running_reqs: 1, last_arrival_time_ref: 0:00:33.900509, earliest_arrived_req_in_queue: N/A, last_finish_time_ref: N/A
[2026-08-20 13:30:26.075 GlobalController] model_1: num_unfinished_reqs: 1, num_waiting_reqs: 0, num_running_reqs: 1, last_arrival_time_ref: 0:00:36.050530, earliest_arrived_req_in_queue: N/A, last_finish_time_ref: 0:00:36.048132
[2026-08-20 13:30:26.276 GlobalController] model_1: num_unfinished_reqs: 1, num_waiting_reqs: 0, num_running_reqs: 1, last_arrival_time_ref: 0:00:36.270476, earliest_arrived_req_in_queue: N/A, last_finish_time_ref: 0:00:36.269131
[2026-08-20 13:30:26.677 GlobalController] model_1: num_unfinished_reqs: 1, num_waiting_reqs: 1, num_running_reqs: 0, last_arrival_time_ref: 0:00:36.699624, earliest_arrived_req_in_queue: 0:00:36.699624, last_finish_time_ref: 0:00:36.698253
[2026-08-20 13:30:26.777 GlobalController] model_1: num_unfinished_reqs: 1, num_waiting_reqs: 0, num_running_reqs: 1, last_arrival_time_ref: 0:00:36.699624, earliest_arrived_req_in_queue: N/A, last_finish_time_ref: 0:00:36.698253
[2026-08-20 13:30:27.278 GlobalController] model_1: num_unfinished_reqs: 0, num_waiting_reqs: 0, num_running_reqs: 0, last_arrival_time_ref: 0:00:36.699624, earliest_arrived_req_in_queue: N/A, last_finish_time_ref: 0:00:37.256052
[2026-08-20 13:30:28.293 GlobalController] Received signal to shutdown
