Real trace file: /workspace/prism-merge/exp/workloads/final-compare/bursty_r2_s1.pkl
[PRISM_DIRECT] 858 requests, span 419.2s
Starting TP benchmark: paper-faithful-v6_bursty_rate2_seed1
Generated 858 requests
Request model_2#0 arrives at 1626062.754503454, sleeping for 0.6546702876221389 seconds
Request model_2#1 arrives at 1626063.410390579, sleeping for 0.5126217764336616 seconds
Request model_2#2 arrives at 1626063.924649631, sleeping for 0.17442816542461514 seconds
Request model_2#3 arrives at 1626064.100894916, sleeping for 0.0780122708529234 seconds
Request model_2#4 arrives at 1626064.179338431, sleeping for 0.3808263521641493 seconds
Request model_2#5 arrives at 1626064.560929624, sleeping for 0.8855698858387768 seconds
Request model_2#6 arrives at 1626065.448117523, sleeping for 0.2160679113585502 seconds
Request model_3#0 arrives at 1626065.665323896, sleeping for 0.7585357700008899 seconds
Request model_2#7 arrives at 1626066.424409072, sleeping for 0.09918322623707354 seconds
Request model_2#8 arrives at 1626066.524785656, sleeping for 1.013457813533023 seconds
Request model_2#9 arrives at 1626067.539560573, sleeping for 0.17787060840055346 seconds
Request model_2#10 arrives at 1626067.718594542, sleeping for 1.0575749778654426 seconds
Request model_5#0 arrives at 1626068.776764445, sleeping for 0.3170374643523246 seconds
Request model_2#11 arrives at 1626069.095164356, sleeping for 1.287218128098175 seconds
Request model_2#12 arrives at 1626070.383758553, sleeping for 0.44487000722438097 seconds
Request model_2#13 arrives at 1626070.829380362, sleeping for 0.20701479515992105 seconds
Request model_2#14 arrives at 1626071.037898387, sleeping for 0.2947574332356453 seconds
Request model_5#1 arrives at 1626071.333308421, sleeping for 1.6221498837694526 seconds
Request model_2#15 arrives at 1626072.957082348, sleeping for 0.506188994506374 seconds
Request model_2#16 arrives at 1626073.463667506, sleeping for 0.6286936162505299 seconds
Request model_5#2 arrives at 1626074.093444573, sleeping for 1.3064807644113898 seconds
Request model_3#1 arrives at 1626075.400675343, sleeping for 1.7881656466051936 seconds
Request model_2#17 arrives at 1626077.191327498, sleeping for 0.4096027861814946 seconds
Request model_2#18 arrives at 1626077.602812721, sleeping for 0.2742497625295073 seconds
Request model_2#19 arrives at 1626077.87788078, sleeping for 0.18984655174426734 seconds
Request model_2#20 arrives at 1626078.068345517, sleeping for 0.9119020355865359 seconds
Request model_2#21 arrives at 1626078.981997262, sleeping for 0.012167953653261065 seconds
Request model_2#22 arrives at 1626078.995103539, sleeping for 0.18900980823673308 seconds
Request model_2#23 arrives at 1626079.186309972, sleeping for 0.5311632717493922 seconds
Request model_2#24 arrives at 1626079.71888777, sleeping for 0.1956130254548043 seconds
Request model_2#25 arrives at 1626079.915213146, sleeping for 0.38019022182561457 seconds
Request model_6#0 arrives at 1626080.29674451, sleeping for 1.0621198168955743 seconds
Request model_2#26 arrives at 1626081.360019369, sleeping for 0.1342662340030074 seconds
Request model_2#27 arrives at 1626081.496019095, sleeping for 0.4457448075991124 seconds
Request model_2#28 arrives at 1626081.942131157, sleeping for 0.08344291080720723 seconds
Request model_2#29 arrives at 1626082.025872778, sleeping for 0.6690619385335594 seconds
Request model_3#2 arrives at 1626082.696071849, sleeping for 0.39602336660027504 seconds
Request model_5#3 arrives at 1626083.093090088, sleeping for 0.14663534052670002 seconds
Request model_3#3 arrives at 1626083.24154717, sleeping for 0.35663640941493213 seconds
Request model_2#30 arrives at 1626083.599523121, sleeping for 0.49692079378291965 seconds
Request model_2#31 arrives at 1626084.097689648, sleeping for 0.159504676470533 seconds
Request model_2#32 arrives at 1626084.257519569, sleeping for 0.3209921042434871 seconds
Request model_2#33 arrives at 1626084.579569754, sleeping for 0.6536544417031109 seconds
Request model_2#34 arrives at 1626085.234481075, sleeping for 0.030156964669004083 seconds
Request model_2#35 arrives at 1626085.265419226, sleeping for 0.7878240635618567 seconds
Request model_2#36 arrives at 1626086.054319315, sleeping for 0.4113033616449684 seconds
Request model_2#37 arrives at 1626086.46739499, sleeping for 0.29545354493893683 seconds
Request model_2#38 arrives at 1626086.763356961, sleeping for 1.105266613420099 seconds
Request model_2#39 arrives at 1626087.869189267, sleeping for 0.5733573231846094 seconds
Request model_2#40 arrives at 1626088.443595341, sleeping for 0.7658337217289954 seconds
Request model_6#1 arrives at 1626089.210335114, sleeping for 0.7625291990116239 seconds
Request model_2#41 arrives at 1626089.974211344, sleeping for 0.5712395180016756 seconds
Request model_2#42 arrives at 1626090.546367705, sleeping for 0.27689751936122775 seconds
Request model_6#2 arrives at 1626090.823739956, sleeping for 1.6014951702672988 seconds
Request model_2#43 arrives at 1626092.427209919, sleeping for 0.016197626013308764 seconds
Request model_2#44 arrives at 1626092.443662699, sleeping for 0.8891833128873259 seconds
Request model_2#45 arrives at 1626093.334678037, sleeping for 0.9317349956836551 seconds
Request model_2#46 arrives at 1626094.268083076, sleeping for 0.1632042732089758 seconds
Request model_3#4 arrives at 1626094.43210127, sleeping for 0.20654104882851243 seconds
Request model_2#47 arrives at 1626094.639264378, sleeping for 0.4878605888225138 seconds
Request model_2#48 arrives at 1626095.128475188, sleeping for 0.7355184648185968 seconds
Request model_2#49 arrives at 1626095.864856525, sleeping for 1.0146014851052314 seconds
Request model_2#50 arrives at 1626096.880909503, sleeping for 0.16020671860314906 seconds
Request model_3#5 arrives at 1626097.042175955, sleeping for 0.5177859666291624 seconds
Request model_2#51 arrives at 1626097.560938791, sleeping for 0.10299527319148183 seconds
Request model_2#52 arrives at 1626097.665845443, sleeping for 0.7889222060330212 seconds
Request model_6#3 arrives at 1626098.455501217, sleeping for 0.2291979647707194 seconds
Request model_2#53 arrives at 1626098.685406535, sleeping for 0.6044159757439047 seconds
Request model_2#54 arrives at 1626099.290827998, sleeping for 0.21481288480572402 seconds
Request model_2#55 arrives at 1626099.506681879, sleeping for 0.3791935374028981 seconds
Request model_2#56 arrives at 1626099.886740531, sleeping for 0.04423227906227112 seconds
Request model_2#57 arrives at 1626099.93142144, sleeping for 0.008605599170550704 seconds
Request model_5#4 arrives at 1626099.942109071, sleeping for 1.8790528264362365 seconds
Request model_5#5 arrives at 1626101.822382367, sleeping for 0.5735873035155237 seconds
Request model_5#6 arrives at 1626102.39780077, sleeping for 0.25471675395965576 seconds
Request model_1#0 arrives at 1626102.65376591, sleeping for 0.23534806538373232 seconds
Request model_5#7 arrives at 1626102.889696083, sleeping for 0.2690065372735262 seconds
Request model_3#6 arrives at 1626103.159728097, sleeping for 0.7778101621661335 seconds
Request model_4#0 arrives at 1626103.938786246, sleeping for 0.5694703035987914 seconds
Request model_1#1 arrives at 1626104.509415382, sleeping for 1.1874235244467854 seconds
Request model_5#8 arrives at 1626105.698805842, sleeping for 0.26822256948798895 seconds
Request model_5#9 arrives at 1626105.968551829, sleeping for 0.5639720633625984 seconds
Request model_1#2 arrives at 1626106.534018954, sleeping for 1.0804980359971523 seconds
Request model_5#10 arrives at 1626107.616894959, sleeping for 1.7980419588275254 seconds
Request model_5#11 arrives at 1626109.416128868, sleeping for 0.660617595538497 seconds
Request model_5#12 arrives at 1626110.078650426, sleeping for 0.15781675628386438 seconds
Request model_4#1 arrives at 1626110.237020785, sleeping for 0.1818431878928095 seconds
Request model_4#2 arrives at 1626110.419908904, sleeping for 1.1575197030324489 seconds
Request model_5#13 arrives at 1626111.578551998, sleeping for 0.5213714686688036 seconds
Request model_5#14 arrives at 1626112.100835964, sleeping for 0.5825792297255248 seconds
Request model_5#15 arrives at 1626112.684479984, sleeping for 0.9032731056213379 seconds
Request model_5#16 arrives at 1626113.589586275, sleeping for 0.3686340597923845 seconds
Request model_1#3 arrives at 1626113.958945384, sleeping for 0.7877380505669862 seconds
Request model_5#17 arrives at 1626114.747912873, sleeping for 1.0737034466583282 seconds
Request model_5#18 arrives at 1626115.823803852, sleeping for 0.11323653976432979 seconds
Request model_1#4 arrives at 1626115.937525881, sleeping for 0.02510805963538587 seconds
Request model_5#19 arrives at 1626115.963256394, sleeping for 0.09299646504223347 seconds
Request model_5#20 arrives at 1626116.05711744, sleeping for 0.33172603603452444 seconds
Request model_4#3 arrives at 1626116.389633148, sleeping for 0.045771636767312884 seconds
Request model_4#4 arrives at 1626116.43598622, sleeping for 0.09874314512126148 seconds
Request model_1#5 arrives at 1626116.535836148, sleeping for 0.06534810387529433 seconds
Request model_1#6 arrives at 1626116.601615538, sleeping for 0.016468910267576575 seconds
Request model_5#21 arrives at 1626116.618288498, sleeping for 0.08406096906401217 seconds
Request model_5#22 arrives at 1626116.70299145, sleeping for 2.5306799905374646 seconds
Request model_4#5 arrives at 1626119.234356929, sleeping for 0.3838487381581217 seconds
Request model_5#23 arrives at 1626119.618849279, sleeping for 0.024787795031443238 seconds
Request model_1#7 arrives at 1626119.643868114, sleeping for 0.18463004706427455 seconds
Request model_5#24 arrives at 1626119.829762654, sleeping for 0.7844213857315481 seconds
Request model_5#25 arrives at 1626120.614999026, sleeping for 1.312643249752 seconds
Request model_5#26 arrives at 1626121.928168468, sleeping for 1.0040940009057522 seconds
Request model_5#27 arrives at 1626122.933404434, sleeping for 0.41904338845051825 seconds
Request model_4#6 arrives at 1626123.353934732, sleeping for 0.1896339333616197 seconds
Request model_4#7 arrives at 1626123.544532315, sleeping for 0.5081671506632119 seconds
Request model_5#28 arrives at 1626124.053790902, sleeping for 0.4180419722106308 seconds
Request model_1#8 arrives at 1626124.472077494, sleeping for 0.2524834342766553 seconds
Request model_1#9 arrives at 1626124.725082319, sleeping for 0.2191881814505905 seconds
Request model_1#10 arrives at 1626124.944997359, sleeping for 0.004352073650807142 seconds
Request model_1#11 arrives at 1626124.949654627, sleeping for 0.21523312595672905 seconds
Request model_5#29 arrives at 1626125.165432214, sleeping for 0.26073566847480834 seconds
Request model_5#30 arrives at 1626125.427341348, sleeping for 0.935689288424328 seconds
Request model_5#31 arrives at 1626126.364074209, sleeping for 0.2540311482734978 seconds
Request model_5#32 arrives at 1626126.619166913, sleeping for 0.8236767139751464 seconds
Request model_1#12 arrives at 1626127.4434798, sleeping for 0.4262102232314646 seconds
Request model_5#33 arrives at 1626127.870254559, sleeping for 0.08523064339533448 seconds
Request model_1#13 arrives at 1626127.956396371, sleeping for 0.2658118719700724 seconds
Request model_5#34 arrives at 1626128.222956348, sleeping for 1.0076829546596855 seconds
Request model_5#35 arrives at 1626129.23142543, sleeping for 0.3886547873262316 seconds
Request model_5#36 arrives at 1626129.620793377, sleeping for 0.26813785755075514 seconds
Request model_1#14 arrives at 1626129.89117694, sleeping for 0.673154364572838 seconds
Request model_1#15 arrives at 1626130.565793778, sleeping for 0.5524963333737105 seconds
Request model_5#37 arrives at 1626131.119124139, sleeping for 1.6270612424705178 seconds
Request model_4#8 arrives at 1626132.748373949, sleeping for 0.7736846138723195 seconds
Request model_5#38 arrives at 1626133.522718982, sleeping for 0.08214039728045464 seconds
Request model_1#16 arrives at 1626133.605150493, sleeping for 0.2918395099695772 seconds
Request model_5#39 arrives at 1626133.897825465, sleeping for 0.15626776893623173 seconds
Request model_5#40 arrives at 1626134.054650737, sleeping for 0.7009919111151248 seconds
Request model_4#9 arrives at 1626134.75614961, sleeping for 0.022185509791597724 seconds
Request model_5#41 arrives at 1626134.778849838, sleeping for 0.2042441670782864 seconds
Request model_1#17 arrives at 1626134.983662723, sleeping for 0.4913299297913909 seconds
Request model_1#18 arrives at 1626135.475704701, sleeping for 0.992394098546356 seconds
Request model_5#42 arrives at 1626136.469213389, sleeping for 3.6477188321296126 seconds
Request model_5#43 arrives at 1626140.117983766, sleeping for 0.7043678993359208 seconds
Request model_5#44 arrives at 1626140.8241216, sleeping for 0.16340036201290786 seconds
Request model_5#45 arrives at 1626140.988283839, sleeping for 0.4319508750922978 seconds
Request model_4#10 arrives at 1626141.4215053, sleeping for 0.260101123014465 seconds
Request model_5#46 arrives at 1626141.682980045, sleeping for 0.13571033021435142 seconds
Request model_1#19 arrives at 1626141.819268154, sleeping for 0.2754169760737568 seconds
Request model_4#11 arrives at 1626142.09579337, sleeping for 0.19409839692525566 seconds
Request model_1#20 arrives at 1626142.291015349, sleeping for 0.3574410886503756 seconds
Request model_4#12 arrives at 1626142.6498228, sleeping for 0.2071393528021872 seconds
Request model_5#47 arrives at 1626142.85813437, sleeping for 0.29815914831124246 seconds
Request model_5#48 arrives at 1626143.157239021, sleeping for 0.18802978424355388 seconds
Request model_5#49 arrives at 1626143.346389318, sleeping for 0.7541908603161573 seconds
Request model_5#50 arrives at 1626144.10130591, sleeping for 0.1594271759968251 seconds
Request model_5#51 arrives at 1626144.261210833, sleeping for 0.5824851177167147 seconds
Request model_5#52 arrives at 1626144.844979114, sleeping for 0.018755842465907335 seconds
Request model_5#53 arrives at 1626144.864954774, sleeping for 1.632362825796008 seconds
Request model_1#21 arrives at 1626146.497987242, sleeping for 0.04605226591229439 seconds
Request model_4#13 arrives at 1626146.544985923, sleeping for 0.03294314630329609 seconds
Request model_5#54 arrives at 1626146.57864716, sleeping for 1.4995092111639678 seconds
Request model_4#14 arrives at 1626148.079296919, sleeping for 0.1435239741113037 seconds
Request model_5#55 arrives at 1626148.223811765, sleeping for 0.9117715209722519 seconds
Request model_5#56 arrives at 1626149.137467892, sleeping for 1.0512234445195645 seconds
Request model_5#57 arrives at 1626150.190549977, sleeping for 0.8440023516304791 seconds
Request model_5#58 arrives at 1626151.035379837, sleeping for 0.6325521366670728 seconds
Request model_4#15 arrives at 1626151.669082464, sleeping for 0.2541496136691421 seconds
Request model_5#59 arrives at 1626151.923765007, sleeping for 0.12990323943085968 seconds
Request model_5#60 arrives at 1626152.054887486, sleeping for 0.25340223545208573 seconds
Request model_5#61 arrives at 1626152.309273915, sleeping for 0.09673375892452896 seconds
Request model_4#16 arrives at 1626152.40703383, sleeping for 0.2671793904155493 seconds
Request model_5#62 arrives at 1626152.676469779, sleeping for 1.3227787399664521 seconds
Request model_5#63 arrives at 1626154.00193384, sleeping for 0.2549137966707349 seconds
Request model_4#17 arrives at 1626154.258292385, sleeping for 0.4875838446896523 seconds
Request model_1#22 arrives at 1626154.747068127, sleeping for 0.17268349439837039 seconds
Request model_5#64 arrives at 1626154.920065671, sleeping for 0.03907905495725572 seconds
Request model_5#65 arrives at 1626154.959773107, sleeping for 0.4432753783185035 seconds
Request model_5#66 arrives at 1626155.403399577, sleeping for 0.2518147046212107 seconds
Request model_5#67 arrives at 1626155.656415618, sleeping for 0.07511628908105195 seconds
Request model_4#18 arrives at 1626155.732624177, sleeping for 0.024790356401354074 seconds
Request model_5#68 arrives at 1626155.758440984, sleeping for 0.1272529810667038 seconds
Request model_1#23 arrives at 1626155.886147056, sleeping for 0.16437443881295621 seconds
Request model_5#69 arrives at 1626156.051317162, sleeping for 0.14341860683634877 seconds
Request model_5#70 arrives at 1626156.196100113, sleeping for 0.207950928946957 seconds
Request model_5#71 arrives at 1626156.405351687, sleeping for 0.5636944065336138 seconds
Request model_1#24 arrives at 1626156.969616874, sleeping for 1.118719277670607 seconds
Request model_5#72 arrives at 1626158.091081904, sleeping for 0.3114824292715639 seconds
Request model_5#73 arrives at 1626158.403984076, sleeping for 0.08909615012817085 seconds
Request model_4#19 arrives at 1626158.493423296, sleeping for 1.4568625204265118 seconds
Request model_1#25 arrives at 1626159.951042567, sleeping for 0.010122480569407344 seconds
Request model_4#20 arrives at 1626159.962037916, sleeping for 0.13779113092459738 seconds
Request model_1#26 arrives at 1626160.10032384, sleeping for 0.40946880215778947 seconds
Request model_1#27 arrives at 1626160.510581866, sleeping for 0.1303112432360649 seconds
Request model_5#74 arrives at 1626160.641773979, sleeping for 1.4147071680054069 seconds
Request model_1#28 arrives at 1626162.057475817, sleeping for 0.07567902747541666 seconds
Request model_5#75 arrives at 1626162.133685784, sleeping for 0.30923162936232984 seconds
Request model_1#29 arrives at 1626162.444143404, sleeping for 0.5909291775897145 seconds
Request model_1#30 arrives at 1626163.036990857, sleeping for 0.12177674542181194 seconds
Request model_4#21 arrives at 1626163.159006698, sleeping for 0.0798041932284832 seconds
Request model_5#76 arrives at 1626163.239204802, sleeping for 0.8606461719609797 seconds
Request model_4#22 arrives at 1626164.101189381, sleeping for 0.17613316071219742 seconds
Request model_5#77 arrives at 1626164.277746271, sleeping for 1.5505822256673127 seconds
Request model_5#78 arrives at 1626165.828790561, sleeping for 0.467260864097625 seconds
Request model_4#23 arrives at 1626166.296742166, sleeping for 0.06453444436192513 seconds
Request model_4#24 arrives at 1626166.362072872, sleeping for 0.2612510733306408 seconds
Request model_1#31 arrives at 1626166.62440604, sleeping for 0.1561615124810487 seconds
Request model_5#79 arrives at 1626166.780761948, sleeping for 0.8601588651072234 seconds
Request model_1#32 arrives at 1626167.641699119, sleeping for 0.9328257259912789 seconds
Request model_5#80 arrives at 1626168.575330285, sleeping for 0.9730106662027538 seconds
Request model_5#81 arrives at 1626169.548608558, sleeping for 0.4010332820471376 seconds
Request model_5#82 arrives at 1626169.950589112, sleeping for 0.6465446380898356 seconds
Request model_5#83 arrives at 1626170.598987318, sleeping for 0.41601793258450925 seconds
Request model_1#33 arrives at 1626171.017480442, sleeping for 0.17202274431474507 seconds
Request model_5#84 arrives at 1626171.190699563, sleeping for 0.9014933712314814 seconds
Request model_4#25 arrives at 1626172.09282947, sleeping for 0.4553910531103611 seconds
Request model_5#85 arrives at 1626172.548948502, sleeping for 1.2407963550649583 seconds
Request model_1#34 arrives at 1626173.791610001, sleeping for 0.3698938158340752 seconds
Request model_3#7 arrives at 1626174.161986213, sleeping for 0.14429948572069407 seconds
Request model_5#86 arrives at 1626174.307886441, sleeping for 0.02928930800408125 seconds
Request model_5#87 arrives at 1626174.337551933, sleeping for 0.03692603739909828 seconds
Request model_5#88 arrives at 1626174.375191675, sleeping for 0.21351129678077996 seconds
Request model_5#89 arrives at 1626174.589570388, sleeping for 0.21040521073155105 seconds
Request model_5#90 arrives at 1626174.801268864, sleeping for 0.10474915383383632 seconds
Request model_4#26 arrives at 1626174.9083053, sleeping for 0.9442120583262295 seconds
Request model_5#91 arrives at 1626175.85524969, sleeping for 0.046727919951081276 seconds
Request model_5#92 arrives at 1626175.903318084, sleeping for 0.0022777386475354433 seconds
Request model_5#93 arrives at 1626175.906119341, sleeping for 0.546687513589859 seconds
Request model_3#8 arrives at 1626176.453197849, sleeping for 0.6818354101851583 seconds
Request model_3#9 arrives at 1626177.135900732, sleeping for 0.5089202022645622 seconds
Request model_3#10 arrives at 1626177.647252334, sleeping for 0.05125412601046264 seconds
Request model_3#11 arrives at 1626177.699555479, sleeping for 0.43446284835226834 seconds
Request model_3#12 arrives at 1626178.134819522, sleeping for 0.39607830345630646 seconds
Request model_6#4 arrives at 1626178.532089199, sleeping for 1.531685440801084 seconds
Request model_3#13 arrives at 1626180.064515138, sleeping for 0.6588571243919432 seconds
Request model_3#14 arrives at 1626180.725408292, sleeping for 0.11967522534541786 seconds
Request model_3#15 arrives at 1626180.848525151, sleeping for 0.35995454294607043 seconds
Request model_3#16 arrives at 1626181.209626419, sleeping for 0.03570579434745014 seconds
Request model_5#94 arrives at 1626181.245774984, sleeping for 1.0930221441667527 seconds
Request model_3#17 arrives at 1626182.339123039, sleeping for 0.644980859477073 seconds
Request model_3#18 arrives at 1626182.985089699, sleeping for 0.9937722862232476 seconds
Request model_3#19 arrives at 1626183.979616886, sleeping for 0.07595558697357774 seconds
Request model_3#20 arrives at 1626184.056089576, sleeping for 1.6458030557259917 seconds
Request model_3#21 arrives at 1626185.702826368, sleeping for 0.6973042455501854 seconds
Request model_3#22 arrives at 1626186.401443572, sleeping for 0.1418966723140329 seconds
Request model_3#23 arrives at 1626186.54412583, sleeping for 0.8199561780784279 seconds
Request model_3#24 arrives at 1626187.364517973, sleeping for 0.10001515690237284 seconds
Request model_3#25 arrives at 1626187.46536982, sleeping for 0.21813384839333594 seconds
Request model_3#26 arrives at 1626187.684120311, sleeping for 0.9932465197052807 seconds
Request model_3#27 arrives at 1626188.678246899, sleeping for 0.4537658765912056 seconds
Request model_3#28 arrives at 1626189.132627064, sleeping for 0.6164417178370059 seconds
Request model_3#29 arrives at 1626189.749780619, sleeping for 0.13864098116755486 seconds
Request model_3#30 arrives at 1626189.88901122, sleeping for 0.5354794866871089 seconds
Request model_6#5 arrives at 1626190.426636286, sleeping for 0.2513967794366181 seconds
Request model_3#31 arrives at 1626190.680124423, sleeping for 0.22807884239591658 seconds
Request model_3#32 arrives at 1626190.90899831, sleeping for 0.20426166080869734 seconds
Request model_3#33 arrives at 1626191.113830301, sleeping for 0.10830233432352543 seconds
Request model_6#6 arrives at 1626191.222603674, sleeping for 0.024829712696373463 seconds
Request model_6#7 arrives at 1626191.248278414, sleeping for 0.03827595361508429 seconds
Request model_3#34 arrives at 1626191.286953222, sleeping for 0.3364260867238045 seconds
Request model_3#35 arrives at 1626191.623963914, sleeping for 0.048001607647165656 seconds
Request model_3#36 arrives at 1626191.672952262, sleeping for 0.3642408177256584 seconds
Request model_3#37 arrives at 1626192.037931497, sleeping for 0.25909790862351656 seconds
Request model_3#38 arrives at 1626192.297467162, sleeping for 0.24138045613653958 seconds
Request model_3#39 arrives at 1626192.539342293, sleeping for 0.19724059803411365 seconds
Request model_6#8 arrives at 1626192.737182584, sleeping for 0.80851074680686 seconds
Request model_3#40 arrives at 1626193.54618108, sleeping for 0.0859304303303361 seconds
Request model_6#9 arrives at 1626193.634085498, sleeping for 1.2159149495419115 seconds
Request model_3#41 arrives at 1626194.851527032, sleeping for 0.24140680325217545 seconds
Request model_6#10 arrives at 1626195.094561753, sleeping for 2.78564644837752 seconds
Request model_3#42 arrives at 1626197.881515894, sleeping for 0.390882923733443 seconds
Request model_3#43 arrives at 1626198.273658241, sleeping for 0.1271940665319562 seconds
Request model_3#44 arrives at 1626198.401958809, sleeping for 2.1500282844062895 seconds
Request model_3#45 arrives at 1626200.552920031, sleeping for 0.2223689064849168 seconds
Request model_3#46 arrives at 1626200.776071161, sleeping for 0.5401750339660794 seconds
Request model_3#47 arrives at 1626201.317470003, sleeping for 0.28796948096714914 seconds
Request model_3#48 arrives at 1626201.605761954, sleeping for 0.12690499215386808 seconds
Request model_3#49 arrives at 1626201.733516635, sleeping for 0.10333068622276187 seconds
Request model_3#50 arrives at 1626201.838290823, sleeping for 1.5865261305589229 seconds
Request model_3#51 arrives at 1626203.426154352, sleeping for 0.7766715444158763 seconds
Request model_3#52 arrives at 1626204.204097172, sleeping for 0.10232961387373507 seconds
Request model_3#53 arrives at 1626204.307390604, sleeping for 0.18322425917722285 seconds
Request model_5#95 arrives at 1626204.491623851, sleeping for 0.0800869248341769 seconds
Request model_5#96 arrives at 1626204.572742328, sleeping for 0.6469455396290869 seconds
Request model_3#54 arrives at 1626205.221374, sleeping for 0.665793888270855 seconds
Request model_3#55 arrives at 1626205.887719371, sleeping for 0.20041600475087762 seconds
Request model_3#56 arrives at 1626206.089192304, sleeping for 0.4342917043250054 seconds
Request model_3#57 arrives at 1626206.524539813, sleeping for 0.030798959312960505 seconds
Request model_3#58 arrives at 1626206.555547603, sleeping for 0.06141351233236492 seconds
Request model_3#59 arrives at 1626206.617370712, sleeping for 0.24751703906804323 seconds
Request model_3#60 arrives at 1626206.865565268, sleeping for 0.24001184850931168 seconds
Request model_3#61 arrives at 1626207.106656084, sleeping for 0.004105503670871258 seconds
Request model_3#62 arrives at 1626207.111893715, sleeping for 0.9795156260952353 seconds
Request model_3#63 arrives at 1626208.092737665, sleeping for 1.2812022338621318 seconds
Request model_3#64 arrives at 1626209.374791825, sleeping for 1.2571571271400899 seconds
Request model_3#65 arrives at 1626210.633333019, sleeping for 0.14133296627551317 seconds
Request model_3#66 arrives at 1626210.775997879, sleeping for 1.236116973683238 seconds
Request model_5#97 arrives at 1626212.013438961, sleeping for 0.08246669685468078 seconds
Request model_3#67 arrives at 1626212.096540994, sleeping for 0.0689851853530854 seconds
Request model_3#68 arrives at 1626212.166319828, sleeping for 0.42318916716612875 seconds
Request model_3#69 arrives at 1626212.590672618, sleeping for 0.3368558429647237 seconds
Request model_3#70 arrives at 1626212.928817275, sleeping for 0.594655855325982 seconds
Request model_3#71 arrives at 1626213.52480273, sleeping for 1.1259142321068794 seconds
Request model_3#72 arrives at 1626214.652731098, sleeping for 0.8144444751087576 seconds
Request model_3#73 arrives at 1626215.467819433, sleeping for 0.751361672533676 seconds
Request model_3#74 arrives at 1626216.219756465, sleeping for 0.6806988315656781 seconds
Request model_6#11 arrives at 1626216.901574238, sleeping for 0.6218538321554661 seconds
Request model_3#75 arrives at 1626217.524821735, sleeping for 0.850126679521054 seconds
Request model_3#76 arrives at 1626218.376183427, sleeping for 0.09911696030758321 seconds
Request model_3#77 arrives at 1626218.476279591, sleeping for 1.5685033195186406 seconds
Request model_3#78 arrives at 1626220.045102755, sleeping for 0.3964029769413173 seconds
Request model_3#79 arrives at 1626220.442149435, sleeping for 0.3185004375409335 seconds
Request model_3#80 arrives at 1626220.761394457, sleeping for 0.8703940983396024 seconds
Request model_3#81 arrives at 1626221.632137421, sleeping for 0.4234675185289234 seconds
Request model_3#82 arrives at 1626222.056654144, sleeping for 0.39099180372431874 seconds
Request model_3#83 arrives at 1626222.448650371, sleeping for 1.3096773414872587 seconds
Request model_6#12 arrives at 1626223.760080813, sleeping for 0.6500732356216758 seconds
Request model_3#84 arrives at 1626224.41160028, sleeping for 0.9176713770721108 seconds
Request model_3#85 arrives at 1626225.33137492, sleeping for 0.5993122041691095 seconds
Request model_3#86 arrives at 1626225.932222416, sleeping for 0.08987445291131735 seconds
Request model_3#87 arrives at 1626226.023072908, sleeping for 0.8962730579078197 seconds
Request model_5#98 arrives at 1626226.921137372, sleeping for 0.4025170197710395 seconds
Request model_3#88 arrives at 1626227.324336488, sleeping for 0.41792848939076066 seconds
Request model_3#89 arrives at 1626227.743568487, sleeping for 0.7433916449081153 seconds
Request model_3#90 arrives at 1626228.488066013, sleeping for 1.9774848828092217 seconds
Request model_3#91 arrives at 1626230.466765224, sleeping for 0.17688740510493517 seconds
Request model_3#92 arrives at 1626230.64496442, sleeping for 0.05826210789382458 seconds
Request model_5#99 arrives at 1626230.703877324, sleeping for 1.8813375406898558 seconds
Request model_6#13 arrives at 1626232.586491246, sleeping for 0.2678620379883796 seconds
Request model_3#93 arrives at 1626232.855863961, sleeping for 0.025622391840443015 seconds
Request model_5#100 arrives at 1626232.881993532, sleeping for 0.11298196646384895 seconds
Request model_5#101 arrives at 1626232.996087392, sleeping for 0.7456555610988289 seconds
Request model_6#14 arrives at 1626233.74385647, sleeping for 0.1395725265610963 seconds
Request model_2#58 arrives at 1626233.88405329, sleeping for 0.7770679292734712 seconds
Request model_5#102 arrives at 1626234.661993563, sleeping for 0.6134498696774244 seconds
Request model_2#59 arrives at 1626235.276152128, sleeping for 1.067147505003959 seconds
Request model_6#15 arrives at 1626236.345365517, sleeping for 0.10961892269551754 seconds
Request model_2#60 arrives at 1626236.455536038, sleeping for 0.5189459668472409 seconds
Request model_6#16 arrives at 1626236.975172677, sleeping for 1.1097756559029222 seconds
Request model_3#94 arrives at 1626238.086939613, sleeping for 0.30770191084593534 seconds
Request model_2#61 arrives at 1626238.395918929, sleeping for 0.46752350917086005 seconds
Request model_6#17 arrives at 1626238.86486695, sleeping for 0.011189335724338889 seconds
Request model_5#103 arrives at 1626238.876879334, sleeping for 1.0017479977104813 seconds
Request model_5#104 arrives at 1626239.879974384, sleeping for 0.03678596462123096 seconds
Request model_6#18 arrives at 1626239.918090917, sleeping for 0.049693712731823325 seconds
Request model_6#19 arrives at 1626239.96876998, sleeping for 0.06295855599455535 seconds
Request model_6#20 arrives at 1626240.033410806, sleeping for 0.17302292282693088 seconds
Request model_6#21 arrives at 1626240.207248922, sleeping for 1.3692473147530109 seconds
Request model_6#22 arrives at 1626241.577933545, sleeping for 0.19915472529828548 seconds
Request model_2#62 arrives at 1626241.778241712, sleeping for 0.04586220323108137 seconds
Request model_6#23 arrives at 1626241.824497542, sleeping for 0.05431314464658499 seconds
Request model_6#24 arrives at 1626241.879994541, sleeping for 0.23306951764971018 seconds
Request model_6#25 arrives at 1626242.114513013, sleeping for 0.19280716264620423 seconds
Request model_6#26 arrives at 1626242.308258427, sleeping for 0.2771675493568182 seconds
Request model_6#27 arrives at 1626242.586522034, sleeping for 0.36211329721845686 seconds
Request model_6#28 arrives at 1626242.949354987, sleeping for 0.014114376856014132 seconds
Request model_5#105 arrives at 1626242.964708193, sleeping for 0.08824234711937606 seconds
Request model_6#29 arrives at 1626243.054160594, sleeping for 0.5127794384025037 seconds
Request model_2#63 arrives at 1626243.567813859, sleeping for 0.02340189297683537 seconds
Request model_6#30 arrives at 1626243.591953369, sleeping for 0.14132473478093743 seconds
Request model_6#31 arrives at 1626243.734214842, sleeping for 0.7019056240096688 seconds
Request model_5#106 arrives at 1626244.436624801, sleeping for 0.12070877058431506 seconds
Request model_5#107 arrives at 1626244.557677351, sleeping for 0.30479171592742205 seconds
Request model_6#32 arrives at 1626244.863204915, sleeping for 0.09933931403793395 seconds
Request model_6#33 arrives at 1626244.963356687, sleeping for 1.938162856735289 seconds
Request model_3#95 arrives at 1626246.902458548, sleeping for 1.4319983725436032 seconds
Request model_3#96 arrives at 1626248.335927224, sleeping for 0.9879568472970277 seconds
Request model_6#34 arrives at 1626249.325911185, sleeping for 1.093130195280537 seconds
Request model_6#35 arrives at 1626250.42022261, sleeping for 0.5304809086956084 seconds
Request model_6#36 arrives at 1626250.951625407, sleeping for 0.07387906895019114 seconds
Request model_2#64 arrives at 1626251.026450776, sleeping for 0.07314287312328815 seconds
Request model_6#37 arrives at 1626251.100670849, sleeping for 0.33236072305589914 seconds
Request model_3#97 arrives at 1626251.434010567, sleeping for 0.8715204824693501 seconds
Request model_6#38 arrives at 1626252.306661023, sleeping for 0.4576145301107317 seconds
Request model_2#65 arrives at 1626252.76474627, sleeping for 0.4089454608038068 seconds
Request model_6#39 arrives at 1626253.174368438, sleeping for 0.30636031832545996 seconds
Request model_2#66 arrives at 1626253.481720707, sleeping for 0.09943187818862498 seconds
Request model_2#67 arrives at 1626253.582222478, sleeping for 0.15239487821236253 seconds
Request model_5#108 arrives at 1626253.735199816, sleeping for 0.07004946912638843 seconds
Request model_6#40 arrives at 1626253.805945105, sleeping for 0.7697129754815251 seconds
Request model_5#109 arrives at 1626254.576655407, sleeping for 0.6092906845733523 seconds
Request model_6#41 arrives at 1626255.187394194, sleeping for 0.015588696347549558 seconds
Request model_6#42 arrives at 1626255.203156873, sleeping for 0.17148204939439893 seconds
Request model_5#110 arrives at 1626255.374990728, sleeping for 0.07477947161532938 seconds
Request model_6#43 arrives at 1626255.450102318, sleeping for 0.21674720640294254 seconds
Request model_2#68 arrives at 1626255.668378572, sleeping for 0.4365570682566613 seconds
Request model_6#44 arrives at 1626256.105563475, sleeping for 0.04732771241106093 seconds
Request model_5#111 arrives at 1626256.153371507, sleeping for 0.11784151988103986 seconds
Request model_6#45 arrives at 1626256.273344861, sleeping for 1.5753996435087174 seconds
Request model_6#46 arrives at 1626257.850142898, sleeping for 0.09352569049224257 seconds
Request model_6#47 arrives at 1626257.945268307, sleeping for 0.1333106227684766 seconds
Request model_2#69 arrives at 1626258.079444124, sleeping for 0.4028502646833658 seconds
Request model_6#48 arrives at 1626258.483483979, sleeping for 0.03945628530345857 seconds
Request model_6#49 arrives at 1626258.523410716, sleeping for 1.6923186213243753 seconds
Request model_6#50 arrives at 1626260.217470374, sleeping for 0.09930996201001108 seconds
Request model_2#70 arrives at 1626260.31781082, sleeping for 0.8400904592126608 seconds
Request model_2#71 arrives at 1626261.158925493, sleeping for 0.15327887958846986 seconds
Request model_6#51 arrives at 1626261.3134, sleeping for 0.5594212003052235 seconds
Request model_6#52 arrives at 1626261.874099875, sleeping for 0.0005670036189258099 seconds
Request model_6#53 arrives at 1626261.874930643, sleeping for 1.260790063533932 seconds
Request model_6#54 arrives at 1626263.137675533, sleeping for 0.11664084764197469 seconds
Request model_2#72 arrives at 1626263.254639354, sleeping for 0.08723248983733356 seconds
Request model_3#98 arrives at 1626263.343494891, sleeping for 0.25470699393190444 seconds
Request model_5#112 arrives at 1626263.59929561, sleeping for 0.050747938454151154 seconds
Request model_2#73 arrives at 1626263.650311571, sleeping for 0.20248393900692463 seconds
Request model_6#55 arrives at 1626263.853608726, sleeping for 0.1637247852049768 seconds
Request model_6#56 arrives at 1626264.018358637, sleeping for 0.6168819181621075 seconds
Request model_2#74 arrives at 1626264.635941081, sleeping for 0.10638824803754687 seconds
Request model_3#99 arrives at 1626264.743189591, sleeping for 0.015301438048481941 seconds
Request model_5#113 arrives at 1626264.759356823, sleeping for 0.6617978059221059 seconds
Request model_3#100 arrives at 1626265.422104911, sleeping for 1.6125633635092527 seconds
Request model_6#57 arrives at 1626267.035392966, sleeping for 0.9759208336472511 seconds
Request model_5#114 arrives at 1626268.012537892, sleeping for 0.1825369857251644 seconds
Request model_5#115 arrives at 1626268.195739804, sleeping for 0.2826335672289133 seconds
Request model_6#58 arrives at 1626268.478685532, sleeping for 2.3051200963091105 seconds
Request model_2#75 arrives at 1626270.785467735, sleeping for 0.05826190486550331 seconds
Request model_3#101 arrives at 1626270.844660401, sleeping for 0.03158607170917094 seconds
Request model_2#76 arrives at 1626270.876832423, sleeping for 0.16618426470085979 seconds
Request model_6#59 arrives at 1626271.044139323, sleeping for 1.8342309589497745 seconds
Request model_6#60 arrives at 1626272.879987375, sleeping for 0.41104509541764855 seconds
Request model_3#102 arrives at 1626273.293629443, sleeping for 0.14729247032664716 seconds
Request model_5#116 arrives at 1626273.441957813, sleeping for 0.13299181079491973 seconds
Request model_2#77 arrives at 1626273.576178502, sleeping for 0.7218731723260134 seconds
Request model_3#103 arrives at 1626274.299964855, sleeping for 0.12157889734953642 seconds
Request model_6#61 arrives at 1626274.422507553, sleeping for 0.8037089484278113 seconds
Request model_6#62 arrives at 1626275.226859899, sleeping for 0.07892655092291534 seconds
Request model_6#63 arrives at 1626275.30703269, sleeping for 0.290481333155185 seconds
Request model_2#78 arrives at 1626275.598348938, sleeping for 0.015190428122878075 seconds
Request model_6#64 arrives at 1626275.614128055, sleeping for 1.7916226896923035 seconds
Request model_6#65 arrives at 1626277.406824176, sleeping for 0.09697018517181277 seconds
Request model_3#104 arrives at 1626277.504804773, sleeping for 0.2010972946882248 seconds
Request model_6#66 arrives at 1626277.707002065, sleeping for 0.5847334575373679 seconds
Request model_6#67 arrives at 1626278.292079478, sleeping for 1.4250866442453116 seconds
Request model_6#68 arrives at 1626279.718369603, sleeping for 0.6641178536228836 seconds
Request model_2#79 arrives at 1626280.38360571, sleeping for 0.8419162603095174 seconds
Request model_2#80 arrives at 1626281.227455173, sleeping for 0.055745064513757825 seconds
Request model_6#69 arrives at 1626281.283596938, sleeping for 0.018803023267537355 seconds
Request model_6#70 arrives at 1626281.303520374, sleeping for 0.22447967831976712 seconds
Request model_2#81 arrives at 1626281.528546575, sleeping for 0.19831686350516975 seconds
Request model_6#71 arrives at 1626281.728198669, sleeping for 0.13386098621413112 seconds
Request model_6#72 arrives at 1626281.862644775, sleeping for 0.023019341751933098 seconds
Request model_2#82 arrives at 1626281.88677841, sleeping for 1.4914641890209168 seconds
Request model_6#73 arrives at 1626283.378897267, sleeping for 0.15597541444003582 seconds
Request model_6#74 arrives at 1626283.536152985, sleeping for 1.6210217101033777 seconds
Request model_2#83 arrives at 1626285.158159152, sleeping for 0.05538651021197438 seconds
Request model_6#75 arrives at 1626285.214057633, sleeping for 0.24285415397025645 seconds
Request model_6#76 arrives at 1626285.458023837, sleeping for 0.2646282850764692 seconds
Request model_6#77 arrives at 1626285.723135798, sleeping for 0.8220561153721064 seconds
Request model_5#117 arrives at 1626286.547813124, sleeping for 0.04651106824167073 seconds
Request model_5#118 arrives at 1626286.594986183, sleeping for 1.9812145959585905 seconds
Request model_6#78 arrives at 1626288.577292853, sleeping for 0.07701054029166698 seconds
Request model_5#119 arrives at 1626288.655473351, sleeping for 0.1395218155812472 seconds
Request model_6#79 arrives at 1626288.795574995, sleeping for 2.546068978961557 seconds
Request model_6#80 arrives at 1626291.342761698, sleeping for 0.6019951875787228 seconds
Request model_6#81 arrives at 1626291.946572911, sleeping for 0.8989394248928875 seconds
Request model_6#82 arrives at 1626292.845976188, sleeping for 0.8462418201379478 seconds
Request model_6#83 arrives at 1626293.692643562, sleeping for 0.10962580912746489 seconds
Request model_6#84 arrives at 1626293.802620113, sleeping for 0.3515634953510016 seconds
Request model_6#85 arrives at 1626294.156077815, sleeping for 0.10180763830430806 seconds
Request model_2#84 arrives at 1626294.258376325, sleeping for 0.12202484416775405 seconds
Request model_6#86 arrives at 1626294.380830531, sleeping for 1.0609930439386517 seconds
Request model_2#85 arrives at 1626295.44303874, sleeping for 0.20680064475163817 seconds
Request model_6#87 arrives at 1626295.651320492, sleeping for 0.11949036736041307 seconds
Request model_6#88 arrives at 1626295.772563667, sleeping for 0.15788306412287056 seconds
Request model_5#120 arrives at 1626295.930896226, sleeping for 0.5214495481923223 seconds
Request model_6#89 arrives at 1626296.452791257, sleeping for 0.6760075599886477 seconds
Request model_6#90 arrives at 1626297.129851166, sleeping for 0.21218810672871768 seconds
Request model_2#86 arrives at 1626297.343225544, sleeping for 0.41963435150682926 seconds
Request model_5#121 arrives at 1626297.763658991, sleeping for 0.19694623281247914 seconds
Request model_5#122 arrives at 1626297.961207102, sleeping for 0.33096696459688246 seconds
Request model_6#91 arrives at 1626298.292524102, sleeping for 0.10920849605463445 seconds
Request model_5#123 arrives at 1626298.40234575, sleeping for 0.6627711858600378 seconds
Request model_2#87 arrives at 1626299.066937387, sleeping for 0.2692289121914655 seconds
Request model_6#92 arrives at 1626299.336892658, sleeping for 0.5367247879039496 seconds
Request model_2#88 arrives at 1626299.876080361, sleeping for 0.5046155001036823 seconds
Request model_5#124 arrives at 1626300.381811674, sleeping for 0.565455456264317 seconds
Request model_6#93 arrives at 1626300.947753093, sleeping for 0.07917361217550933 seconds
Request model_2#89 arrives at 1626301.027683243, sleeping for 0.6212542839348316 seconds
Request model_5#125 arrives at 1626301.649215164, sleeping for 0.19868298224173486 seconds
Request model_6#94 arrives at 1626301.849133784, sleeping for 0.6553563463967294 seconds
Request model_6#95 arrives at 1626302.505170002, sleeping for 0.04075516341254115 seconds
Request model_6#96 arrives at 1626302.546424084, sleeping for 0.5831410337705165 seconds
Request model_3#105 arrives at 1626303.131152761, sleeping for 1.0062382684554905 seconds
Request model_5#126 arrives at 1626304.138494644, sleeping for 0.9791762793902308 seconds
Request model_2#90 arrives at 1626305.11971496, sleeping for 0.07021017326042056 seconds
Request model_6#97 arrives at 1626305.190959337, sleeping for 0.6942512018140405 seconds
Request model_6#98 arrives at 1626305.887953276, sleeping for 2.225339743308723 seconds
Request model_6#99 arrives at 1626308.114936591, sleeping for 0.07858918770216405 seconds
Request model_2#91 arrives at 1626308.194270383, sleeping for 0.11821165634319186 seconds
Request model_6#100 arrives at 1626308.314798355, sleeping for 0.6524437775369734 seconds
Request model_6#101 arrives at 1626308.968713686, sleeping for 0.11645345389842987 seconds
Request model_3#106 arrives at 1626309.086364742, sleeping for 0.020212464034557343 seconds
Request model_3#107 arrives at 1626309.107254774, sleeping for 1.1772853205911815 seconds
Request model_6#102 arrives at 1626310.285199643, sleeping for 0.9159858841449022 seconds
Request model_6#103 arrives at 1626311.203310373, sleeping for 0.20582251530140638 seconds
Request model_6#104 arrives at 1626311.409652994, sleeping for 0.1255435743369162 seconds
Request model_6#105 arrives at 1626311.535883577, sleeping for 0.5695767225697637 seconds
Request model_2#92 arrives at 1626312.10729887, sleeping for 0.45164584810845554 seconds
Request model_6#106 arrives at 1626312.559807737, sleeping for 0.4816885779146105 seconds
Request model_6#107 arrives at 1626313.041978256, sleeping for 1.2078629466705024 seconds
Request model_5#127 arrives at 1626314.250858411, sleeping for 1.3342706221155822 seconds
Request model_3#108 arrives at 1626315.586362654, sleeping for 0.14858081634156406 seconds
Request model_6#108 arrives at 1626315.735723448, sleeping for 0.09933175356127322 seconds
Request model_2#93 arrives at 1626315.83602541, sleeping for 0.0952109843492508 seconds
Request model_6#109 arrives at 1626315.932166284, sleeping for 0.8782647661864758 seconds
Request model_2#94 arrives at 1626316.811714238, sleeping for 0.14730989024974406 seconds
Request model_5#128 arrives at 1626316.960098982, sleeping for 0.37555419630371034 seconds
Request model_6#110 arrives at 1626317.336181708, sleeping for 0.32246844028122723 seconds
Request model_3#109 arrives at 1626317.658822852, sleeping for 1.2439414483960718 seconds
Request model_4#27 arrives at 1626318.903319402, sleeping for 0.2027849885635078 seconds
Request model_3#110 arrives at 1626319.106687199, sleeping for 0.42075223522260785 seconds
Request model_3#111 arrives at 1626319.52849132, sleeping for 0.06004812312312424 seconds
Request model_3#112 arrives at 1626319.589772833, sleeping for 0.026575866853818297 seconds
Request model_5#129 arrives at 1626319.617910891, sleeping for 0.14469194738194346 seconds
Request model_3#113 arrives at 1626319.764143244, sleeping for 0.5594523837789893 seconds
Request model_2#95 arrives at 1626320.324226723, sleeping for 0.00829827762208879 seconds
Request model_5#130 arrives at 1626320.333158685, sleeping for 0.3458765675313771 seconds
Request model_5#131 arrives at 1626320.6802732, sleeping for 0.2082481374964118 seconds
Request model_4#28 arrives at 1626320.890511619, sleeping for 0.06321249320171773 seconds
Request model_3#114 arrives at 1626320.954442295, sleeping for 0.23175936564803123 seconds
Request model_3#115 arrives at 1626321.186571945, sleeping for 0.3824018486775458 seconds
Request model_6#111 arrives at 1626321.569787479, sleeping for 0.18000928731635213 seconds
Request model_3#116 arrives at 1626321.750600027, sleeping for 0.10334019432775676 seconds
Request model_3#117 arrives at 1626321.854578001, sleeping for 1.8703051039483398 seconds
Request model_5#132 arrives at 1626323.726840331, sleeping for 0.31136493873782456 seconds
Request model_4#29 arrives at 1626324.039170383, sleeping for 0.24869803665205836 seconds
Request model_3#118 arrives at 1626324.289256603, sleeping for 0.007688411045819521 seconds
Request model_3#119 arrives at 1626324.297296827, sleeping for 0.4522239270154387 seconds
Request model_3#120 arrives at 1626324.750677699, sleeping for 0.0913895945996046 seconds
Request model_5#133 arrives at 1626324.842903814, sleeping for 0.007442960748448968 seconds
Request model_3#121 arrives at 1626324.850855707, sleeping for 0.5007270372007042 seconds
Request model_3#122 arrives at 1626325.352549511, sleeping for 0.41410060692578554 seconds
Request model_6#112 arrives at 1626325.767376048, sleeping for 0.3575946295168251 seconds
Request model_2#96 arrives at 1626326.125943511, sleeping for 0.02955684973858297 seconds
Request model_5#134 arrives at 1626326.156203708, sleeping for 0.14617179916240275 seconds
Request model_2#97 arrives at 1626326.302547687, sleeping for 0.018488146597519517 seconds
Request model_6#113 arrives at 1626326.322335828, sleeping for 2.1252206931822 seconds
Request model_2#98 arrives at 1626328.449279714, sleeping for 0.5314470252487808 seconds
Request model_3#123 arrives at 1626328.982837862, sleeping for 0.05068595404736698 seconds
Request model_3#124 arrives at 1626329.033672336, sleeping for 0.3597279228270054 seconds
Request model_3#125 arrives at 1626329.394330422, sleeping for 0.14614288415759802 seconds
Request model_3#126 arrives at 1626329.541339036, sleeping for 0.01894603972323239 seconds
Request model_3#127 arrives at 1626329.560539571, sleeping for 0.3699178984388709 seconds
Request model_5#135 arrives at 1626329.93137686, sleeping for 0.19719935511238873 seconds
Request model_3#128 arrives at 1626330.12940449, sleeping for 0.5861313100904226 seconds
Request model_3#129 arrives at 1626330.716656304, sleeping for 1.1510634382721037 seconds
Request model_4#30 arrives at 1626331.869653963, sleeping for 0.0891487484332174 seconds
Request model_4#31 arrives at 1626331.959877867, sleeping for 0.45975241833366454 seconds
Request model_3#130 arrives at 1626332.420108218, sleeping for 0.16335402778349817 seconds
Request model_3#131 arrives at 1626332.584281356, sleeping for 0.26537081110291183 seconds
Request model_4#32 arrives at 1626332.850584957, sleeping for 0.7054746267385781 seconds
Request model_4#33 arrives at 1626333.557233614, sleeping for 0.1797966284211725 seconds
Request model_3#132 arrives at 1626333.737730501, sleeping for 0.12183261825703084 seconds
Request model_3#133 arrives at 1626333.860696273, sleeping for 1.0287917316891253 seconds
Request model_6#114 arrives at 1626334.891793006, sleeping for 0.1243116706609726 seconds
Request model_3#134 arrives at 1626335.017067578, sleeping for 1.0951556751970202 seconds
Request model_3#135 arrives at 1626336.113764055, sleeping for 0.7643943240400404 seconds
Request model_4#34 arrives at 1626336.879181628, sleeping for 0.5745982204098254 seconds
Request model_4#35 arrives at 1626337.455899601, sleeping for 0.03162646130658686 seconds
Request model_6#115 arrives at 1626337.487910323, sleeping for 0.14634334412403405 seconds
Request model_3#136 arrives at 1626337.63477939, sleeping for 0.06812412547878921 seconds
Request model_3#137 arrives at 1626337.704119222, sleeping for 0.35124282957985997 seconds
Request model_4#36 arrives at 1626338.056683833, sleeping for 0.3077807994559407 seconds
Request model_3#138 arrives at 1626338.365841697, sleeping for 0.7425610055215657 seconds
Request model_3#139 arrives at 1626339.10982358, sleeping for 0.5226856623776257 seconds
Request model_3#140 arrives at 1626339.633271263, sleeping for 0.08251218823716044 seconds
Request model_5#136 arrives at 1626339.716628051, sleeping for 0.02632342465221882 seconds
Request model_4#37 arrives at 1626339.744869178, sleeping for 1.1755467772018164 seconds
Request model_2#99 arrives at 1626340.921695293, sleeping for 0.19948896463029087 seconds
Request model_3#141 arrives at 1626341.122036325, sleeping for 0.19950257614254951 seconds
Request model_3#142 arrives at 1626341.322243016, sleeping for 0.08877697982825339 seconds
Request model_3#143 arrives at 1626341.411333025, sleeping for 1.0387727243360132 seconds
Request model_3#144 arrives at 1626342.451068287, sleeping for 0.5128146873321384 seconds
Request model_3#145 arrives at 1626342.964975817, sleeping for 0.09146300121210515 seconds
Request model_5#137 arrives at 1626343.057289825, sleeping for 2.8006256103981286 seconds
Request model_5#138 arrives at 1626345.858168828, sleeping for 0.20600178674794734 seconds
Request model_4#38 arrives at 1626346.066322447, sleeping for 0.14735844964161515 seconds
Request model_5#139 arrives at 1626346.214249899, sleeping for 0.43655810644850135 seconds
Request model_5#140 arrives at 1626346.651293444, sleeping for 1.5746405676472932 seconds
Request model_3#146 arrives at 1626348.226745942, sleeping for 0.040760724572464824 seconds
Request model_4#39 arrives at 1626348.268573731, sleeping for 0.0008655199781060219 seconds
Request model_5#141 arrives at 1626348.270238316, sleeping for 0.024989934638142586 seconds
Request model_5#142 arrives at 1626348.295841719, sleeping for 0.010397126898169518 seconds
Request model_2#100 arrives at 1626348.306469554, sleeping for 0.7750393797177821 seconds
Request model_5#143 arrives at 1626349.082809772, sleeping for 0 seconds
Request model_3#147 arrives at 1626349.083456687, sleeping for 1.1926165230106562 seconds
Request model_4#40 arrives at 1626350.276751629, sleeping for 0.04511896730400622 seconds
Request model_5#144 arrives at 1626350.322186131, sleeping for 0.5252738501876593 seconds
Request model_4#41 arrives at 1626350.847912282, sleeping for 0.24704714585095644 seconds
Request model_3#148 arrives at 1626351.095535554, sleeping for 0.27318438747897744 seconds
Request model_3#149 arrives at 1626351.369698857, sleeping for 0.0825282116420567 seconds
Request model_4#42 arrives at 1626351.452737268, sleeping for 0.03190030110999942 seconds
Request model_5#145 arrives at 1626351.485613606, sleeping for 0.45849049580283463 seconds
Request model_3#150 arrives at 1626351.944874533, sleeping for 0.11861646268516779 seconds
Request model_2#101 arrives at 1626352.06492171, sleeping for 0.061714908108115196 seconds
Request model_4#43 arrives at 1626352.127002632, sleeping for 0.36424793489277363 seconds
Request model_3#151 arrives at 1626352.492296338, sleeping for 0.5752403801307082 seconds
Request model_5#146 arrives at 1626353.068472192, sleeping for 0.3040791735984385 seconds
Request model_2#102 arrives at 1626353.373051497, sleeping for 0.9382512704469264 seconds
Request model_3#152 arrives at 1626354.312142671, sleeping for 2.4148023137822747 seconds
Request model_2#103 arrives at 1626356.729360218, sleeping for 0.12313633621670306 seconds
Request model_3#153 arrives at 1626356.85352446, sleeping for 0.24935704190284014 seconds
Request model_3#154 arrives at 1626357.103872271, sleeping for 0.12443595402874053 seconds
Request model_4#44 arrives at 1626357.228973431, sleeping for 1.8630037896800786 seconds
Request model_3#155 arrives at 1626359.092607476, sleeping for 0.30961673194542527 seconds
Request model_4#45 arrives at 1626359.402815145, sleeping for 0.15624016849324107 seconds
Request model_3#156 arrives at 1626359.559791181, sleeping for 0.11925295204855502 seconds
Request model_4#46 arrives at 1626359.680610302, sleeping for 0.5573699669912457 seconds
Request model_3#157 arrives at 1626360.238532035, sleeping for 0.1711596054956317 seconds
Request model_6#116 arrives at 1626360.410821949, sleeping for 0.6858245017938316 seconds
Request model_3#158 arrives at 1626361.097706584, sleeping for 0.17969390912912786 seconds
Request model_3#159 arrives at 1626361.277710307, sleeping for 0.11623168038204312 seconds
Request model_3#160 arrives at 1626361.39453749, sleeping for 0.2376053910702467 seconds
Request model_5#147 arrives at 1626361.633852818, sleeping for 0.11315397010184824 seconds
Request model_5#148 arrives at 1626361.748025387, sleeping for 0.8209362223278731 seconds
Request model_2#104 arrives at 1626362.570122447, sleeping for 0.07453513541258872 seconds
Request model_5#149 arrives at 1626362.645381475, sleeping for 0.7729773106984794 seconds
Request model_3#161 arrives at 1626363.419563961, sleeping for 0.2884909089189023 seconds
Request model_6#117 arrives at 1626363.709332661, sleeping for 0.05408167466521263 seconds
Request model_5#150 arrives at 1626363.764240695, sleeping for 0.03460191912017763 seconds
Request model_3#162 arrives at 1626363.799930227, sleeping for 0.19051988050341606 seconds
Request model_6#118 arrives at 1626363.991745275, sleeping for 0.3678728591185063 seconds
Request model_6#119 arrives at 1626364.360898819, sleeping for 0.009086382109671831 seconds
Request model_2#105 arrives at 1626364.371902768, sleeping for 0.01449163630604744 seconds
Request model_3#163 arrives at 1626364.38662622, sleeping for 0.2358908443711698 seconds
Request model_4#47 arrives at 1626364.623040199, sleeping for 0.045893034199252725 seconds
Request model_3#164 arrives at 1626364.669855061, sleeping for 0.616452052956447 seconds
Request model_3#165 arrives at 1626365.286828036, sleeping for 0.3213002698030323 seconds
Request model_3#166 arrives at 1626365.609392369, sleeping for 0.12937885569408536 seconds
Request model_3#167 arrives at 1626365.739188367, sleeping for 1.0431032571941614 seconds
Request model_5#151 arrives at 1626366.784094079, sleeping for 0.0707929152995348 seconds
Request model_5#152 arrives at 1626366.855171749, sleeping for 0.12909322511404753 seconds
Request model_2#106 arrives at 1626366.985039457, sleeping for 0.4779950026422739 seconds
Request model_5#153 arrives at 1626367.463752523, sleeping for 0.18486997857689857 seconds
Request model_3#168 arrives at 1626367.649799736, sleeping for 0.6181193564552814 seconds
Request model_5#154 arrives at 1626368.269656909, sleeping for 0.8653107432182878 seconds
Request model_3#169 arrives at 1626369.137546231, sleeping for 0.3964232886210084 seconds
Request model_3#170 arrives at 1626369.535578648, sleeping for 0.553380369907245 seconds
Request model_3#171 arrives at 1626370.090308062, sleeping for 1.5280574355274439 seconds
Request model_6#120 arrives at 1626371.619549156, sleeping for 0.3886610488407314 seconds
Request model_2#107 arrives at 1626372.008907552, sleeping for 0.4200968239456415 seconds
Request model_4#48 arrives at 1626372.429581278, sleeping for 1.3150398128200322 seconds
Request model_3#172 arrives at 1626373.745721707, sleeping for 0.47823631507344544 seconds
Request model_4#49 arrives at 1626374.226279498, sleeping for 0.16589073720388114 seconds
Request model_4#50 arrives at 1626374.392552639, sleeping for 0.11066634068265557 seconds
Request model_3#173 arrives at 1626374.503784747, sleeping for 0.17632170743308961 seconds
Request model_2#108 arrives at 1626374.680658573, sleeping for 0.5545816055964679 seconds
Request model_2#109 arrives at 1626375.236649738, sleeping for 1.531353686703369 seconds
Request model_3#174 arrives at 1626376.768641638, sleeping for 0.0992320729419589 seconds
Request model_3#175 arrives at 1626376.868909577, sleeping for 0.02746966853737831 seconds
Request model_3#176 arrives at 1626376.897041478, sleeping for 0.5491444319486618 seconds
Request model_3#177 arrives at 1626377.446723492, sleeping for 0.5196256046183407 seconds
Request model_3#178 arrives at 1626377.967173294, sleeping for 0.38687980826944113 seconds
Request model_3#179 arrives at 1626378.356165077, sleeping for 0.23460887372493744 seconds
Request model_3#180 arrives at 1626378.591469704, sleeping for 0.172802803106606 seconds
Request model_6#121 arrives at 1626378.764841376, sleeping for 0.06258093612268567 seconds
Request model_3#181 arrives at 1626378.828167993, sleeping for 0.10357112437486649 seconds
Request model_4#51 arrives at 1626378.933580697, sleeping for 0.606171652674675 seconds
Request model_4#52 arrives at 1626379.540095105, sleeping for 1.3510797393973917 seconds
Request model_2#110 arrives at 1626380.892166923, sleeping for 0.07456993544474244 seconds
Request model_3#182 arrives at 1626380.967223084, sleeping for 0.17462439206428826 seconds
Request model_5#155 arrives at 1626381.142498802, sleeping for 0.10324683203361928 seconds
Request model_4#53 arrives at 1626381.247292329, sleeping for 0.29475882463157177 seconds
Request model_2#111 arrives at 1626381.543376796, sleeping for 0.7952719405293465 seconds
Request model_3#183 arrives at 1626382.340823807, sleeping for 0.62364402692765 seconds
Request model_3#184 arrives at 1626382.964985476, sleeping for 0.5711432211101055 seconds
Request model_2#112 arrives at 1626383.536528873, sleeping for 0.15055161365307868 seconds
Request model_6#122 arrives at 1626383.687582582, sleeping for 0.6983770481310785 seconds
Request model_5#156 arrives at 1626384.387162423, sleeping for 0.2926370417699218 seconds
Request model_3#185 arrives at 1626384.680674644, sleeping for 0.8171657079365104 seconds
Request model_3#186 arrives at 1626385.499108111, sleeping for 0.21059061191044748 seconds
Request model_3#187 arrives at 1626385.71059907, sleeping for 0.45021022390574217 seconds
Request model_6#123 arrives at 1626386.162271222, sleeping for 0.20312555343843997 seconds
Request model_2#113 arrives at 1626386.366073071, sleeping for 0.11723091546446085 seconds
Request model_3#188 arrives at 1626386.484558928, sleeping for 0.23697251081466675 seconds
Request model_2#114 arrives at 1626386.722266329, sleeping for 0.01816128846257925 seconds
Request model_4#54 arrives at 1626386.74249213, sleeping for 0.6002965068910271 seconds
Request model_3#189 arrives at 1626387.344209169, sleeping for 0.3689903221093118 seconds
Request model_2#115 arrives at 1626387.713779466, sleeping for 0.4259943622164428 seconds
Request model_4#55 arrives at 1626388.140508353, sleeping for 0.1683374976273626 seconds
Request model_4#56 arrives at 1626388.309716342, sleeping for 0.001439104089513421 seconds
Request model_4#57 arrives at 1626388.31175447, sleeping for 1.066575616132468 seconds
Request model_4#58 arrives at 1626389.378827384, sleeping for 0.0793828556779772 seconds
Request model_3#190 arrives at 1626389.459296141, sleeping for 0.2165406730491668 seconds
Request model_3#191 arrives at 1626389.676465857, sleeping for 0.7916392800398171 seconds
Request model_5#157 arrives at 1626390.468674527, sleeping for 0.6349743183236569 seconds
Request model_5#158 arrives at 1626391.104101709, sleeping for 2.4896754745859653 seconds
Request model_5#159 arrives at 1626393.596485221, sleeping for 1.1507379151880741 seconds
Request model_5#160 arrives at 1626394.748198578, sleeping for 0.781450187554583 seconds
Request model_5#161 arrives at 1626395.531471535, sleeping for 0.29345808597281575 seconds
Request model_3#192 arrives at 1626395.826499348, sleeping for 0.41045806813053787 seconds
Request model_3#193 arrives at 1626396.238872545, sleeping for 0.05903973034583032 seconds
Request model_3#194 arrives at 1626396.298240573, sleeping for 0.01474964851513505 seconds
Request model_5#162 arrives at 1626396.313229606, sleeping for 0.3822865867987275 seconds
Request model_3#195 arrives at 1626396.696061859, sleeping for 0.1569565092213452 seconds
Request model_2#116 arrives at 1626396.854246755, sleeping for 0.6373075221199542 seconds
Request model_3#196 arrives at 1626397.491915552, sleeping for 0.9780698854010552 seconds
Request model_3#197 arrives at 1626398.471126692, sleeping for 0.41831731307320297 seconds
Request model_3#198 arrives at 1626398.891439035, sleeping for 2.8128982977941632 seconds
Request model_3#199 arrives at 1626401.706806715, sleeping for 0.5160120034124702 seconds
Request model_1#35 arrives at 1626402.223497839, sleeping for 1.1577502635773271 seconds
Request model_4#59 arrives at 1626403.382844419, sleeping for 0.9553072394337505 seconds
Request model_5#163 arrives at 1626404.33958392, sleeping for 0.5591705122496933 seconds
Request model_1#36 arrives at 1626404.899504222, sleeping for 0.3525518539827317 seconds
Request model_4#60 arrives at 1626405.253317466, sleeping for 0.16877832706086338 seconds
Request model_5#164 arrives at 1626405.422581526, sleeping for 0.33514847117476165 seconds
Request model_5#165 arrives at 1626405.759045396, sleeping for 0.5163533263839781 seconds
Request model_5#166 arrives at 1626406.276700861, sleeping for 0.24443823588080704 seconds
Request model_4#61 arrives at 1626406.522224035, sleeping for 0.6356408344581723 seconds
Request model_1#37 arrives at 1626407.158950043, sleeping for 0.5192154655233026 seconds
Request model_5#167 arrives at 1626407.678832644, sleeping for 0.27249229419976473 seconds
Request model_5#168 arrives at 1626407.952399556, sleeping for 0.7323490555863827 seconds
Request model_5#169 arrives at 1626408.685933376, sleeping for 0.1318470120895654 seconds
Request model_5#170 arrives at 1626408.819351127, sleeping for 0.00652298703789711 seconds
Request model_5#171 arrives at 1626408.825998886, sleeping for 1.3024086046498269 seconds
Request model_5#172 arrives at 1626410.129081561, sleeping for 1.394881623564288 seconds
Request model_5#173 arrives at 1626411.524699779, sleeping for 1.838467092718929 seconds
Request model_5#174 arrives at 1626413.3641595, sleeping for 0.12764083221554756 seconds
Request model_5#175 arrives at 1626413.492867097, sleeping for 0.1279600434936583 seconds
Request model_5#176 arrives at 1626413.621826976, sleeping for 0.3821428120136261 seconds
Request model_1#38 arrives at 1626414.005404853, sleeping for 0.23494342458434403 seconds
Request model_2#117 arrives at 1626414.240797851, sleeping for 0.0707620985340327 seconds
Request model_5#177 arrives at 1626414.311779527, sleeping for 0.11201591813005507 seconds
Request model_1#39 arrives at 1626414.424632394, sleeping for 0.4600209058262408 seconds
Request model_5#178 arrives at 1626414.885669794, sleeping for 0.38192542642354965 seconds
Request model_5#179 arrives at 1626415.269090708, sleeping for 0.46707313577644527 seconds
Request model_1#40 arrives at 1626415.737521241, sleeping for 0.17289579077623785 seconds
Request model_5#180 arrives at 1626415.911690828, sleeping for 0.9156627776101232 seconds
Request model_1#41 arrives at 1626416.828119062, sleeping for 0.0008734974544495344 seconds
Request model_4#62 arrives at 1626416.83014374, sleeping for 1.7530728708952665 seconds
Request model_5#181 arrives at 1626418.583809542, sleeping for 0.23423705762252212 seconds
Request model_1#42 arrives at 1626418.81842105, sleeping for 0.16431376966647804 seconds
Request model_4#63 arrives at 1626418.983422135, sleeping for 0.1088460807222873 seconds
Request model_5#182 arrives at 1626419.092642997, sleeping for 0.5850347855594009 seconds
Request model_4#64 arrives at 1626419.679297166, sleeping for 0.07354015740565956 seconds
Request model_1#43 arrives at 1626419.753717712, sleeping for 0.16240464430302382 seconds
Request model_5#183 arrives at 1626419.917020181, sleeping for 0.7831898427102715 seconds
Request model_2#118 arrives at 1626420.701074827, sleeping for 1.0374341430142522 seconds
Request model_5#184 arrives at 1626421.739833393, sleeping for 0.6231576441787183 seconds
Request model_5#185 arrives at 1626422.363658445, sleeping for 0.02557670371606946 seconds
Request model_4#65 arrives at 1626422.389841436, sleeping for 1.2269481495022774 seconds
Request model_4#66 arrives at 1626423.618294955, sleeping for 0.3569455312099308 seconds
Request model_2#119 arrives at 1626423.97575587, sleeping for 0.16311815427616239 seconds
Request model_5#186 arrives at 1626424.139694172, sleeping for 0.04907470941543579 seconds
Request model_5#187 arrives at 1626424.189699422, sleeping for 0.01456378330476582 seconds
Request model_4#67 arrives at 1626424.204707074, sleeping for 0.005891168490052223 seconds
Request model_5#188 arrives at 1626424.211666985, sleeping for 0.09249937860295177 seconds
Request model_5#189 arrives at 1626424.304600632, sleeping for 0.8225344736129045 seconds
Request model_5#190 arrives at 1626425.128029374, sleeping for 0.04457940114662051 seconds
Request model_5#191 arrives at 1626425.17309425, sleeping for 0.0029809472616761923 seconds
Request model_1#44 arrives at 1626425.177085525, sleeping for 0.6492398753762245 seconds
Request model_5#192 arrives at 1626425.826805716, sleeping for 0.062048097839578986 seconds
Request model_5#193 arrives at 1626425.88979195, sleeping for 0.6683868875261396 seconds
Request model_4#68 arrives at 1626426.559053562, sleeping for 0.4135999905411154 seconds
Request model_5#194 arrives at 1626426.974295761, sleeping for 0.20948815578594804 seconds
Request model_5#195 arrives at 1626427.184468858, sleeping for 0.6891427722293884 seconds
Request model_1#45 arrives at 1626427.874402479, sleeping for 0.10158745665103197 seconds
Request model_5#196 arrives at 1626427.976693287, sleeping for 0.0911464667879045 seconds
Request model_5#197 arrives at 1626428.068913567, sleeping for 0.09169032541103661 seconds
Request model_5#198 arrives at 1626428.161347919, sleeping for 0.5139532412867993 seconds
Request model_5#199 arrives at 1626428.676162929, sleeping for 0.4264886931050569 seconds
Request model_4#69 arrives at 1626429.102964207, sleeping for 0.5574440588243306 seconds
Request model_4#70 arrives at 1626429.662282677, sleeping for 0.09519433719106019 seconds
Request model_5#200 arrives at 1626429.757682844, sleeping for 0.22274367487989366 seconds
Request model_2#120 arrives at 1626429.981264447, sleeping for 1.0079286596737802 seconds
Request model_4#71 arrives at 1626430.99025755, sleeping for 0.8134975719731301 seconds
Request model_5#201 arrives at 1626431.804873006, sleeping for 0.1105919643305242 seconds
Request model_4#72 arrives at 1626431.916660586, sleeping for 0.027983293868601322 seconds
Request model_5#202 arrives at 1626431.945308667, sleeping for 1.9433083434123546 seconds
Request model_1#46 arrives at 1626433.889117079, sleeping for 0.4612812970299274 seconds
Request model_5#203 arrives at 1626434.351626062, sleeping for 0.481658052187413 seconds
Request model_5#204 arrives at 1626434.833894717, sleeping for 1.687449074583128 seconds
Request model_5#205 arrives at 1626436.522137003, sleeping for 0.4695187099277973 seconds
Request model_1#47 arrives at 1626436.9924614, sleeping for 0.6604113089852035 seconds
Request model_5#206 arrives at 1626437.654210293, sleeping for 0.04230183735489845 seconds
Request model_1#48 arrives at 1626437.6973995, sleeping for 1.193545531714335 seconds
Request model_5#207 arrives at 1626438.892499907, sleeping for 0.38418573094531894 seconds
Request model_1#49 arrives at 1626439.277432524, sleeping for 0.9423934638034552 seconds
Request model_5#208 arrives at 1626440.220442141, sleeping for 0.20902512641623616 seconds
Request model_5#209 arrives at 1626440.429836331, sleeping for 1.538647081470117 seconds
Request model_1#50 arrives at 1626441.970918582, sleeping for 3.302865938981995 seconds
Request model_2#121 arrives at 1626445.276283406, sleeping for 0.40513881552033126 seconds
Request model_2#122 arrives at 1626445.681743884, sleeping for 0.27075720205903053 seconds
Request model_2#123 arrives at 1626445.953129052, sleeping for 0.30418815347366035 seconds
Request model_1#51 arrives at 1626446.258625397, sleeping for 0.4715015885885805 seconds
Request model_4#73 arrives at 1626446.731657764, sleeping for 0.5310349820647389 seconds
Request model_1#52 arrives at 1626447.263756835, sleeping for 0.08441850868985057 seconds
Request model_1#53 arrives at 1626447.348686115, sleeping for 0.8903394055087119 seconds
Request model_4#74 arrives at 1626448.240178959, sleeping for 0.38634163956157863 seconds
Request model_4#75 arrives at 1626448.627433975, sleeping for 0.23605939303524792 seconds
Request model_5#210 arrives at 1626448.864487941, sleeping for 0.05989878415130079 seconds
Request model_5#211 arrives at 1626448.925231831, sleeping for 0.30492251575924456 seconds
Request model_5#212 arrives at 1626449.231208867, sleeping for 0.02358935121446848 seconds
Request model_2#124 arrives at 1626449.255053505, sleeping for 0.7909562059212476 seconds
Request model_5#213 arrives at 1626450.046390241, sleeping for 1.3332225803751498 seconds
Request model_5#214 arrives at 1626451.380810013, sleeping for 0.4462312930263579 seconds
Request model_4#76 arrives at 1626451.827475403, sleeping for 0.3266570935957134 seconds
Request model_4#77 arrives at 1626452.154579651, sleeping for 1.6966564189642668 seconds
Request model_5#215 arrives at 1626453.85274166, sleeping for 0.06333566224202514 seconds
Request model_4#78 arrives at 1626453.916777587, sleeping for 0.3408503383398056 seconds
Request model_4#79 arrives at 1626454.258784843, sleeping for 0.09314931882545352 seconds
Request model_5#216 arrives at 1626454.352662589, sleeping for 0.1800162373110652 seconds
Request model_5#217 arrives at 1626454.533512652, sleeping for 0.09619629196822643 seconds
Request model_5#218 arrives at 1626454.630279434, sleeping for 0.20889809471555054 seconds
Request model_5#219 arrives at 1626454.840138009, sleeping for 0.10917599522508681 seconds
Request model_5#220 arrives at 1626454.949998775, sleeping for 0.5055327313020825 seconds
Request model_2#125 arrives at 1626455.456749141, sleeping for 0.21584521676413715 seconds
Request model_5#221 arrives at 1626455.673875199, sleeping for 0.292256947606802 seconds
Request model_4#80 arrives at 1626455.966881197, sleeping for 0.5327350199222565 seconds
Request model_4#81 arrives at 1626456.499904921, sleeping for 0.41027391399256885 seconds
Request model_4#82 arrives at 1626456.912116193, sleeping for 0.0874096816405654 seconds
Request model_5#222 arrives at 1626457.001065427, sleeping for 0.5529009331949055 seconds
Request model_2#126 arrives at 1626457.554595677, sleeping for 0.03520745784044266 seconds
Request model_5#223 arrives at 1626457.59063601, sleeping for 0.0005959086120128632 seconds
Request model_2#127 arrives at 1626457.591419766, sleeping for 0.21947689331136644 seconds
Request model_5#224 arrives at 1626457.812048433, sleeping for 0.353275743778795 seconds
Request model_4#83 arrives at 1626458.16619482, sleeping for 0.586357137421146 seconds
Request model_5#225 arrives at 1626458.753568932, sleeping for 0.37618491100147367 seconds
Request model_4#84 arrives at 1626459.130322524, sleeping for 1.7610542518086731 seconds
Request model_5#226 arrives at 1626460.891920007, sleeping for 0.14182831719517708 seconds
Request model_2#128 arrives at 1626461.035920347, sleeping for 0.4847518673632294 seconds
Request model_5#227 arrives at 1626461.522042765, sleeping for 0.8785903505049646 seconds
Request model_5#228 arrives at 1626462.401643416, sleeping for 0.029432777548208833 seconds
Request model_2#129 arrives at 1626462.431376174, sleeping for 0.7192208152264357 seconds
Request model_2#130 arrives at 1626463.151761272, sleeping for 0.947426630416885 seconds
Request model_4#85 arrives at 1626464.100074684, sleeping for 0.2012900214176625 seconds
Request model_5#229 arrives at 1626464.302061805, sleeping for 0.6725100059993565 seconds
Request model_5#230 arrives at 1626464.975401351, sleeping for 0.28002955578267574 seconds
Request model_1#54 arrives at 1626465.255811691, sleeping for 1.170967852929607 seconds
Request model_1#55 arrives at 1626466.428130808, sleeping for 0.815473016584292 seconds
Request model_2#131 arrives at 1626467.244617089, sleeping for 0.4704982121475041 seconds
Request model_5#231 arrives at 1626467.715878219, sleeping for 1.2394379831384867 seconds
Request model_1#56 arrives at 1626468.956115845, sleeping for 0.23128387099131942 seconds
Request model_1#57 arrives at 1626469.188067732, sleeping for 0.10363168641924858 seconds
Request model_4#86 arrives at 1626469.292898079, sleeping for 0.0046083806082606316 seconds
Request model_5#232 arrives at 1626469.298580418, sleeping for 0.3306209302973002 seconds
Request model_5#233 arrives at 1626469.63050417, sleeping for 0.47953465674072504 seconds
Request model_2#132 arrives at 1626470.111601752, sleeping for 0.10249833995476365 seconds
Request model_4#87 arrives at 1626470.214898596, sleeping for 0.03098040004260838 seconds
Request model_1#58 arrives at 1626470.246538919, sleeping for 0.3003711770288646 seconds
Request model_1#59 arrives at 1626470.547422522, sleeping for 0.10069838468916714 seconds
Request model_5#234 arrives at 1626470.649138452, sleeping for 0.66071592643857 seconds
Request model_5#235 arrives at 1626471.311032036, sleeping for 0.22145104873925447 seconds
Request model_5#236 arrives at 1626471.533137536, sleeping for 0.9711240732576698 seconds
Request model_4#88 arrives at 1626472.506043917, sleeping for 0.10496800509281456 seconds
Request model_2#133 arrives at 1626472.611966662, sleeping for 3.4583732390310615 seconds
Request model_4#89 arrives at 1626476.07086549, sleeping for 0.38574377400800586 seconds
Request model_4#90 arrives at 1626476.457402196, sleeping for 0.10240703728049994 seconds
Request model_4#91 arrives at 1626476.560513806, sleeping for 0.37797050131484866 seconds
Request model_2#134 arrives at 1626476.939483668, sleeping for 0.6951165797654539 seconds
Request model_6#124 arrives at 1626477.635455863, sleeping for 1.0961063320282847 seconds
Request model_4#92 arrives at 1626478.732833049, sleeping for 0.48397955717518926 seconds
Request model_6#125 arrives at 1626479.217134796, sleeping for 0.04024804080836475 seconds
Request model_6#126 arrives at 1626479.25809558, sleeping for 0.21950105391442776 seconds
Request model_2#135 arrives at 1626479.478382839, sleeping for 0.44126410433091223 seconds
Request model_4#93 arrives at 1626479.919968556, sleeping for 0.969041631789878 seconds
Request model_6#127 arrives at 1626480.890798595, sleeping for 0.7437044731341302 seconds
Request model_2#136 arrives at 1626481.635481551, sleeping for 0.17834720155224204 seconds
Request model_6#128 arrives at 1626481.814877227, sleeping for 0.034715683897957206 seconds
Request model_2#137 arrives at 1626481.850653015, sleeping for 0.7157884577754885 seconds
============================================================
BENCHMARK RESULTS
============================================================
Completed requests: 858
Aborted requests: 0
Request throughput: 1.99 req/s
Input throughput: 582.95 tokens/s
Output throughput: 327.93 tokens/s
Mean TTFT: 219.6 ms
P99 TTFT: 4277.0 ms
Mean TPOT: 39.8 ms
P99 TPOT: 76.9 ms
Mean Latency: 6780.5 ms
P99 Latency: 21652.9 ms
============================================================
Results saved to /workspace/prism-merge/exp/results/final-prototype-vs-paper-faithful/raw/armC-final-overlap/raw/paper-faithful-v6/bursty/rate_2/seed_1
Requests saved to /workspace/prism-merge/exp/results/final-prototype-vs-paper-faithful/raw/armC-final-overlap/raw/paper-faithful-v6/bursty/rate_2/seed_1/requests
