Real trace file: /root/Prism-final-regression-diagnosis/exp/results/final-regression-diagnosis/alg2-root-cause/sanity/steady_r8_s1_120s.pkl
[PRISM_DIRECT] 958 requests, span 119.9s
Starting TP benchmark: paper-alg2-only_steady_rate8_seed1
Generated 958 requests
Request model_2#0 arrives at 1664988.711448634, sleeping for 0.0025220608804374933 seconds
Request model_4#0 arrives at 1664988.714616268, sleeping for 0.03834091336466372 seconds
Request model_5#0 arrives at 1664988.75473954, sleeping for 0.18136525969021022 seconds
Request model_5#1 arrives at 1664988.93721964, sleeping for 0.05555511894635856 seconds
Request model_2#1 arrives at 1664988.993344187, sleeping for 1.1799952297005802 seconds
Request model_6#0 arrives at 1664990.175419002, sleeping for 0.1823078733868897 seconds
Request model_5#2 arrives at 1664990.358903459, sleeping for 0.10333461570553482 seconds
Request model_5#3 arrives at 1664990.464032777, sleeping for 0.127917435253039 seconds
Request model_6#1 arrives at 1664990.593089671, sleeping for 0.007789249764755368 seconds
Request model_5#4 arrives at 1664990.601863549, sleeping for 0.12222290225327015 seconds
Request model_4#1 arrives at 1664990.724630294, sleeping for 0.147508759284392 seconds
Request model_3#0 arrives at 1664990.872380823, sleeping for 0.108950134832412 seconds
Request model_3#1 arrives at 1664990.982183557, sleeping for 0.3401655943598598 seconds
Request model_3#2 arrives at 1664991.323117589, sleeping for 0.20687668584287167 seconds
Request model_3#3 arrives at 1664991.531906503, sleeping for 0.0153020229190588 seconds
Request model_1#0 arrives at 1664991.547563465, sleeping for 0.5058833076618612 seconds
Request model_3#4 arrives at 1664992.054319456, sleeping for 0.14751220121979713 seconds
Request model_6#2 arrives at 1664992.202271917, sleeping for 0.2783455071039498 seconds
Request model_5#5 arrives at 1664992.481109295, sleeping for 0.1868260281626135 seconds
Request model_4#2 arrives at 1664992.668843505, sleeping for 0.04624770628288388 seconds
Request model_5#6 arrives at 1664992.715543768, sleeping for 0.0011846097186207771 seconds
Request model_5#7 arrives at 1664992.717161181, sleeping for 0.19626378337852657 seconds
Request model_5#8 arrives at 1664992.913890361, sleeping for 0.26789991557598114 seconds
Request model_3#5 arrives at 1664993.182330419, sleeping for 0.20321763819083571 seconds
Request model_5#9 arrives at 1664993.386239154, sleeping for 0.13161952164955437 seconds
Request model_3#6 arrives at 1664993.519021607, sleeping for 0.12309657759033144 seconds
Request model_5#10 arrives at 1664993.643070362, sleeping for 0.16585603542625904 seconds
Request model_3#7 arrives at 1664993.809922389, sleeping for 0.20822491613216698 seconds
Request model_4#3 arrives at 1664994.019955012, sleeping for 0.054587404476478696 seconds
Request model_4#4 arrives at 1664994.075103541, sleeping for 0.03029071493074298 seconds
Request model_3#8 arrives at 1664994.106124722, sleeping for 0.010234005749225616 seconds
Request model_5#11 arrives at 1664994.117106768, sleeping for 0.14044296741485596 seconds
Request model_5#12 arrives at 1664994.257899582, sleeping for 0.036547432420775294 seconds
Request model_3#9 arrives at 1664994.295743186, sleeping for 0.17498245346359909 seconds
Request model_3#10 arrives at 1664994.472606132, sleeping for 0.09712775726802647 seconds
Request model_2#2 arrives at 1664994.570735315, sleeping for 0.0007370759267359972 seconds
Request model_4#5 arrives at 1664994.571690672, sleeping for 0.02003456838428974 seconds
Request model_1#1 arrives at 1664994.592248842, sleeping for 0.022631594678387046 seconds
Request model_3#11 arrives at 1664994.615987257, sleeping for 0.14609175408259034 seconds
Request model_3#12 arrives at 1664994.762736258, sleeping for 0.10567354969680309 seconds
Request model_3#13 arrives at 1664994.869127915, sleeping for 0.106014164397493 seconds
Request model_3#14 arrives at 1664994.976043086, sleeping for 0.0007699097041040659 seconds
Request model_4#6 arrives at 1664994.977929371, sleeping for 0.1238340251147747 seconds
Request model_2#3 arrives at 1664995.10254268, sleeping for 0.014397132210433483 seconds
Request model_5#13 arrives at 1664995.117158574, sleeping for 0.04040219611488283 seconds
Request model_5#14 arrives at 1664995.15787801, sleeping for 0.17809041938744485 seconds
Request model_5#15 arrives at 1664995.33661657, sleeping for 0.028129085898399353 seconds
Request model_4#7 arrives at 1664995.365241112, sleeping for 0.03645960125140846 seconds
Request model_3#15 arrives at 1664995.402779314, sleeping for 0.23900012555532157 seconds
Request model_2#4 arrives at 1664995.642412037, sleeping for 0.006569709861651063 seconds
Request model_6#3 arrives at 1664995.649243171, sleeping for 0.0008940293919295073 seconds
Request model_3#16 arrives at 1664995.650954964, sleeping for 0.17381706461310387 seconds
Request model_4#8 arrives at 1664995.8267055, sleeping for 0.0964055887889117 seconds
Request model_5#16 arrives at 1664995.923447003, sleeping for 0.15519025875255466 seconds
Request model_2#5 arrives at 1664996.079574947, sleeping for 0.33627010812051594 seconds
Request model_5#17 arrives at 1664996.416786878, sleeping for 0.21344238240271807 seconds
Request model_5#18 arrives at 1664996.630987533, sleeping for 0.35246225795708597 seconds
Request model_4#9 arrives at 1664996.984114598, sleeping for 0.06016178918071091 seconds
Request model_5#19 arrives at 1664997.045147513, sleeping for 0.026381492847576737 seconds
Request model_1#2 arrives at 1664997.07185232, sleeping for 0.42556479712948203 seconds
Request model_1#3 arrives at 1664997.497833902, sleeping for 0.005786528345197439 seconds
Request model_1#4 arrives at 1664997.504566744, sleeping for 0.08211197331547737 seconds
Request model_5#20 arrives at 1664997.586898514, sleeping for 0.17046690382994711 seconds
Request model_2#6 arrives at 1664997.757983714, sleeping for 0.27683566068299115 seconds
Request model_4#10 arrives at 1664998.036201477, sleeping for 0.036942771868780255 seconds
Request model_1#5 arrives at 1664998.074067982, sleeping for 0.050127897411584854 seconds
Request model_3#17 arrives at 1664998.124714325, sleeping for 0.0049756348598748446 seconds
Request model_5#21 arrives at 1664998.130295619, sleeping for 0.004950638161972165 seconds
Request model_5#22 arrives at 1664998.135861762, sleeping for 0.12105593108572066 seconds
Request model_6#4 arrives at 1664998.257535258, sleeping for 0.1608667280524969 seconds
Request model_2#7 arrives at 1664998.419488436, sleeping for 0.1325919448863715 seconds
Request model_5#23 arrives at 1664998.552615211, sleeping for 0.10407671215943992 seconds
Request model_5#24 arrives at 1664998.658932438, sleeping for 0.11830634484067559 seconds
Request model_2#8 arrives at 1664998.779052421, sleeping for 0.08654881874099374 seconds
Request model_5#25 arrives at 1664998.866038357, sleeping for 0.06408848683349788 seconds
Request model_5#26 arrives at 1664998.930776691, sleeping for 0.14773063804022968 seconds
Request model_3#18 arrives at 1664999.079328196, sleeping for 0.2770954826846719 seconds
Request model_2#9 arrives at 1664999.357266926, sleeping for 0.026596719631925225 seconds
Request model_5#27 arrives at 1664999.384956581, sleeping for 0.037608482176437974 seconds
Request model_5#28 arrives at 1664999.422705614, sleeping for 0.06335840420797467 seconds
Request model_6#5 arrives at 1664999.486318159, sleeping for 0.11034312355332077 seconds
Request model_5#29 arrives at 1664999.597007849, sleeping for 0.2788813856896013 seconds
Request model_3#19 arrives at 1664999.876875044, sleeping for 0.39246830926276743 seconds
Request model_2#10 arrives at 1665000.270502773, sleeping for 0.1384035414084792 seconds
Request model_5#30 arrives at 1665000.409242862, sleeping for 0.11840226501226425 seconds
Request model_5#31 arrives at 1665000.529036823, sleeping for 0.2554283603094518 seconds
Request model_6#6 arrives at 1665000.785271654, sleeping for 0.05755632650107145 seconds
Request model_1#6 arrives at 1665000.843454506, sleeping for 0.3528038945514709 seconds
Request model_6#7 arrives at 1665001.197624929, sleeping for 0.25298961414955556 seconds
Request model_3#20 arrives at 1665001.451739633, sleeping for 0.021198978647589684 seconds
Request model_1#7 arrives at 1665001.474739472, sleeping for 0.1282371017150581 seconds
Request model_3#21 arrives at 1665001.603444722, sleeping for 0.14941055281087756 seconds
Request model_4#11 arrives at 1665001.753232316, sleeping for 0.1371796892490238 seconds
Request model_5#32 arrives at 1665001.891486811, sleeping for 0.29545705229975283 seconds
Request model_6#8 arrives at 1665002.187982824, sleeping for 0.14220364158973098 seconds
Request model_5#33 arrives at 1665002.331829762, sleeping for 0.02720176731236279 seconds
Request model_3#22 arrives at 1665002.35984149, sleeping for 0.041794718243181705 seconds
Request model_5#34 arrives at 1665002.402555582, sleeping for 0.01994380191899836 seconds
Request model_4#12 arrives at 1665002.423417204, sleeping for 0.07183484244160354 seconds
Request model_1#8 arrives at 1665002.49623734, sleeping for 0.4473164703231305 seconds
Request model_6#9 arrives at 1665002.944500153, sleeping for 0 seconds
Request model_5#35 arrives at 1665002.944915956, sleeping for 0.008947780821472406 seconds
Request model_6#10 arrives at 1665002.955624599, sleeping for 0.26374671026133 seconds
Request model_3#23 arrives at 1665003.220509088, sleeping for 0.06278802128508687 seconds
Request model_3#24 arrives at 1665003.283685048, sleeping for 0.0485363791231066 seconds
Request model_4#13 arrives at 1665003.333286234, sleeping for 0.011332927504554391 seconds
Request model_5#36 arrives at 1665003.344814933, sleeping for 0.21282084262929857 seconds
Request model_6#11 arrives at 1665003.558509554, sleeping for 0.4092850578017533 seconds
Request model_5#37 arrives at 1665003.968077346, sleeping for 0.006553118349984288 seconds
Request model_5#38 arrives at 1665003.9750181, sleeping for 0.10565111530013382 seconds
Request model_3#25 arrives at 1665004.081671299, sleeping for 0.06297034700401127 seconds
Request model_3#26 arrives at 1665004.145394694, sleeping for 0.014879448572173715 seconds
Request model_5#39 arrives at 1665004.160996865, sleeping for 0.03047692240215838 seconds
Request model_5#40 arrives at 1665004.19256743, sleeping for 0.06439321325160563 seconds
Request model_3#27 arrives at 1665004.257300223, sleeping for 0.32026539044454694 seconds
Request model_5#41 arrives at 1665004.578109495, sleeping for 0.05766595248132944 seconds
Request model_1#9 arrives at 1665004.636783111, sleeping for 0.06977742584422231 seconds
Request model_3#28 arrives at 1665004.70744253, sleeping for 0.0783115946687758 seconds
Request model_3#29 arrives at 1665004.786356053, sleeping for 0.11671105260029435 seconds
Request model_3#30 arrives at 1665004.903511013, sleeping for 0.3602644591592252 seconds
Request model_2#11 arrives at 1665005.26477307, sleeping for 0.16732522239908576 seconds
Request model_6#12 arrives at 1665005.432267261, sleeping for 0.050448834197595716 seconds
Request model_5#42 arrives at 1665005.483248077, sleeping for 0.0585319206584245 seconds
Request model_5#43 arrives at 1665005.542199035, sleeping for 0 seconds
Request model_3#31 arrives at 1665005.542722799, sleeping for 0.01753732468932867 seconds
Request model_3#32 arrives at 1665005.560748709, sleeping for 0.15483781951479614 seconds
Request model_6#13 arrives at 1665005.716561959, sleeping for 0.17800178681500256 seconds
Request model_5#44 arrives at 1665005.894973375, sleeping for 0.3766325127799064 seconds
Request model_3#33 arrives at 1665006.272434348, sleeping for 0.04714824538677931 seconds
Request model_6#14 arrives at 1665006.320295449, sleeping for 0.4042283797170967 seconds
Request model_3#34 arrives at 1665006.725383236, sleeping for 0.01172861154191196 seconds
Request model_4#14 arrives at 1665006.737336919, sleeping for 0.024848805973306298 seconds
Request model_4#15 arrives at 1665006.762649336, sleeping for 0.002383329439908266 seconds
Request model_2#12 arrives at 1665006.765232156, sleeping for 0.18991284142248333 seconds
Request model_5#45 arrives at 1665006.955955047, sleeping for 0.23358615557663143 seconds
Request model_2#13 arrives at 1665007.189951175, sleeping for 0.05139052262529731 seconds
Request model_5#46 arrives at 1665007.241647536, sleeping for 0.0012903227470815182 seconds
Request model_1#10 arrives at 1665007.243302669, sleeping for 0.028221283806487918 seconds
Request model_6#15 arrives at 1665007.272043892, sleeping for 0.5570983621291816 seconds
Request model_5#47 arrives at 1665007.830063406, sleeping for 0.08953050337731838 seconds
Request model_3#35 arrives at 1665007.920138506, sleeping for 0.014003746910020709 seconds
Request model_5#48 arrives at 1665007.935063432, sleeping for 0.0967847271822393 seconds
Request model_3#36 arrives at 1665008.032055025, sleeping for 0.03748808172531426 seconds
Request model_3#37 arrives at 1665008.069749338, sleeping for 0.05025120731443167 seconds
Request model_2#14 arrives at 1665008.120410451, sleeping for 0.09330750326626003 seconds
Request model_6#16 arrives at 1665008.214122449, sleeping for 0.0006202072836458683 seconds
Request model_5#49 arrives at 1665008.214917275, sleeping for 0.106423748889938 seconds
Request model_2#15 arrives at 1665008.321530113, sleeping for 0.23561340593732893 seconds
Request model_1#11 arrives at 1665008.55934724, sleeping for 0.03262592735700309 seconds
Request model_5#50 arrives at 1665008.592122295, sleeping for 0.0061753133777529 seconds
Request model_1#12 arrives at 1665008.598763697, sleeping for 0.2757448316551745 seconds
Request model_5#51 arrives at 1665008.875360485, sleeping for 0.15648230211809278 seconds
Request model_4#16 arrives at 1665009.032241903, sleeping for 0.06051310757175088 seconds
Request model_2#16 arrives at 1665009.092902094, sleeping for 0.06919175665825605 seconds
Request model_5#52 arrives at 1665009.162534465, sleeping for 0.09288457012735307 seconds
Request model_5#53 arrives at 1665009.256390184, sleeping for 0.09117843164131045 seconds
Request model_4#17 arrives at 1665009.348063046, sleeping for 0.3960851226001978 seconds
Request model_1#13 arrives at 1665009.744738016, sleeping for 0.004396992037072778 seconds
Request model_2#17 arrives at 1665009.749547894, sleeping for 0.09636241756379604 seconds
Request model_6#17 arrives at 1665009.846163304, sleeping for 0.06925137457437813 seconds
Request model_5#54 arrives at 1665009.915883266, sleeping for 0.0466165323741734 seconds
Request model_6#18 arrives at 1665009.963532755, sleeping for 0.02678493596613407 seconds
Request model_5#55 arrives at 1665009.991106429, sleeping for 0.10607484634965658 seconds
Request model_3#38 arrives at 1665010.097776128, sleeping for 0.02528867870569229 seconds
Request model_5#56 arrives at 1665010.123460867, sleeping for 0.008184868842363358 seconds
Request model_2#18 arrives at 1665010.132346026, sleeping for 0.11239915736950934 seconds
Request model_3#39 arrives at 1665010.245029111, sleeping for 0.1442501056008041 seconds
Request model_5#57 arrives at 1665010.390694002, sleeping for 0.0026783584617078304 seconds
Request model_2#19 arrives at 1665010.394373821, sleeping for 0.11460520257242024 seconds
Request model_4#18 arrives at 1665010.510066649, sleeping for 0.009825003799051046 seconds
Request model_3#40 arrives at 1665010.520702642, sleeping for 0.48801091127097607 seconds
Request model_5#58 arrives at 1665011.009234385, sleeping for 0.30640772613696754 seconds
Request model_5#59 arrives at 1665011.316764163, sleeping for 0.17021330213174224 seconds
Request model_6#19 arrives at 1665011.487467348, sleeping for 0.04471991816535592 seconds
Request model_2#20 arrives at 1665011.533238284, sleeping for 0.0621280747000128 seconds
Request model_5#60 arrives at 1665011.595921591, sleeping for 0.005006810650229454 seconds
Request model_3#41 arrives at 1665011.601612515, sleeping for 0.01724365819245577 seconds
Request model_4#19 arrives at 1665011.619163341, sleeping for 0.1000522777903825 seconds
Request model_2#21 arrives at 1665011.719801043, sleeping for 0.14225366967730224 seconds
Request model_3#42 arrives at 1665011.863582219, sleeping for 0.28795517957769334 seconds
Request model_5#61 arrives at 1665012.1534998, sleeping for 0.014591150917112827 seconds
Request model_6#20 arrives at 1665012.168387046, sleeping for 0.07056324928998947 seconds
Request model_3#43 arrives at 1665012.240313534, sleeping for 0.05878379219211638 seconds
Request model_3#44 arrives at 1665012.299468883, sleeping for 0.04533167532645166 seconds
Request model_3#45 arrives at 1665012.3454675, sleeping for 0.007645659847185016 seconds
Request model_2#22 arrives at 1665012.354014147, sleeping for 0.28803814947605133 seconds
Request model_4#20 arrives at 1665012.642834299, sleeping for 0.2349363963585347 seconds
Request model_5#62 arrives at 1665012.878960172, sleeping for 0.1577420870307833 seconds
Request model_5#63 arrives at 1665013.037971947, sleeping for 0.06891291588544846 seconds
Request model_3#46 arrives at 1665013.107985621, sleeping for 0.07292277761735022 seconds
Request model_5#64 arrives at 1665013.181924034, sleeping for 0.3721524334978312 seconds
Request model_4#21 arrives at 1665013.555041991, sleeping for 0.00076153757981956 seconds
Request model_3#47 arrives at 1665013.555915868, sleeping for 0.15187048446387053 seconds
Request model_2#23 arrives at 1665013.709012347, sleeping for 0.17387892259284854 seconds
Request model_3#48 arrives at 1665013.883462591, sleeping for 0.18696087202988565 seconds
Request model_2#24 arrives at 1665014.071362829, sleeping for 0.06267879973165691 seconds
Request model_6#21 arrives at 1665014.135052804, sleeping for 0.623271610820666 seconds
Request model_5#65 arrives at 1665014.759080728, sleeping for 0.0014544220175594091 seconds
Request model_4#22 arrives at 1665014.761229844, sleeping for 0.1302478490397334 seconds
Request model_2#25 arrives at 1665014.892024359, sleeping for 0.051333325216546655 seconds
Request model_5#66 arrives at 1665014.943874092, sleeping for 0.1423548231832683 seconds
Request model_2#26 arrives at 1665015.087984711, sleeping for 0.033079322427511215 seconds
Request model_1#14 arrives at 1665015.122302837, sleeping for 0.25963317323476076 seconds
Request model_5#67 arrives at 1665015.382690249, sleeping for 0.03665883676148951 seconds
Request model_4#23 arrives at 1665015.420743654, sleeping for 0.1703446286264807 seconds
Request model_5#68 arrives at 1665015.592047193, sleeping for 0.046156630385667086 seconds
Request model_1#15 arrives at 1665015.638535904, sleeping for 0.007691571721807122 seconds
Request model_5#69 arrives at 1665015.647185501, sleeping for 0.023280699038878083 seconds
Request model_2#27 arrives at 1665015.670815675, sleeping for 0.012309881625697017 seconds
Request model_6#22 arrives at 1665015.684039587, sleeping for 0.053668174892663956 seconds
Request model_4#24 arrives at 1665015.737974606, sleeping for 0.10291444649919868 seconds
Request model_2#28 arrives at 1665015.841717781, sleeping for 0.12579169194214046 seconds
Request model_2#29 arrives at 1665015.967762619, sleeping for 0.27539539453573525 seconds
Request model_5#70 arrives at 1665016.243936673, sleeping for 0.06641727755777538 seconds
Request model_1#16 arrives at 1665016.310850863, sleeping for 0.03870829031802714 seconds
Request model_2#30 arrives at 1665016.350012126, sleeping for 0.03566161775961518 seconds
Request model_1#17 arrives at 1665016.386286278, sleeping for 0.031939022010192275 seconds
Request model_3#49 arrives at 1665016.418476188, sleeping for 0.34744947333820164 seconds
Request model_3#50 arrives at 1665016.767088034, sleeping for 0.0344683735165745 seconds
Request model_2#31 arrives at 1665016.802068285, sleeping for 0.4561907150782645 seconds
Request model_6#23 arrives at 1665017.258606838, sleeping for 0.14452857989817858 seconds
Request model_6#24 arrives at 1665017.404511861, sleeping for 0.07997942017391324 seconds
Request model_3#51 arrives at 1665017.485038585, sleeping for 0.0016733694355934858 seconds
Request model_2#32 arrives at 1665017.486849979, sleeping for 0.03992970287799835 seconds
Request model_3#52 arrives at 1665017.527510815, sleeping for 0.04396976483985782 seconds
Request model_3#53 arrives at 1665017.572221872, sleeping for 0.29985029716044664 seconds
Request model_5#71 arrives at 1665017.873156588, sleeping for 0.12252607545815408 seconds
Request model_6#25 arrives at 1665017.99592332, sleeping for 0.4155152877792716 seconds
Request model_3#54 arrives at 1665018.412346852, sleeping for 0.0095659289509058 seconds
Request model_6#26 arrives at 1665018.423000904, sleeping for 0.06512628821656108 seconds
Request model_5#72 arrives at 1665018.488645013, sleeping for 0.2703559403307736 seconds
Request model_2#33 arrives at 1665018.759811198, sleeping for 0.026693790685385466 seconds
Request model_5#73 arrives at 1665018.787801885, sleeping for 0.0810165845323354 seconds
Request model_3#55 arrives at 1665018.86957537, sleeping for 0.003229161025956273 seconds
Request model_4#25 arrives at 1665018.873225238, sleeping for 0.011841918341815472 seconds
Request model_1#18 arrives at 1665018.885777785, sleeping for 0.1256844645831734 seconds
Request model_5#74 arrives at 1665019.012414918, sleeping for 0.15384690975770354 seconds
Request model_3#56 arrives at 1665019.167817604, sleeping for 0.05116992723196745 seconds
Request model_4#26 arrives at 1665019.219919718, sleeping for 0.19773263041861355 seconds
Request model_6#27 arrives at 1665019.418854442, sleeping for 0.047226274851709604 seconds
Request model_2#34 arrives at 1665019.466707033, sleeping for 0.02391431014984846 seconds
Request model_5#75 arrives at 1665019.492241011, sleeping for 0.11624497221782804 seconds
Request model_5#76 arrives at 1665019.609140728, sleeping for 0.25084698549471796 seconds
Request model_2#35 arrives at 1665019.862031201, sleeping for 0.10775477415882051 seconds
Request model_5#77 arrives at 1665019.970329081, sleeping for 0.33896718150936067 seconds
Request model_2#36 arrives at 1665020.310107807, sleeping for 0.583883035229519 seconds
Request model_3#57 arrives at 1665020.89435683, sleeping for 0.08113705576397479 seconds
Request model_2#37 arrives at 1665020.976301566, sleeping for 0.08497920166701078 seconds
Request model_3#58 arrives at 1665021.062185533, sleeping for 0.12256590090692043 seconds
Request model_2#38 arrives at 1665021.185015685, sleeping for 0.06514765811152756 seconds
Request model_6#28 arrives at 1665021.250717735, sleeping for 0.5295410959515721 seconds
Request model_5#78 arrives at 1665021.781425222, sleeping for 0.029093303019180894 seconds
Request model_6#29 arrives at 1665021.811271214, sleeping for 0.05319956038147211 seconds
Request model_2#39 arrives at 1665021.86496771, sleeping for 0.16861297516152263 seconds
Request model_2#40 arrives at 1665022.034084603, sleeping for 0.6530820024199784 seconds
Request model_3#59 arrives at 1665022.687627622, sleeping for 0.055585610680282116 seconds
Request model_5#79 arrives at 1665022.743591646, sleeping for 0.24205775721929967 seconds
Request model_2#41 arrives at 1665022.986568241, sleeping for 0.3735869799274951 seconds
Request model_4#27 arrives at 1665023.360577982, sleeping for 0.06753881927579641 seconds
Request model_3#60 arrives at 1665023.429172504, sleeping for 0.2320481906645 seconds
Request model_4#28 arrives at 1665023.661712838, sleeping for 0.13865630445070565 seconds
Request model_3#61 arrives at 1665023.801588563, sleeping for 0.12057887716218829 seconds
Request model_1#19 arrives at 1665023.9224014, sleeping for 0.2297322873491794 seconds
Request model_5#80 arrives at 1665024.152320034, sleeping for 0.03830402763560414 seconds
Request model_6#30 arrives at 1665024.191106325, sleeping for 0.15935610118322074 seconds
Request model_1#20 arrives at 1665024.350963674, sleeping for 0.006007808726280928 seconds
Request model_3#62 arrives at 1665024.357751857, sleeping for 0.2512749875895679 seconds
Request model_5#81 arrives at 1665024.609679211, sleeping for 0.055720997508615255 seconds
Request model_4#29 arrives at 1665024.666457962, sleeping for 0.08112892648205161 seconds
Request model_3#63 arrives at 1665024.747907023, sleeping for 0.08256050036288798 seconds
Request model_6#31 arrives at 1665024.830723315, sleeping for 0.01806698157452047 seconds
Request model_3#64 arrives at 1665024.850465419, sleeping for 0.20234782830812037 seconds
Request model_1#21 arrives at 1665025.053343182, sleeping for 0.2636235246900469 seconds
Request model_5#82 arrives at 1665025.317861694, sleeping for 0.07082776119932532 seconds
Request model_4#30 arrives at 1665025.389078936, sleeping for 0.33312263968400657 seconds
Request model_5#83 arrives at 1665025.723271248, sleeping for 0.12662492389790714 seconds
Request model_2#42 arrives at 1665025.850992628, sleeping for 0.041336706606671214 seconds
Request model_6#32 arrives at 1665025.892815053, sleeping for 0.18728116224519908 seconds
Request model_6#33 arrives at 1665026.080481528, sleeping for 0.11309928260743618 seconds
Request model_5#84 arrives at 1665026.194374182, sleeping for 0.12974475091323256 seconds
Request model_2#43 arrives at 1665026.325215896, sleeping for 0.13048158679157495 seconds
Request model_3#65 arrives at 1665026.456041161, sleeping for 0.18388449074700475 seconds
Request model_2#44 arrives at 1665026.640908644, sleeping for 0.28422704222612083 seconds
Request model_3#66 arrives at 1665026.927059574, sleeping for 0.06082411576062441 seconds
Request model_3#67 arrives at 1665026.988090967, sleeping for 0.3834641044959426 seconds
Request model_3#68 arrives at 1665027.371940463, sleeping for 0.02701324294321239 seconds
Request model_3#69 arrives at 1665027.399955841, sleeping for 0.1258330640848726 seconds
Request model_5#85 arrives at 1665027.526895665, sleeping for 0.08468604786321521 seconds
Request model_4#31 arrives at 1665027.611968274, sleeping for 0.06249720579944551 seconds
Request model_5#86 arrives at 1665027.674971023, sleeping for 0.01601795805618167 seconds
Request model_6#34 arrives at 1665027.691912135, sleeping for 0.11271271482110023 seconds
Request model_2#45 arrives at 1665027.805830758, sleeping for 0.07671665400266647 seconds
Request model_6#35 arrives at 1665027.882862635, sleeping for 0.041337308241054416 seconds
Request model_4#32 arrives at 1665027.924888601, sleeping for 0.1467706230469048 seconds
Request model_3#70 arrives at 1665028.07306472, sleeping for 0.09116923855617642 seconds
Request model_2#46 arrives at 1665028.164813051, sleeping for 0.30019230325706303 seconds
Request model_5#87 arrives at 1665028.466102718, sleeping for 0.0011507056187838316 seconds
Request model_3#71 arrives at 1665028.468322705, sleeping for 0.06285231048241258 seconds
Request model_4#33 arrives at 1665028.532080929, sleeping for 0.11905700992792845 seconds
Request model_2#47 arrives at 1665028.65220147, sleeping for 0.0012488637585192919 seconds
Request model_2#48 arrives at 1665028.654025625, sleeping for 0.10821205074898899 seconds
Request model_3#72 arrives at 1665028.762544896, sleeping for 0.0841645912732929 seconds
Request model_2#49 arrives at 1665028.847099472, sleeping for 0.14419969613663852 seconds
Request model_5#88 arrives at 1665028.992498709, sleeping for 0.11400075093843043 seconds
Request model_4#34 arrives at 1665029.107555111, sleeping for 0.010042686015367508 seconds
Request model_5#89 arrives at 1665029.118617167, sleeping for 0.06119401613250375 seconds
Request model_4#35 arrives at 1665029.180063953, sleeping for 0.13658914272673428 seconds
Request model_5#90 arrives at 1665029.317080245, sleeping for 0.11637915764003992 seconds
Request model_5#91 arrives at 1665029.434190273, sleeping for 0.2615732536651194 seconds
Request model_2#50 arrives at 1665029.696998061, sleeping for 0.0283280317671597 seconds
Request model_5#92 arrives at 1665029.725949205, sleeping for 0.008615356869995594 seconds
Request model_5#93 arrives at 1665029.735205407, sleeping for 0.019233404891565442 seconds
Request model_4#36 arrives at 1665029.75496369, sleeping for 0.039036026457324624 seconds
Request model_2#51 arrives at 1665029.794670988, sleeping for 0.1453068896662444 seconds
Request model_3#73 arrives at 1665029.940501039, sleeping for 0.2655698857270181 seconds
Request model_4#37 arrives at 1665030.206493931, sleeping for 0.4077889232430607 seconds
Request model_5#94 arrives at 1665030.615123739, sleeping for 0.04751475993543863 seconds
Request model_1#22 arrives at 1665030.663115021, sleeping for 0.030361700104549527 seconds
Request model_5#95 arrives at 1665030.69390878, sleeping for 0.1039253268390894 seconds
Request model_4#38 arrives at 1665030.79972868, sleeping for 0.15988356806337833 seconds
Request model_2#52 arrives at 1665030.960784808, sleeping for 0.22511178418062627 seconds
Request model_3#74 arrives at 1665031.186994742, sleeping for 0.02857914287596941 seconds
Request model_4#39 arrives at 1665031.216067447, sleeping for 0.1484274782706052 seconds
Request model_4#40 arrives at 1665031.365791258, sleeping for 0.45520204375497997 seconds
Request model_1#23 arrives at 1665031.822601059, sleeping for 0.046768750762566924 seconds
Request model_2#53 arrives at 1665031.869698245, sleeping for 0.19245675625279546 seconds
Request model_4#41 arrives at 1665032.062759151, sleeping for 0.08077559783123434 seconds
Request model_6#36 arrives at 1665032.143811589, sleeping for 0.0457266285084188 seconds
Request model_3#75 arrives at 1665032.190641502, sleeping for 0.17356461845338345 seconds
Request model_2#54 arrives at 1665032.365870161, sleeping for 0.06746683362871408 seconds
Request model_6#37 arrives at 1665032.434732584, sleeping for 0.05926249478943646 seconds
Request model_6#38 arrives at 1665032.495520365, sleeping for 0.2234005134087056 seconds
Request model_5#96 arrives at 1665032.720313518, sleeping for 0.06396367796696723 seconds
Request model_5#97 arrives at 1665032.784771098, sleeping for 0.04197153705172241 seconds
Request model_5#98 arrives at 1665032.828045973, sleeping for 0.16674502287060022 seconds
Request model_5#99 arrives at 1665032.99532987, sleeping for 0.027554682223126292 seconds
Request model_3#76 arrives at 1665033.023098175, sleeping for 0.040564400842413306 seconds
Request model_6#39 arrives at 1665033.064819128, sleeping for 0.05416125827468932 seconds
Request model_5#100 arrives at 1665033.119755964, sleeping for 0.002037270925939083 seconds
Request model_3#77 arrives at 1665033.122644296, sleeping for 0.051334636984393 seconds
Request model_6#40 arrives at 1665033.174378007, sleeping for 0.1331025834660977 seconds
Request model_3#78 arrives at 1665033.308452706, sleeping for 0.030065883649513125 seconds
Request model_3#79 arrives at 1665033.33984711, sleeping for 0.015885036438703537 seconds
Request model_4#42 arrives at 1665033.35670469, sleeping for 0.0413245870731771 seconds
Request model_3#80 arrives at 1665033.398478474, sleeping for 0.1582611680496484 seconds
Request model_5#101 arrives at 1665033.557108534, sleeping for 0.0037078189197927713 seconds
Request model_5#102 arrives at 1665033.56181294, sleeping for 0.024021230405196548 seconds
Request model_6#41 arrives at 1665033.586179919, sleeping for 0.26496320334263146 seconds
Request model_5#103 arrives at 1665033.8521033, sleeping for 0.29142637737095356 seconds
Request model_2#55 arrives at 1665034.144812809, sleeping for 0.21801433968357742 seconds
Request model_3#81 arrives at 1665034.363208171, sleeping for 0.023962414590641856 seconds
Request model_1#24 arrives at 1665034.388224585, sleeping for 0.3020858766976744 seconds
Request model_1#25 arrives at 1665034.69084831, sleeping for 0.05380108836106956 seconds
Request model_1#26 arrives at 1665034.745819936, sleeping for 0.10382377170026302 seconds
Request model_5#104 arrives at 1665034.850720009, sleeping for 0.2953430756460875 seconds
Request model_1#27 arrives at 1665035.146215969, sleeping for 0.33373888256028295 seconds
Request model_3#82 arrives at 1665035.481468347, sleeping for 0.05174503196030855 seconds
Request model_3#83 arrives at 1665035.533857373, sleeping for 0.07882172125391662 seconds
Request model_2#56 arrives at 1665035.613134958, sleeping for 0.03309581568464637 seconds
Request model_2#57 arrives at 1665035.647116631, sleeping for 0.06428315839730203 seconds
Request model_5#105 arrives at 1665035.711905023, sleeping for 0.08563742134720087 seconds
Request model_3#84 arrives at 1665035.79799527, sleeping for 0.05621580546721816 seconds
Request model_2#58 arrives at 1665035.855170203, sleeping for 0.04695001686923206 seconds
Request model_2#59 arrives at 1665035.903077264, sleeping for 0.014026781311258674 seconds
Request model_5#106 arrives at 1665035.91794638, sleeping for 0.11253327946178615 seconds
Request model_5#107 arrives at 1665036.030693573, sleeping for 0.05381325422786176 seconds
Request model_3#85 arrives at 1665036.085641479, sleeping for 0.04245757590979338 seconds
Request model_5#108 arrives at 1665036.128566902, sleeping for 0.15438757231459022 seconds
Request model_5#109 arrives at 1665036.284035996, sleeping for 0.03504631342366338 seconds
Request model_4#43 arrives at 1665036.319843304, sleeping for 0.05944638163782656 seconds
Request model_4#44 arrives at 1665036.380552754, sleeping for 0.17321269609965384 seconds
Request model_6#42 arrives at 1665036.554404381, sleeping for 0.030400492949411273 seconds
Request model_5#110 arrives at 1665036.58522749, sleeping for 0.03492448478937149 seconds
Request model_6#43 arrives at 1665036.620937087, sleeping for 0.13371940259821713 seconds
Request model_6#44 arrives at 1665036.755616021, sleeping for 0.04297424620017409 seconds
Request model_6#45 arrives at 1665036.799777313, sleeping for 0.015368181746453047 seconds
Request model_5#111 arrives at 1665036.815473834, sleeping for 0.16811301466077566 seconds
Request model_5#112 arrives at 1665036.984562185, sleeping for 0.022321043768897653 seconds
Request model_6#46 arrives at 1665037.007260421, sleeping for 0.08091348106972873 seconds
Request model_3#86 arrives at 1665037.08841231, sleeping for 0.3388241014908999 seconds
Request model_3#87 arrives at 1665037.427688928, sleeping for 0.17892241128720343 seconds
Request model_3#88 arrives at 1665037.607914354, sleeping for 0.16974392626434565 seconds
Request model_6#47 arrives at 1665037.778198924, sleeping for 0.19225595332682133 seconds
Request model_3#89 arrives at 1665037.971496902, sleeping for 0.05950638256035745 seconds
Request model_2#60 arrives at 1665038.032495394, sleeping for 0.007438589818775654 seconds
Request model_1#28 arrives at 1665038.040515256, sleeping for 0.058518756879493594 seconds
Request model_5#113 arrives at 1665038.099366002, sleeping for 0.21192050073295832 seconds
Request model_5#114 arrives at 1665038.311557146, sleeping for 0.3791941141244024 seconds
Request model_4#45 arrives at 1665038.69155011, sleeping for 0.014537148410454392 seconds
Request model_3#90 arrives at 1665038.706500276, sleeping for 0.11421459028497338 seconds
Request model_4#46 arrives at 1665038.821276485, sleeping for 0.02035018615424633 seconds
Request model_1#29 arrives at 1665038.842066586, sleeping for 0.02808769466355443 seconds
Request model_3#91 arrives at 1665038.870768019, sleeping for 0.010252059437334538 seconds
Request model_6#48 arrives at 1665038.881472532, sleeping for 0.02370044100098312 seconds
Request model_3#92 arrives at 1665038.906162403, sleeping for 0.06514409766532481 seconds
Request model_4#47 arrives at 1665038.971895052, sleeping for 0.2594914941582829 seconds
Request model_3#93 arrives at 1665039.231717795, sleeping for 0.04882053146138787 seconds
Request model_3#94 arrives at 1665039.281688662, sleeping for 0.07810282963328063 seconds
Request model_3#95 arrives at 1665039.360680134, sleeping for 0.02222740324214101 seconds
Request model_5#115 arrives at 1665039.38343456, sleeping for 0.1029020519927144 seconds
Request model_2#61 arrives at 1665039.488251493, sleeping for 0.08469686354510486 seconds
Request model_5#116 arrives at 1665039.573320552, sleeping for 0.3526045565959066 seconds
Request model_5#117 arrives at 1665039.926682519, sleeping for 0.15277788345701993 seconds
Request model_5#118 arrives at 1665040.081343877, sleeping for 0.2735584583133459 seconds
Request model_5#119 arrives at 1665040.35540825, sleeping for 0.029727068031206727 seconds
Request model_5#120 arrives at 1665040.385422113, sleeping for 0.07427840982563794 seconds
Request model_5#121 arrives at 1665040.460487614, sleeping for 0.12373395543545485 seconds
Request model_3#96 arrives at 1665040.585367841, sleeping for 0.09354433440603316 seconds
Request model_1#30 arrives at 1665040.679750703, sleeping for 0.0664801886305213 seconds
Request model_3#97 arrives at 1665040.747254585, sleeping for 0.015575844096019864 seconds
Request model_2#62 arrives at 1665040.763083218, sleeping for 0.05084921163506806 seconds
Request model_5#122 arrives at 1665040.8150222, sleeping for 0.0009181627538055182 seconds
Request model_4#48 arrives at 1665040.817046246, sleeping for 0.22340722614899278 seconds
Request model_1#31 arrives at 1665041.041132962, sleeping for 0.0052572854328900576 seconds
Request model_5#123 arrives at 1665041.047184369, sleeping for 0.25719493883661926 seconds
Request model_5#124 arrives at 1665041.304834834, sleeping for 0.09911859268322587 seconds
Request model_5#125 arrives at 1665041.40493785, sleeping for 0.16776177589781582 seconds
Request model_4#49 arrives at 1665041.573144233, sleeping for 0.09230497013777494 seconds
Request model_3#98 arrives at 1665041.666638107, sleeping for 0.03048306843265891 seconds
Request model_3#99 arrives at 1665041.697792638, sleeping for 0.07549159112386405 seconds
Request model_1#32 arrives at 1665041.773588365, sleeping for 0.029822633834555745 seconds
Request model_2#63 arrives at 1665041.803614438, sleeping for 0.2629057017620653 seconds
Request model_2#64 arrives at 1665042.067806524, sleeping for 0.07454410544596612 seconds
Request model_3#100 arrives at 1665042.142922336, sleeping for 0.13000496523454785 seconds
Request model_6#49 arrives at 1665042.273608588, sleeping for 0.40140729723498225 seconds
Request model_5#126 arrives at 1665042.675754263, sleeping for 0.16894850018434227 seconds
Request model_3#101 arrives at 1665042.846074482, sleeping for 0.05043675587512553 seconds
Request model_3#102 arrives at 1665042.897108267, sleeping for 0.24713587993755937 seconds
Request model_5#127 arrives at 1665043.144658764, sleeping for 0.0676066535525024 seconds
Request model_2#65 arrives at 1665043.213734199, sleeping for 0.013894131407141685 seconds
Request model_2#66 arrives at 1665043.228601865, sleeping for 0.044160856399685144 seconds
Request model_5#128 arrives at 1665043.273641173, sleeping for 0.21205494622699916 seconds
Request model_5#129 arrives at 1665043.486608713, sleeping for 0.046973183285444975 seconds
Request model_2#67 arrives at 1665043.534679195, sleeping for 0.154319150140509 seconds
Request model_6#50 arrives at 1665043.689358933, sleeping for 0.15159818017855287 seconds
Request model_5#130 arrives at 1665043.841615202, sleeping for 0.2322791072074324 seconds
Request model_3#103 arrives at 1665044.07510222, sleeping for 0.07866880483925343 seconds
Request model_5#131 arrives at 1665044.154346524, sleeping for 0.09683290589600801 seconds
Request model_2#68 arrives at 1665044.252200781, sleeping for 0.024181759916245937 seconds
Request model_4#50 arrives at 1665044.277184625, sleeping for 0.10230111354030669 seconds
Request model_3#104 arrives at 1665044.381636084, sleeping for 0.005897200899198651 seconds
Request model_2#69 arrives at 1665044.388496717, sleeping for 0.14386053546331823 seconds
Request model_5#132 arrives at 1665044.534416127, sleeping for 0.03261519595980644 seconds
Request model_2#70 arrives at 1665044.567505663, sleeping for 0.3629187261685729 seconds
Request model_5#133 arrives at 1665044.931353741, sleeping for 0.006099922815337777 seconds
Request model_1#33 arrives at 1665044.938474746, sleeping for 0.004445664817467332 seconds
Request model_4#51 arrives at 1665044.943237562, sleeping for 0.026238321792334318 seconds
Request model_3#105 arrives at 1665044.969890909, sleeping for 0.27512646559625864 seconds
Request model_4#52 arrives at 1665045.245970357, sleeping for 0.0818745621945709 seconds
Request model_5#134 arrives at 1665045.328561636, sleeping for 0.05102332541719079 seconds
Request model_2#71 arrives at 1665045.380542869, sleeping for 0.08796925819478929 seconds
Request model_5#135 arrives at 1665045.469097744, sleeping for 0.07175861299037933 seconds
Request model_6#51 arrives at 1665045.5421479, sleeping for 0.07018847693689167 seconds
Request model_1#34 arrives at 1665045.61314387, sleeping for 0.23435073718428612 seconds
Request model_2#72 arrives at 1665045.848561603, sleeping for 0.02278121095150709 seconds
Request model_3#106 arrives at 1665045.872064195, sleeping for 0.03909937106072903 seconds
Request model_5#136 arrives at 1665045.911987694, sleeping for 0.04516685823909938 seconds
Request model_4#53 arrives at 1665045.957753168, sleeping for 0.12852782220579684 seconds
Request model_3#107 arrives at 1665046.08704792, sleeping for 0.010020177578553557 seconds
Request model_5#137 arrives at 1665046.098886961, sleeping for 0.047874514712020755 seconds
Request model_6#52 arrives at 1665046.147583048, sleeping for 0.1130064157769084 seconds
Request model_3#108 arrives at 1665046.263800648, sleeping for 0.14340171008370817 seconds
Request model_3#109 arrives at 1665046.40745174, sleeping for 0.08979610376991332 seconds
Request model_2#73 arrives at 1665046.497728919, sleeping for 0.7402500077150762 seconds
Request model_3#110 arrives at 1665047.238774937, sleeping for 0.14475209754891694 seconds
Request model_5#138 arrives at 1665047.384801567, sleeping for 0.00019329506903886795 seconds
Request model_5#139 arrives at 1665047.385259391, sleeping for 0.07985381758771837 seconds
Request model_6#53 arrives at 1665047.465925265, sleeping for 0.0838723024353385 seconds
Request model_6#54 arrives at 1665047.550608071, sleeping for 0.2070570131763816 seconds
Request model_3#111 arrives at 1665047.758686662, sleeping for 0.0005362099036574364 seconds
Request model_5#140 arrives at 1665047.759282167, sleeping for 0.020783425541594625 seconds
Request model_5#141 arrives at 1665047.780900474, sleeping for 0.013679296942427754 seconds
Request model_1#35 arrives at 1665047.795634898, sleeping for 0.1233028385322541 seconds
Request model_1#36 arrives at 1665047.919772899, sleeping for 0.543169820914045 seconds
Request model_2#74 arrives at 1665048.464058853, sleeping for 0.05967952567152679 seconds
Request model_5#142 arrives at 1665048.525473218, sleeping for 0.11334363324567676 seconds
Request model_3#112 arrives at 1665048.639253369, sleeping for 0.0884604835882783 seconds
Request model_2#75 arrives at 1665048.727962676, sleeping for 0.2687892531976104 seconds
Request model_6#55 arrives at 1665048.997652264, sleeping for 0.0712498975917697 seconds
Request model_5#143 arrives at 1665049.070408107, sleeping for 0.012835549656301737 seconds
Request model_5#144 arrives at 1665049.083652139, sleeping for 0.3208389382343739 seconds
Request model_2#76 arrives at 1665049.405529131, sleeping for 0.08832494332455099 seconds
Request model_6#56 arrives at 1665049.494253817, sleeping for 0.03233612282201648 seconds
Request model_3#113 arrives at 1665049.527016021, sleeping for 0.00024683214724063873 seconds
Request model_5#145 arrives at 1665049.527834017, sleeping for 0.04080867092125118 seconds
Request model_3#114 arrives at 1665049.569206418, sleeping for 0.14734744024462998 seconds
Request model_2#77 arrives at 1665049.717053712, sleeping for 0.041852524504065514 seconds
Request model_5#146 arrives at 1665049.759661822, sleeping for 0.25403766916133463 seconds
Request model_6#57 arrives at 1665050.0152247, sleeping for 0.06031962251290679 seconds
Request model_5#147 arrives at 1665050.076658466, sleeping for 0.02503026369959116 seconds
Request model_4#54 arrives at 1665050.102520286, sleeping for 0.0643316840287298 seconds
Request model_3#115 arrives at 1665050.167396828, sleeping for 0.29379135463386774 seconds
Request model_4#55 arrives at 1665050.462011789, sleeping for 0.07434441847726703 seconds
Request model_5#148 arrives at 1665050.53708539, sleeping for 0.07038876111619174 seconds
Request model_6#58 arrives at 1665050.608903526, sleeping for 0.07864919700659811 seconds
Request model_6#59 arrives at 1665050.688669433, sleeping for 0.03747082524932921 seconds
Request model_2#78 arrives at 1665050.726362875, sleeping for 0.07671214733272791 seconds
Request model_3#116 arrives at 1665050.803420881, sleeping for 0.0652229068800807 seconds
Request model_2#79 arrives at 1665050.869526273, sleeping for 0.011965068755671382 seconds
Request model_5#149 arrives at 1665050.881779258, sleeping for 0.04394330852665007 seconds
Request model_3#117 arrives at 1665050.926452043, sleeping for 0.0845221895724535 seconds
Request model_6#60 arrives at 1665051.011486301, sleeping for 0.05034211580641568 seconds
Request model_6#61 arrives at 1665051.062798409, sleeping for 0.30186175368726254 seconds
Request model_2#80 arrives at 1665051.36534042, sleeping for 0.2714848220348358 seconds
Request model_4#56 arrives at 1665051.637424156, sleeping for 0.11043073772452772 seconds
Request model_3#118 arrives at 1665051.748297884, sleeping for 0.06701442343182862 seconds
Request model_6#62 arrives at 1665051.817086367, sleeping for 0.3593894215300679 seconds
Request model_6#63 arrives at 1665052.177495416, sleeping for 0.002743126591667533 seconds
Request model_5#150 arrives at 1665052.181019703, sleeping for 0.25171073130331933 seconds
Request model_5#151 arrives at 1665052.433740569, sleeping for 0.060609918320551515 seconds
Request model_5#152 arrives at 1665052.495234085, sleeping for 0.069393842946738 seconds
Request model_3#119 arrives at 1665052.564869044, sleeping for 0.18986267875880003 seconds
Request model_4#57 arrives at 1665052.755015965, sleeping for 0.15552658587694168 seconds
Request model_1#37 arrives at 1665052.911184784, sleeping for 0.012148302048444748 seconds
Request model_4#58 arrives at 1665052.924062184, sleeping for 0.02048025606200099 seconds
Request model_3#120 arrives at 1665052.944745934, sleeping for 0.16923833801411092 seconds
Request model_5#153 arrives at 1665053.11485978, sleeping for 0.36948709515854716 seconds
Request model_6#64 arrives at 1665053.485021615, sleeping for 0.019346186891198158 seconds
Request model_5#154 arrives at 1665053.505329362, sleeping for 0.011472020298242569 seconds
Request model_2#81 arrives at 1665053.517240024, sleeping for 0.1259083312470466 seconds
Request model_6#65 arrives at 1665053.644198036, sleeping for 0.09419816709123552 seconds
Request model_6#66 arrives at 1665053.73902418, sleeping for 0.20282584358938038 seconds
Request model_4#59 arrives at 1665053.943837735, sleeping for 0.035416145576164126 seconds
Request model_6#67 arrives at 1665053.979711883, sleeping for 0.08625343441963196 seconds
Request model_3#121 arrives at 1665054.066791977, sleeping for 0.006243367912247777 seconds
Request model_4#60 arrives at 1665054.073527349, sleeping for 0.020047904457896948 seconds
Request model_3#122 arrives at 1665054.094228269, sleeping for 0.022758331149816513 seconds
Request model_4#61 arrives at 1665054.117956862, sleeping for 0.153311834204942 seconds
Request model_5#155 arrives at 1665054.271826663, sleeping for 0.286144855665043 seconds
Request model_3#123 arrives at 1665054.559044976, sleeping for 0.04833135684020817 seconds
Request model_5#156 arrives at 1665054.608115505, sleeping for 0.011234181933104992 seconds
Request model_5#157 arrives at 1665054.619857006, sleeping for 0.015895531279966235 seconds
Request model_5#158 arrives at 1665054.636554415, sleeping for 0.03103955346159637 seconds
Request model_3#124 arrives at 1665054.66824387, sleeping for 0.04278425010852516 seconds
Request model_6#68 arrives at 1665054.711964119, sleeping for 0.35516108316369355 seconds
Request model_5#159 arrives at 1665055.068402377, sleeping for 0.01985634258016944 seconds
Request model_5#160 arrives at 1665055.088824015, sleeping for 0.1227749902755022 seconds
Request model_3#125 arrives at 1665055.212688593, sleeping for 0.013867941917851567 seconds
Request model_2#82 arrives at 1665055.227599638, sleeping for 0.20100024226121604 seconds
Request model_3#126 arrives at 1665055.429096898, sleeping for 0.5534581237006932 seconds
Request model_1#38 arrives at 1665055.983421896, sleeping for 0.23437999887391925 seconds
Request model_2#83 arrives at 1665056.218209973, sleeping for 0.06217877194285393 seconds
Request model_6#69 arrives at 1665056.281588013, sleeping for 0.048756849486380816 seconds
Request model_4#62 arrives at 1665056.331362408, sleeping for 0.07992840558290482 seconds
Request model_3#127 arrives at 1665056.412269434, sleeping for 0.10587421688251197 seconds
Request model_3#128 arrives at 1665056.519225722, sleeping for 0.1960415670182556 seconds
Request model_4#63 arrives at 1665056.715697022, sleeping for 0.004273808095604181 seconds
Request model_3#129 arrives at 1665056.720992803, sleeping for 0.08325389469973743 seconds
Request model_4#64 arrives at 1665056.805540447, sleeping for 0.206571459537372 seconds
Request model_5#161 arrives at 1665057.01274139, sleeping for 0.07964000315405428 seconds
Request model_5#162 arrives at 1665057.093560115, sleeping for 0.14624204649589956 seconds
Request model_3#130 arrives at 1665057.240097099, sleeping for 0.1075853630900383 seconds
Request model_6#70 arrives at 1665057.348079584, sleeping for 0.07819239771924913 seconds
Request model_3#131 arrives at 1665057.426902514, sleeping for 0.15125265391543508 seconds
Request model_3#132 arrives at 1665057.579194012, sleeping for 0.31962585751898587 seconds
Request model_6#71 arrives at 1665057.899658391, sleeping for 0.016331015853211284 seconds
Request model_3#133 arrives at 1665057.916578402, sleeping for 0.06240547983907163 seconds
Request model_2#84 arrives at 1665057.979238947, sleeping for 0.127675797091797 seconds
Request model_5#163 arrives at 1665058.107315998, sleeping for 0.23681602044962347 seconds
Request model_4#65 arrives at 1665058.344581733, sleeping for 0.259771769400686 seconds
Request model_5#164 arrives at 1665058.604698465, sleeping for 0.060624457662925124 seconds
Request model_5#165 arrives at 1665058.666325102, sleeping for 0.08016428747214377 seconds
Request model_3#134 arrives at 1665058.747228758, sleeping for 0.16631024843081832 seconds
Request model_3#135 arrives at 1665058.914472041, sleeping for 0.11368144117295742 seconds
Request model_1#39 arrives at 1665059.028711985, sleeping for 0.1257273785304278 seconds
Request model_2#85 arrives at 1665059.155622017, sleeping for 0.011705862823873758 seconds
Request model_3#136 arrives at 1665059.167518729, sleeping for 0.005009160144254565 seconds
Request model_2#86 arrives at 1665059.173272943, sleeping for 0.03969614370726049 seconds
Request model_2#87 arrives at 1665059.213996848, sleeping for 0 seconds
Request model_2#88 arrives at 1665059.214344051, sleeping for 0.029349110554903746 seconds
Request model_3#137 arrives at 1665059.245339381, sleeping for 0.1923508404288441 seconds
Request model_5#166 arrives at 1665059.438237863, sleeping for 0.020334677072241902 seconds
Request model_3#138 arrives at 1665059.458931123, sleeping for 0.1002214509062469 seconds
Request model_6#72 arrives at 1665059.559672532, sleeping for 0.4462017137557268 seconds
Request model_3#139 arrives at 1665060.00678615, sleeping for 0.06484077172353864 seconds
Request model_5#167 arrives at 1665060.072220277, sleeping for 0.06830158922821283 seconds
Request model_3#140 arrives at 1665060.141683814, sleeping for 0.412179377861321 seconds
Request model_2#89 arrives at 1665060.554567317, sleeping for 0.14884585584513843 seconds
Request model_2#90 arrives at 1665060.703918502, sleeping for 0.28786583337932825 seconds
Request model_3#141 arrives at 1665060.992600285, sleeping for 0.03798101842403412 seconds
Request model_2#91 arrives at 1665061.031306834, sleeping for 0.006485586520284414 seconds
Request model_2#92 arrives at 1665061.037981346, sleeping for 0.01153500727377832 seconds
Request model_6#73 arrives at 1665061.050647744, sleeping for 0.26300641684792936 seconds
Request model_2#93 arrives at 1665061.314234922, sleeping for 0.15982245584018528 seconds
Request model_6#74 arrives at 1665061.475297398, sleeping for 0.22668602736666799 seconds
Request model_5#168 arrives at 1665061.702263823, sleeping for 0.0032557251397520304 seconds
Request model_4#66 arrives at 1665061.705967702, sleeping for 0.04964816989377141 seconds
Request model_4#67 arrives at 1665061.756577744, sleeping for 0.025328974006697536 seconds
Request model_6#75 arrives at 1665061.782268172, sleeping for 0.2249200672376901 seconds
Request model_1#40 arrives at 1665062.008088349, sleeping for 0.10833756625652313 seconds
Request model_5#169 arrives at 1665062.11819341, sleeping for 0.26238926709629595 seconds
Request model_6#76 arrives at 1665062.381650687, sleeping for 0.16547438758425415 seconds
Request model_2#94 arrives at 1665062.547982543, sleeping for 0.15955238160677254 seconds
Request model_5#170 arrives at 1665062.708407994, sleeping for 0.09830019366927445 seconds
Request model_5#171 arrives at 1665062.807310139, sleeping for 0.22847870155237615 seconds
Request model_5#172 arrives at 1665063.036705463, sleeping for 0.03366224211640656 seconds
Request model_4#68 arrives at 1665063.070823537, sleeping for 0.23871479462832212 seconds
Request model_5#173 arrives at 1665063.311447427, sleeping for 0.07291688327677548 seconds
Request model_5#174 arrives at 1665063.385251878, sleeping for 0.16421966906636953 seconds
Request model_5#175 arrives at 1665063.550051392, sleeping for 0.2842572550289333 seconds
Request model_5#176 arrives at 1665063.835302628, sleeping for 0.04324842616915703 seconds
Request model_3#142 arrives at 1665063.879671701, sleeping for 0.17444792133755982 seconds
Request model_6#77 arrives at 1665064.055131208, sleeping for 0.05024692812003195 seconds
Request model_3#143 arrives at 1665064.107368972, sleeping for 0.2043318476062268 seconds
Request model_4#69 arrives at 1665064.312171875, sleeping for 0.22258138749748468 seconds
Request model_6#78 arrives at 1665064.536218878, sleeping for 0.14541902067139745 seconds
Request model_6#79 arrives at 1665064.682439788, sleeping for 0.04396724607795477 seconds
Request model_4#70 arrives at 1665064.727383486, sleeping for 0.3916029189713299 seconds
Request model_6#80 arrives at 1665065.119780339, sleeping for 0.0006866068579256535 seconds
Request model_3#144 arrives at 1665065.120696927, sleeping for 0.026461887173354626 seconds
Request model_3#145 arrives at 1665065.148372901, sleeping for 0.01790890609845519 seconds
Request model_5#177 arrives at 1665065.168471106, sleeping for 0.046934736892580986 seconds
Request model_6#81 arrives at 1665065.216162025, sleeping for 0.0047807032242417336 seconds
Request model_3#146 arrives at 1665065.221873309, sleeping for 0.3936520528513938 seconds
Request model_6#82 arrives at 1665065.615910775, sleeping for 0.19062829506583512 seconds
Request model_6#83 arrives at 1665065.807589737, sleeping for 0.048028781078755856 seconds
Request model_4#71 arrives at 1665065.856125523, sleeping for 0.4266595260705799 seconds
Request model_3#147 arrives at 1665066.283466137, sleeping for 0.1362233969848603 seconds
Request model_5#178 arrives at 1665066.419966222, sleeping for 0.057141411351040006 seconds
Request model_4#72 arrives at 1665066.477732868, sleeping for 0.00675279856659472 seconds
Request model_3#148 arrives at 1665066.485415158, sleeping for 0.08256655279546976 seconds
Request model_6#84 arrives at 1665066.569076654, sleeping for 0.14740267931483686 seconds
Request model_3#149 arrives at 1665066.717024548, sleeping for 0.05481701344251633 seconds
Request model_4#73 arrives at 1665066.772390966, sleeping for 0.13640692736953497 seconds
Request model_4#74 arrives at 1665066.909763928, sleeping for 0.10175049025565386 seconds
Request model_4#75 arrives at 1665067.011916068, sleeping for 0.028612722642719746 seconds
Request model_6#85 arrives at 1665067.040790271, sleeping for 0.37970745004713535 seconds
Request model_2#95 arrives at 1665067.422054878, sleeping for 0.1014344182331115 seconds
Request model_5#179 arrives at 1665067.523945056, sleeping for 0.1411825236864388 seconds
Request model_5#180 arrives at 1665067.665917163, sleeping for 0.07724874443374574 seconds
Request model_5#181 arrives at 1665067.743676425, sleeping for 0.0512433722615242 seconds
Request model_6#86 arrives at 1665067.79615583, sleeping for 0.15824613929726183 seconds
Request model_6#87 arrives at 1665067.954836807, sleeping for 0.2764830344822258 seconds
Request model_3#150 arrives at 1665068.231850638, sleeping for 0.008069886825978756 seconds
Request model_5#182 arrives at 1665068.240135292, sleeping for 0.15387603966519237 seconds
Request model_3#151 arrives at 1665068.394219963, sleeping for 0.2016593012958765 seconds
Request model_5#183 arrives at 1665068.596848829, sleeping for 0.03094606613740325 seconds
Request model_5#184 arrives at 1665068.628746496, sleeping for 0.10342195304110646 seconds
Request model_3#152 arrives at 1665068.733088013, sleeping for 0.07551597245037556 seconds
Request model_5#185 arrives at 1665068.808918449, sleeping for 0.17907375190407038 seconds
Request model_4#76 arrives at 1665068.988581227, sleeping for 0.14875026233494282 seconds
Request model_3#153 arrives at 1665069.137844921, sleeping for 0.09972320822998881 seconds
Request model_3#154 arrives at 1665069.238713431, sleeping for 0.028516065794974566 seconds
Request model_2#96 arrives at 1665069.267498393, sleeping for 0.0025439958553761244 seconds
Request model_2#97 arrives at 1665069.270199444, sleeping for 0.011041841702535748 seconds
Request model_3#155 arrives at 1665069.281822604, sleeping for 0.19346273178234696 seconds
Request model_5#186 arrives at 1665069.475739043, sleeping for 0.01601926889270544 seconds
Request model_4#77 arrives at 1665069.492607603, sleeping for 0.0816400817129761 seconds
Request model_6#88 arrives at 1665069.575313482, sleeping for 0.1543748052790761 seconds
Request model_2#98 arrives at 1665069.73025742, sleeping for 0.026081361109390855 seconds
Request model_3#156 arrives at 1665069.758083185, sleeping for 0.04643195495009422 seconds
Request model_1#41 arrives at 1665069.804690475, sleeping for 0.25975902029313147 seconds
Request model_5#187 arrives at 1665070.06542824, sleeping for 0.01802553003653884 seconds
Request model_3#157 arrives at 1665070.085533156, sleeping for 0.06502973707392812 seconds
Request model_1#42 arrives at 1665070.151402365, sleeping for 0.3983995630405843 seconds
Request model_5#188 arrives at 1665070.550261857, sleeping for 0.1294494189787656 seconds
Request model_3#158 arrives at 1665070.680524544, sleeping for 0.22419258789159358 seconds
Request model_5#189 arrives at 1665070.905199611, sleeping for 0.16297246678732336 seconds
Request model_2#99 arrives at 1665071.068990866, sleeping for 0.0356739666312933 seconds
Request model_3#159 arrives at 1665071.105011395, sleeping for 0.1362850849982351 seconds
Request model_2#100 arrives at 1665071.241736901, sleeping for 0.20937223103828728 seconds
Request model_6#89 arrives at 1665071.45248326, sleeping for 0.13294893014244735 seconds
Request model_4#78 arrives at 1665071.586528976, sleeping for 0.603225436527282 seconds
Request model_4#79 arrives at 1665072.191697693, sleeping for 0.17398522817529738 seconds
Request model_3#160 arrives at 1665072.365991909, sleeping for 0.17154053039848804 seconds
Request model_5#190 arrives at 1665072.537807367, sleeping for 0.05930074513889849 seconds
Request model_6#90 arrives at 1665072.597355267, sleeping for 0.24601221270859241 seconds
Request model_3#161 arrives at 1665072.843855352, sleeping for 0.048117570113390684 seconds
Request model_6#91 arrives at 1665072.8928227, sleeping for 0.03364161239005625 seconds
Request model_5#191 arrives at 1665072.926651362, sleeping for 0.5485028957482427 seconds
Request model_2#101 arrives at 1665073.476598641, sleeping for 0.024358933325856924 seconds
Request model_5#192 arrives at 1665073.501766155, sleeping for 0.077446726616472 seconds
Request model_3#162 arrives at 1665073.579877199, sleeping for 0.25333379255607724 seconds
Request model_5#193 arrives at 1665073.834035603, sleeping for 0.0348508395254612 seconds
Request model_5#194 arrives at 1665073.869960741, sleeping for 0.14587342739105225 seconds
Request model_5#195 arrives at 1665074.016554923, sleeping for 0.030395666137337685 seconds
Request model_6#92 arrives at 1665074.048013506, sleeping for 0.45039809052832425 seconds
Request model_2#102 arrives at 1665074.499274083, sleeping for 0.16788861248642206 seconds
Request model_2#103 arrives at 1665074.667541453, sleeping for 0.11382471700198948 seconds
Request model_3#163 arrives at 1665074.782509331, sleeping for 0.1745699809398502 seconds
Request model_3#164 arrives at 1665074.95844755, sleeping for 0.2034144678618759 seconds
Request model_4#80 arrives at 1665075.162347845, sleeping for 0.04059730679728091 seconds
Request model_4#81 arrives at 1665075.203185441, sleeping for 0.1738388524390757 seconds
Request model_2#104 arrives at 1665075.37782479, sleeping for 0.1291036030743271 seconds
Request model_4#82 arrives at 1665075.507517552, sleeping for 0.04464320675469935 seconds
Request model_2#105 arrives at 1665075.552343658, sleeping for 0.005543762585148215 seconds
Request model_6#93 arrives at 1665075.558169464, sleeping for 0.08903995272703469 seconds
Request model_5#196 arrives at 1665075.648037558, sleeping for 0.22768384031951427 seconds
Request model_4#83 arrives at 1665075.87612117, sleeping for 0.16982722864486277 seconds
Request model_6#94 arrives at 1665076.04705119, sleeping for 0.12584096402861178 seconds
Request model_2#106 arrives at 1665076.173470207, sleeping for 0.1414668122306466 seconds
Request model_4#84 arrives at 1665076.315857657, sleeping for 0.29645549366250634 seconds
Request model_3#165 arrives at 1665076.613487546, sleeping for 0.18898914195597172 seconds
Request model_3#166 arrives at 1665076.80299504, sleeping for 0.0614368577953428 seconds
Request model_5#197 arrives at 1665076.865362612, sleeping for 0.16981593891978264 seconds
Request model_4#85 arrives at 1665077.035686138, sleeping for 0.07360677747055888 seconds
Request model_1#43 arrives at 1665077.109612729, sleeping for 0.18409010278992355 seconds
Request model_2#107 arrives at 1665077.294487527, sleeping for 0.042919337982311845 seconds
Request model_4#86 arrives at 1665077.338191024, sleeping for 0.14409919106401503 seconds
Request model_2#108 arrives at 1665077.484032711, sleeping for 0.10486090136691928 seconds
Request model_5#198 arrives at 1665077.590513323, sleeping for 0.2706916118040681 seconds
Request model_2#109 arrives at 1665077.862583285, sleeping for 0.29632932622916996 seconds
Request model_3#167 arrives at 1665078.159456448, sleeping for 0.04097313107922673 seconds
Request model_4#87 arrives at 1665078.20106448, sleeping for 0.05518172890879214 seconds
Request model_2#110 arrives at 1665078.257071622, sleeping for 0.12806842080317438 seconds
Request model_4#88 arrives at 1665078.385909337, sleeping for 0.059486081125214696 seconds
Request model_3#168 arrives at 1665078.447217361, sleeping for 0.4161714075598866 seconds
Request model_5#199 arrives at 1665078.864152881, sleeping for 0.030462394934147596 seconds
Request model_2#111 arrives at 1665078.894812428, sleeping for 0.03450747509486973 seconds
Request model_6#95 arrives at 1665078.929609127, sleeping for 0.11345610255375504 seconds
Request model_5#200 arrives at 1665079.043392315, sleeping for 0.4585453146137297 seconds
Request model_1#44 arrives at 1665079.503174077, sleeping for 0.13300867658108473 seconds
Request model_5#201 arrives at 1665079.636597607, sleeping for 0.27994087734259665 seconds
Request model_5#202 arrives at 1665079.91788432, sleeping for 0.012792154913768172 seconds
Request model_6#96 arrives at 1665079.931022591, sleeping for 0.019176551839336753 seconds
Request model_5#203 arrives at 1665079.951146596, sleeping for 0.08458504546433687 seconds
Request model_4#89 arrives at 1665080.036291544, sleeping for 0.22700072755105793 seconds
Request model_6#97 arrives at 1665080.263741271, sleeping for 0.07632839563302696 seconds
Request model_3#169 arrives at 1665080.340798226, sleeping for 0.059575696708634496 seconds
Request model_6#98 arrives at 1665080.401876147, sleeping for 0.004684003535658121 seconds
Request model_6#99 arrives at 1665080.407612712, sleeping for 0.028492667013779283 seconds
Request model_5#204 arrives at 1665080.436294143, sleeping for 0.290137258823961 seconds
Request model_3#170 arrives at 1665080.72727264, sleeping for 0.24999067676253617 seconds
Request model_3#171 arrives at 1665080.978724362, sleeping for 0.0834121007937938 seconds
Request model_5#205 arrives at 1665081.062708851, sleeping for 0.04626508173532784 seconds
Request model_6#100 arrives at 1665081.109529712, sleeping for 0.1837748847901821 seconds
Request model_6#101 arrives at 1665081.293789165, sleeping for 0.17790288385003805 seconds
Request model_6#102 arrives at 1665081.472203133, sleeping for 0.2574404135812074 seconds
Request model_5#206 arrives at 1665081.730248825, sleeping for 0.40157250640913844 seconds
Request model_2#112 arrives at 1665082.132555122, sleeping for 0.08536516153253615 seconds
Request model_6#103 arrives at 1665082.218205093, sleeping for 0.10866756155155599 seconds
Request model_3#172 arrives at 1665082.327711559, sleeping for 0.0016843245830386877 seconds
Request model_2#113 arrives at 1665082.33038377, sleeping for 0.13746526162140071 seconds
Request model_2#114 arrives at 1665082.468534236, sleeping for 0.2968953112140298 seconds
Request model_3#173 arrives at 1665082.766023234, sleeping for 0.09826178359799087 seconds
Request model_4#90 arrives at 1665082.865140859, sleeping for 0.034537071362137794 seconds
Request model_4#91 arrives at 1665082.900464082, sleeping for 0.09121142071671784 seconds
Request model_6#104 arrives at 1665082.992271381, sleeping for 0.024733217898756266 seconds
Request model_3#174 arrives at 1665083.01808992, sleeping for 0.024391428334638476 seconds
Request model_5#207 arrives at 1665083.043213574, sleeping for 0.02645934815518558 seconds
Request model_3#175 arrives at 1665083.071370981, sleeping for 0.01606738194823265 seconds
Request model_3#176 arrives at 1665083.088351583, sleeping for 0.022280211560428143 seconds
Request model_5#208 arrives at 1665083.11131762, sleeping for 0.18227589083835483 seconds
Request model_5#209 arrives at 1665083.294434404, sleeping for 0.07189535722136497 seconds
Request model_2#115 arrives at 1665083.367645589, sleeping for 0.0714445267803967 seconds
Request model_1#45 arrives at 1665083.440566232, sleeping for 0.23240789421834052 seconds
Request model_5#210 arrives at 1665083.673888533, sleeping for 0 seconds
Request model_5#211 arrives at 1665083.674407867, sleeping for 0.06883887154981494 seconds
Request model_4#92 arrives at 1665083.744062355, sleeping for 0.09464174974709749 seconds
Request model_6#105 arrives at 1665083.83924311, sleeping for 0.2431237434502691 seconds
Request model_5#212 arrives at 1665084.084170921, sleeping for 0.006277591222897172 seconds
Request model_5#213 arrives at 1665084.090865423, sleeping for 0.3148969989269972 seconds
Request model_6#106 arrives at 1665084.406883943, sleeping for 0.027641830500215292 seconds
Request model_5#214 arrives at 1665084.4350019, sleeping for 0.09030109504237771 seconds
Request model_5#215 arrives at 1665084.52573518, sleeping for 0.19271753309294581 seconds
Request model_3#177 arrives at 1665084.719029633, sleeping for 0.003958357032388449 seconds
Request model_1#46 arrives at 1665084.72391241, sleeping for 0.25662052747793496 seconds
Request model_3#178 arrives at 1665084.981512649, sleeping for 0.13963004224933684 seconds
Request model_5#216 arrives at 1665085.121658191, sleeping for 0.09373680781573057 seconds
Request model_5#217 arrives at 1665085.215971839, sleeping for 0.1117339173797518 seconds
Request model_2#116 arrives at 1665085.328229695, sleeping for 0.34345610230229795 seconds
Request model_2#117 arrives at 1665085.673032078, sleeping for 0.37212930037640035 seconds
Request model_3#179 arrives at 1665086.045957906, sleeping for 0.2212959306780249 seconds
Request model_5#218 arrives at 1665086.268378893, sleeping for 0.13198945252224803 seconds
Request model_5#219 arrives at 1665086.401209609, sleeping for 0.09193029627203941 seconds
Request model_4#93 arrives at 1665086.49341949, sleeping for 0.0457018434535712 seconds
Request model_5#220 arrives at 1665086.540081431, sleeping for 0.04677450563758612 seconds
Request model_3#180 arrives at 1665086.587781959, sleeping for 0.06118422676809132 seconds
Request model_5#221 arrives at 1665086.649540626, sleeping for 0.03938198508694768 seconds
Request model_2#118 arrives at 1665086.689225282, sleeping for 0.11923957569524646 seconds
Request model_5#222 arrives at 1665086.809227899, sleeping for 0.06450676405802369 seconds
Request model_2#119 arrives at 1665086.874009609, sleeping for 0.0072919565718621016 seconds
Request model_5#223 arrives at 1665086.881788288, sleeping for 0.15853533381596208 seconds
Request model_5#224 arrives at 1665087.041194079, sleeping for 0.03445622092112899 seconds
Request model_3#181 arrives at 1665087.075956828, sleeping for 0.10064109647646546 seconds
Request model_6#107 arrives at 1665087.177618722, sleeping for 0.06411214522086084 seconds
Request model_3#182 arrives at 1665087.242699975, sleeping for 0.022454492980614305 seconds
Request model_2#120 arrives at 1665087.266078915, sleeping for 0.010372628225013614 seconds
Request model_5#225 arrives at 1665087.276790068, sleeping for 0.004211457911878824 seconds
Request model_3#183 arrives at 1665087.281475114, sleeping for 0.05678341072052717 seconds
Request model_5#226 arrives at 1665087.339168039, sleeping for 0.09813870652578771 seconds
Request model_5#227 arrives at 1665087.437936171, sleeping for 0.10835337755270302 seconds
Request model_4#94 arrives at 1665087.546754742, sleeping for 0.1356764284428209 seconds
Request model_5#228 arrives at 1665087.683508247, sleeping for 0.27750721923075616 seconds
Request model_4#95 arrives at 1665087.961502273, sleeping for 0.05863742437213659 seconds
Request model_2#121 arrives at 1665088.020608509, sleeping for 0.32568730670027435 seconds
Request model_2#122 arrives at 1665088.34718176, sleeping for 0.0002381964586675167 seconds
Request model_5#229 arrives at 1665088.348064367, sleeping for 0.5060150420758873 seconds
Request model_3#184 arrives at 1665088.854968989, sleeping for 0.04914589202962816 seconds
Request model_5#230 arrives at 1665088.905027725, sleeping for 0.03478816314600408 seconds
Request model_1#47 arrives at 1665088.940062696, sleeping for 0.08686981280334294 seconds
Request model_3#185 arrives at 1665089.0274471, sleeping for 0.12858100095763803 seconds
Request model_5#231 arrives at 1665089.15694853, sleeping for 0.07124534202739596 seconds
Request model_2#123 arrives at 1665089.229841722, sleeping for 0 seconds
Request model_1#48 arrives at 1665089.230193295, sleeping for 0.10701162600889802 seconds
Request model_2#124 arrives at 1665089.337413312, sleeping for 0.10162680177018046 seconds
Request model_3#186 arrives at 1665089.439749732, sleeping for 0.23286336031742394 seconds
Request model_5#232 arrives at 1665089.673163384, sleeping for 0.05922436388209462 seconds
Request model_2#125 arrives at 1665089.733468919, sleeping for 0.012121336767449975 seconds
Request model_6#108 arrives at 1665089.746100686, sleeping for 0.11528204497881234 seconds
Request model_2#126 arrives at 1665089.86312648, sleeping for 0.030104996636509895 seconds
Request model_1#49 arrives at 1665089.893413063, sleeping for 0.07579605397768319 seconds
Request model_5#233 arrives at 1665089.969866134, sleeping for 0.10113648907281458 seconds
Request model_5#234 arrives at 1665090.071344136, sleeping for 0.0593675512354821 seconds
Request model_1#50 arrives at 1665090.131798743, sleeping for 0.07598875020630658 seconds
Request model_5#235 arrives at 1665090.208109132, sleeping for 0.3131769737228751 seconds
Request model_3#187 arrives at 1665090.521974954, sleeping for 0.1404974479228258 seconds
Request model_2#127 arrives at 1665090.663092623, sleeping for 0.013283966109156609 seconds
Request model_2#128 arrives at 1665090.678043079, sleeping for 0.1418944257311523 seconds
Request model_6#109 arrives at 1665090.821927629, sleeping for 0.11105849710293114 seconds
Request model_6#110 arrives at 1665090.933843093, sleeping for 0.1138037268538028 seconds
Request model_3#188 arrives at 1665091.048726909, sleeping for 0.05430873483419418 seconds
Request model_4#96 arrives at 1665091.104068006, sleeping for 0.05937840277329087 seconds
Request model_5#236 arrives at 1665091.164887735, sleeping for 0.09229318448342383 seconds
Request model_3#189 arrives at 1665091.257740732, sleeping for 0.09191932016983628 seconds
Request model_5#237 arrives at 1665091.350377737, sleeping for 0.04214542522095144 seconds
Request model_5#238 arrives at 1665091.393214387, sleeping for 0.14754377864301205 seconds
Request model_6#111 arrives at 1665091.541020858, sleeping for 0.05265066307038069 seconds
Request model_5#239 arrives at 1665091.594992324, sleeping for 0.0633173412643373 seconds
Request model_6#112 arrives at 1665091.658752136, sleeping for 0.03489525057375431 seconds
Request model_3#190 arrives at 1665091.694524193, sleeping for 0.3439466336276382 seconds
Request model_2#129 arrives at 1665092.039262313, sleeping for 0.10693434462882578 seconds
Request model_6#113 arrives at 1665092.147297976, sleeping for 0.056520350743085146 seconds
Request model_6#114 arrives at 1665092.204936021, sleeping for 0.23974454076960683 seconds
Request model_1#51 arrives at 1665092.444882793, sleeping for 0.025821429444476962 seconds
Request model_6#115 arrives at 1665092.471271666, sleeping for 0.03767449711449444 seconds
Request model_5#240 arrives at 1665092.510028395, sleeping for 0.024040997261181474 seconds
Request model_5#241 arrives at 1665092.534783576, sleeping for 0.3657254078425467 seconds
Request model_5#242 arrives at 1665092.901774238, sleeping for 0.06719106016680598 seconds
Request model_4#97 arrives at 1665092.970060045, sleeping for 0.11190154659561813 seconds
Request model_6#116 arrives at 1665093.082254531, sleeping for 0.021637228084728122 seconds
Request model_5#243 arrives at 1665093.104769654, sleeping for 0.043087017722427845 seconds
Request model_4#98 arrives at 1665093.148484982, sleeping for 0.11828940501436591 seconds
Request model_2#130 arrives at 1665093.268272296, sleeping for 0.16447776346467435 seconds
Request model_6#117 arrives at 1665093.434815431, sleeping for 0.10306412493810058 seconds
Request model_4#99 arrives at 1665093.53842447, sleeping for 0.010657219681888819 seconds
Request model_6#118 arrives at 1665093.549221484, sleeping for 0.11083077522926033 seconds
Request model_5#244 arrives at 1665093.660973425, sleeping for 0.021325624082237482 seconds
Request model_5#245 arrives at 1665093.682727853, sleeping for 0.1527436077594757 seconds
Request model_3#191 arrives at 1665093.836112097, sleeping for 0.015614684903994203 seconds
Request model_6#119 arrives at 1665093.85202797, sleeping for 0.04525076155550778 seconds
Request model_4#100 arrives at 1665093.898493238, sleeping for 0.1215116607490927 seconds
Request model_6#120 arrives at 1665094.020689351, sleeping for 0.22982459026388824 seconds
Request model_5#246 arrives at 1665094.250796166, sleeping for 0.15187516482546926 seconds
Request model_3#192 arrives at 1665094.403777296, sleeping for 0.07272364548407495 seconds
Request model_6#121 arrives at 1665094.476919011, sleeping for 0.14998615579679608 seconds
Request model_1#52 arrives at 1665094.627872325, sleeping for 0.01550562959164381 seconds
Request model_1#53 arrives at 1665094.643781108, sleeping for 0.06030841148458421 seconds
Request model_3#193 arrives at 1665094.704568907, sleeping for 0.06122707575559616 seconds
Request model_6#122 arrives at 1665094.766321413, sleeping for 0.06410181778483093 seconds
Request model_5#247 arrives at 1665094.831080263, sleeping for 0.09330758941359818 seconds
Request model_2#131 arrives at 1665094.925139899, sleeping for 0.2079466050490737 seconds
Request model_3#194 arrives at 1665095.135136909, sleeping for 0.020455984864383936 seconds
Request model_5#248 arrives at 1665095.155950219, sleeping for 0.006824661511927843 seconds
Request model_6#123 arrives at 1665095.163646349, sleeping for 0.4783374802209437 seconds
Request model_3#195 arrives at 1665095.642809705, sleeping for 0.1260484226513654 seconds
Request model_3#196 arrives at 1665095.769502623, sleeping for 0.24855292332358658 seconds
Request model_3#197 arrives at 1665096.018402343, sleeping for 0.3858632475603372 seconds
Request model_3#198 arrives at 1665096.404716633, sleeping for 0.012433068826794624 seconds
Request model_6#124 arrives at 1665096.417613952, sleeping for 0.06338850827887654 seconds
Request model_2#132 arrives at 1665096.481312743, sleeping for 0.01656944304704666 seconds
Request model_6#125 arrives at 1665096.49898622, sleeping for 0.2706902676727623 seconds
Request model_3#199 arrives at 1665096.770127881, sleeping for 0.22646628017537296 seconds
Request model_1#54 arrives at 1665096.99684723, sleeping for 0.18351888610050082 seconds
Request model_2#133 arrives at 1665097.181254003, sleeping for 0.07030566246248782 seconds
Request model_3#200 arrives at 1665097.252576683, sleeping for 0.04275930090807378 seconds
Request model_6#126 arrives at 1665097.29633123, sleeping for 0.002317228354513645 seconds
Request model_2#134 arrives at 1665097.299045331, sleeping for 0.25834866682998836 seconds
Request model_3#201 arrives at 1665097.557966668, sleeping for 0.15121090528555214 seconds
Request model_3#202 arrives at 1665097.71122886, sleeping for 0.0400458131916821 seconds
Request model_2#135 arrives at 1665097.752401208, sleeping for 0.14342304412275553 seconds
Request model_2#136 arrives at 1665097.89655805, sleeping for 0.04938176763243973 seconds
Request model_2#137 arrives at 1665097.946264133, sleeping for 0.009842903120443225 seconds
Request model_2#138 arrives at 1665097.956916256, sleeping for 0.09466871106997132 seconds
Request model_3#203 arrives at 1665098.053139628, sleeping for 0.05619086557999253 seconds
Request model_3#204 arrives at 1665098.109954696, sleeping for 0.2021402078680694 seconds
Request model_5#249 arrives at 1665098.312507568, sleeping for 0.24565317505039275 seconds
Request model_4#101 arrives at 1665098.559328712, sleeping for 0.048154315911233425 seconds
Request model_2#139 arrives at 1665098.608240729, sleeping for 0.08141470816917717 seconds
Request model_2#140 arrives at 1665098.690727355, sleeping for 0.031043832655996084 seconds
Request model_5#250 arrives at 1665098.72247933, sleeping for 0.08299236255697906 seconds
Request model_6#127 arrives at 1665098.806214226, sleeping for 0.37328009167686105 seconds
Request model_6#128 arrives at 1665099.180684034, sleeping for 0.004537714645266533 seconds
Request model_3#205 arrives at 1665099.185566642, sleeping for 0.07768874405883253 seconds
Request model_5#251 arrives at 1665099.264258149, sleeping for 0.24147933698259294 seconds
Request model_5#252 arrives at 1665099.506662808, sleeping for 0.04866513912566006 seconds
Request model_6#129 arrives at 1665099.555541375, sleeping for 0.037948087323457 seconds
Request model_5#253 arrives at 1665099.594317424, sleeping for 0.1965236954856664 seconds
Request model_3#206 arrives at 1665099.791391564, sleeping for 0.016344739589840174 seconds
Request model_3#207 arrives at 1665099.808046822, sleeping for 0.0006377443205565214 seconds
Request model_5#254 arrives at 1665099.809724215, sleeping for 0.3560338367242366 seconds
Request model_4#102 arrives at 1665100.166807839, sleeping for 0.3467954434454441 seconds
Request model_5#255 arrives at 1665100.514905744, sleeping for 0.10766408313065767 seconds
Request model_3#208 arrives at 1665100.622962287, sleeping for 0.5687264467123896 seconds
Request model_3#209 arrives at 1665101.194283203, sleeping for 0.13934026029892266 seconds
Request model_1#55 arrives at 1665101.334697055, sleeping for 0.28418730944395065 seconds
Request model_6#130 arrives at 1665101.620015226, sleeping for 0.003867062274366617 seconds
Request model_6#131 arrives at 1665101.624270309, sleeping for 0.0154849027749151 seconds
Request model_5#256 arrives at 1665101.64007158, sleeping for 0.01415542047470808 seconds
Request model_5#257 arrives at 1665101.655054006, sleeping for 0.102290433133021 seconds
Request model_2#141 arrives at 1665101.757771828, sleeping for 0.17559535964392126 seconds
Request model_2#142 arrives at 1665101.933720715, sleeping for 0.09893407998606563 seconds
Request model_5#258 arrives at 1665102.033388573, sleeping for 0.009715755470097065 seconds
Request model_3#210 arrives at 1665102.044166366, sleeping for 0.11323418864049017 seconds
Request model_3#211 arrives at 1665102.157924004, sleeping for 0.09191032615490258 seconds
Request model_2#143 arrives at 1665102.250719379, sleeping for 0.019328437745571136 seconds
Request model_6#132 arrives at 1665102.270793864, sleeping for 0.25585222290828824 seconds
Request model_5#259 arrives at 1665102.52712798, sleeping for 0.013829479925334454 seconds
Request model_2#144 arrives at 1665102.542202616, sleeping for 0.058288656175136566 seconds
Request model_5#260 arrives at 1665102.600935289, sleeping for 0.03171078721061349 seconds
Request model_4#103 arrives at 1665102.632935316, sleeping for 0.1036835266277194 seconds
Request model_3#212 arrives at 1665102.738704242, sleeping for 0.10641949065029621 seconds
Request model_5#261 arrives at 1665102.845343524, sleeping for 0.15098191751167178 seconds
Request model_6#133 arrives at 1665102.997326736, sleeping for 0.31175195542164147 seconds
Request model_3#213 arrives at 1665103.309976276, sleeping for 0.028650170657783747 seconds
Request model_5#262 arrives at 1665103.338873269, sleeping for 0.09500696626491845 seconds
Request model_1#56 arrives at 1665103.434662518, sleeping for 0.12195298774167895 seconds
Request model_5#263 arrives at 1665103.557356754, sleeping for 0.13267076737247407 seconds
Request model_5#264 arrives at 1665103.69050781, sleeping for 0.17609120695851743 seconds
Request model_2#145 arrives at 1665103.867474185, sleeping for 0.006057193502783775 seconds
Request model_5#265 arrives at 1665103.874284377, sleeping for 0.2323249182663858 seconds
Request model_2#146 arrives at 1665104.1080509, sleeping for 0.1948400184046477 seconds
Request model_6#134 arrives at 1665104.30396326, sleeping for 0.0289210956543684 seconds
Request model_6#135 arrives at 1665104.33383374, sleeping for 0.06114796036854386 seconds
Request model_5#266 arrives at 1665104.395365784, sleeping for 0.023354839766398072 seconds
Request model_5#267 arrives at 1665104.418910326, sleeping for 0.5406542338896543 seconds
Request model_2#147 arrives at 1665104.959952897, sleeping for 0.39732356648892164 seconds
Request model_5#268 arrives at 1665105.358317798, sleeping for 0.19637337583117187 seconds
Request model_4#104 arrives at 1665105.555607219, sleeping for 0.21608747052960098 seconds
Request model_2#148 arrives at 1665105.772090938, sleeping for 0.029904574621468782 seconds
Request model_3#214 arrives at 1665105.802912045, sleeping for 0.09297898225486279 seconds
Request model_5#269 arrives at 1665105.896659378, sleeping for 0.12497485312633216 seconds
Request model_3#215 arrives at 1665106.022270216, sleeping for 0.00923308078199625 seconds
Request model_6#136 arrives at 1665106.03304653, sleeping for 0.20121980528347194 seconds
Request model_3#216 arrives at 1665106.234924956, sleeping for 0.031271081417798996 seconds
Request model_4#105 arrives at 1665106.267042163, sleeping for 0.06684337486512959 seconds
Request model_6#137 arrives at 1665106.336120116, sleeping for 0.059077129466459155 seconds
Request model_3#217 arrives at 1665106.396135408, sleeping for 0.3022337907459587 seconds
Request model_6#138 arrives at 1665106.699271765, sleeping for 0.09978404501453042 seconds
Request model_5#270 arrives at 1665106.799379957, sleeping for 0.12851550290361047 seconds
Request model_6#139 arrives at 1665106.928072189, sleeping for 0.12149970140308142 seconds
Request model_6#140 arrives at 1665107.049969509, sleeping for 0.18846793053671718 seconds
Request model_5#271 arrives at 1665107.238849914, sleeping for 0.004439175128936768 seconds
Request model_5#272 arrives at 1665107.243738832, sleeping for 0.05880196625366807 seconds
Request model_5#273 arrives at 1665107.303426822, sleeping for 0.13301097601652145 seconds
Request model_5#274 arrives at 1665107.437252684, sleeping for 0.08196569047868252 seconds
Request model_3#218 arrives at 1665107.520065912, sleeping for 0.16838917159475386 seconds
Request model_6#141 arrives at 1665107.689196275, sleeping for 0.20336761069484055 seconds
Request model_3#219 arrives at 1665107.893345739, sleeping for 0.2819704422727227 seconds
Request model_6#142 arrives at 1665108.176436941, sleeping for 0.0030176748987287283 seconds
Request model_3#220 arrives at 1665108.180327191, sleeping for 0.20519852288998663 seconds
Request model_2#149 arrives at 1665108.385823175, sleeping for 0.05366082605905831 seconds
Request model_2#150 arrives at 1665108.43965691, sleeping for 0.06001480924896896 seconds
Request model_2#151 arrives at 1665108.499928175, sleeping for 0.06972560472786427 seconds
Request model_5#275 arrives at 1665108.569949084, sleeping for 0.02481231209821999 seconds
Request model_2#152 arrives at 1665108.595718162, sleeping for 0.007784899091348052 seconds
Request model_6#143 arrives at 1665108.604614131, sleeping for 0.020314306020736694 seconds
Request model_6#144 arrives at 1665108.62522309, sleeping for 0.0013524433597922325 seconds
============================================================
BENCHMARK RESULTS
============================================================
Completed requests: 958
Aborted requests: 0
Request throughput: 7.07 req/s
Input throughput: 2148.04 tokens/s
Output throughput: 1174.02 tokens/s
Mean TTFT: 285.9 ms
P99 TTFT: 1492.4 ms
Mean TPOT: 56.7 ms
P99 TPOT: 128.5 ms
Mean Latency: 9669.7 ms
P99 Latency: 33751.7 ms
============================================================
Results saved to /root/Prism-final-regression-diagnosis/exp/results/final-regression-diagnosis/alg2-root-cause/fix/steady8/D1
Requests saved to /root/Prism-final-regression-diagnosis/exp/results/final-regression-diagnosis/alg2-root-cause/fix/steady8/D1/requests
