Real trace file: /root/Prism-final-regression-diagnosis/exp/results/final-regression-diagnosis/alg2-root-cause/sanity/steady_r8_s1_120s.pkl
[PRISM_DIRECT] 958 requests, span 119.9s
Starting TP benchmark: paper-alg2-only_steady_rate8_seed1
Generated 958 requests
Request model_2#0 arrives at 1667768.704396106, sleeping for 0.002522490918636322 seconds
Request model_4#0 arrives at 1667768.707539329, sleeping for 0.03836576431058347 seconds
Request model_5#0 arrives at 1667768.746689347, sleeping for 0.1823635248001665 seconds
Request model_5#1 arrives at 1667768.929811246, sleeping for 0.05591154517605901 seconds
Request model_2#1 arrives at 1667768.9868407, sleeping for 1.1794476888608187 seconds
Request model_6#0 arrives at 1667770.166956097, sleeping for 0.18372016050852835 seconds
Request model_5#2 arrives at 1667770.351984091, sleeping for 0.10320355580188334 seconds
Request model_5#3 arrives at 1667770.455464206, sleeping for 0.12943401839584112 seconds
Request model_6#1 arrives at 1667770.585249661, sleeping for 0.00857729185372591 seconds
Request model_5#4 arrives at 1667770.595944143, sleeping for 0.12109107035212219 seconds
Request model_4#1 arrives at 1667770.717700837, sleeping for 0.14738664845936 seconds
Request model_3#0 arrives at 1667770.86569949, sleeping for 0.10857991990633309 seconds
Request model_3#1 arrives at 1667770.974485306, sleeping for 0.3408122274558991 seconds
Request model_3#2 arrives at 1667771.316511482, sleeping for 0.20643153483979404 seconds
Request model_3#3 arrives at 1667771.524620751, sleeping for 0.0155372170265764 seconds
Request model_1#0 arrives at 1667771.541239077, sleeping for 0.5051570278592408 seconds
Request model_3#4 arrives at 1667772.048015704, sleeping for 0.1467648553662002 seconds
Request model_6#2 arrives at 1667772.195749295, sleeping for 0.27781716105528176 seconds
Request model_5#5 arrives at 1667772.474064837, sleeping for 0.18681923835538328 seconds
Request model_4#2 arrives at 1667772.66148117, sleeping for 0.04655918339267373 seconds
Request model_5#6 arrives at 1667772.708473326, sleeping for 0.0012040638830512762 seconds
Request model_5#7 arrives at 1667772.71031204, sleeping for 0.1960611764807254 seconds
Request model_5#8 arrives at 1667772.907182714, sleeping for 0.26755627477541566 seconds
Request model_3#5 arrives at 1667773.176869181, sleeping for 0.2016273383051157 seconds
Request model_5#9 arrives at 1667773.379185597, sleeping for 0.13162135076709092 seconds
Request model_3#6 arrives at 1667773.511154448, sleeping for 0.12391270860098302 seconds
Request model_5#10 arrives at 1667773.636092516, sleeping for 0.16578302346169949 seconds
Request model_3#7 arrives at 1667773.802675421, sleeping for 0.20842020632699132 seconds
Request model_4#3 arrives at 1667774.012545474, sleeping for 0.05494504445232451 seconds
Request model_4#4 arrives at 1667774.068295897, sleeping for 0.030046320986002684 seconds
Request model_3#8 arrives at 1667774.09901087, sleeping for 0.010295849991962314 seconds
Request model_5#11 arrives at 1667774.109711791, sleeping for 0.14078643638640642 seconds
Request model_5#12 arrives at 1667774.252330133, sleeping for 0.0350650935433805 seconds
Request model_3#9 arrives at 1667774.288071374, sleeping for 0.17560249753296375 seconds
Request model_3#10 arrives at 1667774.465016597, sleeping for 0.09766544448211789 seconds
Request model_2#2 arrives at 1667774.563772427, sleeping for 0.00064842589199543 seconds
Request model_4#5 arrives at 1667774.56547166, sleeping for 0.019202002556994557 seconds
Request model_1#1 arrives at 1667774.585090919, sleeping for 0.02273818990215659 seconds
Request model_3#11 arrives at 1667774.608807009, sleeping for 0.14622069406323135 seconds
Request model_3#12 arrives at 1667774.755601883, sleeping for 0.10575627698563039 seconds
Request model_3#13 arrives at 1667774.86202648, sleeping for 0.10606389143504202 seconds
Request model_3#14 arrives at 1667774.96874628, sleeping for 0.001015277812257409 seconds
Request model_4#6 arrives at 1667774.970443613, sleeping for 0.1242682752199471 seconds
Request model_2#3 arrives at 1667775.095154489, sleeping for 0.014733815332874656 seconds
Request model_5#13 arrives at 1667775.110865959, sleeping for 0.0396432732231915 seconds
Request model_5#14 arrives at 1667775.151505327, sleeping for 0.17741169454529881 seconds
Request model_5#15 arrives at 1667775.329575449, sleeping for 0.02811924903653562 seconds
Request model_4#7 arrives at 1667775.358560559, sleeping for 0.036088946275413036 seconds
Request model_3#15 arrives at 1667775.396343985, sleeping for 0.2383838666137308 seconds
Request model_2#4 arrives at 1667775.634845166, sleeping for 0.007084952900186181 seconds
Request model_6#3 arrives at 1667775.642785836, sleeping for 0.0002998465206474066 seconds
Request model_3#16 arrives at 1667775.64331527, sleeping for 0.17440536082722247 seconds
Request model_4#8 arrives at 1667775.819330026, sleeping for 0.09672999498434365 seconds
Request model_5#16 arrives at 1667775.916432432, sleeping for 0.15515370084904134 seconds
Request model_2#5 arrives at 1667776.072455486, sleeping for 0.3363377412315458 seconds
Request model_5#17 arrives at 1667776.409922858, sleeping for 0.213255564449355 seconds
Request model_5#18 arrives at 1667776.623461618, sleeping for 0.35293718497268856 seconds
Request model_4#9 arrives at 1667776.977261673, sleeping for 0.05996453622356057 seconds
Request model_5#19 arrives at 1667777.039047152, sleeping for 0.025431595975533128 seconds
Request model_1#2 arrives at 1667777.06520496, sleeping for 0.4251614392269403 seconds
Request model_1#3 arrives at 1667777.491597886, sleeping for 0.004971876507624984 seconds
Request model_1#4 arrives at 1667777.497188819, sleeping for 0.08243859047070146 seconds
Request model_5#20 arrives at 1667777.580271979, sleeping for 0.17004200094379485 seconds
Request model_2#6 arrives at 1667777.751571219, sleeping for 0.2761968579143286 seconds
Request model_4#10 arrives at 1667778.028102568, sleeping for 0.03799071302637458 seconds
Request model_1#5 arrives at 1667778.066712911, sleeping for 0.05043174047023058 seconds
Request model_3#17 arrives at 1667778.117497156, sleeping for 0.005141406087204814 seconds
Request model_5#21 arrives at 1667778.12332082, sleeping for 0.0048738992772996426 seconds
Request model_5#22 arrives at 1667778.129006913, sleeping for 0.12085929210297763 seconds
Request model_6#4 arrives at 1667778.250728177, sleeping for 0.16062251129187644 seconds
Request model_2#7 arrives at 1667778.412090912, sleeping for 0.1329381309915334 seconds
Request model_5#23 arrives at 1667778.545429394, sleeping for 0.1042107013054192 seconds
Request model_5#24 arrives at 1667778.650650502, sleeping for 0.11953632300719619 seconds
Request model_2#8 arrives at 1667778.77161431, sleeping for 0.08693529176525772 seconds
Request model_5#25 arrives at 1667778.859184645, sleeping for 0.06389059079810977 seconds
Request model_5#26 arrives at 1667778.923590274, sleeping for 0.14786569820716977 seconds
Request model_3#18 arrives at 1667779.071845099, sleeping for 0.2775272617582232 seconds
Request model_2#9 arrives at 1667779.350191691, sleeping for 0.026621127733960748 seconds
Request model_5#27 arrives at 1667779.378147573, sleeping for 0.03736614226363599 seconds
Request model_5#28 arrives at 1667779.415904769, sleeping for 0.06310796132311225 seconds
Request model_6#5 arrives at 1667779.479683763, sleeping for 0.10992631176486611 seconds
Request model_5#29 arrives at 1667779.590547035, sleeping for 0.2782916717696935 seconds
Request model_3#19 arrives at 1667779.869484341, sleeping for 0.39280727435834706 seconds
Request model_2#10 arrives at 1667780.262639365, sleeping for 0.1392155815847218 seconds
Request model_5#30 arrives at 1667780.403599105, sleeping for 0.11699470411986113 seconds
Request model_5#31 arrives at 1667780.521542539, sleeping for 0.2558714165352285 seconds
Request model_6#6 arrives at 1667780.778645601, sleeping for 0.05713117145933211 seconds
Request model_1#6 arrives at 1667780.83661677, sleeping for 0.35258974274620414 seconds
Request model_6#7 arrives at 1667781.189899541, sleeping for 0.2536642143968493 seconds
Request model_3#20 arrives at 1667781.44411773, sleeping for 0.021770163904875517 seconds
Request model_1#7 arrives at 1667781.466337409, sleeping for 0.12958778673782945 seconds
Request model_3#21 arrives at 1667781.596533467, sleeping for 0.14927035989239812 seconds
Request model_4#11 arrives at 1667781.746528755, sleeping for 0.1368316423613578 seconds
Request model_5#32 arrives at 1667781.884645943, sleeping for 0.29524700227193534 seconds
Request model_6#8 arrives at 1667782.18081971, sleeping for 0.14231611764989793 seconds
Request model_5#33 arrives at 1667782.325279757, sleeping for 0.026700824266299605 seconds
Request model_3#22 arrives at 1667782.353234979, sleeping for 0.04134962125681341 seconds
Request model_5#34 arrives at 1667782.394968985, sleeping for 0.020478901220485568 seconds
Request model_4#12 arrives at 1667782.415801453, sleeping for 0.07239926559850574 seconds
Request model_1#8 arrives at 1667782.488448945, sleeping for 0.44805292738601565 seconds
Request model_6#9 arrives at 1667782.937517852, sleeping for 0 seconds
Request model_5#35 arrives at 1667782.938022886, sleeping for 0.008789262734353542 seconds
Request model_6#10 arrives at 1667782.948905019, sleeping for 0.2634143924806267 seconds
Request model_3#23 arrives at 1667783.21273012, sleeping for 0.06351493136025965 seconds
Request model_3#24 arrives at 1667783.276571485, sleeping for 0.04859851417131722 seconds
Request model_4#13 arrives at 1667783.326329173, sleeping for 0.011238760547712445 seconds
Request model_5#36 arrives at 1667783.338055472, sleeping for 0.21252893563359976 seconds
Request model_6#11 arrives at 1667783.552165266, sleeping for 0.40857788803987205 seconds
Request model_5#37 arrives at 1667783.961007908, sleeping for 0.006571038393303752 seconds
Request model_5#38 arrives at 1667783.967906791, sleeping for 0.10571108642034233 seconds
Request model_3#25 arrives at 1667784.07455486, sleeping for 0.0630354683380574 seconds
Request model_3#26 arrives at 1667784.138338124, sleeping for 0.014885170618072152 seconds
Request model_5#39 arrives at 1667784.154261825, sleeping for 0.030160864582285285 seconds
Request model_5#40 arrives at 1667784.185067278, sleeping for 0.06484223739244044 seconds
Request model_3#27 arrives at 1667784.250120052, sleeping for 0.32039432344026864 seconds
Request model_5#41 arrives at 1667784.571698132, sleeping for 0.05702559766359627 seconds
Request model_1#9 arrives at 1667784.629145878, sleeping for 0.0703637208789587 seconds
Request model_3#28 arrives at 1667784.700070546, sleeping for 0.07863201084546745 seconds
Request model_3#29 arrives at 1667784.779866992, sleeping for 0.11614802572876215 seconds
Request model_3#30 arrives at 1667784.896687948, sleeping for 0.3600358762778342 seconds
Request model_2#11 arrives at 1667785.257541396, sleeping for 0.16750572854653 seconds
Request model_6#12 arrives at 1667785.42549952, sleeping for 0.05016504740342498 seconds
Request model_5#42 arrives at 1667785.476522928, sleeping for 0.05820548185147345 seconds
Request model_5#43 arrives at 1667785.535486315, sleeping for 0 seconds
Request model_3#31 arrives at 1667785.536260041, sleeping for 0.016948624746873975 seconds
Request model_3#32 arrives at 1667785.554216197, sleeping for 0.15431943349540234 seconds
Request model_6#13 arrives at 1667785.709361894, sleeping for 0.17815005383454263 seconds
Request model_5#44 arrives at 1667785.888383703, sleeping for 0.3761714668944478 seconds
Request model_3#33 arrives at 1667786.266048708, sleeping for 0.046482837526127696 seconds
Request model_6#14 arrives at 1667786.312982614, sleeping for 0.40449031675234437 seconds
Request model_3#34 arrives at 1667786.71829872, sleeping for 0.011762009700760245 seconds
Request model_4#14 arrives at 1667786.730612343, sleeping for 0.02452188404276967 seconds
Request model_4#15 arrives at 1667786.755523592, sleeping for 0.0024578755255788565 seconds
Request model_2#12 arrives at 1667786.758529815, sleeping for 0.1895635745022446 seconds
Request model_5#45 arrives at 1667786.948558377, sleeping for 0.2339320876635611 seconds
Request model_2#13 arrives at 1667787.183226677, sleeping for 0.051063912687823176 seconds
Request model_5#46 arrives at 1667787.235150421, sleeping for 0.0007368798833340406 seconds
Request model_1#10 arrives at 1667787.23632484, sleeping for 0.02814831491559744 seconds
Request model_6#15 arrives at 1667787.265650153, sleeping for 0.5564411133527756 seconds
Request model_5#47 arrives at 1667787.822583468, sleeping for 0.08995916345156729 seconds
Request model_3#35 arrives at 1667787.912965844, sleeping for 0.014124650973826647 seconds
Request model_5#48 arrives at 1667787.927929897, sleeping for 0.09686655434779823 seconds
Request model_3#36 arrives at 1667788.025315377, sleeping for 0.03717615199275315 seconds
Request model_3#37 arrives at 1667788.063063713, sleeping for 0.04988507437519729 seconds
Request model_2#14 arrives at 1667788.113745797, sleeping for 0.0929205494467169 seconds
Request model_6#16 arrives at 1667788.207540999, sleeping for 0.00014992943033576012 seconds
Request model_5#49 arrives at 1667788.207988082, sleeping for 0.10630139405839145 seconds
Request model_2#15 arrives at 1667788.314843533, sleeping for 0.2352485980372876 seconds
Request model_1#11 arrives at 1667788.550743753, sleeping for 0.034178086556494236 seconds
Request model_5#50 arrives at 1667788.585456786, sleeping for 0.005789164686575532 seconds
Request model_1#12 arrives at 1667788.592354478, sleeping for 0.27510244282893836 seconds
Request model_5#51 arrives at 1667788.868288912, sleeping for 0.15650285710580647 seconds
Request model_4#16 arrives at 1667789.026550513, sleeping for 0.05915277963504195 seconds
Request model_2#16 arrives at 1667789.087399515, sleeping for 0.06764271785505116 seconds
Request model_5#52 arrives at 1667789.156072036, sleeping for 0.09229533118195832 seconds
Request model_5#53 arrives at 1667789.248763529, sleeping for 0.09175354870967567 seconds
Request model_4#17 arrives at 1667789.341632973, sleeping for 0.39546394790522754 seconds
Request model_1#13 arrives at 1667789.737344176, sleeping for 0.00473939417861402 seconds
Request model_2#17 arrives at 1667789.74317234, sleeping for 0.09568654373288155 seconds
Request model_6#17 arrives at 1667789.839914814, sleeping for 0.06844796682707965 seconds
Request model_5#54 arrives at 1667789.908618685, sleeping for 0.046829345636069775 seconds
Request model_6#18 arrives at 1667789.956229466, sleeping for 0.02703682705760002 seconds
Request model_5#55 arrives at 1667789.984142818, sleeping for 0.10598695930093527 seconds
Request model_3#38 arrives at 1667790.090725417, sleeping for 0.025287741795182228 seconds
Request model_5#56 arrives at 1667790.116418242, sleeping for 0.00817593582905829 seconds
Request model_2#18 arrives at 1667790.125097338, sleeping for 0.1125962776131928 seconds
Request model_3#39 arrives at 1667790.237878803, sleeping for 0.14434891566634178 seconds
Request model_5#57 arrives at 1667790.382918344, sleeping for 0.0034025085624307394 seconds
Request model_2#19 arrives at 1667790.386620282, sleeping for 0.11530721373856068 seconds
Request model_4#18 arrives at 1667790.50238632, sleeping for 0.010453755035996437 seconds
Request model_3#40 arrives at 1667790.513314993, sleeping for 0.4883471024222672 seconds
Request model_5#58 arrives at 1667791.002302643, sleeping for 0.30628807027824223 seconds
Request model_5#59 arrives at 1667791.309600204, sleeping for 0.1703258731868118 seconds
Request model_6#19 arrives at 1667791.48040054, sleeping for 0.044735098257660866 seconds
Request model_2#20 arrives at 1667791.526002846, sleeping for 0.062312034890055656 seconds
Request model_5#60 arrives at 1667791.589352777, sleeping for 0.004523996729403734 seconds
Request model_3#41 arrives at 1667791.594044782, sleeping for 0.017760013230144978 seconds
Request model_4#19 arrives at 1667791.612850705, sleeping for 0.0993134758900851 seconds
Request model_2#21 arrives at 1667791.712582782, sleeping for 0.1424202627968043 seconds
Request model_3#42 arrives at 1667791.855429555, sleeping for 0.289056085748598 seconds
Request model_5#61 arrives at 1667792.145659757, sleeping for 0.015379666117951274 seconds
Request model_6#20 arrives at 1667792.161569298, sleeping for 0.07032937952317297 seconds
Request model_3#43 arrives at 1667792.232267894, sleeping for 0.05977778439410031 seconds
Request model_3#44 arrives at 1667792.292467471, sleeping for 0.045281729428097606 seconds
Request model_3#45 arrives at 1667792.338152547, sleeping for 0.00790928490459919 seconds
Request model_2#22 arrives at 1667792.346941294, sleeping for 0.2880590946879238 seconds
Request model_4#20 arrives at 1667792.635319802, sleeping for 0.2353995954617858 seconds
Request model_5#62 arrives at 1667792.871423773, sleeping for 0.1582267980556935 seconds
Request model_5#63 arrives at 1667793.030295918, sleeping for 0.06953708711080253 seconds
Request model_3#46 arrives at 1667793.10035652, sleeping for 0.07350031076930463 seconds
Request model_5#64 arrives at 1667793.175257188, sleeping for 0.3717675316147506 seconds
Request model_4#21 arrives at 1667793.547677053, sleeping for 0.0010751476511359215 seconds
Request model_3#47 arrives at 1667793.54982367, sleeping for 0.15091078472323716 seconds
Request model_2#23 arrives at 1667793.701545361, sleeping for 0.17429360072128475 seconds
Request model_3#48 arrives at 1667793.876326087, sleeping for 0.18704545823857188 seconds
Request model_2#24 arrives at 1667794.063843899, sleeping for 0.06314630177803338 seconds
Request model_6#21 arrives at 1667794.127529662, sleeping for 0.6237433650530875 seconds
Request model_5#65 arrives at 1667794.752186181, sleeping for 0.0012981211766600609 seconds
Request model_4#22 arrives at 1667794.754557029, sleeping for 0.12986924615688622 seconds
Request model_2#25 arrives at 1667794.885587523, sleeping for 0.05071924324147403 seconds
Request model_5#66 arrives at 1667794.936678271, sleeping for 0.1424990661907941 seconds
Request model_2#26 arrives at 1667795.080747264, sleeping for 0.03326455154456198 seconds
Request model_1#14 arrives at 1667795.114794032, sleeping for 0.2600899701938033 seconds
Request model_5#67 arrives at 1667795.376064294, sleeping for 0.03623341303318739 seconds
Request model_4#23 arrives at 1667795.414100993, sleeping for 0.16993633192032576 seconds
Request model_5#68 arrives at 1667795.584903598, sleeping for 0.04624868743121624 seconds
Request model_1#15 arrives at 1667795.631755524, sleeping for 0.007420343812555075 seconds
Request model_5#69 arrives at 1667795.639588573, sleeping for 0.02382600912824273 seconds
Request model_2#27 arrives at 1667795.664278261, sleeping for 0.011795507743954659 seconds
Request model_6#22 arrives at 1667795.676969137, sleeping for 0.053686836967244744 seconds
Request model_4#24 arrives at 1667795.731519761, sleeping for 0.10231766360811889 seconds
Request model_2#28 arrives at 1667795.834409831, sleeping for 0.1260479842312634 seconds
Request model_2#29 arrives at 1667795.961214313, sleeping for 0.2748922626487911 seconds
Request model_5#70 arrives at 1667796.236517222, sleeping for 0.06678482051938772 seconds
Request model_1#16 arrives at 1667796.305382334, sleeping for 0.03712488152086735 seconds
Request model_2#30 arrives at 1667796.343191851, sleeping for 0.03542973496951163 seconds
Request model_1#17 arrives at 1667796.378856631, sleeping for 0.03231680113822222 seconds
Request model_3#49 arrives at 1667796.41155698, sleeping for 0.34731693333014846 seconds
Request model_3#50 arrives at 1667796.760176644, sleeping for 0.034328295616433024 seconds
Request model_2#31 arrives at 1667796.794959428, sleeping for 0.4562477741856128 seconds
Request model_6#23 arrives at 1667797.251662182, sleeping for 0.14442148804664612 seconds
Request model_6#24 arrives at 1667797.396975755, sleeping for 0.08046374819241464 seconds
Request model_3#51 arrives at 1667797.477821978, sleeping for 0.0018382684793323278 seconds
Request model_2#32 arrives at 1667797.480539968, sleeping for 0.0391882557887584 seconds
Request model_3#52 arrives at 1667797.520242039, sleeping for 0.04418681305833161 seconds
Request model_3#53 arrives at 1667797.564978339, sleeping for 0.30004210234619677 seconds
Request model_5#71 arrives at 1667797.866009183, sleeping for 0.12262194254435599 seconds
Request model_6#25 arrives at 1667797.989006426, sleeping for 0.4153808238916099 seconds
Request model_3#54 arrives at 1667798.405300354, sleeping for 0.00956068909727037 seconds
Request model_6#26 arrives at 1667798.416159356, sleeping for 0.06491624820046127 seconds
Request model_5#72 arrives at 1667798.482047776, sleeping for 0.26990159950219095 seconds
Request model_2#33 arrives at 1667798.75283728, sleeping for 0.0266156408470124 seconds
Request model_5#73 arrives at 1667798.779910985, sleeping for 0.08185562677681446 seconds
Request model_3#55 arrives at 1667798.862624763, sleeping for 0.0031282701529562473 seconds
Request model_4#25 arrives at 1667798.866302511, sleeping for 0.011713217478245497 seconds
Request model_1#18 arrives at 1667798.879134698, sleeping for 0.1252761238720268 seconds
Request model_5#74 arrives at 1667799.004936092, sleeping for 0.15427409787662327 seconds
Request model_3#56 arrives at 1667799.159933528, sleeping for 0.05200236546806991 seconds
Request model_4#26 arrives at 1667799.213785777, sleeping for 0.1968149736057967 seconds
Request model_6#27 arrives at 1667799.411538076, sleeping for 0.04749092296697199 seconds
Request model_2#34 arrives at 1667799.459977114, sleeping for 0.02359268139116466 seconds
Request model_5#75 arrives at 1667799.484696821, sleeping for 0.11673767422325909 seconds
Request model_5#76 arrives at 1667799.602513905, sleeping for 0.2504224004223943 seconds
Request model_2#35 arrives at 1667799.853310908, sleeping for 0.10942305927164853 seconds
Request model_5#77 arrives at 1667799.963536894, sleeping for 0.33870764053426683 seconds
Request model_2#36 arrives at 1667800.30325307, sleeping for 0.5836862542200834 seconds
Request model_3#57 arrives at 1667800.887258171, sleeping for 0.08118404704146087 seconds
Request model_2#37 arrives at 1667800.969271942, sleeping for 0.08495701779611409 seconds
Request model_3#58 arrives at 1667801.055183484, sleeping for 0.12251628190279007 seconds
Request model_2#38 arrives at 1667801.178081907, sleeping for 0.06502977828495204 seconds
Request model_6#28 arrives at 1667801.243998806, sleeping for 0.5292084570974112 seconds
Request model_5#78 arrives at 1667801.774919474, sleeping for 0.02854807418771088 seconds
Request model_6#29 arrives at 1667801.804464267, sleeping for 0.052954999497160316 seconds
Request model_2#39 arrives at 1667801.858238566, sleeping for 0.16829122137278318 seconds
Request model_2#40 arrives at 1667802.027269678, sleeping for 0.6528458495158702 seconds
Request model_3#59 arrives at 1667802.681188718, sleeping for 0.054972856771200895 seconds
Request model_5#79 arrives at 1667802.737246283, sleeping for 0.24135139235295355 seconds
Request model_2#41 arrives at 1667802.979739662, sleeping for 0.37336532096378505 seconds
Request model_4#27 arrives at 1667803.354629946, sleeping for 0.0664351973682642 seconds
Request model_3#60 arrives at 1667803.421699045, sleeping for 0.23246978176757693 seconds
Request model_4#28 arrives at 1667803.654996224, sleeping for 0.13832177058793604 seconds
Request model_3#61 arrives at 1667803.7942497, sleeping for 0.12086609238758683 seconds
Request model_1#19 arrives at 1667803.916381866, sleeping for 0.2287003332749009 seconds
Request model_5#80 arrives at 1667804.147175257, sleeping for 0.036397096933797 seconds
Request model_6#30 arrives at 1667804.185062974, sleeping for 0.1583479142282158 seconds
Request model_1#20 arrives at 1667804.344214951, sleeping for 0.005704763811081648 seconds
Request model_3#62 arrives at 1667804.350159947, sleeping for 0.2518151996191591 seconds
Request model_5#81 arrives at 1667804.602678432, sleeping for 0.05566991865634918 seconds
Request model_4#29 arrives at 1667804.658686087, sleeping for 0.08184899343177676 seconds
Request model_3#63 arrives at 1667804.741462955, sleeping for 0.08195274043828249 seconds
Request model_6#31 arrives at 1667804.824234493, sleeping for 0.01750406576320529 seconds
Request model_3#64 arrives at 1667804.841966607, sleeping for 0.2037945322226733 seconds
Request model_1#21 arrives at 1667805.047185223, sleeping for 0.2627296259161085 seconds
Request model_5#82 arrives at 1667805.310751713, sleeping for 0.0708862345200032 seconds
Request model_4#30 arrives at 1667805.383858197, sleeping for 0.33129208092577755 seconds
Request model_5#83 arrives at 1667805.716610621, sleeping for 0.12623381312005222 seconds
Request model_2#42 arrives at 1667805.843778035, sleeping for 0.04149974184110761 seconds
Request model_6#32 arrives at 1667805.885638693, sleeping for 0.18740574456751347 seconds
Request model_6#33 arrives at 1667806.073570938, sleeping for 0.1129581646528095 seconds
Request model_5#84 arrives at 1667806.187561563, sleeping for 0.12950570206157863 seconds
Request model_2#43 arrives at 1667806.317630899, sleeping for 0.13101470610126853 seconds
Request model_3#65 arrives at 1667806.449521539, sleeping for 0.1833530447911471 seconds
Request model_2#44 arrives at 1667806.633650506, sleeping for 0.2844337422866374 seconds
Request model_3#66 arrives at 1667806.918594577, sleeping for 0.06223672488704324 seconds
Request model_3#67 arrives at 1667806.981961848, sleeping for 0.38254156545735896 seconds
Request model_3#68 arrives at 1667807.365050683, sleeping for 0.026851315051317215 seconds
Request model_3#69 arrives at 1667807.392927685, sleeping for 0.12580938218161464 seconds
Request model_5#85 arrives at 1667807.519768287, sleeping for 0.08476151805371046 seconds
Request model_4#31 arrives at 1667807.606138832, sleeping for 0.061274779960513115 seconds
Request model_5#86 arrives at 1667807.668200293, sleeping for 0.015736659988760948 seconds
Request model_6#34 arrives at 1667807.68499241, sleeping for 0.11258075200021267 seconds
Request model_2#45 arrives at 1667807.798693752, sleeping for 0.07680170214734972 seconds
Request model_6#35 arrives at 1667807.877122987, sleeping for 0.0400253483094275 seconds
Request model_4#32 arrives at 1667807.917900196, sleeping for 0.14670729008503258 seconds
Request model_3#70 arrives at 1667808.065763928, sleeping for 0.09141837269999087 seconds
Request model_2#46 arrives at 1667808.157663655, sleeping for 0.3002905612811446 seconds
Request model_5#87 arrives at 1667808.458885199, sleeping for 0.0013163567055016756 seconds
Request model_3#71 arrives at 1667808.460944775, sleeping for 0.06317854253575206 seconds
Request model_4#33 arrives at 1667808.524671138, sleeping for 0.11941507295705378 seconds
Request model_2#47 arrives at 1667808.64485075, sleeping for 0.0015479358844459057 seconds
Request model_2#48 arrives at 1667808.646581123, sleeping for 0.1086047450080514 seconds
Request model_3#72 arrives at 1667808.755761961, sleeping for 0.0838958784006536 seconds
Request model_2#49 arrives at 1667808.840081511, sleeping for 0.14416586933657527 seconds
Request model_5#88 arrives at 1667808.985871586, sleeping for 0.11357613606378436 seconds
Request model_4#34 arrives at 1667809.099681849, sleeping for 0.01086405012756586 seconds
Request model_5#89 arrives at 1667809.111435138, sleeping for 0.0613242972176522 seconds
Request model_4#35 arrives at 1667809.172995865, sleeping for 0.13660579291172326 seconds
Request model_5#90 arrives at 1667809.310844311, sleeping for 0.11556326388381422 seconds
Request model_5#91 arrives at 1667809.426630039, sleeping for 0.26208178978413343 seconds
Request model_2#50 arrives at 1667809.690193118, sleeping for 0.028081246884539723 seconds
Request model_5#92 arrives at 1667809.719021256, sleeping for 0.0084915179759264 seconds
Request model_5#93 arrives at 1667809.727729332, sleeping for 0.01965765212662518 seconds
Request model_4#36 arrives at 1667809.748442009, sleeping for 0.0385060494299978 seconds
Request model_2#51 arrives at 1667809.787148353, sleeping for 0.1457777968607843 seconds
Request model_3#73 arrives at 1667809.933986027, sleeping for 0.26503300084732473 seconds
Request model_4#37 arrives at 1667810.200019274, sleeping for 0.4072114422451705 seconds
Request model_5#94 arrives at 1667810.608481212, sleeping for 0.047106029000133276 seconds
Request model_1#22 arrives at 1667810.656392415, sleeping for 0.030032478272914886 seconds
Request model_5#95 arrives at 1667810.687679193, sleeping for 0.10310312593355775 seconds
Request model_4#38 arrives at 1667810.792472727, sleeping for 0.16008770326152444 seconds
Request model_2#52 arrives at 1667810.953181826, sleeping for 0.22566279815509915 seconds
Request model_3#74 arrives at 1667811.179057109, sleeping for 0.029464517952874303 seconds
Request model_4#39 arrives at 1667811.208813885, sleeping for 0.14862929238006473 seconds
Request model_4#40 arrives at 1667811.358057377, sleeping for 0.45588375674560666 seconds
Request model_1#23 arrives at 1667811.814683949, sleeping for 0.04763408284634352 seconds
Request model_2#53 arrives at 1667811.862486402, sleeping for 0.1926166913472116 seconds
Request model_4#41 arrives at 1667812.055811908, sleeping for 0.08067103289067745 seconds
Request model_6#36 arrives at 1667812.136746272, sleeping for 0.045740187633782625 seconds
Request model_3#75 arrives at 1667812.183524517, sleeping for 0.1736299954354763 seconds
Request model_2#54 arrives at 1667812.359428181, sleeping for 0.06685712584294379 seconds
Request model_6#37 arrives at 1667812.428310753, sleeping for 0.05863225809298456 seconds
Request model_6#38 arrives at 1667812.489079534, sleeping for 0.22278950666077435 seconds
Request model_5#96 arrives at 1667812.712382887, sleeping for 0.06484251096844673 seconds
Request model_5#97 arrives at 1667812.778279657, sleeping for 0.04141122009605169 seconds
Request model_5#98 arrives at 1667812.819960593, sleeping for 0.16777866519987583 seconds
Request model_5#99 arrives at 1667812.988146648, sleeping for 0.027686816407367587 seconds
Request model_3#76 arrives at 1667813.016088941, sleeping for 0.04052299680188298 seconds
Request model_6#39 arrives at 1667813.058125309, sleeping for 0.053803269285708666 seconds
Request model_5#100 arrives at 1667813.112876114, sleeping for 0.0018655431922525167 seconds
Request model_3#77 arrives at 1667813.115749276, sleeping for 0.05117777921259403 seconds
Request model_6#40 arrives at 1667813.167472559, sleeping for 0.13295613345690072 seconds
Request model_3#78 arrives at 1667813.301334144, sleeping for 0.030132457613945007 seconds
Request model_3#79 arrives at 1667813.332182118, sleeping for 0.016498200595378876 seconds
Request model_4#42 arrives at 1667813.348954095, sleeping for 0.0420234240591526 seconds
Request model_3#80 arrives at 1667813.391520778, sleeping for 0.15816730610094965 seconds
Request model_5#101 arrives at 1667813.550298651, sleeping for 0.0034661840181797743 seconds
Request model_5#102 arrives at 1667813.554181281, sleeping for 0.024601291632279754 seconds
Request model_6#41 arrives at 1667813.579893366, sleeping for 0.2641981083434075 seconds
Request model_5#103 arrives at 1667813.844877496, sleeping for 0.2916006336454302 seconds
Request model_2#55 arrives at 1667814.137257903, sleeping for 0.21851727785542607 seconds
Request model_3#81 arrives at 1667814.356808598, sleeping for 0.02331015979871154 seconds
Request model_1#24 arrives at 1667814.38081521, sleeping for 0.3024434738326818 seconds
Request model_1#25 arrives at 1667814.683867558, sleeping for 0.053730282466858625 seconds
Request model_1#26 arrives at 1667814.737991378, sleeping for 0.10460047191008925 seconds
Request model_5#104 arrives at 1667814.84377001, sleeping for 0.2952418066561222 seconds
Request model_1#27 arrives at 1667815.140254129, sleeping for 0.3326491746120155 seconds
Request model_3#82 arrives at 1667815.474976597, sleeping for 0.05118531407788396 seconds
Request model_3#83 arrives at 1667815.527061812, sleeping for 0.0785659144166857 seconds
Request model_2#56 arrives at 1667815.60593706, sleeping for 0.03324182564392686 seconds
Request model_2#57 arrives at 1667815.640544403, sleeping for 0.06380362855270505 seconds
Request model_5#105 arrives at 1667815.705330304, sleeping for 0.08516074251383543 seconds
Request model_3#84 arrives at 1667815.791444857, sleeping for 0.05571550060994923 seconds
Request model_2#58 arrives at 1667815.847569202, sleeping for 0.04749948997050524 seconds
Request model_2#59 arrives at 1667815.895703148, sleeping for 0.014349049422889948 seconds
Request model_5#106 arrives at 1667815.91047705, sleeping for 0.11295085167512298 seconds
Request model_5#107 arrives at 1667816.023778809, sleeping for 0.053676420357078314 seconds
Request model_3#85 arrives at 1667816.078622054, sleeping for 0.042425123043358326 seconds
Request model_5#108 arrives at 1667816.121390909, sleeping for 0.15451144729740918 seconds
Request model_5#109 arrives at 1667816.276680526, sleeping for 0.0353500354103744 seconds
Request model_4#43 arrives at 1667816.312430248, sleeping for 0.059807779965922236 seconds
Request model_4#44 arrives at 1667816.373463421, sleeping for 0.17325047124177217 seconds
Request model_6#42 arrives at 1667816.54748665, sleeping for 0.03026684606447816 seconds
Request model_5#110 arrives at 1667816.578878928, sleeping for 0.03422131878323853 seconds
Request model_6#43 arrives at 1667816.613537251, sleeping for 0.1340674008242786 seconds
Request model_6#44 arrives at 1667816.748771896, sleeping for 0.04276680340990424 seconds
Request model_6#45 arrives at 1667816.791817023, sleeping for 0.01627767365425825 seconds
Request model_5#111 arrives at 1667816.809148064, sleeping for 0.16738779679872096 seconds
Request model_5#112 arrives at 1667816.977575341, sleeping for 0.022256969939917326 seconds
Request model_6#46 arrives at 1667817.000790547, sleeping for 0.08033241727389395 seconds
Request model_3#86 arrives at 1667817.082127074, sleeping for 0.3380582295358181 seconds
Request model_3#87 arrives at 1667817.421652539, sleeping for 0.17790736234746873 seconds
Request model_3#88 arrives at 1667817.600468015, sleeping for 0.17013815743848681 seconds
Request model_6#47 arrives at 1667817.771569092, sleeping for 0.1918344374280423 seconds
Request model_3#89 arrives at 1667817.963765519, sleeping for 0.06018599774688482 seconds
Request model_2#60 arrives at 1667818.024996954, sleeping for 0.00788484187796712 seconds
Request model_1#28 arrives at 1667818.03374311, sleeping for 0.05823927489109337 seconds
Request model_5#113 arrives at 1667818.092453685, sleeping for 0.211780889891088 seconds
Request model_5#114 arrives at 1667818.304929286, sleeping for 0.3787718662060797 seconds
Request model_4#45 arrives at 1667818.684713886, sleeping for 0.014323074603453279 seconds
Request model_3#90 arrives at 1667818.700033132, sleeping for 0.11363037652336061 seconds
Request model_4#46 arrives at 1667818.81443575, sleeping for 0.020140863256528974 seconds
Request model_1#29 arrives at 1667818.83553702, sleeping for 0.027566532837226987 seconds
Request model_3#91 arrives at 1667818.864402359, sleeping for 0.009566991589963436 seconds
Request model_6#48 arrives at 1667818.874455515, sleeping for 0.023666630033403635 seconds
Request model_3#92 arrives at 1667818.898960101, sleeping for 0.06529650185257196 seconds
Request model_4#47 arrives at 1667818.965358604, sleeping for 0.2589765843003988 seconds
Request model_3#93 arrives at 1667819.224842742, sleeping for 0.048643086571246386 seconds
Request model_3#94 arrives at 1667819.274446168, sleeping for 0.07829350582323968 seconds
Request model_3#95 arrives at 1667819.353046344, sleeping for 0.02280893549323082 seconds
Request model_5#115 arrives at 1667819.376820304, sleeping for 0.10246426006779075 seconds
Request model_2#61 arrives at 1667819.479590294, sleeping for 0.08630620478652418 seconds
Request model_5#116 arrives at 1667819.566396232, sleeping for 0.35247886879369617 seconds
Request model_5#117 arrives at 1667819.919240137, sleeping for 0.15316825755871832 seconds
Request model_5#118 arrives at 1667820.073299195, sleeping for 0.2745524924248457 seconds
Request model_5#119 arrives at 1667820.348837915, sleeping for 0.02924680500291288 seconds
Request model_5#120 arrives at 1667820.379231715, sleeping for 0.07341761980205774 seconds
Request model_5#121 arrives at 1667820.453347447, sleeping for 0.12382268463261425 seconds
Request model_3#96 arrives at 1667820.577441888, sleeping for 0.09441897948272526 seconds
Request model_1#30 arrives at 1667820.67265195, sleeping for 0.06652721390128136 seconds
Request model_3#97 arrives at 1667820.739714638, sleeping for 0.01606435328722 seconds
Request model_2#62 arrives at 1667820.756032633, sleeping for 0.0508480288553983 seconds
Request model_5#122 arrives at 1667820.807938966, sleeping for 0.000949488952755928 seconds
Request model_4#48 arrives at 1667820.809958081, sleeping for 0.22344403341412544 seconds
Request model_1#31 arrives at 1667821.03405549, sleeping for 0.005282909609377384 seconds
Request model_5#123 arrives at 1667821.039914305, sleeping for 0.2574130748398602 seconds
Request model_5#124 arrives at 1667821.298351084, sleeping for 0.09855042491108179 seconds
Request model_5#125 arrives at 1667821.397382915, sleeping for 0.16826492315158248 seconds
Request model_4#49 arrives at 1667821.566004534, sleeping for 0.09239180106669664 seconds
Request model_3#98 arrives at 1667821.659064749, sleeping for 0.031005178578197956 seconds
Request model_3#99 arrives at 1667821.691175963, sleeping for 0.07505741808563471 seconds
Request model_1#32 arrives at 1667821.766731486, sleeping for 0.02962851501069963 seconds
Request model_2#63 arrives at 1667821.796880085, sleeping for 0.2625889969058335 seconds
Request model_2#64 arrives at 1667822.060471553, sleeping for 0.07482746848836541 seconds
Request model_3#100 arrives at 1667822.135817884, sleeping for 0.13005821942351758 seconds
Request model_6#49 arrives at 1667822.266210703, sleeping for 0.40175451431423426 seconds
Request model_5#126 arrives at 1667822.669596932, sleeping for 0.16805512318387628 seconds
Request model_3#101 arrives at 1667822.838420082, sleeping for 0.05103956791572273 seconds
Request model_3#102 arrives at 1667822.890307195, sleeping for 0.24688513414002955 seconds
Request model_5#127 arrives at 1667823.137750971, sleeping for 0.06746346852742136 seconds
Request model_2#65 arrives at 1667823.207241358, sleeping for 0.013335944386199117 seconds
Request model_2#66 arrives at 1667823.220923792, sleeping for 0.04478705138899386 seconds
Request model_5#128 arrives at 1667823.26681403, sleeping for 0.2118307112250477 seconds
Request model_5#129 arrives at 1667823.479555513, sleeping for 0.04697400541044772 seconds
Request model_2#67 arrives at 1667823.527672227, sleeping for 0.15427434025332332 seconds
Request model_6#50 arrives at 1667823.682483121, sleeping for 0.1514220943208784 seconds
Request model_5#130 arrives at 1667823.834303952, sleeping for 0.2325375892687589 seconds
Request model_3#103 arrives at 1667824.067593081, sleeping for 0.07912696595303714 seconds
Request model_5#131 arrives at 1667824.147084454, sleeping for 0.09704412799328566 seconds
Request model_2#68 arrives at 1667824.245313009, sleeping for 0.024018293945118785 seconds
Request model_4#50 arrives at 1667824.270417749, sleeping for 0.10201647179201245 seconds
Request model_3#104 arrives at 1667824.372798045, sleeping for 0.007683651987463236 seconds
Request model_2#69 arrives at 1667824.380702925, sleeping for 0.14460272970609367 seconds
Request model_5#132 arrives at 1667824.525524593, sleeping for 0.03445484209805727 seconds
Request model_2#70 arrives at 1667824.560345487, sleeping for 0.3630273842718452 seconds
Request model_5#133 arrives at 1667824.923726802, sleeping for 0.006675973068922758 seconds
Request model_1#33 arrives at 1667824.931177069, sleeping for 0.004691943991929293 seconds
Request model_4#51 arrives at 1667824.936521159, sleeping for 0.02590342704206705 seconds
Request model_3#105 arrives at 1667824.962663347, sleeping for 0.2753025295678526 seconds
Request model_4#52 arrives at 1667825.238898342, sleeping for 0.08189520938321948 seconds
Request model_5#134 arrives at 1667825.321401947, sleeping for 0.05113180656917393 seconds
Request model_2#71 arrives at 1667825.373619233, sleeping for 0.08784139645285904 seconds
Request model_5#135 arrives at 1667825.462391606, sleeping for 0.07141266320832074 seconds
Request model_6#51 arrives at 1667825.535466891, sleeping for 0.0698177379090339 seconds
Request model_1#34 arrives at 1667825.605661433, sleeping for 0.23478151625022292 seconds
Request model_2#72 arrives at 1667825.841184798, sleeping for 0.02310598804615438 seconds
Request model_3#106 arrives at 1667825.865325541, sleeping for 0.0387864971999079 seconds
Request model_5#136 arrives at 1667825.904283497, sleeping for 0.04581904737278819 seconds
Request model_4#53 arrives at 1667825.95215426, sleeping for 0.127074942458421 seconds
Request model_3#107 arrives at 1667826.08017716, sleeping for 0.009838519617915154 seconds
Request model_5#137 arrives at 1667826.091220454, sleeping for 0.048489333828911185 seconds
Request model_6#52 arrives at 1667826.140128705, sleeping for 0.11340909078717232 seconds
Request model_3#108 arrives at 1667826.254311451, sleeping for 0.1458387291058898 seconds
Request model_3#109 arrives at 1667826.4019778, sleeping for 0.08821849571540952 seconds
Request model_2#73 arrives at 1667826.491284387, sleeping for 0.7396426117047668 seconds
Request model_3#110 arrives at 1667827.232168594, sleeping for 0.14430739264935255 seconds
Request model_5#138 arrives at 1667827.376884761, sleeping for 0.0010587433353066444 seconds
Request model_5#139 arrives at 1667827.378862526, sleeping for 0.07919916464015841 seconds
Request model_6#53 arrives at 1667827.458608121, sleeping for 0.08413788862526417 seconds
Request model_6#54 arrives at 1667827.543373854, sleeping for 0.2072395421564579 seconds
Request model_3#111 arrives at 1667827.750935267, sleeping for 0.0012363072019070387 seconds
Request model_5#140 arrives at 1667827.752904632, sleeping for 0.02010896266438067 seconds
Request model_5#141 arrives at 1667827.773659009, sleeping for 0.013868673937395215 seconds
Request model_1#35 arrives at 1667827.788366171, sleeping for 0.12352021760307252 seconds
Request model_1#36 arrives at 1667827.912817814, sleeping for 0.5430734679102898 seconds
Request model_2#74 arrives at 1667828.456557717, sleeping for 0.06012930371798575 seconds
Request model_5#142 arrives at 1667828.517839211, sleeping for 0.11392613220959902 seconds
Request model_3#112 arrives at 1667828.632710872, sleeping for 0.08795166271738708 seconds
Request model_2#75 arrives at 1667828.722745015, sleeping for 0.2669552464503795 seconds
Request model_6#55 arrives at 1667828.990052151, sleeping for 0.07179821259342134 seconds
Request model_5#143 arrives at 1667829.06246304, sleeping for 0.013728898949921131 seconds
Request model_5#144 arrives at 1667829.077236032, sleeping for 0.3202034174464643 seconds
Request model_2#76 arrives at 1667829.39878777, sleeping for 0.08801547647453845 seconds
Request model_6#56 arrives at 1667829.488596861, sleeping for 0.03094181092455983 seconds
Request model_3#113 arrives at 1667829.520704584, sleeping for 0 seconds
Request model_5#145 arrives at 1667829.521549151, sleeping for 0.04004139918833971 seconds
Request model_3#114 arrives at 1667829.562676523, sleeping for 0.14682578737847507 seconds
Request model_2#77 arrives at 1667829.710743755, sleeping for 0.04111018357798457 seconds
Request model_5#146 arrives at 1667829.752746744, sleeping for 0.2539003291167319 seconds
Request model_6#57 arrives at 1667830.007471425, sleeping for 0.06101986952126026 seconds
Request model_5#147 arrives at 1667830.069029542, sleeping for 0.0256068198941648 seconds
Request model_4#54 arrives at 1667830.095357851, sleeping for 0.06444252119399607 seconds
Request model_3#115 arrives at 1667830.161070079, sleeping for 0.2930668657645583 seconds
Request model_4#55 arrives at 1667830.454707155, sleeping for 0.07459780480712652 seconds
Request model_5#148 arrives at 1667830.529848565, sleeping for 0.07057397835887969 seconds
Request model_6#58 arrives at 1667830.600734862, sleeping for 0.07976617314852774 seconds
Request model_6#59 arrives at 1667830.681412924, sleeping for 0.03767573647201061 seconds
Request model_2#78 arrives at 1667830.719287571, sleeping for 0.07673582341521978 seconds
Request model_3#116 arrives at 1667830.797068611, sleeping for 0.06452279910445213 seconds
Request model_2#79 arrives at 1667830.862156404, sleeping for 0.012283369898796082 seconds
Request model_5#149 arrives at 1667830.874980811, sleeping for 0.043689227662980556 seconds
Request model_3#117 arrives at 1667830.91971786, sleeping for 0.08420477458275855 seconds
Request model_6#60 arrives at 1667831.004994397, sleeping for 0.04978152201510966 seconds
Request model_6#61 arrives at 1667831.055137207, sleeping for 0.30247100768610835 seconds
Request model_2#80 arrives at 1667831.358387096, sleeping for 0.27138645807281137 seconds
Request model_4#56 arrives at 1667831.630161446, sleeping for 0.11064125993289053 seconds
Request model_3#118 arrives at 1667831.741792602, sleeping for 0.06646842742338777 seconds
Request model_6#62 arrives at 1667831.808958332, sleeping for 0.36046605883166194 seconds
Request model_6#63 arrives at 1667832.17017149, sleeping for 0.0030148045625537634 seconds
Request model_5#150 arrives at 1667832.17420701, sleeping for 0.25127715547569096 seconds
Request model_5#151 arrives at 1667832.426199691, sleeping for 0.061098368372768164 seconds
Request model_5#152 arrives at 1667832.488421283, sleeping for 0.06915433704853058 seconds
Request model_3#119 arrives at 1667832.557787508, sleeping for 0.18989274674095213 seconds
Request model_4#57 arrives at 1667832.74787534, sleeping for 0.1556154228746891 seconds
Request model_1#37 arrives at 1667832.904747079, sleeping for 0.011534499237313867 seconds
Request model_4#58 arrives at 1667832.917056712, sleeping for 0.020434309961274266 seconds
Request model_3#120 arrives at 1667832.938078881, sleeping for 0.16885359305888414 seconds
Request model_5#153 arrives at 1667833.107944039, sleeping for 0.36935101822018623 seconds
Request model_6#64 arrives at 1667833.477925144, sleeping for 0.019391800044104457 seconds
Request model_5#154 arrives at 1667833.498658681, sleeping for 0.011091793421655893 seconds
Request model_2#81 arrives at 1667833.510839393, sleeping for 0.12525749439373612 seconds
Request model_6#65 arrives at 1667833.63701862, sleeping for 0.09432679507881403 seconds
Request model_6#66 arrives at 1667833.732170341, sleeping for 0.20262801460921764 seconds
Request model_4#59 arrives at 1667833.93512056, sleeping for 0.037082112627103925 seconds
Request model_6#67 arrives at 1667833.972511873, sleeping for 0.08640161668881774 seconds
Request model_3#121 arrives at 1667834.059315461, sleeping for 0.0066682458855211735 seconds
Request model_4#60 arrives at 1667834.06703406, sleeping for 0.019489415688440204 seconds
Request model_3#122 arrives at 1667834.086729099, sleeping for 0.02320566331036389 seconds
Request model_4#61 arrives at 1667834.11058573, sleeping for 0.15363134839572012 seconds
Request model_5#155 arrives at 1667834.264847589, sleeping for 0.2860721619799733 seconds
Request model_3#123 arrives at 1667834.551891035, sleeping for 0.04843395994976163 seconds
Request model_5#156 arrives at 1667834.60133711, sleeping for 0.01096146903000772 seconds
Request model_5#157 arrives at 1667834.612638086, sleeping for 0.01606289343908429 seconds
Request model_5#158 arrives at 1667834.629709665, sleeping for 0.03083291556686163 seconds
Request model_3#124 arrives at 1667834.661097053, sleeping for 0.042879929300397635 seconds
Request model_6#68 arrives at 1667834.704784194, sleeping for 0.35529033024795353 seconds
Request model_5#159 arrives at 1667835.061354637, sleeping for 0.01985296467319131 seconds
Request model_5#160 arrives at 1667835.0815835, sleeping for 0.12296402733772993 seconds
Request model_3#125 arrives at 1667835.205420089, sleeping for 0.014084267895668745 seconds
Request model_2#82 arrives at 1667835.220402332, sleeping for 0.2011461805086583 seconds
Request model_3#126 arrives at 1667835.422010261, sleeping for 0.5534933228045702 seconds
Request model_1#38 arrives at 1667835.976450084, sleeping for 0.23430006299167871 seconds
Request model_2#83 arrives at 1667836.211736558, sleeping for 0.06160102901048958 seconds
Request model_6#69 arrives at 1667836.273834508, sleeping for 0.04945879662409425 seconds
Request model_4#62 arrives at 1667836.323433324, sleeping for 0.08080577151849866 seconds
Request model_3#127 arrives at 1667836.405083293, sleeping for 0.10600852989591658 seconds
Request model_3#128 arrives at 1667836.511766192, sleeping for 0.1964492490515113 seconds
Request model_4#63 arrives at 1667836.709258959, sleeping for 0.0036603633780032396 seconds
Request model_3#129 arrives at 1667836.71335662, sleeping for 0.08383770962245762 seconds
Request model_4#64 arrives at 1667836.797967201, sleeping for 0.20709271752275527 seconds
Request model_5#161 arrives at 1667837.00627138, sleeping for 0.07905825530178845 seconds
Request model_5#162 arrives at 1667837.085961554, sleeping for 0.14678892958909273 seconds
Request model_3#130 arrives at 1667837.234835203, sleeping for 0.1057958013843745 seconds
Request model_6#70 arrives at 1667837.341452911, sleeping for 0.0777686529327184 seconds
Request model_3#131 arrives at 1667837.419668744, sleeping for 0.15143440617248416 seconds
Request model_3#132 arrives at 1667837.571785477, sleeping for 0.3199823247268796 seconds
Request model_6#71 arrives at 1667837.892056135, sleeping for 0.016881844028830528 seconds
Request model_3#133 arrives at 1667837.909151674, sleeping for 0.06278060982003808 seconds
Request model_2#84 arrives at 1667837.972827057, sleeping for 0.12703628931194544 seconds
Request model_5#163 arrives at 1667838.100150592, sleeping for 0.23693034844473004 seconds
Request model_4#65 arrives at 1667838.339254704, sleeping for 0.2580475904978812 seconds
Request model_5#164 arrives at 1667838.59856891, sleeping for 0.059703884879127145 seconds
Request model_5#165 arrives at 1667838.658722676, sleeping for 0.0807160756085068 seconds
Request model_3#134 arrives at 1667838.740156643, sleeping for 0.16633168561384082 seconds
Request model_3#135 arrives at 1667838.908555779, sleeping for 0.11254638526588678 seconds
Request model_1#39 arrives at 1667839.021968629, sleeping for 0.12541913660243154 seconds
Request model_2#85 arrives at 1667839.148092775, sleeping for 0.01218333700671792 seconds
Request model_3#136 arrives at 1667839.160490039, sleeping for 0.004986352287232876 seconds
Request model_2#86 arrives at 1667839.166197672, sleeping for 0.03971978696063161 seconds
Request model_2#87 arrives at 1667839.206912101, sleeping for 0 seconds
Request model_2#88 arrives at 1667839.207277443, sleeping for 0.029364120680838823 seconds
Request model_3#137 arrives at 1667839.23717794, sleeping for 0.19346077367663383 seconds
Request model_5#166 arrives at 1667839.431533654, sleeping for 0.01998777803964913 seconds
Request model_3#138 arrives at 1667839.452611253, sleeping for 0.09949015290476382 seconds
Request model_6#72 arrives at 1667839.553206526, sleeping for 0.44561623176559806 seconds
Request model_3#139 arrives at 1667840.000102233, sleeping for 0.064474020851776 seconds
Request model_5#167 arrives at 1667840.064891744, sleeping for 0.0685791342984885 seconds
Request model_3#140 arrives at 1667840.133992528, sleeping for 0.4128194360528141 seconds
Request model_2#89 arrives at 1667840.547550092, sleeping for 0.1488116830587387 seconds
Request model_2#90 arrives at 1667840.697850662, sleeping for 0.28688220540061593 seconds
Request model_3#141 arrives at 1667840.985713284, sleeping for 0.03781693149358034 seconds
Request model_2#91 arrives at 1667841.024156175, sleeping for 0.0065848976373672485 seconds
Request model_2#92 arrives at 1667841.031060008, sleeping for 0.011404668213799596 seconds
Request model_6#73 arrives at 1667841.042760766, sleeping for 0.26384180691093206 seconds
Request model_2#93 arrives at 1667841.308110387, sleeping for 0.15889596310444176 seconds
Request model_6#74 arrives at 1667841.468205211, sleeping for 0.22672705654986203 seconds
Request model_5#168 arrives at 1667841.695949267, sleeping for 0.0025189232546836138 seconds
Request model_4#66 arrives at 1667841.698867489, sleeping for 0.04969667503610253 seconds
Request model_4#67 arrives at 1667841.749356532, sleeping for 0.02549862815067172 seconds
Request model_6#75 arrives at 1667841.775070647, sleeping for 0.22506618429906666 seconds
Request model_1#40 arrives at 1667842.002262319, sleeping for 0.10711231851018965 seconds
Request model_5#169 arrives at 1667842.110453119, sleeping for 0.2630780900362879 seconds
Request model_6#76 arrives at 1667842.375316176, sleeping for 0.1647581506986171 seconds
Request model_2#94 arrives at 1667842.541174683, sleeping for 0.1593086738139391 seconds
Request model_5#170 arrives at 1667842.701045275, sleeping for 0.09861148474738002 seconds
Request model_5#171 arrives at 1667842.800738631, sleeping for 0.227998721646145 seconds
Request model_5#172 arrives at 1667843.029782537, sleeping for 0.0335333903785795 seconds
Request model_4#68 arrives at 1667843.063970836, sleeping for 0.2385163176804781 seconds
Request model_5#173 arrives at 1667843.304247757, sleeping for 0.07306612539105117 seconds
Request model_5#174 arrives at 1667843.378997113, sleeping for 0.16342317615635693 seconds
Request model_5#175 arrives at 1667843.543302679, sleeping for 0.2839546899776906 seconds
Request model_5#176 arrives at 1667843.829479048, sleeping for 0.04202041821554303 seconds
Request model_3#142 arrives at 1667843.872091571, sleeping for 0.17497714329510927 seconds
Request model_6#77 arrives at 1667844.048912851, sleeping for 0.04941383725963533 seconds
Request model_3#143 arrives at 1667844.099453814, sleeping for 0.20519588771276176 seconds
Request model_4#69 arrives at 1667844.305625407, sleeping for 0.2220761775970459 seconds
Request model_6#78 arrives at 1667844.528851478, sleeping for 0.14573579258285463 seconds
Request model_6#79 arrives at 1667844.674901476, sleeping for 0.0444537503644824 seconds
Request model_4#70 arrives at 1667844.719852526, sleeping for 0.39208232099190354 seconds
Request model_6#80 arrives at 1667845.11221287, sleeping for 0.0012025779578834772 seconds
Request model_3#144 arrives at 1667845.114537068, sleeping for 0.025570438243448734 seconds
Request model_3#145 arrives at 1667845.140611005, sleeping for 0.01861997414380312 seconds
Request model_5#177 arrives at 1667845.160540886, sleeping for 0.04781449888832867 seconds
Request model_6#81 arrives at 1667845.209519858, sleeping for 0.0043719622772186995 seconds
Request model_3#146 arrives at 1667845.214204943, sleeping for 0.3942692410200834 seconds
Request model_6#82 arrives at 1667845.609145906, sleeping for 0.19034056621603668 seconds
Request model_6#83 arrives at 1667845.800329195, sleeping for 0.04823775519616902 seconds
Request model_4#71 arrives at 1667845.849376897, sleeping for 0.4263565440196544 seconds
Request model_3#147 arrives at 1667846.276639825, sleeping for 0.13599705114029348 seconds
Request model_5#178 arrives at 1667846.413022709, sleeping for 0.057033706456422806 seconds
Request model_4#72 arrives at 1667846.470311443, sleeping for 0.0071227955631911755 seconds
Request model_3#148 arrives at 1667846.478084342, sleeping for 0.08284582104533911 seconds
Request model_6#84 arrives at 1667846.561828807, sleeping for 0.14759918861091137 seconds
Request model_3#149 arrives at 1667846.709726057, sleeping for 0.0550628665369004 seconds
Request model_4#73 arrives at 1667846.76556923, sleeping for 0.13617644552141428 seconds
Request model_4#74 arrives at 1667846.903709498, sleeping for 0.10075291246175766 seconds
Request model_4#75 arrives at 1667847.00557605, sleeping for 0.027900872752070427 seconds
Request model_6#85 arrives at 1667847.033962395, sleeping for 0.3794836380984634 seconds
Request model_2#95 arrives at 1667847.413775373, sleeping for 0.10266157542355359 seconds
Request model_5#179 arrives at 1667847.51753018, sleeping for 0.1405454317573458 seconds
Request model_5#180 arrives at 1667847.658681489, sleeping for 0.07743261056020856 seconds
Request model_5#181 arrives at 1667847.736423589, sleeping for 0.051444430369883776 seconds
Request model_6#86 arrives at 1667847.788886026, sleeping for 0.15846427553333342 seconds
Request model_6#87 arrives at 1667847.949400752, sleeping for 0.27486732159741223 seconds
Request model_3#150 arrives at 1667848.224678719, sleeping for 0.008190158056095243 seconds
Request model_5#182 arrives at 1667848.233716257, sleeping for 0.15324342693202198 seconds
Request model_3#151 arrives at 1667848.387703504, sleeping for 0.20112480246461928 seconds
Request model_5#183 arrives at 1667848.591515309, sleeping for 0.029228438157588243 seconds
Request model_5#184 arrives at 1667848.621551616, sleeping for 0.10356535529717803 seconds
Request model_3#152 arrives at 1667848.726992126, sleeping for 0.07456025155261159 seconds
Request model_5#185 arrives at 1667848.801858523, sleeping for 0.17908195010386407 seconds
Request model_4#76 arrives at 1667848.981318553, sleeping for 0.14896171842701733 seconds
Request model_3#153 arrives at 1667849.131228619, sleeping for 0.09928869223222136 seconds
Request model_3#154 arrives at 1667849.231031665, sleeping for 0.029146803775802255 seconds
Request model_2#96 arrives at 1667849.261335605, sleeping for 0.001655596075579524 seconds
Request model_2#97 arrives at 1667849.263499612, sleeping for 0.010689995950087905 seconds
Request model_3#155 arrives at 1667849.274611966, sleeping for 0.19362196186557412 seconds
Request model_5#186 arrives at 1667849.469702224, sleeping for 0.015005079796537757 seconds
Request model_4#77 arrives at 1667849.485165341, sleeping for 0.08203083602711558 seconds
Request model_6#88 arrives at 1667849.568068729, sleeping for 0.15456871036440134 seconds
Request model_2#98 arrives at 1667849.723337117, sleeping for 0.025950286304578185 seconds
Request model_3#156 arrives at 1667849.75018103, sleeping for 0.047282581916078925 seconds
Request model_1#41 arrives at 1667849.797908012, sleeping for 0.2594898254610598 seconds
Request model_5#187 arrives at 1667850.058392326, sleeping for 0.01801056624390185 seconds
Request model_3#157 arrives at 1667850.078581439, sleeping for 0.06492999638430774 seconds
Request model_1#42 arrives at 1667850.144619419, sleeping for 0.39813151117414236 seconds
Request model_5#188 arrives at 1667850.543731053, sleeping for 0.12892843503504992 seconds
Request model_3#158 arrives at 1667850.673566328, sleeping for 0.22409904608502984 seconds
Request model_5#189 arrives at 1667850.898066769, sleeping for 0.16305383085273206 seconds
Request model_2#99 arrives at 1667851.062743027, sleeping for 0.03487050789408386 seconds
Request model_3#159 arrives at 1667851.098331187, sleeping for 0.13591380510479212 seconds
Request model_2#100 arrives at 1667851.235146874, sleeping for 0.20891046128235757 seconds
Request model_6#89 arrives at 1667851.444655381, sleeping for 0.13372580124996603 seconds
Request model_4#78 arrives at 1667851.578987749, sleeping for 0.6037157457321882 seconds
Request model_4#79 arrives at 1667852.182998166, sleeping for 0.1756318372208625 seconds
Request model_3#160 arrives at 1667852.359867967, sleeping for 0.1706132844556123 seconds
Request model_5#190 arrives at 1667852.531490407, sleeping for 0.05856612720526755 seconds
Request model_6#90 arrives at 1667852.590929237, sleeping for 0.24538708478212357 seconds
Request model_3#161 arrives at 1667852.837889889, sleeping for 0.047031335067003965 seconds
Request model_6#91 arrives at 1667852.885713632, sleeping for 0.03369844239205122 seconds
Request model_5#191 arrives at 1667852.920489325, sleeping for 0.5476129648741335 seconds
Request model_2#101 arrives at 1667853.468465758, sleeping for 0.025440248427912593 seconds
Request model_5#192 arrives at 1667853.494270353, sleeping for 0.07789082080125809 seconds
Request model_3#162 arrives at 1667853.573117371, sleeping for 0.2530420327093452 seconds
Request model_5#193 arrives at 1667853.8264161, sleeping for 0.03541855467483401 seconds
Request model_5#194 arrives at 1667853.862561674, sleeping for 0.1462215364445001 seconds
Request model_5#195 arrives at 1667854.00983032, sleeping for 0.030068641295656562 seconds
Request model_6#92 arrives at 1667854.040291221, sleeping for 0.4510693175252527 seconds
Request model_2#102 arrives at 1667854.492497207, sleeping for 0.1676146404352039 seconds
Request model_2#103 arrives at 1667854.661129125, sleeping for 0.11318613705225289 seconds
Request model_3#163 arrives at 1667854.775564112, sleeping for 0.17446393193677068 seconds
Request model_3#164 arrives at 1667854.951722898, sleeping for 0.20308774197474122 seconds
Request model_4#80 arrives at 1667855.155374461, sleeping for 0.0405190228484571 seconds
Request model_4#81 arrives at 1667855.196273361, sleeping for 0.17369917454198003 seconds
Request model_2#104 arrives at 1667855.372186093, sleeping for 0.12769195204600692 seconds
Request model_4#82 arrives at 1667855.500907709, sleeping for 0.04420181200839579 seconds
Request model_2#105 arrives at 1667855.545399346, sleeping for 0.00543765677139163 seconds
Request model_6#93 arrives at 1667855.551770745, sleeping for 0.08838774473406374 seconds
Request model_5#196 arrives at 1667855.641053171, sleeping for 0.22761688940227032 seconds
Request model_4#83 arrives at 1667855.870104027, sleeping for 0.1687934638466686 seconds
Request model_6#94 arrives at 1667856.039830623, sleeping for 0.12601063307374716 seconds
Request model_2#106 arrives at 1667856.166677374, sleeping for 0.14120855717919767 seconds
Request model_4#84 arrives at 1667856.308286857, sleeping for 0.2969750559423119 seconds
Request model_3#165 arrives at 1667856.605868462, sleeping for 0.18955644825473428 seconds
Request model_3#166 arrives at 1667856.796238394, sleeping for 0.06114253611303866 seconds
Request model_5#197 arrives at 1667856.858573197, sleeping for 0.16955456603318453 seconds
Request model_4#85 arrives at 1667857.029024899, sleeping for 0.0732174573931843 seconds
Request model_1#43 arrives at 1667857.103338272, sleeping for 0.18331371201202273 seconds
Request model_2#107 arrives at 1667857.287740159, sleeping for 0.042616108199581504 seconds
Request model_4#86 arrives at 1667857.331105827, sleeping for 0.1441335801500827 seconds
Request model_2#108 arrives at 1667857.477507447, sleeping for 0.10433490737341344 seconds
Request model_5#198 arrives at 1667857.583853663, sleeping for 0.27029981394298375 seconds
Request model_2#109 arrives at 1667857.854874126, sleeping for 0.2969852073583752 seconds
Request model_3#167 arrives at 1667858.152168209, sleeping for 0.0412089922465384 seconds
Request model_4#87 arrives at 1667858.194051646, sleeping for 0.055142055032774806 seconds
Request model_2#110 arrives at 1667858.249834739, sleeping for 0.12825385597534478 seconds
Request model_4#88 arrives at 1667858.378770426, sleeping for 0.05957414419390261 seconds
Request model_3#168 arrives at 1667858.439725728, sleeping for 0.4166113326791674 seconds
Request model_5#199 arrives at 1667858.857404123, sleeping for 0.030160164926201105 seconds
Request model_2#111 arrives at 1667858.888798511, sleeping for 0.033470654394477606 seconds
Request model_6#95 arrives at 1667858.922755978, sleeping for 0.11325855366885662 seconds
Request model_5#200 arrives at 1667859.037000063, sleeping for 0.4578867587260902 seconds
Request model_1#44 arrives at 1667859.495407607, sleeping for 0.1337237588595599 seconds
Request model_5#201 arrives at 1667859.630892944, sleeping for 0.2785936025902629 seconds
Request model_5#202 arrives at 1667859.910861465, sleeping for 0.012764392187818885 seconds
Request model_6#96 arrives at 1667859.924464078, sleeping for 0.018684116890653968 seconds
Request model_5#203 arrives at 1667859.94453968, sleeping for 0.08414017362520099 seconds
Request model_4#89 arrives at 1667860.029328603, sleeping for 0.22691182070411742 seconds
Request model_6#97 arrives at 1667860.256914297, sleeping for 0.07610430172644556 seconds
Request model_3#169 arrives at 1667860.33383841, sleeping for 0.05948403477668762 seconds
Request model_6#98 arrives at 1667860.394850832, sleeping for 0.0046580207999795675 seconds
Request model_6#99 arrives at 1667860.399659868, sleeping for 0.029393683187663555 seconds
Request model_5#204 arrives at 1667860.429294863, sleeping for 0.2900846309494227 seconds
Request model_3#170 arrives at 1667860.720257538, sleeping for 0.2499544508755207 seconds
Request model_3#171 arrives at 1667860.970756206, sleeping for 0.08432921883650124 seconds
Request model_5#205 arrives at 1667861.055459738, sleeping for 0.04646232584491372 seconds
Request model_6#100 arrives at 1667861.102342303, sleeping for 0.18391046579927206 seconds
Request model_6#101 arrives at 1667861.287273354, sleeping for 0.17736705695278943 seconds
Request model_6#102 arrives at 1667861.466604433, sleeping for 0.2559880658518523 seconds
Request model_5#206 arrives at 1667861.724516247, sleeping for 0.40025348658673465 seconds
Request model_2#112 arrives at 1667862.124994261, sleeping for 0.08587435469962656 seconds
Request model_6#103 arrives at 1667862.212044371, sleeping for 0.10777698550373316 seconds
Request model_3#172 arrives at 1667862.320948206, sleeping for 0.0013962197117507458 seconds
Request model_2#113 arrives at 1667862.32284303, sleeping for 0.13795451377518475 seconds
Request model_2#114 arrives at 1667862.461682842, sleeping for 0.296695597236976 seconds
Request model_3#173 arrives at 1667862.759470278, sleeping for 0.0977631916757673 seconds
Request model_4#90 arrives at 1667862.857698263, sleeping for 0.034928009612485766 seconds
Request model_4#91 arrives at 1667862.893449133, sleeping for 0.0911748819053173 seconds
Request model_6#104 arrives at 1667862.985221769, sleeping for 0.024731271900236607 seconds
Request model_3#174 arrives at 1667863.010974954, sleeping for 0.02445469656959176 seconds
Request model_5#207 arrives at 1667863.035694391, sleeping for 0.02692640316672623 seconds
Request model_3#175 arrives at 1667863.063409691, sleeping for 0.016977084102109075 seconds
Request model_3#176 arrives at 1667863.081135395, sleeping for 0.02244477067142725 seconds
Request model_5#208 arrives at 1667863.104395562, sleeping for 0.1821460509672761 seconds
Request model_5#209 arrives at 1667863.287339848, sleeping for 0.0719380252994597 seconds
Request model_2#115 arrives at 1667863.359660836, sleeping for 0.07237815181724727 seconds
Request model_1#45 arrives at 1667863.433660597, sleeping for 0.23226227145642042 seconds
Request model_5#210 arrives at 1667863.668198514, sleeping for 0 seconds
Request model_5#211 arrives at 1667863.668858769, sleeping for 0.06733594159595668 seconds
Request model_4#92 arrives at 1667863.736447091, sleeping for 0.09520518593490124 seconds
Request model_6#105 arrives at 1667863.832244676, sleeping for 0.24307078961282969 seconds
Request model_5#212 arrives at 1667864.076287776, sleeping for 0.007109538419172168 seconds
Request model_5#213 arrives at 1667864.084311417, sleeping for 0.3143994570709765 seconds
Request model_6#106 arrives at 1667864.399381963, sleeping for 0.028092322638258338 seconds
Request model_5#214 arrives at 1667864.428400943, sleeping for 0.08985064411535859 seconds
Request model_5#215 arrives at 1667864.519228631, sleeping for 0.19217244419269264 seconds
Request model_3#177 arrives at 1667864.71170856, sleeping for 0.004227812169119716 seconds
Request model_1#46 arrives at 1667864.716500706, sleeping for 0.25698059354908764 seconds
Request model_3#178 arrives at 1667864.974026737, sleeping for 0.1400647663976997 seconds
Request model_5#216 arrives at 1667865.114595362, sleeping for 0.09374831896275282 seconds
Request model_5#217 arrives at 1667865.209589902, sleeping for 0.11106443661265075 seconds
Request model_2#116 arrives at 1667865.321031196, sleeping for 0.34360339352861047 seconds
Request model_2#117 arrives at 1667865.665819289, sleeping for 0.3722906114999205 seconds
Request model_3#179 arrives at 1667866.0396015, sleeping for 0.22060179896652699 seconds
Request model_5#218 arrives at 1667866.261030568, sleeping for 0.13228659983724356 seconds
Request model_5#219 arrives at 1667866.394283378, sleeping for 0.0918052694760263 seconds
Request model_4#93 arrives at 1667866.487200422, sleeping for 0.04486942361108959 seconds
Request model_5#220 arrives at 1667866.532943038, sleeping for 0.04686128068715334 seconds
Request model_3#180 arrives at 1667866.580650829, sleeping for 0.061263798736035824 seconds
Request model_5#221 arrives at 1667866.642576309, sleeping for 0.039294684305787086 seconds
Request model_2#118 arrives at 1667866.68236724, sleeping for 0.11904599983245134 seconds
Request model_5#222 arrives at 1667866.803187505, sleeping for 0.0634957100264728 seconds
Request model_2#119 arrives at 1667866.866996389, sleeping for 0.007253588642925024 seconds
Request model_5#223 arrives at 1667866.874764888, sleeping for 0.15850719599984586 seconds
Request model_5#224 arrives at 1667867.033626281, sleeping for 0.034972751047462225 seconds
Request model_3#181 arrives at 1667867.069552383, sleeping for 0.0999938736204058 seconds
Request model_6#107 arrives at 1667867.170577569, sleeping for 0.06410213024355471 seconds
Request model_3#182 arrives at 1667867.235085808, sleeping for 0.023017512168735266 seconds
Request model_2#120 arrives at 1667867.258975868, sleeping for 0.010424117324873805 seconds
Request model_5#225 arrives at 1667867.26971533, sleeping for 0.004234868101775646 seconds
Request model_3#183 arrives at 1667867.274422026, sleeping for 0.056785000720992684 seconds
Request model_5#226 arrives at 1667867.332084632, sleeping for 0.09817046578973532 seconds
Request model_5#227 arrives at 1667867.430886141, sleeping for 0.10835190955549479 seconds
Request model_4#94 arrives at 1667867.539831717, sleeping for 0.13554786564782262 seconds
Request model_5#228 arrives at 1667867.675871477, sleeping for 0.278092501219362 seconds
Request model_4#95 arrives at 1667867.954208556, sleeping for 0.058879563584923744 seconds
Request model_2#121 arrives at 1667868.015122217, sleeping for 0.32412200095131993 seconds
Request model_2#122 arrives at 1667868.340057299, sleeping for 0.0003107695374637842 seconds
Request model_5#229 arrives at 1667868.340754454, sleeping for 0.5062733171507716 seconds
Request model_3#184 arrives at 1667868.849530798, sleeping for 0.047532855067402124 seconds
Request model_5#230 arrives at 1667868.897649473, sleeping for 0.03511451720260084 seconds
Request model_1#47 arrives at 1667868.933443194, sleeping for 0.08643751684576273 seconds
Request model_3#185 arrives at 1667869.020208692, sleeping for 0.12876753113232553 seconds
Request model_5#231 arrives at 1667869.149450411, sleeping for 0.07169198314659297 seconds
Request model_2#123 arrives at 1667869.222554445, sleeping for 0 seconds
Request model_1#48 arrives at 1667869.222995488, sleeping for 0.10715795517899096 seconds
Request model_2#124 arrives at 1667869.330554053, sleeping for 0.10143436281941831 seconds
Request model_3#186 arrives at 1667869.432556816, sleeping for 0.23300495836883783 seconds
Request model_5#232 arrives at 1667869.666231416, sleeping for 0.05910507380031049 seconds
Request model_2#125 arrives at 1667869.727189588, sleeping for 0.011349229840561748 seconds
Request model_6#108 arrives at 1667869.738974087, sleeping for 0.11535671609453857 seconds
Request model_2#126 arrives at 1667869.854773604, sleeping for 0.031406414695084095 seconds
Request model_1#49 arrives at 1667869.886649115, sleeping for 0.07550887414254248 seconds
Request model_5#233 arrives at 1667869.962963034, sleeping for 0.10098702111281455 seconds
Request model_5#234 arrives at 1667870.064831105, sleeping for 0.05882861418649554 seconds
Request model_1#50 arrives at 1667870.124446517, sleeping for 0.07628973829559982 seconds
Request model_5#235 arrives at 1667870.201267829, sleeping for 0.31296689878217876 seconds
Request model_3#187 arrives at 1667870.514648043, sleeping for 0.14077278086915612 seconds
Request model_2#127 arrives at 1667870.656524648, sleeping for 0.012800313299521804 seconds
Request model_2#128 arrives at 1667870.669586087, sleeping for 0.14329958986490965 seconds
Request model_6#109 arrives at 1667870.813165415, sleeping for 0.11276897322386503 seconds
Request model_6#110 arrives at 1667870.926859766, sleeping for 0.11373547581024468 seconds
Request model_3#188 arrives at 1667871.041178442, sleeping for 0.05480606388300657 seconds
Request model_4#96 arrives at 1667871.096419531, sleeping for 0.05997557984665036 seconds
Request model_5#236 arrives at 1667871.157507003, sleeping for 0.09262217860668898 seconds
Request model_3#189 arrives at 1667871.251233733, sleeping for 0.09137477120384574 seconds
Request model_5#237 arrives at 1667871.342980388, sleeping for 0.042491366155445576 seconds
Request model_5#238 arrives at 1667871.385796433, sleeping for 0.14791017468087375 seconds
Request model_6#111 arrives at 1667871.534699621, sleeping for 0.05192045238800347 seconds
Request model_5#239 arrives at 1667871.588564279, sleeping for 0.06269385851919651 seconds
Request model_6#112 arrives at 1667871.652311212, sleeping for 0.03428451670333743 seconds
Request model_3#190 arrives at 1667871.687203106, sleeping for 0.3442161928396672 seconds
Request model_2#129 arrives at 1667872.032071359, sleeping for 0.10707398084923625 seconds
Request model_6#113 arrives at 1667872.140140897, sleeping for 0.056626031873747706 seconds
Request model_6#114 arrives at 1667872.197640173, sleeping for 0.23998884088359773 seconds
Request model_1#51 arrives at 1667872.438075604, sleeping for 0.0255769407376647 seconds
Request model_6#115 arrives at 1667872.463969791, sleeping for 0.03792495420202613 seconds
Request model_5#240 arrives at 1667872.502839785, sleeping for 0.024178089341148734 seconds
Request model_5#241 arrives at 1667872.527544302, sleeping for 0.3659131939057261 seconds
Request model_5#242 arrives at 1667872.894078109, sleeping for 0.06783566111698747 seconds
Request model_4#97 arrives at 1667872.963051201, sleeping for 0.11185921262949705 seconds
Request model_6#116 arrives at 1667873.075906616, sleeping for 0.02093354519456625 seconds
Request model_5#243 arrives at 1667873.097730492, sleeping for 0.04307464184239507 seconds
Request model_4#98 arrives at 1667873.141856316, sleeping for 0.11786649306304753 seconds
Request model_2#130 arrives at 1667873.261684604, sleeping for 0.16401421767659485 seconds
Request model_6#117 arrives at 1667873.426581043, sleeping for 0.1042472249828279 seconds
Request model_4#99 arrives at 1667873.532573316, sleeping for 0.009456795873120427 seconds
Request model_6#118 arrives at 1667873.543509819, sleeping for 0.10949094244278967 seconds
Request model_5#244 arrives at 1667873.653356241, sleeping for 0.02189120021648705 seconds
Request model_5#245 arrives at 1667873.675540628, sleeping for 0.15287929493933916 seconds
Request model_3#191 arrives at 1667873.829381064, sleeping for 0.015294030075892806 seconds
Request model_6#119 arrives at 1667873.845216504, sleeping for 0.04501071968115866 seconds
Request model_4#100 arrives at 1667873.890953091, sleeping for 0.12200021999888122 seconds
Request model_6#120 arrives at 1667874.013953272, sleeping for 0.22950909123755991 seconds
Request model_5#246 arrives at 1667874.244249797, sleeping for 0.15137058589607477 seconds
Request model_3#192 arrives at 1667874.396350839, sleeping for 0.07309880456887186 seconds
Request model_6#121 arrives at 1667874.470200698, sleeping for 0.1496530210133642 seconds
Request model_1#52 arrives at 1667874.620640708, sleeping for 0.015685948776081204 seconds
Request model_1#53 arrives at 1667874.636569328, sleeping for 0.06046847370453179 seconds
Request model_3#193 arrives at 1667874.697315409, sleeping for 0.06142888590693474 seconds
Request model_6#122 arrives at 1667874.759075907, sleeping for 0.06429584580473602 seconds
Request model_5#247 arrives at 1667874.824350031, sleeping for 0.09298632363788784 seconds
Request model_2#131 arrives at 1667874.917703968, sleeping for 0.20833121798932552 seconds
Request model_3#194 arrives at 1667875.126847963, sleeping for 0.0216939530801028 seconds
Request model_5#248 arrives at 1667875.148784229, sleeping for 0.00693921372294426 seconds
Request model_6#123 arrives at 1667875.156781259, sleeping for 0.4781512024346739 seconds
Request model_3#195 arrives at 1667875.635596156, sleeping for 0.12620905390940607 seconds
Request model_3#196 arrives at 1667875.762660209, sleeping for 0.24834351940080523 seconds
Request model_3#197 arrives at 1667876.011441344, sleeping for 0.38577303872443736 seconds
Request model_3#198 arrives at 1667876.397953981, sleeping for 0.012143973028287292 seconds
Request model_6#124 arrives at 1667876.41096987, sleeping for 0.06298103230074048 seconds
Request model_2#132 arrives at 1667876.47436739, sleeping for 0.016463358188048005 seconds
Request model_6#125 arrives at 1667876.491140807, sleeping for 0.2714844027068466 seconds
Request model_3#199 arrives at 1667876.763104717, sleeping for 0.226437546312809 seconds
Request model_1#54 arrives at 1667876.989899715, sleeping for 0.18341496330685914 seconds
Request model_2#133 arrives at 1667877.173846259, sleeping for 0.07066176855005324 seconds
Request model_3#200 arrives at 1667877.24667961, sleeping for 0.041604906087741256 seconds
Request model_6#126 arrives at 1667877.289400734, sleeping for 0.0021959864534437656 seconds
Request model_2#134 arrives at 1667877.292081234, sleeping for 0.25826077605597675 seconds
Request model_3#201 arrives at 1667877.550788364, sleeping for 0.1513376315124333 seconds
Request model_3#202 arrives at 1667877.702550953, sleeping for 0.041672262363135815 seconds
Request model_2#135 arrives at 1667877.745991562, sleeping for 0.14278136217035353 seconds
Request model_2#136 arrives at 1667877.889935003, sleeping for 0.04895346658304334 seconds
Request model_2#137 arrives at 1667877.93974626, sleeping for 0.009309248300269246 seconds
Request model_2#138 arrives at 1667877.950490902, sleeping for 0.09404254704713821 seconds
Request model_3#203 arrives at 1667878.045253419, sleeping for 0.057025146670639515 seconds
Request model_3#204 arrives at 1667878.103013647, sleeping for 0.2020298088900745 seconds
Request model_5#249 arrives at 1667878.30541221, sleeping for 0.24569467501714826 seconds
Request model_4#101 arrives at 1667878.551665805, sleeping for 0.0487659249920398 seconds
Request model_2#139 arrives at 1667878.601393802, sleeping for 0.08121017715893686 seconds
Request model_2#140 arrives at 1667878.683147671, sleeping for 0.03157208883203566 seconds
Request model_5#250 arrives at 1667878.715858829, sleeping for 0.08256142563186586 seconds
Request model_6#127 arrives at 1667878.799463862, sleeping for 0.3729789878707379 seconds
Request model_6#128 arrives at 1667879.17280324, sleeping for 0.005366770783439279 seconds
Request model_3#205 arrives at 1667879.178654034, sleeping for 0.07754971412941813 seconds
Request model_5#251 arrives at 1667879.256914467, sleeping for 0.24177130102179945 seconds
Request model_5#252 arrives at 1667879.500495662, sleeping for 0.04778057709336281 seconds
Request model_6#129 arrives at 1667879.548619037, sleeping for 0.03781865746714175 seconds
Request model_5#253 arrives at 1667879.58733669, sleeping for 0.19645275152288377 seconds
Request model_3#206 arrives at 1667879.784221021, sleeping for 0.016463864827528596 seconds
Request model_3#207 arrives at 1667879.801127219, sleeping for 0.0005058795213699341 seconds
Request model_5#254 arrives at 1667879.801766794, sleeping for 0.35693956981413066 seconds
Request model_4#102 arrives at 1667880.159828566, sleeping for 0.3467233986593783 seconds
Request model_5#255 arrives at 1667880.507388859, sleeping for 0.10813001007772982 seconds
Request model_3#208 arrives at 1667880.616432695, sleeping for 0.568205100717023 seconds
Request model_3#209 arrives at 1667881.185253533, sleeping for 0.14131832239218056 seconds
Request model_1#55 arrives at 1667881.327478731, sleeping for 0.28435419546440244 seconds
Request model_6#130 arrives at 1667881.612376798, sleeping for 0.004453562432900071 seconds
Request model_6#131 arrives at 1667881.617374906, sleeping for 0.01532871788367629 seconds
Request model_5#256 arrives at 1667881.633066345, sleeping for 0.01410913746803999 seconds
Request model_5#257 arrives at 1667881.647774316, sleeping for 0.10251834522932768 seconds
Request model_2#141 arrives at 1667881.750568675, sleeping for 0.17574706464074552 seconds
Request model_2#142 arrives at 1667881.927498976, sleeping for 0.09810383222065866 seconds
Request model_5#258 arrives at 1667882.027311811, sleeping for 0.00874019949696958 seconds
Request model_3#210 arrives at 1667882.038158064, sleeping for 0.11219121282920241 seconds
Request model_3#211 arrives at 1667882.150613015, sleeping for 0.09216994722373784 seconds
Request model_2#143 arrives at 1667882.244556987, sleeping for 0.0184382819570601 seconds
Request model_6#132 arrives at 1667882.264465697, sleeping for 0.25512865209020674 seconds
Request model_5#259 arrives at 1667882.520390006, sleeping for 0.013516196049749851 seconds
Request model_2#144 arrives at 1667882.535579401, sleeping for 0.057860673405230045 seconds
Request model_5#260 arrives at 1667882.594580258, sleeping for 0.031014440348371863 seconds
Request model_4#103 arrives at 1667882.626663421, sleeping for 0.10290558356791735 seconds
Request model_3#212 arrives at 1667882.731856298, sleeping for 0.10621638665907085 seconds
Request model_5#261 arrives at 1667882.838498755, sleeping for 0.15077513875439763 seconds
Request model_6#133 arrives at 1667882.989849552, sleeping for 0.312177911400795 seconds
Request model_3#213 arrives at 1667883.3025462, sleeping for 0.02902995888143778 seconds
Request model_5#262 arrives at 1667883.332167095, sleeping for 0.09466260229237378 seconds
Request model_1#56 arrives at 1667883.42794435, sleeping for 0.12161947786808014 seconds
Request model_5#263 arrives at 1667883.550524449, sleeping for 0.13245157548226416 seconds
Request model_5#264 arrives at 1667883.683346344, sleeping for 0.17620109510608017 seconds
Request model_2#145 arrives at 1667883.861405513, sleeping for 0.005075077759101987 seconds
Request model_5#265 arrives at 1667883.866748433, sleeping for 0.23280945443548262 seconds
Request model_2#146 arrives at 1667884.100858956, sleeping for 0.19498100457713008 seconds
Request model_6#134 arrives at 1667884.296114046, sleeping for 0.029719232814386487 seconds
Request model_6#135 arrives at 1667884.326096433, sleeping for 0.0618338193744421 seconds
Request model_5#266 arrives at 1667884.388409565, sleeping for 0.023259340785443783 seconds
Request model_5#267 arrives at 1667884.412079034, sleeping for 0.5404340079985559 seconds
Request model_2#147 arrives at 1667884.953221412, sleeping for 0.39700355380773544 seconds
Request model_5#268 arrives at 1667885.35161532, sleeping for 0.19602487585507333 seconds
Request model_4#104 arrives at 1667885.548066697, sleeping for 0.21657722466625273 seconds
Request model_2#148 arrives at 1667885.766633433, sleeping for 0.028310711728408933 seconds
Request model_3#214 arrives at 1667885.795651173, sleeping for 0.09318838734179735 seconds
Request model_5#269 arrives at 1667885.889416423, sleeping for 0.1251662301365286 seconds
Request model_3#215 arrives at 1667886.015231065, sleeping for 0.00922098383307457 seconds
Request model_6#136 arrives at 1667886.025938507, sleeping for 0.2012764303945005 seconds
Request model_3#216 arrives at 1667886.227645584, sleeping for 0.031500155571848154 seconds
Request model_4#105 arrives at 1667886.260155171, sleeping for 0.06667934893630445 seconds
Request model_6#137 arrives at 1667886.327207578, sleeping for 0.060937779722735286 seconds
Request model_3#217 arrives at 1667886.388936376, sleeping for 0.3023813348263502 seconds
Request model_6#138 arrives at 1667886.692360614, sleeping for 0.09964356804266572 seconds
Request model_5#270 arrives at 1667886.793060497, sleeping for 0.12778338510543108 seconds
Request model_6#139 arrives at 1667886.922089804, sleeping for 0.12043073866516352 seconds
Request model_6#140 arrives at 1667887.042819068, sleeping for 0.1885666938032955 seconds
Request model_5#271 arrives at 1667887.232347614, sleeping for 0.0038901972584426403 seconds
Request model_5#272 arrives at 1667887.237303402, sleeping for 0.0581858882214874 seconds
Request model_5#273 arrives at 1667887.296067446, sleeping for 0.1333188940770924 seconds
Request model_5#274 arrives at 1667887.42988242, sleeping for 0.08228467544540763 seconds
Request model_3#218 arrives at 1667887.512659597, sleeping for 0.16874389862641692 seconds
Request model_6#141 arrives at 1667887.682564963, sleeping for 0.20294752484187484 seconds
Request model_3#219 arrives at 1667887.885973434, sleeping for 0.2822913695126772 seconds
Request model_6#142 arrives at 1667888.16937378, sleeping for 0.0030291678849607706 seconds
Request model_3#220 arrives at 1667888.173368921, sleeping for 0.20510550495237112 seconds
Request model_2#149 arrives at 1667888.380392739, sleeping for 0.05204047402366996 seconds
Request model_2#150 arrives at 1667888.432941257, sleeping for 0.05967916431836784 seconds
Request model_2#151 arrives at 1667888.494282931, sleeping for 0.06831963080912828 seconds
Request model_5#275 arrives at 1667888.563531555, sleeping for 0.02417875314131379 seconds
Request model_2#152 arrives at 1667888.588597665, sleeping for 0.007853858172893524 seconds
Request model_6#143 arrives at 1667888.597562343, sleeping for 0.02031478611752391 seconds
Request model_6#144 arrives at 1667888.61826697, sleeping for 0.0012575455475598574 seconds
============================================================
BENCHMARK RESULTS
============================================================
Completed requests: 958
Aborted requests: 0
Request throughput: 6.96 req/s
Input throughput: 2113.96 tokens/s
Output throughput: 1155.39 tokens/s
Mean TTFT: 224.3 ms
P99 TTFT: 898.9 ms
Mean TPOT: 61.7 ms
P99 TPOT: 143.3 ms
Mean Latency: 10462.7 ms
P99 Latency: 37498.8 ms
============================================================
Results saved to /root/Prism-final-regression-diagnosis/exp/results/baseline-readiness/raw/alg2-sanity-D1
Requests saved to /root/Prism-final-regression-diagnosis/exp/results/baseline-readiness/raw/alg2-sanity-D1/requests
