[2026-08-20 13:20:04.048 GPU_Scheduler_0] starting GPU scheduler for GPU 0
[2026-08-20 13:20:04.050 GPU_Scheduler_0] Model states init: {'model_1': 'deactivated'}
[2026-08-20 13:20:04.050 GPU_Scheduler_0] [PAPER-TP] WorkerPool gpu=0 owned=[0, 1, 2, 3] shadow=[] {0: 1, 1: 2, 2: 2, 3: 2}
[2026-08-20 13:20:05.781 GPU_Scheduler_0] [PAPER-TP] activating model_1 tp_size=2 on gpus=[0, 1] slot=1 (owner gpu=0)
[2026-08-20 13:20:05.781 GPU_Scheduler_0] Assign worker 1 to model_1. Current model_to_worker: {'model_1': 1}
[2026-08-20 13:20:05.783 GPU_Scheduler_0] Waiting for models to be activated: {'model_1': 'activating'}
[2026-08-20 13:20:05.794 GPU_Scheduler_0] Waiting for models to be activated: {'model_1': 'activating'}
[2026-08-20 13:20:05.804 GPU_Scheduler_0] Waiting for models to be activated: {'model_1': 'activating'}
[2026-08-20 13:20:05.814 GPU_Scheduler_0] Waiting for models to be activated: {'model_1': 'activating'}
[2026-08-20 13:20:05.824 GPU_Scheduler_0] Waiting for models to be activated: {'model_1': 'activating'}
[2026-08-20 13:20:05.835 GPU_Scheduler_0] Waiting for models to be activated: {'model_1': 'activating'}
[2026-08-20 13:20:05.845 GPU_Scheduler_0] Waiting for models to be activated: {'model_1': 'activating'}
[2026-08-20 13:20:05.855 GPU_Scheduler_0] Waiting for models to be activated: {'model_1': 'activating'}
[2026-08-20 13:20:05.865 GPU_Scheduler_0] Waiting for models to be activated: {'model_1': 'activating'}
[2026-08-20 13:20:05.876 GPU_Scheduler_0] Waiting for models to be activated: {'model_1': 'activating'}
[2026-08-20 13:20:05.886 GPU_Scheduler_0] Waiting for models to be activated: {'model_1': 'activating'}
[2026-08-20 13:20:05.896 GPU_Scheduler_0] Waiting for models to be activated: {'model_1': 'activating'}
[2026-08-20 13:20:05.907 GPU_Scheduler_0] Waiting for models to be activated: {'model_1': 'activating'}
[2026-08-20 13:20:05.917 GPU_Scheduler_0] Waiting for models to be activated: {'model_1': 'activating'}
[2026-08-20 13:20:05.927 GPU_Scheduler_0] Waiting for models to be activated: {'model_1': 'activating'}
[2026-08-20 13:20:05.937 GPU_Scheduler_0] Waiting for models to be activated: {'model_1': 'activating'}
[2026-08-20 13:20:05.948 GPU_Scheduler_0] Waiting for models to be activated: {'model_1': 'activating'}
[2026-08-20 13:20:05.958 GPU_Scheduler_0] Waiting for models to be activated: {'model_1': 'activating'}
[2026-08-20 13:20:05.969 GPU_Scheduler_0] Waiting for models to be activated: {'model_1': 'activating'}
[2026-08-20 13:20:05.979 GPU_Scheduler_0] Waiting for models to be activated: {'model_1': 'activating'}
[2026-08-20 13:20:05.990 GPU_Scheduler_0] Waiting for models to be activated: {'model_1': 'activating'}
[2026-08-20 13:20:06.000 GPU_Scheduler_0] Waiting for models to be activated: {'model_1': 'activating'}
[2026-08-20 13:20:06.011 GPU_Scheduler_0] Waiting for models to be activated: {'model_1': 'activating'}
[2026-08-20 13:20:06.021 GPU_Scheduler_0] Waiting for models to be activated: {'model_1': 'activating'}
[2026-08-20 13:20:06.032 GPU_Scheduler_0] Waiting for models to be activated: {'model_1': 'activating'}
[2026-08-20 13:20:06.042 GPU_Scheduler_0] Waiting for models to be activated: {'model_1': 'activating'}
[2026-08-20 13:20:06.053 GPU_Scheduler_0] Waiting for models to be activated: {'model_1': 'activating'}
[2026-08-20 13:20:06.063 GPU_Scheduler_0] Waiting for models to be activated: {'model_1': 'activating'}
[2026-08-20 13:20:06.074 GPU_Scheduler_0] Waiting for models to be activated: {'model_1': 'activating'}
[2026-08-20 13:20:06.084 GPU_Scheduler_0] Waiting for models to be activated: {'model_1': 'activating'}
[2026-08-20 13:20:06.094 GPU_Scheduler_0] Waiting for models to be activated: {'model_1': 'activating'}
[2026-08-20 13:20:06.105 GPU_Scheduler_0] Waiting for models to be activated: {'model_1': 'activating'}
[2026-08-20 13:20:06.115 GPU_Scheduler_0] Waiting for models to be activated: {'model_1': 'activating'}
[2026-08-20 13:20:06.126 GPU_Scheduler_0] Waiting for models to be activated: {'model_1': 'activating'}
[2026-08-20 13:20:06.136 GPU_Scheduler_0] Waiting for models to be activated: {'model_1': 'activating'}
[2026-08-20 13:20:06.147 GPU_Scheduler_0] Waiting for models to be activated: {'model_1': 'activating'}
[2026-08-20 13:20:06.158 GPU_Scheduler_0] Waiting for models to be activated: {'model_1': 'activating'}
[2026-08-20 13:20:06.168 GPU_Scheduler_0] Waiting for models to be activated: {'model_1': 'activating'}
[2026-08-20 13:20:06.178 GPU_Scheduler_0] Waiting for models to be activated: {'model_1': 'activating'}
[2026-08-20 13:20:06.189 GPU_Scheduler_0] Waiting for models to be activated: {'model_1': 'activating'}
[2026-08-20 13:20:06.199 GPU_Scheduler_0] Waiting for models to be activated: {'model_1': 'activating'}
[2026-08-20 13:20:06.210 GPU_Scheduler_0] Waiting for models to be activated: {'model_1': 'activating'}
[2026-08-20 13:20:06.220 GPU_Scheduler_0] Waiting for models to be activated: {'model_1': 'activating'}
[2026-08-20 13:20:06.231 GPU_Scheduler_0] Waiting for models to be activated: {'model_1': 'activating'}
[2026-08-20 13:20:06.241 GPU_Scheduler_0] Waiting for models to be activated: {'model_1': 'activating'}
[2026-08-20 13:20:06.252 GPU_Scheduler_0] Waiting for models to be activated: {'model_1': 'activating'}
[2026-08-20 13:20:06.262 GPU_Scheduler_0] Waiting for models to be activated: {'model_1': 'activating'}
[2026-08-20 13:20:06.273 GPU_Scheduler_0] Waiting for models to be activated: {'model_1': 'activating'}
[2026-08-20 13:20:06.283 GPU_Scheduler_0] Waiting for models to be activated: {'model_1': 'activating'}
[2026-08-20 13:20:06.294 GPU_Scheduler_0] Waiting for models to be activated: {'model_1': 'activating'}
[2026-08-20 13:20:06.304 GPU_Scheduler_0] Waiting for models to be activated: {'model_1': 'activating'}
[2026-08-20 13:20:06.315 GPU_Scheduler_0] Waiting for models to be activated: {'model_1': 'activating'}
[2026-08-20 13:20:06.325 GPU_Scheduler_0] Waiting for models to be activated: {'model_1': 'activating'}
[2026-08-20 13:20:06.336 GPU_Scheduler_0] Waiting for models to be activated: {'model_1': 'activating'}
[2026-08-20 13:20:06.346 GPU_Scheduler_0] Waiting for models to be activated: {'model_1': 'activating'}
[2026-08-20 13:20:06.357 GPU_Scheduler_0] Waiting for models to be activated: {'model_1': 'activating'}
[2026-08-20 13:20:06.367 GPU_Scheduler_0] Waiting for models to be activated: {'model_1': 'activating'}
[2026-08-20 13:20:06.378 GPU_Scheduler_0] Waiting for models to be activated: {'model_1': 'activating'}
[2026-08-20 13:20:06.388 GPU_Scheduler_0] Waiting for models to be activated: {'model_1': 'activating'}
[2026-08-20 13:20:06.399 GPU_Scheduler_0] Waiting for models to be activated: {'model_1': 'activating'}
[2026-08-20 13:20:06.409 GPU_Scheduler_0] Waiting for models to be activated: {'model_1': 'activating'}
[2026-08-20 13:20:06.420 GPU_Scheduler_0] Waiting for models to be activated: {'model_1': 'activating'}
[2026-08-20 13:20:06.430 GPU_Scheduler_0] Waiting for models to be activated: {'model_1': 'activating'}
[2026-08-20 13:20:06.441 GPU_Scheduler_0] Waiting for models to be activated: {'model_1': 'activating'}
[2026-08-20 13:20:06.451 GPU_Scheduler_0] Waiting for models to be activated: {'model_1': 'activating'}
[2026-08-20 13:20:06.461 GPU_Scheduler_0] Waiting for models to be activated: {'model_1': 'activating'}
[2026-08-20 13:20:06.472 GPU_Scheduler_0] Waiting for models to be activated: {'model_1': 'activating'}
[2026-08-20 13:20:06.482 GPU_Scheduler_0] Waiting for models to be activated: {'model_1': 'activating'}
[2026-08-20 13:20:06.492 GPU_Scheduler_0] Waiting for models to be activated: {'model_1': 'activating'}
[2026-08-20 13:20:06.502 GPU_Scheduler_0] Waiting for models to be activated: {'model_1': 'activating'}
[2026-08-20 13:20:06.513 GPU_Scheduler_0] Waiting for models to be activated: {'model_1': 'activating'}
[2026-08-20 13:20:06.523 GPU_Scheduler_0] Waiting for models to be activated: {'model_1': 'activating'}
[2026-08-20 13:20:06.533 GPU_Scheduler_0] Waiting for models to be activated: {'model_1': 'activating'}
[2026-08-20 13:20:06.544 GPU_Scheduler_0] Waiting for models to be activated: {'model_1': 'activating'}
[2026-08-20 13:20:06.555 GPU_Scheduler_0] Waiting for models to be activated: {'model_1': 'activating'}
[2026-08-20 13:20:06.565 GPU_Scheduler_0] Waiting for models to be activated: {'model_1': 'activating'}
[2026-08-20 13:20:06.575 GPU_Scheduler_0] Waiting for models to be activated: {'model_1': 'activating'}
[2026-08-20 13:20:06.586 GPU_Scheduler_0] Waiting for models to be activated: {'model_1': 'activating'}
[2026-08-20 13:20:06.596 GPU_Scheduler_0] Waiting for models to be activated: {'model_1': 'activating'}
[2026-08-20 13:20:06.606 GPU_Scheduler_0] Waiting for models to be activated: {'model_1': 'activating'}
[2026-08-20 13:20:06.617 GPU_Scheduler_0] Waiting for models to be activated: {'model_1': 'activating'}
[2026-08-20 13:20:06.627 GPU_Scheduler_0] Waiting for models to be activated: {'model_1': 'activating'}
[2026-08-20 13:20:06.637 GPU_Scheduler_0] Waiting for models to be activated: {'model_1': 'activating'}
[2026-08-20 13:20:06.648 GPU_Scheduler_0] Waiting for models to be activated: {'model_1': 'activating'}
[2026-08-20 13:20:06.658 GPU_Scheduler_0] Waiting for models to be activated: {'model_1': 'activating'}
[2026-08-20 13:20:06.668 GPU_Scheduler_0] Waiting for models to be activated: {'model_1': 'activating'}
[2026-08-20 13:20:06.678 GPU_Scheduler_0] Waiting for models to be activated: {'model_1': 'activating'}
[2026-08-20 13:20:06.689 GPU_Scheduler_0] Waiting for models to be activated: {'model_1': 'activating'}
[2026-08-20 13:20:06.699 GPU_Scheduler_0] Waiting for models to be activated: {'model_1': 'activating'}
[2026-08-20 13:20:06.709 GPU_Scheduler_0] Waiting for models to be activated: {'model_1': 'activating'}
[2026-08-20 13:20:06.720 GPU_Scheduler_0] Waiting for models to be activated: {'model_1': 'activating'}
[2026-08-20 13:20:06.730 GPU_Scheduler_0] Waiting for models to be activated: {'model_1': 'activating'}
[2026-08-20 13:20:06.740 GPU_Scheduler_0] Waiting for models to be activated: {'model_1': 'activating'}
[2026-08-20 13:20:06.751 GPU_Scheduler_0] Waiting for models to be activated: {'model_1': 'activating'}
[2026-08-20 13:20:06.761 GPU_Scheduler_0] Waiting for models to be activated: {'model_1': 'activating'}
[2026-08-20 13:20:06.771 GPU_Scheduler_0] Waiting for models to be activated: {'model_1': 'activating'}
[2026-08-20 13:20:06.782 GPU_Scheduler_0] Waiting for models to be activated: {'model_1': 'activating'}
[2026-08-20 13:20:06.792 GPU_Scheduler_0] Waiting for models to be activated: {'model_1': 'activating'}
[2026-08-20 13:20:06.803 GPU_Scheduler_0] Waiting for models to be activated: {'model_1': 'activating'}
[2026-08-20 13:20:06.813 GPU_Scheduler_0] Waiting for models to be activated: {'model_1': 'activating'}
[2026-08-20 13:20:06.824 GPU_Scheduler_0] Waiting for models to be activated: {'model_1': 'activating'}
[2026-08-20 13:20:06.834 GPU_Scheduler_0] Waiting for models to be activated: {'model_1': 'activating'}
[2026-08-20 13:20:06.845 GPU_Scheduler_0] Waiting for models to be activated: {'model_1': 'activating'}
[2026-08-20 13:20:06.855 GPU_Scheduler_0] Waiting for models to be activated: {'model_1': 'activating'}
[2026-08-20 13:20:06.866 GPU_Scheduler_0] Waiting for models to be activated: {'model_1': 'activating'}
[2026-08-20 13:20:06.876 GPU_Scheduler_0] Waiting for models to be activated: {'model_1': 'activating'}
[2026-08-20 13:20:06.886 GPU_Scheduler_0] Waiting for models to be activated: {'model_1': 'activating'}
[2026-08-20 13:20:06.897 GPU_Scheduler_0] Waiting for models to be activated: {'model_1': 'activating'}
[2026-08-20 13:20:06.907 GPU_Scheduler_0] Waiting for models to be activated: {'model_1': 'activating'}
[2026-08-20 13:20:06.917 GPU_Scheduler_0] Waiting for models to be activated: {'model_1': 'activating'}
[2026-08-20 13:20:06.927 GPU_Scheduler_0] Waiting for models to be activated: {'model_1': 'activating'}
[2026-08-20 13:20:06.938 GPU_Scheduler_0] Waiting for models to be activated: {'model_1': 'activating'}
[2026-08-20 13:20:06.948 GPU_Scheduler_0] Waiting for models to be activated: {'model_1': 'activating'}
[2026-08-20 13:20:06.958 GPU_Scheduler_0] Waiting for models to be activated: {'model_1': 'activating'}
[2026-08-20 13:20:06.969 GPU_Scheduler_0] Waiting for models to be activated: {'model_1': 'activating'}
[2026-08-20 13:20:06.979 GPU_Scheduler_0] Waiting for models to be activated: {'model_1': 'activating'}
[2026-08-20 13:20:06.989 GPU_Scheduler_0] Waiting for models to be activated: {'model_1': 'activating'}
[2026-08-20 13:20:07.000 GPU_Scheduler_0] Waiting for models to be activated: {'model_1': 'activating'}
[2026-08-20 13:20:07.010 GPU_Scheduler_0] Waiting for models to be activated: {'model_1': 'activating'}
[2026-08-20 13:20:07.020 GPU_Scheduler_0] Waiting for models to be activated: {'model_1': 'activating'}
[2026-08-20 13:20:07.031 GPU_Scheduler_0] Waiting for models to be activated: {'model_1': 'activating'}
[2026-08-20 13:20:07.041 GPU_Scheduler_0] Waiting for models to be activated: {'model_1': 'activating'}
[2026-08-20 13:20:07.051 GPU_Scheduler_0] Waiting for models to be activated: {'model_1': 'activating'}
[2026-08-20 13:20:07.062 GPU_Scheduler_0] Waiting for models to be activated: {'model_1': 'activating'}
[2026-08-20 13:20:07.072 GPU_Scheduler_0] Waiting for models to be activated: {'model_1': 'activating'}
[2026-08-20 13:20:07.082 GPU_Scheduler_0] Waiting for models to be activated: {'model_1': 'activating'}
[2026-08-20 13:20:07.093 GPU_Scheduler_0] Waiting for models to be activated: {'model_1': 'activating'}
[2026-08-20 13:20:07.103 GPU_Scheduler_0] Waiting for models to be activated: {'model_1': 'activating'}
[2026-08-20 13:20:07.114 GPU_Scheduler_0] Waiting for models to be activated: {'model_1': 'activating'}
[2026-08-20 13:20:07.124 GPU_Scheduler_0] Waiting for models to be activated: {'model_1': 'activating'}
[2026-08-20 13:20:07.135 GPU_Scheduler_0] Waiting for models to be activated: {'model_1': 'activating'}
[2026-08-20 13:20:07.145 GPU_Scheduler_0] Waiting for models to be activated: {'model_1': 'activating'}
[2026-08-20 13:20:07.156 GPU_Scheduler_0] Waiting for models to be activated: {'model_1': 'activating'}
[2026-08-20 13:20:07.166 GPU_Scheduler_0] Waiting for models to be activated: {'model_1': 'activating'}
[2026-08-20 13:20:07.177 GPU_Scheduler_0] Waiting for models to be activated: {'model_1': 'activating'}
[2026-08-20 13:20:07.187 GPU_Scheduler_0] Waiting for models to be activated: {'model_1': 'activating'}
[2026-08-20 13:20:07.197 GPU_Scheduler_0] Waiting for models to be activated: {'model_1': 'activating'}
[2026-08-20 13:20:07.208 GPU_Scheduler_0] Waiting for models to be activated: {'model_1': 'activating'}
[2026-08-20 13:20:07.218 GPU_Scheduler_0] Waiting for models to be activated: {'model_1': 'activating'}
[2026-08-20 13:20:07.229 GPU_Scheduler_0] Waiting for models to be activated: {'model_1': 'activating'}
[2026-08-20 13:20:07.239 GPU_Scheduler_0] Waiting for models to be activated: {'model_1': 'activating'}
[2026-08-20 13:20:07.250 GPU_Scheduler_0] Waiting for models to be activated: {'model_1': 'activating'}
[2026-08-20 13:20:07.260 GPU_Scheduler_0] Waiting for models to be activated: {'model_1': 'activating'}
[2026-08-20 13:20:07.270 GPU_Scheduler_0] Waiting for models to be activated: {'model_1': 'activating'}
[2026-08-20 13:20:07.281 GPU_Scheduler_0] Waiting for models to be activated: {'model_1': 'activating'}
[2026-08-20 13:20:07.291 GPU_Scheduler_0] Waiting for models to be activated: {'model_1': 'activating'}
[2026-08-20 13:20:07.301 GPU_Scheduler_0] Waiting for models to be activated: {'model_1': 'activating'}
[2026-08-20 13:20:07.312 GPU_Scheduler_0] Waiting for models to be activated: {'model_1': 'activating'}
[2026-08-20 13:20:07.322 GPU_Scheduler_0] Waiting for models to be activated: {'model_1': 'activating'}
[2026-08-20 13:20:07.333 GPU_Scheduler_0] Waiting for models to be activated: {'model_1': 'activating'}
[2026-08-20 13:20:07.343 GPU_Scheduler_0] Waiting for models to be activated: {'model_1': 'activating'}
[2026-08-20 13:20:07.354 GPU_Scheduler_0] Waiting for models to be activated: {'model_1': 'activating'}
[2026-08-20 13:20:07.364 GPU_Scheduler_0] Waiting for models to be activated: {'model_1': 'activating'}
[2026-08-20 13:20:07.375 GPU_Scheduler_0] Waiting for models to be activated: {'model_1': 'activating'}
[2026-08-20 13:20:07.385 GPU_Scheduler_0] Waiting for models to be activated: {'model_1': 'activating'}
[2026-08-20 13:20:07.396 GPU_Scheduler_0] Waiting for models to be activated: {'model_1': 'activating'}
[2026-08-20 13:20:07.406 GPU_Scheduler_0] Waiting for models to be activated: {'model_1': 'activating'}
[2026-08-20 13:20:07.416 GPU_Scheduler_0] Waiting for models to be activated: {'model_1': 'activating'}
[2026-08-20 13:20:07.427 GPU_Scheduler_0] Waiting for models to be activated: {'model_1': 'activating'}
[2026-08-20 13:20:07.437 GPU_Scheduler_0] Waiting for models to be activated: {'model_1': 'activating'}
[2026-08-20 13:20:07.448 GPU_Scheduler_0] Waiting for models to be activated: {'model_1': 'activating'}
[2026-08-20 13:20:07.458 GPU_Scheduler_0] Waiting for models to be activated: {'model_1': 'activating'}
[2026-08-20 13:20:07.469 GPU_Scheduler_0] Waiting for models to be activated: {'model_1': 'activating'}
[2026-08-20 13:20:07.479 GPU_Scheduler_0] Waiting for models to be activated: {'model_1': 'activating'}
[2026-08-20 13:20:07.490 GPU_Scheduler_0] Waiting for models to be activated: {'model_1': 'activating'}
[2026-08-20 13:20:07.500 GPU_Scheduler_0] Waiting for models to be activated: {'model_1': 'activating'}
[2026-08-20 13:20:07.511 GPU_Scheduler_0] Waiting for models to be activated: {'model_1': 'activating'}
[2026-08-20 13:20:07.521 GPU_Scheduler_0] Waiting for models to be activated: {'model_1': 'activating'}
[2026-08-20 13:20:07.532 GPU_Scheduler_0] Waiting for models to be activated: {'model_1': 'activating'}
[2026-08-20 13:20:07.542 GPU_Scheduler_0] Waiting for models to be activated: {'model_1': 'activating'}
[2026-08-20 13:20:07.553 GPU_Scheduler_0] Waiting for models to be activated: {'model_1': 'activating'}
[2026-08-20 13:20:07.563 GPU_Scheduler_0] Waiting for models to be activated: {'model_1': 'activating'}
[2026-08-20 13:20:07.574 GPU_Scheduler_0] Waiting for models to be activated: {'model_1': 'activating'}
[2026-08-20 13:20:07.584 GPU_Scheduler_0] Waiting for models to be activated: {'model_1': 'activating'}
[2026-08-20 13:20:07.595 GPU_Scheduler_0] Waiting for models to be activated: {'model_1': 'activating'}
[2026-08-20 13:20:07.605 GPU_Scheduler_0] Waiting for models to be activated: {'model_1': 'activating'}
[2026-08-20 13:20:07.616 GPU_Scheduler_0] Waiting for models to be activated: {'model_1': 'activating'}
[2026-08-20 13:20:07.626 GPU_Scheduler_0] Waiting for models to be activated: {'model_1': 'activating'}
[2026-08-20 13:20:07.637 GPU_Scheduler_0] Waiting for models to be activated: {'model_1': 'activating'}
[2026-08-20 13:20:07.647 GPU_Scheduler_0] Waiting for models to be activated: {'model_1': 'activating'}
[2026-08-20 13:20:07.657 GPU_Scheduler_0] Waiting for models to be activated: {'model_1': 'activating'}
[2026-08-20 13:20:07.668 GPU_Scheduler_0] Waiting for models to be activated: {'model_1': 'activating'}
[2026-08-20 13:20:07.678 GPU_Scheduler_0] Waiting for models to be activated: {'model_1': 'activating'}
[2026-08-20 13:20:07.688 GPU_Scheduler_0] Waiting for models to be activated: {'model_1': 'activating'}
[2026-08-20 13:20:07.699 GPU_Scheduler_0] Waiting for models to be activated: {'model_1': 'activating'}
[2026-08-20 13:20:07.709 GPU_Scheduler_0] Waiting for models to be activated: {'model_1': 'activating'}
[2026-08-20 13:20:07.719 GPU_Scheduler_0] Waiting for models to be activated: {'model_1': 'activating'}
[2026-08-20 13:20:07.730 GPU_Scheduler_0] Waiting for models to be activated: {'model_1': 'activating'}
[2026-08-20 13:20:07.740 GPU_Scheduler_0] Waiting for models to be activated: {'model_1': 'activating'}
[2026-08-20 13:20:07.750 GPU_Scheduler_0] Waiting for models to be activated: {'model_1': 'activating'}
[2026-08-20 13:20:07.761 GPU_Scheduler_0] Waiting for models to be activated: {'model_1': 'activating'}
[2026-08-20 13:20:07.771 GPU_Scheduler_0] Waiting for models to be activated: {'model_1': 'activating'}
[2026-08-20 13:20:07.781 GPU_Scheduler_0] Waiting for models to be activated: {'model_1': 'activating'}
[2026-08-20 13:20:07.791 GPU_Scheduler_0] Waiting for models to be activated: {'model_1': 'activating'}
[2026-08-20 13:20:07.802 GPU_Scheduler_0] Waiting for models to be activated: {'model_1': 'activating'}
[2026-08-20 13:20:07.812 GPU_Scheduler_0] Waiting for models to be activated: {'model_1': 'activating'}
[2026-08-20 13:20:07.822 GPU_Scheduler_0] Waiting for models to be activated: {'model_1': 'activating'}
[2026-08-20 13:20:07.833 GPU_Scheduler_0] Waiting for models to be activated: {'model_1': 'activating'}
[2026-08-20 13:20:07.843 GPU_Scheduler_0] Waiting for models to be activated: {'model_1': 'activating'}
[2026-08-20 13:20:07.853 GPU_Scheduler_0] Waiting for models to be activated: {'model_1': 'activating'}
[2026-08-20 13:20:07.864 GPU_Scheduler_0] Waiting for models to be activated: {'model_1': 'activating'}
[2026-08-20 13:20:07.874 GPU_Scheduler_0] Waiting for models to be activated: {'model_1': 'activating'}
[2026-08-20 13:20:07.884 GPU_Scheduler_0] Waiting for models to be activated: {'model_1': 'activating'}
[2026-08-20 13:20:07.895 GPU_Scheduler_0] Waiting for models to be activated: {'model_1': 'activating'}
[2026-08-20 13:20:07.905 GPU_Scheduler_0] Waiting for models to be activated: {'model_1': 'activating'}
[2026-08-20 13:20:07.915 GPU_Scheduler_0] Waiting for models to be activated: {'model_1': 'activating'}
[2026-08-20 13:20:07.926 GPU_Scheduler_0] Waiting for models to be activated: {'model_1': 'activating'}
[2026-08-20 13:20:07.936 GPU_Scheduler_0] Waiting for models to be activated: {'model_1': 'activating'}
[2026-08-20 13:20:07.946 GPU_Scheduler_0] Waiting for models to be activated: {'model_1': 'activating'}
[2026-08-20 13:20:07.957 GPU_Scheduler_0] Waiting for models to be activated: {'model_1': 'activating'}
[2026-08-20 13:20:07.967 GPU_Scheduler_0] Waiting for models to be activated: {'model_1': 'activating'}
[2026-08-20 13:20:07.977 GPU_Scheduler_0] Waiting for models to be activated: {'model_1': 'activating'}
[2026-08-20 13:20:07.987 GPU_Scheduler_0] Waiting for models to be activated: {'model_1': 'activating'}
[2026-08-20 13:20:07.998 GPU_Scheduler_0] Waiting for models to be activated: {'model_1': 'activating'}
[2026-08-20 13:20:08.008 GPU_Scheduler_0] Waiting for models to be activated: {'model_1': 'activating'}
[2026-08-20 13:20:08.019 GPU_Scheduler_0] Waiting for models to be activated: {'model_1': 'activating'}
[2026-08-20 13:20:08.029 GPU_Scheduler_0] Waiting for models to be activated: {'model_1': 'activating'}
[2026-08-20 13:20:08.039 GPU_Scheduler_0] Waiting for models to be activated: {'model_1': 'activating'}
[2026-08-20 13:20:08.050 GPU_Scheduler_0] Waiting for models to be activated: {'model_1': 'activating'}
[2026-08-20 13:20:08.060 GPU_Scheduler_0] Waiting for models to be activated: {'model_1': 'activating'}
[2026-08-20 13:20:08.070 GPU_Scheduler_0] Waiting for models to be activated: {'model_1': 'activating'}
[2026-08-20 13:20:08.081 GPU_Scheduler_0] Waiting for models to be activated: {'model_1': 'activating'}
[2026-08-20 13:20:08.091 GPU_Scheduler_0] Waiting for models to be activated: {'model_1': 'activating'}
[2026-08-20 13:20:08.102 GPU_Scheduler_0] Waiting for models to be activated: {'model_1': 'activating'}
[2026-08-20 13:20:08.112 GPU_Scheduler_0] Waiting for models to be activated: {'model_1': 'activating'}
[2026-08-20 13:20:08.123 GPU_Scheduler_0] Waiting for models to be activated: {'model_1': 'activating'}
[2026-08-20 13:20:08.133 GPU_Scheduler_0] Waiting for models to be activated: {'model_1': 'activating'}
[2026-08-20 13:20:08.144 GPU_Scheduler_0] Waiting for models to be activated: {'model_1': 'activating'}
[2026-08-20 13:20:08.155 GPU_Scheduler_0] Waiting for models to be activated: {'model_1': 'activating'}
[2026-08-20 13:20:08.165 GPU_Scheduler_0] Waiting for models to be activated: {'model_1': 'activating'}
[2026-08-20 13:20:08.176 GPU_Scheduler_0] Waiting for models to be activated: {'model_1': 'activating'}
[2026-08-20 13:20:08.186 GPU_Scheduler_0] Waiting for models to be activated: {'model_1': 'activating'}
[2026-08-20 13:20:08.197 GPU_Scheduler_0] Waiting for models to be activated: {'model_1': 'activating'}
[2026-08-20 13:20:08.207 GPU_Scheduler_0] Waiting for models to be activated: {'model_1': 'activating'}
[2026-08-20 13:20:08.218 GPU_Scheduler_0] Waiting for models to be activated: {'model_1': 'activating'}
[2026-08-20 13:20:08.228 GPU_Scheduler_0] Waiting for models to be activated: {'model_1': 'activating'}
[2026-08-20 13:20:08.239 GPU_Scheduler_0] Waiting for models to be activated: {'model_1': 'activating'}
[2026-08-20 13:20:08.249 GPU_Scheduler_0] Waiting for models to be activated: {'model_1': 'activating'}
[2026-08-20 13:20:08.260 GPU_Scheduler_0] Waiting for models to be activated: {'model_1': 'activating'}
[2026-08-20 13:20:08.270 GPU_Scheduler_0] Waiting for models to be activated: {'model_1': 'activating'}
[2026-08-20 13:20:08.281 GPU_Scheduler_0] Waiting for models to be activated: {'model_1': 'activating'}
[2026-08-20 13:20:08.291 GPU_Scheduler_0] Waiting for models to be activated: {'model_1': 'activating'}
[2026-08-20 13:20:08.302 GPU_Scheduler_0] Waiting for models to be activated: {'model_1': 'activating'}
[2026-08-20 13:20:08.312 GPU_Scheduler_0] Waiting for models to be activated: {'model_1': 'activating'}
[2026-08-20 13:20:08.323 GPU_Scheduler_0] Waiting for models to be activated: {'model_1': 'activating'}
[2026-08-20 13:20:08.333 GPU_Scheduler_0] Waiting for models to be activated: {'model_1': 'activating'}
[2026-08-20 13:20:08.343 GPU_Scheduler_0] Waiting for models to be activated: {'model_1': 'activating'}
[2026-08-20 13:20:08.354 GPU_Scheduler_0] Waiting for models to be activated: {'model_1': 'activating'}
[2026-08-20 13:20:08.364 GPU_Scheduler_0] Waiting for models to be activated: {'model_1': 'activating'}
[2026-08-20 13:20:08.374 GPU_Scheduler_0] Waiting for models to be activated: {'model_1': 'activating'}
[2026-08-20 13:20:08.385 GPU_Scheduler_0] Waiting for models to be activated: {'model_1': 'activating'}
[2026-08-20 13:20:08.395 GPU_Scheduler_0] Waiting for models to be activated: {'model_1': 'activating'}
[2026-08-20 13:20:08.405 GPU_Scheduler_0] Waiting for models to be activated: {'model_1': 'activating'}
[2026-08-20 13:20:08.416 GPU_Scheduler_0] Waiting for models to be activated: {'model_1': 'activating'}
[2026-08-20 13:20:08.426 GPU_Scheduler_0] Waiting for models to be activated: {'model_1': 'activating'}
[2026-08-20 13:20:08.436 GPU_Scheduler_0] Waiting for models to be activated: {'model_1': 'activating'}
[2026-08-20 13:20:08.447 GPU_Scheduler_0] Waiting for models to be activated: {'model_1': 'activating'}
[2026-08-20 13:20:08.457 GPU_Scheduler_0] Waiting for models to be activated: {'model_1': 'activating'}
[2026-08-20 13:20:08.467 GPU_Scheduler_0] Waiting for models to be activated: {'model_1': 'activating'}
[2026-08-20 13:20:08.478 GPU_Scheduler_0] Waiting for models to be activated: {'model_1': 'activating'}
[2026-08-20 13:20:08.488 GPU_Scheduler_0] Waiting for models to be activated: {'model_1': 'activating'}
[2026-08-20 13:20:08.498 GPU_Scheduler_0] Waiting for models to be activated: {'model_1': 'activating'}
[2026-08-20 13:20:08.509 GPU_Scheduler_0] Waiting for models to be activated: {'model_1': 'activating'}
[2026-08-20 13:20:08.519 GPU_Scheduler_0] Waiting for models to be activated: {'model_1': 'activating'}
[2026-08-20 13:20:08.530 GPU_Scheduler_0] Waiting for models to be activated: {'model_1': 'activating'}
[2026-08-20 13:20:08.540 GPU_Scheduler_0] Waiting for models to be activated: {'model_1': 'activating'}
[2026-08-20 13:20:08.551 GPU_Scheduler_0] Waiting for models to be activated: {'model_1': 'activating'}
[2026-08-20 13:20:08.561 GPU_Scheduler_0] Waiting for models to be activated: {'model_1': 'activating'}
[2026-08-20 13:20:08.571 GPU_Scheduler_0] Waiting for models to be activated: {'model_1': 'activating'}
[2026-08-20 13:20:08.582 GPU_Scheduler_0] Waiting for models to be activated: {'model_1': 'activating'}
[2026-08-20 13:20:08.592 GPU_Scheduler_0] Waiting for models to be activated: {'model_1': 'activating'}
[2026-08-20 13:20:08.603 GPU_Scheduler_0] Waiting for models to be activated: {'model_1': 'activating'}
[2026-08-20 13:20:08.613 GPU_Scheduler_0] Waiting for models to be activated: {'model_1': 'activating'}
[2026-08-20 13:20:08.624 GPU_Scheduler_0] Waiting for models to be activated: {'model_1': 'activating'}
[2026-08-20 13:20:08.634 GPU_Scheduler_0] Waiting for models to be activated: {'model_1': 'activating'}
[2026-08-20 13:20:08.645 GPU_Scheduler_0] Waiting for models to be activated: {'model_1': 'activating'}
[2026-08-20 13:20:08.655 GPU_Scheduler_0] Waiting for models to be activated: {'model_1': 'activating'}
[2026-08-20 13:20:08.665 GPU_Scheduler_0] Waiting for models to be activated: {'model_1': 'activating'}
[2026-08-20 13:20:08.676 GPU_Scheduler_0] Waiting for models to be activated: {'model_1': 'activating'}
[2026-08-20 13:20:08.686 GPU_Scheduler_0] Waiting for models to be activated: {'model_1': 'activating'}
[2026-08-20 13:20:08.696 GPU_Scheduler_0] Waiting for models to be activated: {'model_1': 'activating'}
[2026-08-20 13:20:08.707 GPU_Scheduler_0] Waiting for models to be activated: {'model_1': 'activating'}
[2026-08-20 13:20:08.717 GPU_Scheduler_0] Waiting for models to be activated: {'model_1': 'activating'}
[2026-08-20 13:20:08.727 GPU_Scheduler_0] Waiting for models to be activated: {'model_1': 'activating'}
[2026-08-20 13:20:08.738 GPU_Scheduler_0] Waiting for models to be activated: {'model_1': 'activating'}
[2026-08-20 13:20:08.749 GPU_Scheduler_0] Waiting for models to be activated: {'model_1': 'activating'}
[2026-08-20 13:20:08.759 GPU_Scheduler_0] Waiting for models to be activated: {'model_1': 'activating'}
[2026-08-20 13:20:08.770 GPU_Scheduler_0] Waiting for models to be activated: {'model_1': 'activating'}
[2026-08-20 13:20:08.780 GPU_Scheduler_0] Waiting for models to be activated: {'model_1': 'activating'}
[2026-08-20 13:20:08.791 GPU_Scheduler_0] Waiting for models to be activated: {'model_1': 'activating'}
[2026-08-20 13:20:08.801 GPU_Scheduler_0] Waiting for models to be activated: {'model_1': 'activating'}
[2026-08-20 13:20:08.811 GPU_Scheduler_0] Waiting for models to be activated: {'model_1': 'activating'}
[2026-08-20 13:20:08.822 GPU_Scheduler_0] Waiting for models to be activated: {'model_1': 'activating'}
[2026-08-20 13:20:08.832 GPU_Scheduler_0] Waiting for models to be activated: {'model_1': 'activating'}
[2026-08-20 13:20:08.842 GPU_Scheduler_0] Waiting for models to be activated: {'model_1': 'activating'}
[2026-08-20 13:20:08.852 GPU_Scheduler_0] Waiting for models to be activated: {'model_1': 'activating'}
[2026-08-20 13:20:08.863 GPU_Scheduler_0] Waiting for models to be activated: {'model_1': 'activating'}
[2026-08-20 13:20:08.874 GPU_Scheduler_0] Waiting for models to be activated: {'model_1': 'activating'}
[2026-08-20 13:20:08.884 GPU_Scheduler_0] Waiting for models to be activated: {'model_1': 'activating'}
[2026-08-20 13:20:08.895 GPU_Scheduler_0] Waiting for models to be activated: {'model_1': 'activating'}
[2026-08-20 13:20:08.905 GPU_Scheduler_0] Waiting for models to be activated: {'model_1': 'activating'}
[2026-08-20 13:20:08.916 GPU_Scheduler_0] Waiting for models to be activated: {'model_1': 'activating'}
[2026-08-20 13:20:08.926 GPU_Scheduler_0] Waiting for models to be activated: {'model_1': 'activating'}
[2026-08-20 13:20:08.937 GPU_Scheduler_0] Waiting for models to be activated: {'model_1': 'activating'}
[2026-08-20 13:20:08.947 GPU_Scheduler_0] Waiting for models to be activated: {'model_1': 'activating'}
[2026-08-20 13:20:08.958 GPU_Scheduler_0] Waiting for models to be activated: {'model_1': 'activating'}
[2026-08-20 13:20:08.968 GPU_Scheduler_0] Waiting for models to be activated: {'model_1': 'activating'}
[2026-08-20 13:20:08.979 GPU_Scheduler_0] Waiting for models to be activated: {'model_1': 'activating'}
[2026-08-20 13:20:08.989 GPU_Scheduler_0] Waiting for models to be activated: {'model_1': 'activating'}
[2026-08-20 13:20:09.000 GPU_Scheduler_0] Waiting for models to be activated: {'model_1': 'activating'}
[2026-08-20 13:20:09.010 GPU_Scheduler_0] Waiting for models to be activated: {'model_1': 'activating'}
[2026-08-20 13:20:09.021 GPU_Scheduler_0] Waiting for models to be activated: {'model_1': 'activating'}
[2026-08-20 13:20:09.031 GPU_Scheduler_0] Waiting for models to be activated: {'model_1': 'activating'}
[2026-08-20 13:20:09.042 GPU_Scheduler_0] Waiting for models to be activated: {'model_1': 'activating'}
[2026-08-20 13:20:09.053 GPU_Scheduler_0] Waiting for models to be activated: {'model_1': 'activating'}
[2026-08-20 13:20:09.063 GPU_Scheduler_0] Waiting for models to be activated: {'model_1': 'activating'}
[2026-08-20 13:20:09.073 GPU_Scheduler_0] Waiting for models to be activated: {'model_1': 'activating'}
[2026-08-20 13:20:09.083 GPU_Scheduler_0] Waiting for models to be activated: {'model_1': 'activating'}
[2026-08-20 13:20:09.094 GPU_Scheduler_0] Waiting for models to be activated: {'model_1': 'activating'}
[2026-08-20 13:20:09.104 GPU_Scheduler_0] Waiting for models to be activated: {'model_1': 'activating'}
[2026-08-20 13:20:09.114 GPU_Scheduler_0] Waiting for models to be activated: {'model_1': 'activating'}
[2026-08-20 13:20:09.125 GPU_Scheduler_0] Waiting for models to be activated: {'model_1': 'activating'}
[2026-08-20 13:20:09.135 GPU_Scheduler_0] Waiting for models to be activated: {'model_1': 'activating'}
[2026-08-20 13:20:09.146 GPU_Scheduler_0] Waiting for models to be activated: {'model_1': 'activating'}
[2026-08-20 13:20:09.156 GPU_Scheduler_0] Waiting for models to be activated: {'model_1': 'activating'}
[2026-08-20 13:20:09.167 GPU_Scheduler_0] Waiting for models to be activated: {'model_1': 'activating'}
[2026-08-20 13:20:09.177 GPU_Scheduler_0] Waiting for models to be activated: {'model_1': 'activating'}
[2026-08-20 13:20:09.188 GPU_Scheduler_0] Waiting for models to be activated: {'model_1': 'activating'}
[2026-08-20 13:20:09.198 GPU_Scheduler_0] Waiting for models to be activated: {'model_1': 'activating'}
[2026-08-20 13:20:09.209 GPU_Scheduler_0] Waiting for models to be activated: {'model_1': 'activating'}
[2026-08-20 13:20:09.220 GPU_Scheduler_0] Waiting for models to be activated: {'model_1': 'activating'}
[2026-08-20 13:20:09.230 GPU_Scheduler_0] Waiting for models to be activated: {'model_1': 'activating'}
[2026-08-20 13:20:09.241 GPU_Scheduler_0] Waiting for models to be activated: {'model_1': 'activating'}
[2026-08-20 13:20:09.251 GPU_Scheduler_0] Waiting for models to be activated: {'model_1': 'activating'}
[2026-08-20 13:20:09.262 GPU_Scheduler_0] Waiting for models to be activated: {'model_1': 'activating'}
[2026-08-20 13:20:09.273 GPU_Scheduler_0] Waiting for models to be activated: {'model_1': 'activating'}
[2026-08-20 13:20:09.283 GPU_Scheduler_0] Waiting for models to be activated: {'model_1': 'activating'}
[2026-08-20 13:20:09.294 GPU_Scheduler_0] Waiting for models to be activated: {'model_1': 'activating'}
[2026-08-20 13:20:09.304 GPU_Scheduler_0] Waiting for models to be activated: {'model_1': 'activating'}
[2026-08-20 13:20:09.315 GPU_Scheduler_0] Waiting for models to be activated: {'model_1': 'activating'}
[2026-08-20 13:20:09.325 GPU_Scheduler_0] Waiting for models to be activated: {'model_1': 'activating'}
[2026-08-20 13:20:09.336 GPU_Scheduler_0] Waiting for models to be activated: {'model_1': 'activating'}
[2026-08-20 13:20:09.347 GPU_Scheduler_0] Waiting for models to be activated: {'model_1': 'activating'}
[2026-08-20 13:20:09.357 GPU_Scheduler_0] Waiting for models to be activated: {'model_1': 'activating'}
[2026-08-20 13:20:09.368 GPU_Scheduler_0] Waiting for models to be activated: {'model_1': 'activating'}
[2026-08-20 13:20:09.378 GPU_Scheduler_0] Waiting for models to be activated: {'model_1': 'activating'}
[2026-08-20 13:20:09.389 GPU_Scheduler_0] Waiting for models to be activated: {'model_1': 'activating'}
[2026-08-20 13:20:09.399 GPU_Scheduler_0] Waiting for models to be activated: {'model_1': 'activating'}
[2026-08-20 13:20:09.410 GPU_Scheduler_0] Waiting for models to be activated: {'model_1': 'activating'}
[2026-08-20 13:20:09.420 GPU_Scheduler_0] Waiting for models to be activated: {'model_1': 'activating'}
[2026-08-20 13:20:09.431 GPU_Scheduler_0] Waiting for models to be activated: {'model_1': 'activating'}
[2026-08-20 13:20:09.441 GPU_Scheduler_0] Waiting for models to be activated: {'model_1': 'activating'}
[2026-08-20 13:20:09.452 GPU_Scheduler_0] Waiting for models to be activated: {'model_1': 'activating'}
[2026-08-20 13:20:09.463 GPU_Scheduler_0] Waiting for models to be activated: {'model_1': 'activating'}
[2026-08-20 13:20:09.473 GPU_Scheduler_0] Waiting for models to be activated: {'model_1': 'activating'}
[2026-08-20 13:20:09.484 GPU_Scheduler_0] Waiting for models to be activated: {'model_1': 'activating'}
[2026-08-20 13:20:09.494 GPU_Scheduler_0] Waiting for models to be activated: {'model_1': 'activating'}
[2026-08-20 13:20:09.505 GPU_Scheduler_0] Waiting for models to be activated: {'model_1': 'activating'}
[2026-08-20 13:20:09.515 GPU_Scheduler_0] Waiting for models to be activated: {'model_1': 'activating'}
[2026-08-20 13:20:09.526 GPU_Scheduler_0] Waiting for models to be activated: {'model_1': 'activating'}
[2026-08-20 13:20:09.537 GPU_Scheduler_0] Waiting for models to be activated: {'model_1': 'activating'}
[2026-08-20 13:20:09.547 GPU_Scheduler_0] Waiting for models to be activated: {'model_1': 'activating'}
[2026-08-20 13:20:09.558 GPU_Scheduler_0] Waiting for models to be activated: {'model_1': 'activating'}
[2026-08-20 13:20:09.568 GPU_Scheduler_0] Waiting for models to be activated: {'model_1': 'activating'}
[2026-08-20 13:20:09.579 GPU_Scheduler_0] Waiting for models to be activated: {'model_1': 'activating'}
[2026-08-20 13:20:09.589 GPU_Scheduler_0] Waiting for models to be activated: {'model_1': 'activating'}
[2026-08-20 13:20:09.600 GPU_Scheduler_0] Waiting for models to be activated: {'model_1': 'activating'}
[2026-08-20 13:20:09.611 GPU_Scheduler_0] Waiting for models to be activated: {'model_1': 'activating'}
[2026-08-20 13:20:09.621 GPU_Scheduler_0] Waiting for models to be activated: {'model_1': 'activating'}
[2026-08-20 13:20:09.632 GPU_Scheduler_0] Waiting for models to be activated: {'model_1': 'activating'}
[2026-08-20 13:20:09.642 GPU_Scheduler_0] Waiting for models to be activated: {'model_1': 'activating'}
[2026-08-20 13:20:09.652 GPU_Scheduler_0] Waiting for models to be activated: {'model_1': 'activating'}
[2026-08-20 13:20:09.663 GPU_Scheduler_0] Waiting for models to be activated: {'model_1': 'activating'}
[2026-08-20 13:20:09.673 GPU_Scheduler_0] Waiting for models to be activated: {'model_1': 'activating'}
[2026-08-20 13:20:09.683 GPU_Scheduler_0] Waiting for models to be activated: {'model_1': 'activating'}
[2026-08-20 13:20:09.694 GPU_Scheduler_0] Waiting for models to be activated: {'model_1': 'activating'}
[2026-08-20 13:20:09.704 GPU_Scheduler_0] Waiting for models to be activated: {'model_1': 'activating'}
[2026-08-20 13:20:09.714 GPU_Scheduler_0] Waiting for models to be activated: {'model_1': 'activating'}
[2026-08-20 13:20:09.725 GPU_Scheduler_0] Waiting for models to be activated: {'model_1': 'activating'}
[2026-08-20 13:20:09.735 GPU_Scheduler_0] Waiting for models to be activated: {'model_1': 'activating'}
[2026-08-20 13:20:09.745 GPU_Scheduler_0] Waiting for models to be activated: {'model_1': 'activating'}
[2026-08-20 13:20:09.756 GPU_Scheduler_0] Waiting for models to be activated: {'model_1': 'activating'}
[2026-08-20 13:20:09.766 GPU_Scheduler_0] Waiting for models to be activated: {'model_1': 'activating'}
[2026-08-20 13:20:09.777 GPU_Scheduler_0] Waiting for models to be activated: {'model_1': 'activating'}
[2026-08-20 13:20:09.787 GPU_Scheduler_0] Waiting for models to be activated: {'model_1': 'activating'}
[2026-08-20 13:20:09.797 GPU_Scheduler_0] Waiting for models to be activated: {'model_1': 'activating'}
[2026-08-20 13:20:09.808 GPU_Scheduler_0] Waiting for models to be activated: {'model_1': 'activating'}
[2026-08-20 13:20:09.818 GPU_Scheduler_0] Waiting for models to be activated: {'model_1': 'activating'}
[2026-08-20 13:20:09.829 GPU_Scheduler_0] Waiting for models to be activated: {'model_1': 'activating'}
[2026-08-20 13:20:09.839 GPU_Scheduler_0] Waiting for models to be activated: {'model_1': 'activating'}
[2026-08-20 13:20:09.850 GPU_Scheduler_0] Waiting for models to be activated: {'model_1': 'activating'}
[2026-08-20 13:20:09.860 GPU_Scheduler_0] Waiting for models to be activated: {'model_1': 'activating'}
[2026-08-20 13:20:09.870 GPU_Scheduler_0] Waiting for models to be activated: {'model_1': 'activating'}
[2026-08-20 13:20:09.881 GPU_Scheduler_0] Waiting for models to be activated: {'model_1': 'activating'}
[2026-08-20 13:20:09.891 GPU_Scheduler_0] Waiting for models to be activated: {'model_1': 'activating'}
[2026-08-20 13:20:09.902 GPU_Scheduler_0] Waiting for models to be activated: {'model_1': 'activating'}
[2026-08-20 13:20:09.912 GPU_Scheduler_0] Waiting for models to be activated: {'model_1': 'activating'}
[2026-08-20 13:20:09.922 GPU_Scheduler_0] Waiting for models to be activated: {'model_1': 'activating'}
[2026-08-20 13:20:09.933 GPU_Scheduler_0] Waiting for models to be activated: {'model_1': 'activating'}
[2026-08-20 13:20:09.943 GPU_Scheduler_0] Waiting for models to be activated: {'model_1': 'activating'}
[2026-08-20 13:20:09.954 GPU_Scheduler_0] Waiting for models to be activated: {'model_1': 'activating'}
[2026-08-20 13:20:09.964 GPU_Scheduler_0] Waiting for models to be activated: {'model_1': 'activating'}
[2026-08-20 13:20:09.975 GPU_Scheduler_0] Waiting for models to be activated: {'model_1': 'activating'}
[2026-08-20 13:20:09.986 GPU_Scheduler_0] Waiting for models to be activated: {'model_1': 'activating'}
[2026-08-20 13:20:09.996 GPU_Scheduler_0] Waiting for models to be activated: {'model_1': 'activating'}
[2026-08-20 13:20:10.007 GPU_Scheduler_0] Waiting for models to be activated: {'model_1': 'activating'}
[2026-08-20 13:20:10.017 GPU_Scheduler_0] Waiting for models to be activated: {'model_1': 'activating'}
[2026-08-20 13:20:10.028 GPU_Scheduler_0] Waiting for models to be activated: {'model_1': 'activating'}
[2026-08-20 13:20:10.038 GPU_Scheduler_0] Waiting for models to be activated: {'model_1': 'activating'}
[2026-08-20 13:20:10.049 GPU_Scheduler_0] Waiting for models to be activated: {'model_1': 'activating'}
[2026-08-20 13:20:10.060 GPU_Scheduler_0] Waiting for models to be activated: {'model_1': 'activating'}
[2026-08-20 13:20:10.070 GPU_Scheduler_0] Waiting for models to be activated: {'model_1': 'activating'}
[2026-08-20 13:20:10.081 GPU_Scheduler_0] Waiting for models to be activated: {'model_1': 'activating'}
[2026-08-20 13:20:10.091 GPU_Scheduler_0] Waiting for models to be activated: {'model_1': 'activating'}
[2026-08-20 13:20:10.102 GPU_Scheduler_0] Waiting for models to be activated: {'model_1': 'activating'}
[2026-08-20 13:20:10.112 GPU_Scheduler_0] Waiting for models to be activated: {'model_1': 'activating'}
[2026-08-20 13:20:10.123 GPU_Scheduler_0] Waiting for models to be activated: {'model_1': 'activating'}
[2026-08-20 13:20:10.134 GPU_Scheduler_0] Waiting for models to be activated: {'model_1': 'activating'}
[2026-08-20 13:20:10.144 GPU_Scheduler_0] Waiting for models to be activated: {'model_1': 'activating'}
[2026-08-20 13:20:10.155 GPU_Scheduler_0] Waiting for models to be activated: {'model_1': 'activating'}
[2026-08-20 13:20:10.165 GPU_Scheduler_0] Waiting for models to be activated: {'model_1': 'activating'}
[2026-08-20 13:20:10.176 GPU_Scheduler_0] Waiting for models to be activated: {'model_1': 'activating'}
[2026-08-20 13:20:10.187 GPU_Scheduler_0] Waiting for models to be activated: {'model_1': 'activating'}
[2026-08-20 13:20:10.197 GPU_Scheduler_0] Waiting for models to be activated: {'model_1': 'activating'}
[2026-08-20 13:20:10.208 GPU_Scheduler_0] Waiting for models to be activated: {'model_1': 'activating'}
[2026-08-20 13:20:10.218 GPU_Scheduler_0] Waiting for models to be activated: {'model_1': 'activating'}
[2026-08-20 13:20:10.229 GPU_Scheduler_0] Waiting for models to be activated: {'model_1': 'activating'}
[2026-08-20 13:20:10.239 GPU_Scheduler_0] Waiting for models to be activated: {'model_1': 'activating'}
[2026-08-20 13:20:10.250 GPU_Scheduler_0] Waiting for models to be activated: {'model_1': 'activating'}
[2026-08-20 13:20:10.261 GPU_Scheduler_0] Waiting for models to be activated: {'model_1': 'activating'}
[2026-08-20 13:20:10.271 GPU_Scheduler_0] Waiting for models to be activated: {'model_1': 'activating'}
[2026-08-20 13:20:10.282 GPU_Scheduler_0] Waiting for models to be activated: {'model_1': 'activating'}
[2026-08-20 13:20:10.292 GPU_Scheduler_0] Waiting for models to be activated: {'model_1': 'activating'}
[2026-08-20 13:20:10.303 GPU_Scheduler_0] Waiting for models to be activated: {'model_1': 'activating'}
[2026-08-20 13:20:10.314 GPU_Scheduler_0] Waiting for models to be activated: {'model_1': 'activating'}
[2026-08-20 13:20:10.324 GPU_Scheduler_0] Waiting for models to be activated: {'model_1': 'activating'}
[2026-08-20 13:20:10.335 GPU_Scheduler_0] Waiting for models to be activated: {'model_1': 'activating'}
[2026-08-20 13:20:10.345 GPU_Scheduler_0] Waiting for models to be activated: {'model_1': 'activating'}
[2026-08-20 13:20:10.356 GPU_Scheduler_0] Waiting for models to be activated: {'model_1': 'activating'}
[2026-08-20 13:20:10.367 GPU_Scheduler_0] Waiting for models to be activated: {'model_1': 'activating'}
[2026-08-20 13:20:10.377 GPU_Scheduler_0] Waiting for models to be activated: {'model_1': 'activating'}
[2026-08-20 13:20:10.388 GPU_Scheduler_0] Waiting for models to be activated: {'model_1': 'activating'}
[2026-08-20 13:20:10.398 GPU_Scheduler_0] Waiting for models to be activated: {'model_1': 'activating'}
[2026-08-20 13:20:10.409 GPU_Scheduler_0] Waiting for models to be activated: {'model_1': 'activating'}
[2026-08-20 13:20:10.420 GPU_Scheduler_0] Waiting for models to be activated: {'model_1': 'activating'}
[2026-08-20 13:20:10.430 GPU_Scheduler_0] Waiting for models to be activated: {'model_1': 'activating'}
[2026-08-20 13:20:10.441 GPU_Scheduler_0] Waiting for models to be activated: {'model_1': 'activating'}
[2026-08-20 13:20:10.451 GPU_Scheduler_0] Waiting for models to be activated: {'model_1': 'activating'}
[2026-08-20 13:20:10.462 GPU_Scheduler_0] Waiting for models to be activated: {'model_1': 'activating'}
[2026-08-20 13:20:10.472 GPU_Scheduler_0] Waiting for models to be activated: {'model_1': 'activating'}
[2026-08-20 13:20:10.483 GPU_Scheduler_0] Waiting for models to be activated: {'model_1': 'activating'}
[2026-08-20 13:20:10.494 GPU_Scheduler_0] Waiting for models to be activated: {'model_1': 'activating'}
[2026-08-20 13:20:10.504 GPU_Scheduler_0] Waiting for models to be activated: {'model_1': 'activating'}
[2026-08-20 13:20:10.515 GPU_Scheduler_0] Waiting for models to be activated: {'model_1': 'activating'}
[2026-08-20 13:20:10.525 GPU_Scheduler_0] Waiting for models to be activated: {'model_1': 'activating'}
[2026-08-20 13:20:10.536 GPU_Scheduler_0] Waiting for models to be activated: {'model_1': 'activating'}
[2026-08-20 13:20:10.546 GPU_Scheduler_0] Waiting for models to be activated: {'model_1': 'activating'}
[2026-08-20 13:20:10.557 GPU_Scheduler_0] Waiting for models to be activated: {'model_1': 'activating'}
[2026-08-20 13:20:10.568 GPU_Scheduler_0] Waiting for models to be activated: {'model_1': 'activating'}
[2026-08-20 13:20:10.578 GPU_Scheduler_0] Waiting for models to be activated: {'model_1': 'activating'}
[2026-08-20 13:20:10.589 GPU_Scheduler_0] Waiting for models to be activated: {'model_1': 'activating'}
[2026-08-20 13:20:10.599 GPU_Scheduler_0] Waiting for models to be activated: {'model_1': 'activating'}
[2026-08-20 13:20:10.610 GPU_Scheduler_0] Waiting for models to be activated: {'model_1': 'activating'}
[2026-08-20 13:20:10.621 GPU_Scheduler_0] Waiting for models to be activated: {'model_1': 'activating'}
[2026-08-20 13:20:10.631 GPU_Scheduler_0] Waiting for models to be activated: {'model_1': 'activating'}
[2026-08-20 13:20:10.642 GPU_Scheduler_0] Waiting for models to be activated: {'model_1': 'activating'}
[2026-08-20 13:20:10.652 GPU_Scheduler_0] Waiting for models to be activated: {'model_1': 'activating'}
[2026-08-20 13:20:10.663 GPU_Scheduler_0] Waiting for models to be activated: {'model_1': 'activating'}
[2026-08-20 13:20:10.673 GPU_Scheduler_0] Waiting for models to be activated: {'model_1': 'activating'}
[2026-08-20 13:20:10.684 GPU_Scheduler_0] Waiting for models to be activated: {'model_1': 'activating'}
[2026-08-20 13:20:10.695 GPU_Scheduler_0] Waiting for models to be activated: {'model_1': 'activating'}
[2026-08-20 13:20:10.705 GPU_Scheduler_0] Waiting for models to be activated: {'model_1': 'activating'}
[2026-08-20 13:20:10.716 GPU_Scheduler_0] Waiting for models to be activated: {'model_1': 'activating'}
[2026-08-20 13:20:10.726 GPU_Scheduler_0] Waiting for models to be activated: {'model_1': 'activating'}
[2026-08-20 13:20:10.737 GPU_Scheduler_0] Waiting for models to be activated: {'model_1': 'activating'}
[2026-08-20 13:20:10.748 GPU_Scheduler_0] Waiting for models to be activated: {'model_1': 'activating'}
[2026-08-20 13:20:10.758 GPU_Scheduler_0] Waiting for models to be activated: {'model_1': 'activating'}
[2026-08-20 13:20:10.769 GPU_Scheduler_0] Waiting for models to be activated: {'model_1': 'activating'}
[2026-08-20 13:20:10.779 GPU_Scheduler_0] Waiting for models to be activated: {'model_1': 'activating'}
[2026-08-20 13:20:10.790 GPU_Scheduler_0] Waiting for models to be activated: {'model_1': 'activating'}
[2026-08-20 13:20:10.800 GPU_Scheduler_0] Waiting for models to be activated: {'model_1': 'activating'}
[2026-08-20 13:20:10.811 GPU_Scheduler_0] Waiting for models to be activated: {'model_1': 'activating'}
[2026-08-20 13:20:10.822 GPU_Scheduler_0] Waiting for models to be activated: {'model_1': 'activating'}
[2026-08-20 13:20:10.832 GPU_Scheduler_0] Waiting for models to be activated: {'model_1': 'activating'}
[2026-08-20 13:20:10.843 GPU_Scheduler_0] Waiting for models to be activated: {'model_1': 'activating'}
[2026-08-20 13:20:10.853 GPU_Scheduler_0] Waiting for models to be activated: {'model_1': 'activating'}
[2026-08-20 13:20:10.864 GPU_Scheduler_0] Waiting for models to be activated: {'model_1': 'activating'}
[2026-08-20 13:20:10.875 GPU_Scheduler_0] Waiting for models to be activated: {'model_1': 'activating'}
[2026-08-20 13:20:10.885 GPU_Scheduler_0] Waiting for models to be activated: {'model_1': 'activating'}
[2026-08-20 13:20:10.896 GPU_Scheduler_0] Waiting for models to be activated: {'model_1': 'activating'}
[2026-08-20 13:20:10.906 GPU_Scheduler_0] Waiting for models to be activated: {'model_1': 'activating'}
[2026-08-20 13:20:10.917 GPU_Scheduler_0] Waiting for models to be activated: {'model_1': 'activating'}
[2026-08-20 13:20:10.927 GPU_Scheduler_0] Waiting for models to be activated: {'model_1': 'activating'}
[2026-08-20 13:20:10.938 GPU_Scheduler_0] Waiting for models to be activated: {'model_1': 'activating'}
[2026-08-20 13:20:10.949 GPU_Scheduler_0] Waiting for models to be activated: {'model_1': 'activating'}
[2026-08-20 13:20:10.959 GPU_Scheduler_0] Waiting for models to be activated: {'model_1': 'activating'}
[2026-08-20 13:20:10.970 GPU_Scheduler_0] Waiting for models to be activated: {'model_1': 'activating'}
[2026-08-20 13:20:10.980 GPU_Scheduler_0] Waiting for models to be activated: {'model_1': 'activating'}
[2026-08-20 13:20:10.991 GPU_Scheduler_0] Waiting for models to be activated: {'model_1': 'activating'}
[2026-08-20 13:20:11.002 GPU_Scheduler_0] Waiting for models to be activated: {'model_1': 'activating'}
[2026-08-20 13:20:11.012 GPU_Scheduler_0] Waiting for models to be activated: {'model_1': 'activating'}
[2026-08-20 13:20:11.023 GPU_Scheduler_0] Waiting for models to be activated: {'model_1': 'activating'}
[2026-08-20 13:20:11.033 GPU_Scheduler_0] Waiting for models to be activated: {'model_1': 'activating'}
[2026-08-20 13:20:11.044 GPU_Scheduler_0] Waiting for models to be activated: {'model_1': 'activating'}
[2026-08-20 13:20:11.054 GPU_Scheduler_0] Waiting for models to be activated: {'model_1': 'activating'}
[2026-08-20 13:20:11.065 GPU_Scheduler_0] Waiting for models to be activated: {'model_1': 'activating'}
[2026-08-20 13:20:11.076 GPU_Scheduler_0] Waiting for models to be activated: {'model_1': 'activating'}
[2026-08-20 13:20:11.086 GPU_Scheduler_0] Waiting for models to be activated: {'model_1': 'activating'}
[2026-08-20 13:20:11.097 GPU_Scheduler_0] Waiting for models to be activated: {'model_1': 'activating'}
[2026-08-20 13:20:11.107 GPU_Scheduler_0] Waiting for models to be activated: {'model_1': 'activating'}
[2026-08-20 13:20:11.118 GPU_Scheduler_0] Waiting for models to be activated: {'model_1': 'activating'}
[2026-08-20 13:20:11.129 GPU_Scheduler_0] Waiting for models to be activated: {'model_1': 'activating'}
[2026-08-20 13:20:11.139 GPU_Scheduler_0] Waiting for models to be activated: {'model_1': 'activating'}
[2026-08-20 13:20:11.150 GPU_Scheduler_0] Waiting for models to be activated: {'model_1': 'activating'}
[2026-08-20 13:20:11.160 GPU_Scheduler_0] Waiting for models to be activated: {'model_1': 'activating'}
[2026-08-20 13:20:11.171 GPU_Scheduler_0] Waiting for models to be activated: {'model_1': 'activating'}
[2026-08-20 13:20:11.181 GPU_Scheduler_0] Waiting for models to be activated: {'model_1': 'activating'}
[2026-08-20 13:20:11.192 GPU_Scheduler_0] Waiting for models to be activated: {'model_1': 'activating'}
[2026-08-20 13:20:11.203 GPU_Scheduler_0] Waiting for models to be activated: {'model_1': 'activating'}
[2026-08-20 13:20:11.213 GPU_Scheduler_0] Waiting for models to be activated: {'model_1': 'activating'}
[2026-08-20 13:20:11.224 GPU_Scheduler_0] Waiting for models to be activated: {'model_1': 'activating'}
[2026-08-20 13:20:11.234 GPU_Scheduler_0] Waiting for models to be activated: {'model_1': 'activating'}
[2026-08-20 13:20:11.245 GPU_Scheduler_0] Waiting for models to be activated: {'model_1': 'activating'}
[2026-08-20 13:20:11.256 GPU_Scheduler_0] Waiting for models to be activated: {'model_1': 'activating'}
[2026-08-20 13:20:11.266 GPU_Scheduler_0] Waiting for models to be activated: {'model_1': 'activating'}
[2026-08-20 13:20:11.277 GPU_Scheduler_0] Waiting for models to be activated: {'model_1': 'activating'}
[2026-08-20 13:20:11.287 GPU_Scheduler_0] Waiting for models to be activated: {'model_1': 'activating'}
[2026-08-20 13:20:11.298 GPU_Scheduler_0] Waiting for models to be activated: {'model_1': 'activating'}
[2026-08-20 13:20:11.308 GPU_Scheduler_0] Waiting for models to be activated: {'model_1': 'activating'}
[2026-08-20 13:20:11.319 GPU_Scheduler_0] Waiting for models to be activated: {'model_1': 'activating'}
[2026-08-20 13:20:11.330 GPU_Scheduler_0] Waiting for models to be activated: {'model_1': 'activating'}
[2026-08-20 13:20:11.340 GPU_Scheduler_0] Waiting for models to be activated: {'model_1': 'activating'}
[2026-08-20 13:20:11.351 GPU_Scheduler_0] Waiting for models to be activated: {'model_1': 'activating'}
[2026-08-20 13:20:11.361 GPU_Scheduler_0] Waiting for models to be activated: {'model_1': 'activating'}
[2026-08-20 13:20:11.372 GPU_Scheduler_0] Waiting for models to be activated: {'model_1': 'activating'}
[2026-08-20 13:20:11.383 GPU_Scheduler_0] Waiting for models to be activated: {'model_1': 'activating'}
[2026-08-20 13:20:11.393 GPU_Scheduler_0] Waiting for models to be activated: {'model_1': 'activating'}
[2026-08-20 13:20:11.404 GPU_Scheduler_0] Waiting for models to be activated: {'model_1': 'activating'}
[2026-08-20 13:20:11.414 GPU_Scheduler_0] Waiting for models to be activated: {'model_1': 'activating'}
[2026-08-20 13:20:11.425 GPU_Scheduler_0] Waiting for models to be activated: {'model_1': 'activating'}
[2026-08-20 13:20:11.435 GPU_Scheduler_0] Waiting for models to be activated: {'model_1': 'activating'}
[2026-08-20 13:20:11.446 GPU_Scheduler_0] Waiting for models to be activated: {'model_1': 'activating'}
[2026-08-20 13:20:11.457 GPU_Scheduler_0] Waiting for models to be activated: {'model_1': 'activating'}
[2026-08-20 13:20:11.467 GPU_Scheduler_0] Waiting for models to be activated: {'model_1': 'activating'}
[2026-08-20 13:20:11.478 GPU_Scheduler_0] Waiting for models to be activated: {'model_1': 'activating'}
[2026-08-20 13:20:11.488 GPU_Scheduler_0] Waiting for models to be activated: {'model_1': 'activating'}
[2026-08-20 13:20:11.499 GPU_Scheduler_0] Waiting for models to be activated: {'model_1': 'activating'}
[2026-08-20 13:20:11.509 GPU_Scheduler_0] Waiting for models to be activated: {'model_1': 'activating'}
[2026-08-20 13:20:11.520 GPU_Scheduler_0] Waiting for models to be activated: {'model_1': 'activating'}
[2026-08-20 13:20:11.531 GPU_Scheduler_0] Waiting for models to be activated: {'model_1': 'activating'}
[2026-08-20 13:20:11.541 GPU_Scheduler_0] Waiting for models to be activated: {'model_1': 'activating'}
[2026-08-20 13:20:11.552 GPU_Scheduler_0] Waiting for models to be activated: {'model_1': 'activating'}
[2026-08-20 13:20:11.562 GPU_Scheduler_0] Waiting for models to be activated: {'model_1': 'activating'}
[2026-08-20 13:20:11.573 GPU_Scheduler_0] Waiting for models to be activated: {'model_1': 'activating'}
[2026-08-20 13:20:11.584 GPU_Scheduler_0] Waiting for models to be activated: {'model_1': 'activating'}
[2026-08-20 13:20:11.594 GPU_Scheduler_0] Waiting for models to be activated: {'model_1': 'activating'}
[2026-08-20 13:20:11.605 GPU_Scheduler_0] Waiting for models to be activated: {'model_1': 'activating'}
[2026-08-20 13:20:11.615 GPU_Scheduler_0] Waiting for models to be activated: {'model_1': 'activating'}
[2026-08-20 13:20:11.626 GPU_Scheduler_0] Waiting for models to be activated: {'model_1': 'activating'}
[2026-08-20 13:20:11.636 GPU_Scheduler_0] Waiting for models to be activated: {'model_1': 'activating'}
[2026-08-20 13:20:11.647 GPU_Scheduler_0] Waiting for models to be activated: {'model_1': 'activating'}
[2026-08-20 13:20:11.658 GPU_Scheduler_0] Waiting for models to be activated: {'model_1': 'activating'}
[2026-08-20 13:20:11.668 GPU_Scheduler_0] Waiting for models to be activated: {'model_1': 'activating'}
[2026-08-20 13:20:11.679 GPU_Scheduler_0] Waiting for models to be activated: {'model_1': 'activating'}
[2026-08-20 13:20:11.689 GPU_Scheduler_0] Waiting for models to be activated: {'model_1': 'activating'}
[2026-08-20 13:20:11.700 GPU_Scheduler_0] Waiting for models to be activated: {'model_1': 'activating'}
[2026-08-20 13:20:11.710 GPU_Scheduler_0] Waiting for models to be activated: {'model_1': 'activating'}
[2026-08-20 13:20:11.721 GPU_Scheduler_0] Waiting for models to be activated: {'model_1': 'activating'}
[2026-08-20 13:20:11.732 GPU_Scheduler_0] Waiting for models to be activated: {'model_1': 'activating'}
[2026-08-20 13:20:11.742 GPU_Scheduler_0] Waiting for models to be activated: {'model_1': 'activating'}
[2026-08-20 13:20:11.753 GPU_Scheduler_0] Waiting for models to be activated: {'model_1': 'activating'}
[2026-08-20 13:20:11.763 GPU_Scheduler_0] Waiting for models to be activated: {'model_1': 'activating'}
[2026-08-20 13:20:11.774 GPU_Scheduler_0] Waiting for models to be activated: {'model_1': 'activating'}
[2026-08-20 13:20:11.784 GPU_Scheduler_0] Waiting for models to be activated: {'model_1': 'activating'}
[2026-08-20 13:20:11.795 GPU_Scheduler_0] Waiting for models to be activated: {'model_1': 'activating'}
[2026-08-20 13:20:11.806 GPU_Scheduler_0] Waiting for models to be activated: {'model_1': 'activating'}
[2026-08-20 13:20:11.816 GPU_Scheduler_0] Waiting for models to be activated: {'model_1': 'activating'}
[2026-08-20 13:20:11.827 GPU_Scheduler_0] Waiting for models to be activated: {'model_1': 'activating'}
[2026-08-20 13:20:11.837 GPU_Scheduler_0] Waiting for models to be activated: {'model_1': 'activating'}
[2026-08-20 13:20:11.848 GPU_Scheduler_0] Waiting for models to be activated: {'model_1': 'activating'}
[2026-08-20 13:20:11.859 GPU_Scheduler_0] Waiting for models to be activated: {'model_1': 'activating'}
[2026-08-20 13:20:11.869 GPU_Scheduler_0] Waiting for models to be activated: {'model_1': 'activating'}
[2026-08-20 13:20:11.880 GPU_Scheduler_0] Waiting for models to be activated: {'model_1': 'activating'}
[2026-08-20 13:20:11.890 GPU_Scheduler_0] Waiting for models to be activated: {'model_1': 'activating'}
[2026-08-20 13:20:11.901 GPU_Scheduler_0] Waiting for models to be activated: {'model_1': 'activating'}
[2026-08-20 13:20:11.911 GPU_Scheduler_0] Waiting for models to be activated: {'model_1': 'activating'}
[2026-08-20 13:20:11.922 GPU_Scheduler_0] Waiting for models to be activated: {'model_1': 'activating'}
[2026-08-20 13:20:11.933 GPU_Scheduler_0] Waiting for models to be activated: {'model_1': 'activating'}
[2026-08-20 13:20:11.943 GPU_Scheduler_0] Waiting for models to be activated: {'model_1': 'activating'}
[2026-08-20 13:20:11.954 GPU_Scheduler_0] Waiting for models to be activated: {'model_1': 'activating'}
[2026-08-20 13:20:11.964 GPU_Scheduler_0] Waiting for models to be activated: {'model_1': 'activating'}
[2026-08-20 13:20:11.975 GPU_Scheduler_0] Waiting for models to be activated: {'model_1': 'activating'}
[2026-08-20 13:20:11.985 GPU_Scheduler_0] Waiting for models to be activated: {'model_1': 'activating'}
[2026-08-20 13:20:11.996 GPU_Scheduler_0] Waiting for models to be activated: {'model_1': 'activating'}
[2026-08-20 13:20:12.006 GPU_Scheduler_0] Waiting for models to be activated: {'model_1': 'activating'}
[2026-08-20 13:20:12.017 GPU_Scheduler_0] Waiting for models to be activated: {'model_1': 'activating'}
[2026-08-20 13:20:12.028 GPU_Scheduler_0] Waiting for models to be activated: {'model_1': 'activating'}
[2026-08-20 13:20:12.038 GPU_Scheduler_0] Waiting for models to be activated: {'model_1': 'activating'}
[2026-08-20 13:20:12.049 GPU_Scheduler_0] Waiting for models to be activated: {'model_1': 'activating'}
[2026-08-20 13:20:12.059 GPU_Scheduler_0] Waiting for models to be activated: {'model_1': 'activating'}
[2026-08-20 13:20:12.070 GPU_Scheduler_0] Waiting for models to be activated: {'model_1': 'activating'}
[2026-08-20 13:20:12.080 GPU_Scheduler_0] Waiting for models to be activated: {'model_1': 'activating'}
[2026-08-20 13:20:12.091 GPU_Scheduler_0] Waiting for models to be activated: {'model_1': 'activating'}
[2026-08-20 13:20:12.102 GPU_Scheduler_0] Waiting for models to be activated: {'model_1': 'activating'}
[2026-08-20 13:20:12.112 GPU_Scheduler_0] Waiting for models to be activated: {'model_1': 'activating'}
[2026-08-20 13:20:12.123 GPU_Scheduler_0] Waiting for models to be activated: {'model_1': 'activating'}
[2026-08-20 13:20:12.133 GPU_Scheduler_0] Waiting for models to be activated: {'model_1': 'activating'}
[2026-08-20 13:20:12.144 GPU_Scheduler_0] Waiting for models to be activated: {'model_1': 'activating'}
[2026-08-20 13:20:12.155 GPU_Scheduler_0] Waiting for models to be activated: {'model_1': 'activating'}
[2026-08-20 13:20:12.165 GPU_Scheduler_0] Waiting for models to be activated: {'model_1': 'activating'}
[2026-08-20 13:20:12.176 GPU_Scheduler_0] Waiting for models to be activated: {'model_1': 'activating'}
[2026-08-20 13:20:12.186 GPU_Scheduler_0] Waiting for models to be activated: {'model_1': 'activating'}
[2026-08-20 13:20:12.197 GPU_Scheduler_0] Waiting for models to be activated: {'model_1': 'activating'}
[2026-08-20 13:20:12.207 GPU_Scheduler_0] Waiting for models to be activated: {'model_1': 'activating'}
[2026-08-20 13:20:12.218 GPU_Scheduler_0] Waiting for models to be activated: {'model_1': 'activating'}
[2026-08-20 13:20:12.228 GPU_Scheduler_0] Waiting for models to be activated: {'model_1': 'activating'}
[2026-08-20 13:20:12.239 GPU_Scheduler_0] Waiting for models to be activated: {'model_1': 'activating'}
[2026-08-20 13:20:12.250 GPU_Scheduler_0] Waiting for models to be activated: {'model_1': 'activating'}
[2026-08-20 13:20:12.260 GPU_Scheduler_0] Waiting for models to be activated: {'model_1': 'activating'}
[2026-08-20 13:20:12.271 GPU_Scheduler_0] Waiting for models to be activated: {'model_1': 'activating'}
[2026-08-20 13:20:12.282 GPU_Scheduler_0] Waiting for models to be activated: {'model_1': 'activating'}
[2026-08-20 13:20:12.292 GPU_Scheduler_0] Waiting for models to be activated: {'model_1': 'activating'}
[2026-08-20 13:20:12.303 GPU_Scheduler_0] Waiting for models to be activated: {'model_1': 'activating'}
[2026-08-20 13:20:12.313 GPU_Scheduler_0] Waiting for models to be activated: {'model_1': 'activating'}
[2026-08-20 13:20:12.324 GPU_Scheduler_0] Waiting for models to be activated: {'model_1': 'activating'}
[2026-08-20 13:20:12.335 GPU_Scheduler_0] Waiting for models to be activated: {'model_1': 'activating'}
[2026-08-20 13:20:12.345 GPU_Scheduler_0] Waiting for models to be activated: {'model_1': 'activating'}
[2026-08-20 13:20:12.356 GPU_Scheduler_0] Waiting for models to be activated: {'model_1': 'activating'}
[2026-08-20 13:20:12.366 GPU_Scheduler_0] Waiting for models to be activated: {'model_1': 'activating'}
[2026-08-20 13:20:12.378 GPU_Scheduler_0] Model model_1 (instance 0) activation succeeded on GPU 0
[2026-08-20 13:20:12.382 GPU_Scheduler_0] net_available: inf, queue_len: 0
[2026-08-20 13:20:13.383 GPU_Scheduler_0] net_available: inf, queue_len: 0
[2026-08-20 13:20:14.391 GPU_Scheduler_0] net_available: inf, queue_len: 0
[2026-08-20 13:20:15.392 GPU_Scheduler_0] net_available: inf, queue_len: 0
[2026-08-20 13:20:16.394 GPU_Scheduler_0] net_available: inf, queue_len: 0
[2026-08-20 13:20:17.388 GPU_Scheduler_0] [V5-LOOP] {"iters": 479, "t_mem": 0.01013168110512197, "t_redis": 0.1682648458518088, "t_admit": 0.006046914728358388, "t_send": 0.0006078514270484447, "t_iter": 0.1850512931123376, "admitted": 0, "iter_max": 0.0037870099768042564, "gpu_id": 0, "window_s": 5.009780645370483}
[2026-08-20 13:20:17.399 GPU_Scheduler_0] net_available: inf, queue_len: 0
[2026-08-20 13:20:18.405 GPU_Scheduler_0] net_available: inf, queue_len: 0
[2026-08-20 13:20:19.414 GPU_Scheduler_0] net_available: inf, queue_len: 0
[2026-08-20 13:20:20.424 GPU_Scheduler_0] net_available: inf, queue_len: 0
[2026-08-20 13:20:21.430 GPU_Scheduler_0] net_available: inf, queue_len: 0
[2026-08-20 13:20:21.693 GPU_Scheduler_1] starting GPU scheduler for GPU 1
[2026-08-20 13:20:21.694 GPU_Scheduler_1] Model states init: {'model_1': 'deactivated'}
[2026-08-20 13:20:21.695 GPU_Scheduler_1] [PAPER-TP] WorkerPool gpu=1 owned=[0, 4, 5] shadow=[1] {0: 1, 1: 2, 4: 2, 5: 2}
[2026-08-20 13:20:22.393 GPU_Scheduler_0] [V5-LOOP] {"iters": 482, "t_mem": 0.007372688502073288, "t_redis": 0.128683089511469, "t_admit": 0.0046492840629071, "t_send": 0.0004355483688414097, "t_iter": 0.1411406104452908, "admitted": 0, "iter_max": 0.001059564994648099, "gpu_id": 0, "window_s": 5.004257440567017}
[2026-08-20 13:20:22.435 GPU_Scheduler_0] net_available: inf, queue_len: 0
[2026-08-20 13:20:22.789 GPU_Scheduler_1] net_available: inf, queue_len: 0
[2026-08-20 13:20:23.442 GPU_Scheduler_0] net_available: inf, queue_len: 0
[2026-08-20 13:20:23.793 GPU_Scheduler_1] net_available: inf, queue_len: 0
[2026-08-20 13:20:24.451 GPU_Scheduler_0] net_available: inf, queue_len: 0
[2026-08-20 13:20:24.802 GPU_Scheduler_1] net_available: inf, queue_len: 0
[2026-08-20 13:20:25.458 GPU_Scheduler_0] net_available: inf, queue_len: 0
[2026-08-20 13:20:25.808 GPU_Scheduler_1] net_available: inf, queue_len: 0
[2026-08-20 13:20:26.468 GPU_Scheduler_0] net_available: inf, queue_len: 0
[2026-08-20 13:20:26.814 GPU_Scheduler_1] net_available: inf, queue_len: 0
[2026-08-20 13:20:27.399 GPU_Scheduler_0] [V5-LOOP] {"iters": 474, "t_mem": 0.01182230981066823, "t_redis": 0.19947866071015596, "t_admit": 0.007495303871110082, "t_send": 0.00073659373447299, "t_iter": 0.21953286812640727, "admitted": 0, "iter_max": 0.0014429469592869282, "gpu_id": 0, "window_s": 5.004797697067261}
[2026-08-20 13:20:27.472 GPU_Scheduler_0] net_available: inf, queue_len: 0
[2026-08-20 13:20:27.790 GPU_Scheduler_1] [V5-LOOP] {"iters": 493, "t_mem": 0.012357702944427729, "t_redis": 0.0035094325430691242, "t_admit": 0.008512866916134953, "t_send": 0.0006813756190240383, "t_iter": 0.025061378022655845, "admitted": 0, "iter_max": 0.0006339629180729389, "gpu_id": 1, "window_s": 5.002029895782471}
[2026-08-20 13:20:27.821 GPU_Scheduler_1] net_available: inf, queue_len: 0
[2026-08-20 13:20:28.479 GPU_Scheduler_0] net_available: inf, queue_len: 0
[2026-08-20 13:20:28.824 GPU_Scheduler_1] net_available: inf, queue_len: 0
[2026-08-20 13:20:29.486 GPU_Scheduler_0] net_available: inf, queue_len: 0
[2026-08-20 13:20:29.825 GPU_Scheduler_1] net_available: inf, queue_len: 0
[2026-08-20 13:20:30.491 GPU_Scheduler_0] net_available: inf, queue_len: 0
[2026-08-20 13:20:30.826 GPU_Scheduler_1] net_available: inf, queue_len: 0
[2026-08-20 13:20:31.494 GPU_Scheduler_0] net_available: inf, queue_len: 0
[2026-08-20 13:20:31.676 GPU_Scheduler_2] starting GPU scheduler for GPU 2
[2026-08-20 13:20:31.679 GPU_Scheduler_2] Model states init: {'model_1': 'deactivated'}
[2026-08-20 13:20:31.679 GPU_Scheduler_2] [PAPER-TP] WorkerPool gpu=2 owned=[0, 6] shadow=[2, 4] {0: 1, 2: 2, 4: 2, 6: 2}
[2026-08-20 13:20:31.764 GPU_Scheduler_2] net_available: inf, queue_len: 0
[2026-08-20 13:20:31.827 GPU_Scheduler_1] net_available: inf, queue_len: 0
[2026-08-20 13:20:32.406 GPU_Scheduler_0] [V5-LOOP] {"iters": 476, "t_mem": 0.011713092215359211, "t_redis": 0.18380528665147722, "t_admit": 0.00698294211179018, "t_send": 0.0006955545395612717, "t_iter": 0.20319687551818788, "admitted": 0, "iter_max": 0.0015279978979378939, "gpu_id": 0, "window_s": 5.007012128829956}
[2026-08-20 13:20:32.500 GPU_Scheduler_0] net_available: inf, queue_len: 0
[2026-08-20 13:20:32.766 GPU_Scheduler_2] net_available: inf, queue_len: 0
[2026-08-20 13:20:32.798 GPU_Scheduler_1] [V5-LOOP] {"iters": 495, "t_mem": 0.0065074514131993055, "t_redis": 0.0013107084669172764, "t_admit": 0.00517515791580081, "t_send": 0.00036746496334671974, "t_iter": 0.013360782759264112, "admitted": 0, "iter_max": 0.00048505188897252083, "gpu_id": 1, "window_s": 5.007078409194946}
[2026-08-20 13:20:32.829 GPU_Scheduler_1] net_available: inf, queue_len: 0
[2026-08-20 13:20:33.507 GPU_Scheduler_0] net_available: inf, queue_len: 0
[2026-08-20 13:20:33.771 GPU_Scheduler_2] net_available: inf, queue_len: 0
[2026-08-20 13:20:33.830 GPU_Scheduler_1] net_available: inf, queue_len: 0
[2026-08-20 13:20:34.516 GPU_Scheduler_0] net_available: inf, queue_len: 0
[2026-08-20 13:20:34.780 GPU_Scheduler_2] net_available: inf, queue_len: 0
[2026-08-20 13:20:34.830 GPU_Scheduler_1] net_available: inf, queue_len: 0
[2026-08-20 13:20:35.524 GPU_Scheduler_0] net_available: inf, queue_len: 0
[2026-08-20 13:20:35.787 GPU_Scheduler_2] net_available: inf, queue_len: 0
[2026-08-20 13:20:35.831 GPU_Scheduler_1] net_available: inf, queue_len: 0
[2026-08-20 13:20:36.531 GPU_Scheduler_0] net_available: inf, queue_len: 0
[2026-08-20 13:20:36.773 GPU_Scheduler_2] [V5-LOOP] {"iters": 494, "t_mem": 0.01225751033052802, "t_redis": 0.0038381540216505527, "t_admit": 0.009172656806185842, "t_send": 0.0009368434548377991, "t_iter": 0.026205164613202214, "admitted": 0, "iter_max": 0.0010162550024688244, "gpu_id": 2, "window_s": 5.009047031402588}
[2026-08-20 13:20:36.794 GPU_Scheduler_2] net_available: inf, queue_len: 0
[2026-08-20 13:20:36.833 GPU_Scheduler_1] net_available: inf, queue_len: 0
[2026-08-20 13:20:37.416 GPU_Scheduler_0] [V5-LOOP] {"iters": 482, "t_mem": 0.008979333797469735, "t_redis": 0.13265841989777982, "t_admit": 0.005814792355522513, "t_send": 0.0005589365027844906, "t_iter": 0.14801148255355656, "admitted": 0, "iter_max": 0.0008288838434964418, "gpu_id": 0, "window_s": 5.008926630020142}
[2026-08-20 13:20:37.531 GPU_Scheduler_0] net_available: inf, queue_len: 0
[2026-08-20 13:20:37.799 GPU_Scheduler_2] net_available: inf, queue_len: 0
[2026-08-20 13:20:37.803 GPU_Scheduler_1] [V5-LOOP] {"iters": 495, "t_mem": 0.005783382803201675, "t_redis": 0.0011286907829344273, "t_admit": 0.004299850901588798, "t_send": 0.0003318951930850744, "t_iter": 0.011543819680809975, "admitted": 0, "iter_max": 0.00042235199362039566, "gpu_id": 1, "window_s": 5.004888534545898}
[2026-08-20 13:20:37.834 GPU_Scheduler_1] net_available: inf, queue_len: 0
[2026-08-20 13:20:38.539 GPU_Scheduler_0] net_available: inf, queue_len: 0
[2026-08-20 13:20:38.806 GPU_Scheduler_2] net_available: inf, queue_len: 0
[2026-08-20 13:20:38.835 GPU_Scheduler_1] net_available: inf, queue_len: 0
[2026-08-20 13:20:39.541 GPU_Scheduler_0] net_available: inf, queue_len: 0
[2026-08-20 13:20:39.814 GPU_Scheduler_2] net_available: inf, queue_len: 0
[2026-08-20 13:20:39.836 GPU_Scheduler_1] net_available: inf, queue_len: 0
[2026-08-20 13:20:40.543 GPU_Scheduler_0] net_available: inf, queue_len: 0
[2026-08-20 13:20:40.821 GPU_Scheduler_2] net_available: inf, queue_len: 0
[2026-08-20 13:20:40.837 GPU_Scheduler_1] net_available: inf, queue_len: 0
[2026-08-20 13:20:41.545 GPU_Scheduler_0] net_available: inf, queue_len: 0
[2026-08-20 13:20:41.775 GPU_Scheduler_2] [V5-LOOP] {"iters": 492, "t_mem": 0.013104783603921533, "t_redis": 0.004248224897310138, "t_admit": 0.010720864171162248, "t_send": 0.0009297393262386322, "t_iter": 0.02900361199863255, "admitted": 0, "iter_max": 0.0009655950125306845, "gpu_id": 2, "window_s": 5.001183986663818}
[2026-08-20 13:20:41.826 GPU_Scheduler_2] net_available: inf, queue_len: 0
[2026-08-20 13:20:41.838 GPU_Scheduler_1] net_available: inf, queue_len: 0
[2026-08-20 13:20:42.073 GPU_Scheduler_3] starting GPU scheduler for GPU 3
[2026-08-20 13:20:42.075 GPU_Scheduler_3] Model states init: {'model_1': 'deactivated'}
[2026-08-20 13:20:42.075 GPU_Scheduler_3] [PAPER-TP] WorkerPool gpu=3 owned=[0] shadow=[3, 5, 6] {0: 1, 3: 2, 5: 2, 6: 2}
[2026-08-20 13:20:42.139 GPU_Scheduler_3] net_available: inf, queue_len: 0
[2026-08-20 13:20:42.421 GPU_Scheduler_0] [V5-LOOP] {"iters": 479, "t_mem": 0.009541091043502092, "t_redis": 0.15480568096973002, "t_admit": 0.006057244725525379, "t_send": 0.0006168198306113482, "t_iter": 0.17102083656936884, "admitted": 0, "iter_max": 0.000871534924954176, "gpu_id": 0, "window_s": 5.004689931869507}
[2026-08-20 13:20:42.548 GPU_Scheduler_0] net_available: inf, queue_len: 0
[2026-08-20 13:20:42.810 GPU_Scheduler_1] [V5-LOOP] {"iters": 495, "t_mem": 0.005875099683180451, "t_redis": 0.0010977315250784159, "t_admit": 0.00385461188852787, "t_send": 0.0003233589231967926, "t_iter": 0.01115080201998353, "admitted": 0, "iter_max": 0.00029415194876492023, "gpu_id": 1, "window_s": 5.0057148933410645}
[2026-08-20 13:20:42.836 GPU_Scheduler_2] net_available: inf, queue_len: 0
[2026-08-20 13:20:42.840 GPU_Scheduler_1] net_available: inf, queue_len: 0
[2026-08-20 13:20:43.143 GPU_Scheduler_3] net_available: inf, queue_len: 0
[2026-08-20 13:20:43.169 GPU_Scheduler_0] Admitted 1 requests for model_1
[2026-08-20 13:20:43.460 GPU_Scheduler_0] Admitted 1 requests for model_1
[2026-08-20 13:20:43.553 GPU_Scheduler_0] net_available: inf, queue_len: 0
[2026-08-20 13:20:43.843 GPU_Scheduler_2] net_available: inf, queue_len: 0
[2026-08-20 13:20:43.843 GPU_Scheduler_1] net_available: inf, queue_len: 0
[2026-08-20 13:20:44.151 GPU_Scheduler_3] net_available: inf, queue_len: 0
[2026-08-20 13:20:44.563 GPU_Scheduler_0] net_available: inf, queue_len: 0
[2026-08-20 13:20:44.844 GPU_Scheduler_1] net_available: inf, queue_len: 0
[2026-08-20 13:20:44.849 GPU_Scheduler_2] net_available: inf, queue_len: 0
[2026-08-20 13:20:45.160 GPU_Scheduler_3] net_available: inf, queue_len: 0
[2026-08-20 13:20:45.572 GPU_Scheduler_0] net_available: inf, queue_len: 0
[2026-08-20 13:20:45.845 GPU_Scheduler_1] net_available: inf, queue_len: 0
[2026-08-20 13:20:45.854 GPU_Scheduler_2] net_available: inf, queue_len: 0
[2026-08-20 13:20:46.164 GPU_Scheduler_3] net_available: inf, queue_len: 0
[2026-08-20 13:20:46.581 GPU_Scheduler_0] net_available: inf, queue_len: 0
[2026-08-20 13:20:46.779 GPU_Scheduler_2] [V5-LOOP] {"iters": 492, "t_mem": 0.012410813942551613, "t_redis": 0.004551595309749246, "t_admit": 0.009906280785799026, "t_send": 0.0009764882270246744, "t_iter": 0.02784517826512456, "admitted": 0, "iter_max": 0.0005571129731833935, "gpu_id": 2, "window_s": 5.003731727600098}
[2026-08-20 13:20:46.846 GPU_Scheduler_1] net_available: inf, queue_len: 0
[2026-08-20 13:20:46.861 GPU_Scheduler_2] net_available: inf, queue_len: 0
[2026-08-20 13:20:47.149 GPU_Scheduler_3] [V5-LOOP] {"iters": 494, "t_mem": 0.010005231015384197, "t_redis": 0.0034403977915644646, "t_admit": 0.008605227572843432, "t_send": 0.0006058663129806519, "t_iter": 0.022656722692772746, "admitted": 0, "iter_max": 0.0007179239764809608, "gpu_id": 3, "window_s": 5.009960412979126}
[2026-08-20 13:20:47.169 GPU_Scheduler_3] net_available: inf, queue_len: 0
[2026-08-20 13:20:47.302 GPU_Scheduler_0] Admitted 1 requests for model_1
[2026-08-20 13:20:47.426 GPU_Scheduler_0] [V5-LOOP] {"iters": 484, "t_mem": 0.006784863770008087, "t_redis": 0.1108778400812298, "t_admit": 0.004072734620422125, "t_send": 0.002303553046658635, "t_iter": 0.12403899151831865, "admitted": 3, "iter_max": 0.0017842401284724474, "gpu_id": 0, "window_s": 5.004539489746094}
[2026-08-20 13:20:47.529 GPU_Scheduler_0] Admitted 1 requests for model_1
[2026-08-20 13:20:47.591 GPU_Scheduler_0] net_available: inf, queue_len: 0
[2026-08-20 13:20:47.816 GPU_Scheduler_1] [V5-LOOP] {"iters": 495, "t_mem": 0.006256928667426109, "t_redis": 0.0012062587775290012, "t_admit": 0.004065270535647869, "t_send": 0.00034744199365377426, "t_iter": 0.011875899974256754, "admitted": 0, "iter_max": 0.00029654218815267086, "gpu_id": 1, "window_s": 5.006197214126587}
[2026-08-20 13:20:47.847 GPU_Scheduler_1] net_available: inf, queue_len: 0
[2026-08-20 13:20:47.868 GPU_Scheduler_2] net_available: inf, queue_len: 0
[2026-08-20 13:20:48.173 GPU_Scheduler_3] net_available: inf, queue_len: 0
[2026-08-20 13:20:48.385 GPU_Scheduler_0] Admitted 1 requests for model_1
[2026-08-20 13:20:48.601 GPU_Scheduler_0] net_available: inf, queue_len: 0
[2026-08-20 13:20:48.848 GPU_Scheduler_1] net_available: inf, queue_len: 0
[2026-08-20 13:20:48.876 GPU_Scheduler_2] net_available: inf, queue_len: 0
[2026-08-20 13:20:49.179 GPU_Scheduler_3] net_available: inf, queue_len: 0
[2026-08-20 13:20:49.602 GPU_Scheduler_0] net_available: inf, queue_len: 0
[2026-08-20 13:20:49.850 GPU_Scheduler_1] net_available: inf, queue_len: 0
[2026-08-20 13:20:49.882 GPU_Scheduler_2] net_available: inf, queue_len: 0
[2026-08-20 13:20:50.184 GPU_Scheduler_3] net_available: inf, queue_len: 0
[2026-08-20 13:20:50.216 GPU_Scheduler_2] Received signal to shutdown
[2026-08-20 13:20:50.217 GPU_Scheduler_3] Received signal to shutdown
[2026-08-20 13:20:50.217 GPU_Scheduler_0] Received signal to shutdown
[2026-08-20 13:20:50.217 GPU_Scheduler_1] Received signal to shutdown
[2026-08-20 13:20:50.220 GPU_Scheduler_3] Cleaning up GPUScheduler GPU 3 ZMQ sockets and IPC files
[2026-08-20 13:20:50.220 GPU_Scheduler_2] Cleaning up GPUScheduler GPU 2 ZMQ sockets and IPC files
[2026-08-20 13:20:50.221 GPU_Scheduler_1] Cleaning up GPUScheduler GPU 1 ZMQ sockets and IPC files
[2026-08-20 13:20:50.221 GPU_Scheduler_1] GPUScheduler GPU 1 cleanup completed
[2026-08-20 13:20:50.221 GPU_Scheduler_1] Cleaning up WorkerPool GPU 1 ZMQ sockets and IPC files
[2026-08-20 13:20:50.221 GPU_Scheduler_2] GPUScheduler GPU 2 cleanup completed
[2026-08-20 13:20:50.221 GPU_Scheduler_2] Cleaning up WorkerPool GPU 2 ZMQ sockets and IPC files
[2026-08-20 13:20:50.221 GPU_Scheduler_1] Removed IPC file: gpu_scheduler_1_to_worker_0
[2026-08-20 13:20:50.221 GPU_Scheduler_1] WorkerPool GPU 1 cleanup completed
[2026-08-20 13:20:50.222 GPU_Scheduler_2] Removed IPC file: gpu_scheduler_2_to_worker_0
[2026-08-20 13:20:50.222 GPU_Scheduler_3] GPUScheduler GPU 3 cleanup completed
[2026-08-20 13:20:50.223 GPU_Scheduler_3] Cleaning up WorkerPool GPU 3 ZMQ sockets and IPC files
[2026-08-20 13:20:50.223 GPU_Scheduler_3] Removed IPC file: gpu_scheduler_3_to_worker_0
[2026-08-20 13:20:50.224 GPU_Scheduler_3] WorkerPool GPU 3 cleanup completed
[2026-08-20 13:20:50.224 GPU_Scheduler_2] WorkerPool GPU 2 cleanup completed
[2026-08-20 13:20:50.234 GPU_Scheduler_0] Cleaning up GPUScheduler GPU 0 ZMQ sockets and IPC files
[2026-08-20 13:20:50.235 GPU_Scheduler_0] GPUScheduler GPU 0 cleanup completed
[2026-08-20 13:20:50.235 GPU_Scheduler_0] Cleaning up WorkerPool GPU 0 ZMQ sockets and IPC files
[2026-08-20 13:20:50.235 GPU_Scheduler_0] Removed IPC file: gpu_scheduler_0_to_worker_0
[2026-08-20 13:20:50.235 GPU_Scheduler_0] WorkerPool GPU 0 cleanup completed
[2026-08-20 13:20:50.264 GPU_Scheduler_2] Cleaning up GPUScheduler GPU 2 ZMQ sockets and IPC files
[2026-08-20 13:20:50.264 GPU_Scheduler_1] Cleaning up GPUScheduler GPU 1 ZMQ sockets and IPC files
[2026-08-20 13:20:50.264 GPU_Scheduler_2] GPUScheduler GPU 2 cleanup completed
[2026-08-20 13:20:50.264 GPU_Scheduler_2] Cleaning up WorkerPool GPU 2 ZMQ sockets and IPC files
[2026-08-20 13:20:50.264 GPU_Scheduler_1] GPUScheduler GPU 1 cleanup completed
[2026-08-20 13:20:50.264 GPU_Scheduler_2] WorkerPool GPU 2 cleanup completed
[2026-08-20 13:20:50.264 GPU_Scheduler_1] Cleaning up WorkerPool GPU 1 ZMQ sockets and IPC files
[2026-08-20 13:20:50.264 GPU_Scheduler_1] WorkerPool GPU 1 cleanup completed
[2026-08-20 13:20:50.272 GPU_Scheduler_0] Cleaning up GPUScheduler GPU 0 ZMQ sockets and IPC files
[2026-08-20 13:20:50.272 GPU_Scheduler_0] GPUScheduler GPU 0 cleanup completed
[2026-08-20 13:20:50.272 GPU_Scheduler_0] Cleaning up WorkerPool GPU 0 ZMQ sockets and IPC files
[2026-08-20 13:20:50.272 GPU_Scheduler_0] WorkerPool GPU 0 cleanup completed
[2026-08-20 13:20:50.426 GPU_Scheduler_3] Cleaning up GPUScheduler GPU 3 ZMQ sockets and IPC files
[2026-08-20 13:20:50.426 GPU_Scheduler_3] GPUScheduler GPU 3 cleanup completed
[2026-08-20 13:20:50.427 GPU_Scheduler_3] Cleaning up WorkerPool GPU 3 ZMQ sockets and IPC files
[2026-08-20 13:20:50.427 GPU_Scheduler_3] WorkerPool GPU 3 cleanup completed
