Real trace file: /workspace/prism-merge/exp/workloads/final-compare/bursty_r2_s1.pkl
[PRISM_DIRECT] 858 requests, span 419.2s
Starting TP benchmark: paper-faithful-v6_bursty_rate2_seed1
Generated 858 requests
Request model_2#0 arrives at 1588193.741623993, sleeping for 0.6546704773791134 seconds
Request model_2#1 arrives at 1588194.397509594, sleeping for 0.51262387027964 seconds
Request model_2#2 arrives at 1588194.911503649, sleeping for 0.17469501635059714 seconds
Request model_2#3 arrives at 1588195.088147987, sleeping for 0.07787931873463094 seconds
Request model_2#4 arrives at 1588195.166823209, sleeping for 0.380462943110615 seconds
Request model_2#5 arrives at 1588195.547978416, sleeping for 0.8856417227070779 seconds
Request model_2#6 arrives at 1588196.435395718, sleeping for 0.21591065521351993 seconds
Request model_3#0 arrives at 1588196.652682522, sleeping for 0.7582984028849751 seconds
Request model_2#7 arrives at 1588197.411559309, sleeping for 0.09915367816574872 seconds
Request model_2#8 arrives at 1588197.512027314, sleeping for 1.0133382242638618 seconds
Request model_2#9 arrives at 1588198.52738716, sleeping for 0.1771654502954334 seconds
Request model_2#10 arrives at 1588198.705059306, sleeping for 1.0582321227993816 seconds
Request model_5#0 arrives at 1588199.764860725, sleeping for 0.3160624133888632 seconds
Request model_2#11 arrives at 1588200.082246762, sleeping for 1.2872564310673624 seconds
Request model_2#12 arrives at 1588201.370972533, sleeping for 0.44477852596901357 seconds
Request model_2#13 arrives at 1588201.816448913, sleeping for 0.2070674931164831 seconds
Request model_2#14 arrives at 1588202.025318264, sleeping for 0.29445908521302044 seconds
Request model_5#1 arrives at 1588202.320911717, sleeping for 1.621667726431042 seconds
Request model_2#15 arrives at 1588203.943423689, sleeping for 0.5069680723827332 seconds
Request model_2#16 arrives at 1588204.451703211, sleeping for 0.6277780602686107 seconds
Request model_5#2 arrives at 1588205.080902843, sleeping for 1.3061429532244802 seconds
Request model_3#1 arrives at 1588206.388111974, sleeping for 1.7878506146371365 seconds
Request model_2#17 arrives at 1588208.17860943, sleeping for 0.4094420128967613 seconds
Request model_2#18 arrives at 1588208.590489758, sleeping for 0.27369398437440395 seconds
Request model_2#19 arrives at 1588208.865448106, sleeping for 0.189400274772197 seconds
Request model_2#20 arrives at 1588209.055855648, sleeping for 0.9115130733698606 seconds
Request model_2#21 arrives at 1588209.968697093, sleeping for 0.012588991550728679 seconds
Request model_2#22 arrives at 1588209.981788401, sleeping for 0.1894457449670881 seconds
Request model_2#23 arrives at 1588210.171993472, sleeping for 0.5326005006209016 seconds
Request model_2#24 arrives at 1588210.705776866, sleeping for 0.1958454584237188 seconds
Request model_2#25 arrives at 1588210.902493536, sleeping for 0.38003149069845676 seconds
Request model_6#0 arrives at 1588211.28334285, sleeping for 1.0626421456690878 seconds
Request model_2#26 arrives at 1588212.347547194, sleeping for 0.13385938783176243 seconds
Request model_2#27 arrives at 1588212.482038006, sleeping for 0.44684675545431674 seconds
Request model_2#28 arrives at 1588212.929660813, sleeping for 0.08303422387689352 seconds
Request model_2#29 arrives at 1588213.013811496, sleeping for 0.6682439993601292 seconds
Request model_3#2 arrives at 1588213.682732047, sleeping for 0.3964838075917214 seconds
Request model_5#3 arrives at 1588214.079925564, sleeping for 0.14692143350839615 seconds
Request model_3#3 arrives at 1588214.227562815, sleeping for 0.3577420732472092 seconds
Request model_2#30 arrives at 1588214.586438654, sleeping for 0.49712653970345855 seconds
Request model_2#31 arrives at 1588215.084174587, sleeping for 0.1601407965645194 seconds
Request model_2#32 arrives at 1588215.245100988, sleeping for 0.320531674195081 seconds
Request model_2#33 arrives at 1588215.565968882, sleeping for 0.6543758425395936 seconds
Request model_2#34 arrives at 1588216.221578203, sleeping for 0.03018110548146069 seconds
Request model_2#35 arrives at 1588216.252956009, sleeping for 0.7874084294307977 seconds
Request model_2#36 arrives at 1588217.041059766, sleeping for 0.41168441949412227 seconds
Request model_2#37 arrives at 1588217.454843959, sleeping for 0.295125724747777 seconds
Request model_2#38 arrives at 1588217.750921486, sleeping for 1.1048235173802823 seconds
Request model_2#39 arrives at 1588218.856209949, sleeping for 0.5734576901886612 seconds
Request model_2#40 arrives at 1588219.432228092, sleeping for 0.7643214294221252 seconds
Request model_6#1 arrives at 1588220.197175296, sleeping for 0.7628091659862548 seconds
Request model_2#41 arrives at 1588220.962745344, sleeping for 0.5698265568353236 seconds
Request model_2#42 arrives at 1588221.533390937, sleeping for 0.27699496620334685 seconds
Request model_6#2 arrives at 1588221.811478839, sleeping for 1.600876706186682 seconds
Request model_2#43 arrives at 1588223.414414696, sleeping for 0.016113477991893888 seconds
Request model_2#44 arrives at 1588223.431075272, sleeping for 0.8888912487309426 seconds
Request model_2#45 arrives at 1588224.321362078, sleeping for 0.9321722036693245 seconds
Request model_2#46 arrives at 1588225.254189676, sleeping for 0.1642188022378832 seconds
Request model_3#4 arrives at 1588225.419721181, sleeping for 0.2060425765812397 seconds
Request model_2#47 arrives at 1588225.627387183, sleeping for 0.48685870273038745 seconds
Request model_2#48 arrives at 1588226.115086412, sleeping for 0.7360286395996809 seconds
Request model_2#49 arrives at 1588226.852215007, sleeping for 1.0143639619927853 seconds
Request model_2#50 arrives at 1588227.867430164, sleeping for 0.16080699651502073 seconds
Request model_3#5 arrives at 1588228.028789208, sleeping for 0.5182936624623835 seconds
Request model_2#51 arrives at 1588228.54884437, sleeping for 0.10221125301904976 seconds
Request model_2#52 arrives at 1588228.651693903, sleeping for 0.7901951849926263 seconds
Request model_6#3 arrives at 1588229.443871203, sleeping for 0.22794886771589518 seconds
Request model_2#53 arrives at 1588229.672719105, sleeping for 0.6042241845279932 seconds
Request model_2#54 arrives at 1588230.27827164, sleeping for 0.21449038153514266 seconds
Request model_2#55 arrives at 1588230.493536469, sleeping for 0.37945991614833474 seconds
Request model_2#56 arrives at 1588230.874541836, sleeping for 0.043552152812480927 seconds
Request model_2#57 arrives at 1588230.918633337, sleeping for 0.008515381021425128 seconds
Request model_5#4 arrives at 1588230.928085408, sleeping for 1.8801974281668663 seconds
Request model_5#5 arrives at 1588232.809313521, sleeping for 0.5737777685280889 seconds
Request model_5#6 arrives at 1588233.385351545, sleeping for 0.2542880978435278 seconds
Request model_1#0 arrives at 1588233.640172661, sleeping for 0.23606278328225017 seconds
Request model_5#7 arrives at 1588233.876866742, sleeping for 0.26895794714801013 seconds
Request model_3#6 arrives at 1588234.1477523, sleeping for 0.7769075080286711 seconds
Request model_4#0 arrives at 1588234.925705043, sleeping for 0.5696728655602783 seconds
Request model_1#1 arrives at 1588235.496686348, sleeping for 1.187274297233671 seconds
Request model_5#8 arrives at 1588236.686381139, sleeping for 0.2677693613804877 seconds
Request model_5#9 arrives at 1588236.95626404, sleeping for 0.5633813012391329 seconds
Request model_1#2 arrives at 1588237.520587845, sleeping for 1.0810517037753016 seconds
Request model_5#10 arrives at 1588238.602551596, sleeping for 1.799506810726598 seconds
Request model_5#11 arrives at 1588240.403521656, sleeping for 0.6603463864885271 seconds
Request model_5#12 arrives at 1588241.065101653, sleeping for 0.15848632832057774 seconds
Request model_4#1 arrives at 1588241.22418065, sleeping for 0.1818062316160649 seconds
Request model_4#2 arrives at 1588241.406743524, sleeping for 1.1578060819301754 seconds
Request model_5#13 arrives at 1588242.56653615, sleeping for 0.520508055575192 seconds
Request model_5#14 arrives at 1588243.088320375, sleeping for 0.582215957576409 seconds
Request model_5#15 arrives at 1588243.672227049, sleeping for 0.9026467395015061 seconds
Request model_5#16 arrives at 1588244.576591294, sleeping for 0.3687504194676876 seconds
Request model_1#3 arrives at 1588244.946477907, sleeping for 0.7873267163522542 seconds
Request model_5#17 arrives at 1588245.73508484, sleeping for 1.0736530686262995 seconds
Request model_5#18 arrives at 1588246.809741017, sleeping for 0.11442065355367959 seconds
Request model_1#4 arrives at 1588246.924967763, sleeping for 0.02478699665516615 seconds
Request model_5#19 arrives at 1588246.950641686, sleeping for 0.09273171192035079 seconds
Request model_5#20 arrives at 1588247.044269191, sleeping for 0.3316943740937859 seconds
Request model_4#3 arrives at 1588247.377407918, sleeping for 0.04511820571497083 seconds
Request model_4#4 arrives at 1588247.42290171, sleeping for 0.098949114093557 seconds
Request model_1#5 arrives at 1588247.522374039, sleeping for 0.06593169178813696 seconds
Request model_1#6 arrives at 1588247.589387503, sleeping for 0.015818774234503508 seconds
Request model_5#21 arrives at 1588247.605805036, sleeping for 0.08366522984579206 seconds
Request model_5#22 arrives at 1588247.690101681, sleeping for 2.5306910483632237 seconds
Request model_4#5 arrives at 1588250.222366525, sleeping for 0.3829612110275775 seconds
Request model_5#23 arrives at 1588250.606360964, sleeping for 0.024396898923441768 seconds
Request model_1#7 arrives at 1588250.631521413, sleeping for 0.18409791681915522 seconds
Request model_5#24 arrives at 1588250.816672337, sleeping for 0.7846333014313132 seconds
Request model_5#25 arrives at 1588251.601693004, sleeping for 1.313070120755583 seconds
Request model_5#26 arrives at 1588252.917078452, sleeping for 1.002306125825271 seconds
Request model_5#27 arrives at 1588253.920070239, sleeping for 0.4194997122976929 seconds
Request model_4#6 arrives at 1588254.341306299, sleeping for 0.1893838350661099 seconds
Request model_4#7 arrives at 1588254.531261638, sleeping for 0.5085595266427845 seconds
Request model_5#28 arrives at 1588255.040521091, sleeping for 0.41843360220082104 seconds
Request model_1#8 arrives at 1588255.460407611, sleeping for 0.25127496710047126 seconds
Request model_1#9 arrives at 1588255.7128209, sleeping for 0.21857070946134627 seconds
Request model_1#10 arrives at 1588255.933297509, sleeping for 0.003173202509060502 seconds
Request model_1#11 arrives at 1588255.936991117, sleeping for 0.2150177548173815 seconds
Request model_5#29 arrives at 1588256.152846181, sleeping for 0.26044270023703575 seconds
Request model_5#30 arrives at 1588256.413857075, sleeping for 0.936295130290091 seconds
Request model_5#31 arrives at 1588257.350677425, sleeping for 0.254549901233986 seconds
Request model_5#32 arrives at 1588257.606555021, sleeping for 0.8234098048415035 seconds
Request model_1#12 arrives at 1588258.430519891, sleeping for 0.4262917011510581 seconds
Request model_5#33 arrives at 1588258.857959318, sleeping for 0.08464646339416504 seconds
Request model_1#13 arrives at 1588258.942818227, sleeping for 0.2665105948690325 seconds
Request model_5#34 arrives at 1588259.209781955, sleeping for 1.0079779364168644 seconds
Request model_5#35 arrives at 1588260.220145839, sleeping for 0.38705590716563165 seconds
Request model_5#36 arrives at 1588260.608217669, sleeping for 0.2678353942465037 seconds
Request model_1#14 arrives at 1588260.8780384, sleeping for 0.6734142533969134 seconds
Request model_1#15 arrives at 1588261.5530203, sleeping for 0.5523913402576 seconds
Request model_5#37 arrives at 1588262.106648536, sleeping for 1.6266584442928433 seconds
Request model_4#8 arrives at 1588263.734232065, sleeping for 0.774946526857093 seconds
Request model_5#38 arrives at 1588264.510041903, sleeping for 0.0819390551187098 seconds
Request model_1#16 arrives at 1588264.593084258, sleeping for 0.29102738364599645 seconds
Request model_5#39 arrives at 1588264.884794444, sleeping for 0.15642129885964096 seconds
Request model_5#40 arrives at 1588265.042700572, sleeping for 0.7000641450285912 seconds
Request model_4#9 arrives at 1588265.743273575, sleeping for 0.022183463675901294 seconds
Request model_5#41 arrives at 1588265.76658179, sleeping for 0.20363313402049243 seconds
Request model_1#17 arrives at 1588265.970557206, sleeping for 0.4915563256945461 seconds
Request model_1#18 arrives at 1588266.463080162, sleeping for 0.9921395964920521 seconds
Request model_5#42 arrives at 1588267.457471046, sleeping for 3.646582273999229 seconds
Request model_5#43 arrives at 1588271.105914036, sleeping for 0.7035587881691754 seconds
Request model_5#44 arrives at 1588271.81206815, sleeping for 0.16257428098469973 seconds
Request model_5#45 arrives at 1588271.974937846, sleeping for 0.43241771683096886 seconds
Request model_4#10 arrives at 1588272.40855826, sleeping for 0.26016908208839595 seconds
Request model_5#46 arrives at 1588272.669304542, sleeping for 0.1365071921609342 seconds
Request model_1#19 arrives at 1588272.806740687, sleeping for 0.27506519202142954 seconds
Request model_4#11 arrives at 1588273.083359099, sleeping for 0.19365471694618464 seconds
Request model_1#20 arrives at 1588273.277951944, sleeping for 0.35762540251016617 seconds
Request model_4#12 arrives at 1588273.63627193, sleeping for 0.2078114217147231 seconds
Request model_5#47 arrives at 1588273.845397294, sleeping for 0.29801675328053534 seconds
Request model_5#48 arrives at 1588274.144580126, sleeping for 0.187809098046273 seconds
Request model_5#49 arrives at 1588274.333277246, sleeping for 0.754423201084137 seconds
Request model_5#50 arrives at 1588275.08836863, sleeping for 0.15948529494926333 seconds
Request model_5#51 arrives at 1588275.248305264, sleeping for 0.5825114054605365 seconds
Request model_5#52 arrives at 1588275.831720055, sleeping for 0.019135870272293687 seconds
Request model_5#53 arrives at 1588275.852062518, sleeping for 1.6323767707217485 seconds
Request model_1#21 arrives at 1588277.486550521, sleeping for 0.044610605807974935 seconds
Request model_4#13 arrives at 1588277.532313265, sleeping for 0.03273808304220438 seconds
Request model_5#54 arrives at 1588277.565975388, sleeping for 1.4993028119206429 seconds
Request model_4#14 arrives at 1588279.068125666, sleeping for 0.14181714598089457 seconds
Request model_5#55 arrives at 1588279.211079331, sleeping for 0.9116249638609588 seconds
Request model_5#56 arrives at 1588280.124246635, sleeping for 1.0515665404964238 seconds
Request model_5#57 arrives at 1588281.177800466, sleeping for 0.8438733813818544 seconds
Request model_5#58 arrives at 1588282.022290032, sleeping for 0.6327633804176003 seconds
Request model_4#15 arrives at 1588282.656281035, sleeping for 0.25407237256877124 seconds
Request model_5#59 arrives at 1588282.911473385, sleeping for 0.12931621028110385 seconds
Request model_5#60 arrives at 1588283.041950008, sleeping for 0.2534617823548615 seconds
Request model_5#61 arrives at 1588283.296954277, sleeping for 0.09617491578683257 seconds
Request model_4#16 arrives at 1588283.393793196, sleeping for 0.2675415033008903 seconds
Request model_5#62 arrives at 1588283.663949529, sleeping for 1.3224208387546241 seconds
Request model_5#63 arrives at 1588284.988227768, sleeping for 0.2557409475557506 seconds
Request model_4#17 arrives at 1588285.245008601, sleeping for 0.48798877745866776 seconds
Request model_1#22 arrives at 1588285.734253864, sleeping for 0.17262037633918226 seconds
Request model_5#64 arrives at 1588285.908316964, sleeping for 0.03794945077970624 seconds
Request model_5#65 arrives at 1588285.947038656, sleeping for 0.44313040818087757 seconds
Request model_5#66 arrives at 1588286.391437871, sleeping for 0.25089794932864606 seconds
Request model_5#67 arrives at 1588286.644274815, sleeping for 0.07437739102169871 seconds
Request model_4#18 arrives at 1588286.720041345, sleeping for 0.024494627257809043 seconds
Request model_5#68 arrives at 1588286.745659508, sleeping for 0.12715654587373137 seconds
Request model_1#23 arrives at 1588286.873381289, sleeping for 0.1642620947677642 seconds
Request model_5#69 arrives at 1588287.038402061, sleeping for 0.14345403667539358 seconds
Request model_5#70 arrives at 1588287.183519674, sleeping for 0.20765201677568257 seconds
Request model_5#71 arrives at 1588287.393427144, sleeping for 0.562739688437432 seconds
Request model_1#24 arrives at 1588287.957338739, sleeping for 1.1181179315317422 seconds
Request model_5#72 arrives at 1588289.076639245, sleeping for 0.3130454372148961 seconds
Request model_5#73 arrives at 1588289.390397727, sleeping for 0.0898035578429699 seconds
Request model_4#19 arrives at 1588289.480733497, sleeping for 1.4566726773045957 seconds
Request model_1#25 arrives at 1588290.938762873, sleeping for 0.009523603366687894 seconds
Request model_4#20 arrives at 1588290.950112679, sleeping for 0.1368372067809105 seconds
Request model_1#26 arrives at 1588291.087998787, sleeping for 0.4089151141233742 seconds
Request model_1#27 arrives at 1588291.497984293, sleeping for 0.13003107509575784 seconds
Request model_5#74 arrives at 1588291.628943819, sleeping for 1.4146596568170935 seconds
Request model_1#28 arrives at 1588293.045220161, sleeping for 0.075056312372908 seconds
Request model_5#75 arrives at 1588293.121152603, sleeping for 0.3088868090417236 seconds
Request model_1#29 arrives at 1588293.431259497, sleeping for 0.5909341734368354 seconds
Request model_1#30 arrives at 1588294.023141513, sleeping for 0.12274785828776658 seconds
Request model_4#21 arrives at 1588294.146589152, sleeping for 0.07934355805628002 seconds
Request model_5#76 arrives at 1588294.227246, sleeping for 0.8597276527434587 seconds
Request model_4#22 arrives at 1588295.088325612, sleeping for 0.17611840879544616 seconds
Request model_5#77 arrives at 1588295.265738058, sleeping for 1.5497112474404275 seconds
Request model_5#78 arrives at 1588296.817423, sleeping for 0.46575038391165435 seconds
Request model_4#23 arrives at 1588297.284179334, sleeping for 0.06421815534122288 seconds
Request model_4#24 arrives at 1588297.349625786, sleeping for 0.26081968820653856 seconds
Request model_1#31 arrives at 1588297.611603449, sleeping for 0.15608588233590126 seconds
Request model_5#79 arrives at 1588297.76848855, sleeping for 0.8595549818128347 seconds
Request model_1#32 arrives at 1588298.628604125, sleeping for 0.9330425590742379 seconds
Request model_5#80 arrives at 1588299.563305073, sleeping for 0.9721573772840202 seconds
Request model_5#81 arrives at 1588300.53663023, sleeping for 0.4001341089606285 seconds
Request model_5#82 arrives at 1588300.937510629, sleeping for 0.6467448899056762 seconds
Request model_5#83 arrives at 1588301.58582218, sleeping for 0.416304609272629 seconds
Request model_1#33 arrives at 1588302.003148242, sleeping for 0.17347585316747427 seconds
Request model_5#84 arrives at 1588302.177352413, sleeping for 0.9019612800329924 seconds
Request model_4#25 arrives at 1588303.08131744, sleeping for 0.45402511209249496 seconds
Request model_5#85 arrives at 1588303.536268095, sleeping for 1.2405992310959846 seconds
Request model_1#34 arrives at 1588304.778620069, sleeping for 0.3700067268218845 seconds
Request model_3#7 arrives at 1588305.150091826, sleeping for 0.14331678161397576 seconds
Request model_5#86 arrives at 1588305.295120428, sleeping for 0.029177580028772354 seconds
Request model_5#87 arrives at 1588305.325022653, sleeping for 0.03657699632458389 seconds
Request model_5#88 arrives at 1588305.362972548, sleeping for 0.2128505827859044 seconds
Request model_5#89 arrives at 1588305.576597897, sleeping for 0.21049905056133866 seconds
Request model_5#90 arrives at 1588305.788641473, sleeping for 0.10449831373989582 seconds
Request model_4#26 arrives at 1588305.895611699, sleeping for 0.9440267581958324 seconds
Request model_5#91 arrives at 1588306.841571591, sleeping for 0.04752678796648979 seconds
Request model_5#92 arrives at 1588306.890438369, sleeping for 0.0022814027033746243 seconds
Request model_5#93 arrives at 1588306.893455592, sleeping for 0.546472851652652 seconds
Request model_3#8 arrives at 1588307.440875734, sleeping for 0.681278453906998 seconds
Request model_3#9 arrives at 1588308.123489394, sleeping for 0.5084531691391021 seconds
Request model_3#10 arrives at 1588308.633405373, sleeping for 0.052221905905753374 seconds
Request model_3#11 arrives at 1588308.686302281, sleeping for 0.4348364952020347 seconds
Request model_3#12 arrives at 1588309.123272062, sleeping for 0.39474807237274945 seconds
Request model_6#4 arrives at 1588309.519457585, sleeping for 1.5314406636171043 seconds
Request model_3#13 arrives at 1588311.051866133, sleeping for 0.658627878408879 seconds
Request model_3#14 arrives at 1588311.712739479, sleeping for 0.11946667730808258 seconds
Request model_3#15 arrives at 1588311.833865841, sleeping for 0.36173497163690627 seconds
Request model_3#16 arrives at 1588312.196716654, sleeping for 0.03573704813607037 seconds
Request model_5#94 arrives at 1588312.233598871, sleeping for 1.0923198661766946 seconds
Request model_3#17 arrives at 1588313.3278045, sleeping for 0.6434210273437202 seconds
Request model_3#18 arrives at 1588313.972104972, sleeping for 0.9938786020502448 seconds
Request model_3#19 arrives at 1588314.967573828, sleeping for 0.07511978386901319 seconds
Request model_3#20 arrives at 1588315.043068246, sleeping for 1.6459447145462036 seconds
Request model_3#21 arrives at 1588316.690818764, sleeping for 0.6964334284421057 seconds
Request model_3#22 arrives at 1588317.387926614, sleeping for 0.14253476937301457 seconds
Request model_3#23 arrives at 1588317.531717046, sleeping for 0.8194868708960712 seconds
Request model_3#24 arrives at 1588318.352262185, sleeping for 0.09939332376234233 seconds
Request model_3#25 arrives at 1588318.453014694, sleeping for 0.2176112332381308 seconds
Request model_3#26 arrives at 1588318.671988743, sleeping for 0.9924997065681964 seconds
Request model_3#27 arrives at 1588319.665416094, sleeping for 0.4537176704034209 seconds
Request model_3#28 arrives at 1588320.120612741, sleeping for 0.6155772197525948 seconds
Request model_3#29 arrives at 1588320.736685701, sleeping for 0.13885698816739023 seconds
Request model_3#30 arrives at 1588320.876152481, sleeping for 0.5354596346151084 seconds
Request model_6#5 arrives at 1588321.412848733, sleeping for 0.2523062014952302 seconds
Request model_3#31 arrives at 1588321.665870808, sleeping for 0.22945455624721944 seconds
Request model_3#32 arrives at 1588321.895927831, sleeping for 0.204453578684479 seconds
Request model_3#33 arrives at 1588322.102410665, sleeping for 0.10684617911465466 seconds
Request model_6#6 arrives at 1588322.210171557, sleeping for 0.024384918622672558 seconds
Request model_6#7 arrives at 1588322.234994404, sleeping for 0.03868130245245993 seconds
Request model_3#34 arrives at 1588322.273952077, sleeping for 0.3365483705420047 seconds
Request model_3#35 arrives at 1588322.611107936, sleeping for 0.04797831457108259 seconds
Request model_3#36 arrives at 1588322.660024984, sleeping for 0.364288754761219 seconds
Request model_3#37 arrives at 1588323.025171564, sleeping for 0.25897943042218685 seconds
Request model_3#38 arrives at 1588323.285086982, sleeping for 0.24088202486746013 seconds
Request model_3#39 arrives at 1588323.5265393, sleeping for 0.19716449989937246 seconds
Request model_6#8 arrives at 1588323.724762883, sleeping for 0.808051626663655 seconds
Request model_3#40 arrives at 1588324.535107586, sleeping for 0.0841250333469361 seconds
Request model_6#9 arrives at 1588324.620340167, sleeping for 1.2167810294777155 seconds
Request model_3#41 arrives at 1588325.837947107, sleeping for 0.24210854712873697 seconds
Request model_6#10 arrives at 1588326.080612304, sleeping for 2.786717936396599 seconds
Request model_3#42 arrives at 1588328.868318168, sleeping for 0.3912017985712737 seconds
Request model_3#43 arrives at 1588329.261053316, sleeping for 0.12692009028978646 seconds
Request model_3#44 arrives at 1588329.389104571, sleeping for 2.1500043014530092 seconds
Request model_3#45 arrives at 1588331.541307449, sleeping for 0.22110325749963522 seconds
Request model_3#46 arrives at 1588331.762937398, sleeping for 0.540429555810988 seconds
Request model_3#47 arrives at 1588332.304545417, sleeping for 0.28801599564030766 seconds
Request model_3#48 arrives at 1588332.594008748, sleeping for 0.12577928719110787 seconds
Request model_3#49 arrives at 1588332.720320769, sleeping for 0.10364763112738729 seconds
Request model_3#50 arrives at 1588332.825264609, sleeping for 1.5866733733564615 seconds
Request model_3#51 arrives at 1588334.413186168, sleeping for 0.7767619371879846 seconds
Request model_3#52 arrives at 1588335.192200495, sleeping for 0.10134628973901272 seconds
Request model_3#53 arrives at 1588335.294249324, sleeping for 0.18348631798289716 seconds
Request model_5#95 arrives at 1588335.478158269, sleeping for 0.08067375561222434 seconds
Request model_5#96 arrives at 1588335.55920045, sleeping for 0.6476090764626861 seconds
Request model_3#54 arrives at 1588336.207301801, sleeping for 0.6669867462478578 seconds
Request model_3#55 arrives at 1588336.875683105, sleeping for 0.19957351963967085 seconds
Request model_3#56 arrives at 1588337.07548808, sleeping for 0.435116867069155 seconds
Request model_3#57 arrives at 1588337.511247072, sleeping for 0.031211939407512546 seconds
Request model_3#58 arrives at 1588337.542979751, sleeping for 0.06110236304812133 seconds
Request model_3#59 arrives at 1588337.604695796, sleeping for 0.2473129539284855 seconds
Request model_3#60 arrives at 1588337.852600803, sleeping for 0.24009709246456623 seconds
Request model_3#61 arrives at 1588338.093682219, sleeping for 0.0042003674898296595 seconds
Request model_3#62 arrives at 1588338.098363324, sleeping for 0.9801664859987795 seconds
Request model_3#63 arrives at 1588339.080137998, sleeping for 1.2809231798164546 seconds
Request model_3#64 arrives at 1588340.363074302, sleeping for 1.2559959490317851 seconds
Request model_3#65 arrives at 1588341.620270121, sleeping for 0.14151692320592701 seconds
Request model_3#66 arrives at 1588341.762228, sleeping for 1.2370072116609663 seconds
Request model_5#97 arrives at 1588343.000293405, sleeping for 0.08273432170972228 seconds
Request model_3#67 arrives at 1588343.084207648, sleeping for 0.06844063033349812 seconds
Request model_3#68 arrives at 1588343.15360759, sleeping for 0.4230220241006464 seconds
Request model_3#69 arrives at 1588343.577382992, sleeping for 0.3372672279365361 seconds
Request model_3#70 arrives at 1588343.916038813, sleeping for 0.5945558461826295 seconds
Request model_3#71 arrives at 1588344.511399097, sleeping for 1.1264390440192074 seconds
Request model_3#72 arrives at 1588345.63890678, sleeping for 0.8153896320145577 seconds
Request model_3#73 arrives at 1588346.455555941, sleeping for 0.7507479332853109 seconds
Request model_3#74 arrives at 1588347.207386015, sleeping for 0.6801916204858571 seconds
Request model_6#11 arrives at 1588347.888149012, sleeping for 0.6224006770644337 seconds
Request model_3#75 arrives at 1588348.511679649, sleeping for 0.8503899644128978 seconds
Request model_3#76 arrives at 1588349.363049802, sleeping for 0.09937196411192417 seconds
Request model_3#77 arrives at 1588349.46373359, sleeping for 1.5681708494666964 seconds
Request model_3#78 arrives at 1588351.034105349, sleeping for 0.3945222219917923 seconds
Request model_3#79 arrives at 1588351.42985843, sleeping for 0.3179123913869262 seconds
Request model_3#80 arrives at 1588351.748284549, sleeping for 0.8706268952228129 seconds
Request model_3#81 arrives at 1588352.621046574, sleeping for 0.42167983436957 seconds
Request model_3#82 arrives at 1588353.043576336, sleeping for 0.3911915705539286 seconds
Request model_3#83 arrives at 1588353.435809571, sleeping for 1.3096388103440404 seconds
Request model_6#12 arrives at 1588354.74724358, sleeping for 0.6500318474136293 seconds
Request model_3#84 arrives at 1588355.398701718, sleeping for 0.9176913578994572 seconds
Request model_3#85 arrives at 1588356.317555129, sleeping for 0.6002531941048801 seconds
Request model_3#86 arrives at 1588356.919731126, sleeping for 0.08948763180524111 seconds
Request model_3#87 arrives at 1588357.010370838, sleeping for 0.8960962865967304 seconds
Request model_5#98 arrives at 1588357.907177784, sleeping for 0.4035978065803647 seconds
Request model_3#88 arrives at 1588358.312252376, sleeping for 0.4171333003323525 seconds
Request model_3#89 arrives at 1588358.730066333, sleeping for 0.7440148678142577 seconds
Request model_3#90 arrives at 1588359.475506919, sleeping for 1.9771678657270968 seconds
Request model_3#91 arrives at 1588361.454269116, sleeping for 0.17650486202910542 seconds
Request model_3#92 arrives at 1588361.631687943, sleeping for 0.0586600536480546 seconds
Request model_5#99 arrives at 1588361.690890099, sleeping for 1.8814460847061127 seconds
Request model_6#13 arrives at 1588363.573951784, sleeping for 0.26752255903556943 seconds
Request model_3#93 arrives at 1588363.843434665, sleeping for 0.025172566762194037 seconds
Request model_5#100 arrives at 1588363.869702663, sleeping for 0.11239400529302657 seconds
Request model_5#101 arrives at 1588363.983072897, sleeping for 0.7457911251112819 seconds
Request model_6#14 arrives at 1588364.729583451, sleeping for 0.1409661143552512 seconds
Request model_2#58 arrives at 1588364.871261508, sleeping for 0.7769804100971669 seconds
Request model_5#102 arrives at 1588365.648961687, sleeping for 0.6136031844653189 seconds
Request model_2#59 arrives at 1588366.263532497, sleeping for 1.06688816472888 seconds
Request model_6#15 arrives at 1588367.332099777, sleeping for 0.11000575171783566 seconds
Request model_2#60 arrives at 1588367.442773571, sleeping for 0.5188301326707006 seconds
Request model_6#16 arrives at 1588367.962833759, sleeping for 1.1092355027794838 seconds
Request model_3#94 arrives at 1588369.073530658, sleeping for 0.30823113466612995 seconds
Request model_2#61 arrives at 1588369.382064312, sleeping for 0.4684994851704687 seconds
Request model_6#17 arrives at 1588369.852333585, sleeping for 0.010844339616596699 seconds
Request model_5#103 arrives at 1588369.86352409, sleeping for 1.0022241806145757 seconds
Request model_5#104 arrives at 1588370.866359136, sleeping for 0.03752140165306628 seconds
Request model_6#18 arrives at 1588370.904581184, sleeping for 0.050324354553595185 seconds
Request model_6#19 arrives at 1588370.955377636, sleeping for 0.06347219878807664 seconds
Request model_6#20 arrives at 1588371.019246718, sleeping for 0.1743084997870028 seconds
Request model_6#21 arrives at 1588371.195638277, sleeping for 1.3679788585286587 seconds
Request model_6#22 arrives at 1588372.565341536, sleeping for 0.19886807329021394 seconds
Request model_2#62 arrives at 1588372.765326873, sleeping for 0.04589791200123727 seconds
Request model_6#23 arrives at 1588372.811833183, sleeping for 0.05409869272261858 seconds
Request model_6#24 arrives at 1588372.866676596, sleeping for 0.23350782156921923 seconds
Request model_6#25 arrives at 1588373.101546226, sleeping for 0.19289479847066104 seconds
Request model_6#26 arrives at 1588373.295243265, sleeping for 0.2773039804305881 seconds
Request model_6#27 arrives at 1588373.574037686, sleeping for 0.36171808396466076 seconds
Request model_6#28 arrives at 1588373.93699362, sleeping for 0.013596642762422562 seconds
Request model_5#105 arrives at 1588373.952530667, sleeping for 0.08754034200683236 seconds
Request model_6#29 arrives at 1588374.042017882, sleeping for 0.5120432092808187 seconds
Request model_2#63 arrives at 1588374.555236748, sleeping for 0.02310007275082171 seconds
Request model_6#30 arrives at 1588374.578842666, sleeping for 0.14155651652254164 seconds
Request model_6#31 arrives at 1588374.721124469, sleeping for 0.7021161559969187 seconds
Request model_5#106 arrives at 1588375.424411077, sleeping for 0.1200435534119606 seconds
Request model_5#107 arrives at 1588375.545286268, sleeping for 0.3043034377042204 seconds
Request model_6#32 arrives at 1588375.85079886, sleeping for 0.0988657078705728 seconds
Request model_6#33 arrives at 1588375.950900894, sleeping for 1.9377391985617578 seconds
Request model_3#95 arrives at 1588377.891441295, sleeping for 1.4301371444016695 seconds
Request model_3#96 arrives at 1588379.32415691, sleeping for 0.986848020227626 seconds
Request model_6#34 arrives at 1588380.312313446, sleeping for 1.0938466230873019 seconds
Request model_6#35 arrives at 1588381.407610689, sleeping for 0.53021379862912 seconds
Request model_6#36 arrives at 1588381.939455036, sleeping for 0.07317084772512317 seconds
Request model_2#64 arrives at 1588382.014001818, sleeping for 0.07271239021793008 seconds
Request model_6#37 arrives at 1588382.08857679, sleeping for 0.3315755408257246 seconds
Request model_3#97 arrives at 1588382.421320447, sleeping for 0.8713318514637649 seconds
Request model_6#38 arrives at 1588383.293580089, sleeping for 0.4578159227967262 seconds
Request model_2#65 arrives at 1588383.752155745, sleeping for 0.40865696454420686 seconds
Request model_6#39 arrives at 1588384.162385956, sleeping for 0.30546500929631293 seconds
Request model_2#66 arrives at 1588384.468935346, sleeping for 0.09933776804246008 seconds
Request model_2#67 arrives at 1588384.568548886, sleeping for 0.15318902907893062 seconds
Request model_5#108 arrives at 1588384.722762098, sleeping for 0.06960847601294518 seconds
Request model_6#40 arrives at 1588384.792948687, sleeping for 0.7698302622884512 seconds
Request model_5#109 arrives at 1588385.563240782, sleeping for 0.6098256486002356 seconds
Request model_6#41 arrives at 1588386.17486991, sleeping for 0.015234329272061586 seconds
Request model_6#42 arrives at 1588386.191199103, sleeping for 0.17056073830462992 seconds
Request model_5#110 arrives at 1588386.362180311, sleeping for 0.0747101076412946 seconds
Request model_6#43 arrives at 1588386.437190397, sleeping for 0.21678080619312823 seconds
Request model_2#68 arrives at 1588386.654568265, sleeping for 0.43748837406747043 seconds
Request model_6#44 arrives at 1588387.093110979, sleeping for 0.046901407185941935 seconds
Request model_5#111 arrives at 1588387.140194294, sleeping for 0.11813884158618748 seconds
Request model_6#45 arrives at 1588387.260166188, sleeping for 1.575699135195464 seconds
Request model_6#46 arrives at 1588388.837158231, sleeping for 0.09363159630447626 seconds
Request model_6#47 arrives at 1588388.931706144, sleeping for 0.1339945145882666 seconds
Request model_2#69 arrives at 1588389.066372318, sleeping for 0.4030435096938163 seconds
Request model_6#48 arrives at 1588389.470136331, sleeping for 0.03992548235692084 seconds
Request model_6#49 arrives at 1588389.510809437, sleeping for 1.6920417891815305 seconds
Request model_6#50 arrives at 1588391.203443182, sleeping for 0.1004578429274261 seconds
Request model_2#70 arrives at 1588391.304547114, sleeping for 0.8404745541047305 seconds
Request model_2#71 arrives at 1588392.145731903, sleeping for 0.15359366848133504 seconds
Request model_6#51 arrives at 1588392.300101536, sleeping for 0.5598404733464122 seconds
Request model_6#52 arrives at 1588392.861133934, sleeping for 0.0006540834438055754 seconds
Request model_6#53 arrives at 1588392.862058541, sleeping for 1.2607829545158893 seconds
Request model_6#54 arrives at 1588394.123705478, sleeping for 0.11773150158114731 seconds
Request model_2#72 arrives at 1588394.241872549, sleeping for 0.08711985358968377 seconds
Request model_3#98 arrives at 1588394.330754489, sleeping for 0.2545684347860515 seconds
Request model_5#112 arrives at 1588394.586192564, sleeping for 0.050971853313967586 seconds
Request model_2#73 arrives at 1588394.638515508, sleeping for 0.20140054100193083 seconds
Request model_6#55 arrives at 1588394.840622061, sleeping for 0.16383187915198505 seconds
Request model_6#56 arrives at 1588395.005716595, sleeping for 0.6166431789752096 seconds
Request model_2#74 arrives at 1588395.623094788, sleeping for 0.10635499004274607 seconds
Request model_3#99 arrives at 1588395.730128244, sleeping for 0.015483004041016102 seconds
Request model_5#113 arrives at 1588395.746412037, sleeping for 0.6618630508892238 seconds
Request model_3#100 arrives at 1588396.409098601, sleeping for 1.6126893523614854 seconds
Request model_6#57 arrives at 1588398.022833062, sleeping for 0.975601626560092 seconds
Request model_5#114 arrives at 1588399.000735052, sleeping for 0.1814612045418471 seconds
Request model_5#115 arrives at 1588399.183462538, sleeping for 0.28203269210644066 seconds
Request model_6#58 arrives at 1588399.46635221, sleeping for 2.304574217181653 seconds
Request model_2#75 arrives at 1588401.772198287, sleeping for 0.05865223170258105 seconds
Request model_3#101 arrives at 1588401.831499585, sleeping for 0.031867246609181166 seconds
Request model_2#76 arrives at 1588401.864426483, sleeping for 0.1657102236058563 seconds
Request model_6#59 arrives at 1588402.030460824, sleeping for 1.8350304167252034 seconds
Request model_6#60 arrives at 1588403.868260894, sleeping for 0.4098926652222872 seconds
Request model_3#102 arrives at 1588404.279970957, sleeping for 0.14807113516144454 seconds
Request model_5#116 arrives at 1588404.429396003, sleeping for 0.13267488963901997 seconds
Request model_2#77 arrives at 1588404.56301545, sleeping for 0.7221574431750923 seconds
Request model_3#103 arrives at 1588405.285790497, sleeping for 0.12287431419827044 seconds
Request model_6#61 arrives at 1588405.40955664, sleeping for 0.8037806903012097 seconds
Request model_6#62 arrives at 1588406.214763789, sleeping for 0.07814404997043312 seconds
Request model_6#63 arrives at 1588406.293673293, sleeping for 0.2909630590584129 seconds
Request model_2#78 arrives at 1588406.586091957, sleeping for 0.014570427825674415 seconds
Request model_6#64 arrives at 1588406.601114, sleeping for 1.7917581934016198 seconds
Request model_6#65 arrives at 1588408.394384965, sleeping for 0.09653008519671857 seconds
Request model_3#104 arrives at 1588408.491774779, sleeping for 0.20124834752641618 seconds
Request model_6#66 arrives at 1588408.694497097, sleeping for 0.5843616845086217 seconds
Request model_6#67 arrives at 1588409.280831446, sleeping for 1.423457335215062 seconds
Request model_6#68 arrives at 1588410.706193339, sleeping for 0.6634154566563666 seconds
Request model_2#79 arrives at 1588411.37112777, sleeping for 0.841514979256317 seconds
Request model_2#80 arrives at 1588412.214415386, sleeping for 0.05590666038915515 seconds
Request model_6#69 arrives at 1588412.271243905, sleeping for 0.0182793450076133 seconds
Request model_6#70 arrives at 1588412.289928875, sleeping for 0.22519279620610178 seconds
Request model_2#81 arrives at 1588412.516652614, sleeping for 0.19733279338106513 seconds
Request model_6#71 arrives at 1588412.714978059, sleeping for 0.13420290499925613 seconds
Request model_6#72 arrives at 1588412.849550883, sleeping for 0.023233742685988545 seconds
Request model_2#82 arrives at 1588412.873643685, sleeping for 1.4917196228634566 seconds
Request model_6#73 arrives at 1588414.366495666, sleeping for 0.15549892443232238 seconds
Request model_6#74 arrives at 1588414.522501342, sleeping for 1.6217951821163297 seconds
Request model_2#83 arrives at 1588416.145890808, sleeping for 0.05477744317613542 seconds
Request model_6#75 arrives at 1588416.201512317, sleeping for 0.24252120894379914 seconds
Request model_6#76 arrives at 1588416.445435235, sleeping for 0.26434012595564127 seconds
Request model_6#77 arrives at 1588416.710634034, sleeping for 0.8216809183359146 seconds
Request model_5#117 arrives at 1588417.534941707, sleeping for 0.046504464000463486 seconds
Request model_5#118 arrives at 1588417.582670927, sleeping for 1.9806517807301134 seconds
Request model_6#78 arrives at 1588419.563958441, sleeping for 0.07746581104584038 seconds
Request model_5#119 arrives at 1588419.642736865, sleeping for 0.1393800894729793 seconds
Request model_6#79 arrives at 1588419.783637876, sleeping for 2.5451270267367363 seconds
Request model_6#80 arrives at 1588422.331179029, sleeping for 0.6006991756148636 seconds
Request model_6#81 arrives at 1588422.934031182, sleeping for 0.8986021827440709 seconds
Request model_6#82 arrives at 1588423.833848915, sleeping for 0.8454908418934792 seconds
Request model_6#83 arrives at 1588424.681029571, sleeping for 0.10836191917769611 seconds
Request model_6#84 arrives at 1588424.790700597, sleeping for 0.3506041304208338 seconds
Request model_6#85 arrives at 1588425.143380796, sleeping for 0.1016264061909169 seconds
Request model_2#84 arrives at 1588425.246239991, sleeping for 0.12128287693485618 seconds
Request model_6#86 arrives at 1588425.368024149, sleeping for 1.060921304859221 seconds
Request model_2#85 arrives at 1588426.430454697, sleeping for 0.20650598662905395 seconds
Request model_6#87 arrives at 1588426.638873429, sleeping for 0.11905786930583417 seconds
Request model_6#88 arrives at 1588426.75973839, sleeping for 0.15782839991152287 seconds
Request model_5#120 arrives at 1588426.918680508, sleeping for 0.5207854851614684 seconds
Request model_6#89 arrives at 1588427.440790404, sleeping for 0.6751294718123972 seconds
Request model_6#90 arrives at 1588428.11691729, sleeping for 0.21224299166351557 seconds
Request model_2#86 arrives at 1588428.330065006, sleeping for 0.41991635831072927 seconds
Request model_5#121 arrives at 1588428.750758478, sleeping for 0.19696791470050812 seconds
Request model_5#122 arrives at 1588428.949000672, sleeping for 0.33029630361124873 seconds
Request model_6#91 arrives at 1588429.280441161, sleeping for 0.10841404600068927 seconds
Request model_5#123 arrives at 1588429.389814155, sleeping for 0.6624224397819489 seconds
Request model_2#87 arrives at 1588430.053205166, sleeping for 0.2700823319610208 seconds
Request model_6#92 arrives at 1588430.324774103, sleeping for 0.5359654016792774 seconds
Request model_2#88 arrives at 1588430.862305345, sleeping for 0.5055114850401878 seconds
Request model_5#124 arrives at 1588431.369199136, sleeping for 0.565189243061468 seconds
Request model_6#93 arrives at 1588431.935429564, sleeping for 0.07861949992366135 seconds
Request model_2#89 arrives at 1588432.015055965, sleeping for 0.6210017509292811 seconds
Request model_5#125 arrives at 1588432.636261697, sleeping for 0.1987585281021893 seconds
Request model_6#94 arrives at 1588432.835556189, sleeping for 0.6560558101627976 seconds
Request model_6#95 arrives at 1588433.49231111, sleeping for 0.04073639423586428 seconds
Request model_6#96 arrives at 1588433.533934704, sleeping for 0.5827516426797956 seconds
Request model_3#105 arrives at 1588434.117411092, sleeping for 1.0071012063417584 seconds
Request model_5#126 arrives at 1588435.125025448, sleeping for 0.9797662943601608 seconds
Request model_2#90 arrives at 1588436.106067374, sleeping for 0.07097826921381056 seconds
Request model_6#97 arrives at 1588436.17724117, sleeping for 0.695087467553094 seconds
Request model_6#98 arrives at 1588436.873108296, sleeping for 2.227308052359149 seconds
Request model_6#99 arrives at 1588439.102025459, sleeping for 0.07862145849503577 seconds
Request model_2#91 arrives at 1588439.18172118, sleeping for 0.11788138817064464 seconds
Request model_6#100 arrives at 1588439.300125072, sleeping for 0.6542378393933177 seconds
Request model_6#101 arrives at 1588439.955212721, sleeping for 0.11707651778124273 seconds
Request model_3#106 arrives at 1588440.073065539, sleeping for 0.020633915904909372 seconds
Request model_3#107 arrives at 1588440.094614462, sleeping for 1.177046371391043 seconds
Request model_6#102 arrives at 1588441.272524062, sleeping for 0.9157831040211022 seconds
Request model_6#103 arrives at 1588442.190050599, sleeping for 0.20620412821881473 seconds
Request model_6#104 arrives at 1588442.396753107, sleeping for 0.1255653901025653 seconds
Request model_6#105 arrives at 1588442.52317582, sleeping for 0.5694051785394549 seconds
Request model_2#92 arrives at 1588443.0935028, sleeping for 0.45256308699026704 seconds
Request model_6#106 arrives at 1588443.547098219, sleeping for 0.48151890467852354 seconds
Request model_6#107 arrives at 1588444.030544034, sleeping for 1.2064188283402473 seconds
Request model_5#127 arrives at 1588445.238724342, sleeping for 1.3335270599927753 seconds
Request model_3#108 arrives at 1588446.573651916, sleeping for 0.1484130632597953 seconds
Request model_6#108 arrives at 1588446.723103133, sleeping for 0.09907319745980203 seconds
Request model_2#93 arrives at 1588446.822532933, sleeping for 0.09582371031865478 seconds
Request model_6#109 arrives at 1588446.919501824, sleeping for 0.8780494150705636 seconds
Request model_2#94 arrives at 1588447.798292019, sleeping for 0.14785265806131065 seconds
Request model_5#128 arrives at 1588447.946637187, sleeping for 0.3761371101718396 seconds
Request model_6#110 arrives at 1588448.324181663, sleeping for 0.32159167411737144 seconds
Request model_3#109 arrives at 1588448.647077918, sleeping for 1.242808391340077 seconds
Request model_4#27 arrives at 1588449.890336191, sleeping for 0.202889398438856 seconds
Request model_3#110 arrives at 1588450.094262568, sleeping for 0.4202978750690818 seconds
Request model_3#111 arrives at 1588450.51492034, sleeping for 0.06074016191996634 seconds
Request model_3#112 arrives at 1588450.576102172, sleeping for 0.027367846574634314 seconds
Request model_5#129 arrives at 1588450.604391885, sleeping for 0.14533226238563657 seconds
Request model_3#113 arrives at 1588450.750802228, sleeping for 0.5599144585430622 seconds
Request model_2#95 arrives at 1588451.311840408, sleeping for 0.007806011475622654 seconds
Request model_5#130 arrives at 1588451.32008203, sleeping for 0.3460741713643074 seconds
Request model_5#131 arrives at 1588451.666880135, sleeping for 0.20876130159012973 seconds
Request model_4#28 arrives at 1588451.87703729, sleeping for 0.06380902091041207 seconds
Request model_3#114 arrives at 1588451.941674437, sleeping for 0.231648912653327 seconds
Request model_3#115 arrives at 1588452.174521922, sleeping for 0.381573740625754 seconds
Request model_6#111 arrives at 1588452.557025856, sleeping for 0.1798929492942989 seconds
Request model_3#116 arrives at 1588452.738552845, sleeping for 0.10250884504057467 seconds
Request model_3#117 arrives at 1588452.842014385, sleeping for 1.8699895089957863 seconds
Request model_5#132 arrives at 1588454.714568003, sleeping for 0.3107564356178045 seconds
Request model_4#29 arrives at 1588455.026579156, sleeping for 0.2484114624094218 seconds
Request model_3#118 arrives at 1588455.27647935, sleeping for 0.007587452884763479 seconds
Request model_3#119 arrives at 1588455.285075174, sleeping for 0.4515664589125663 seconds
Request model_3#120 arrives at 1588455.737694597, sleeping for 0.09149359539151192 seconds
Request model_5#133 arrives at 1588455.830031233, sleeping for 0.007436880609020591 seconds
Request model_3#121 arrives at 1588455.838345886, sleeping for 0.5003583871293813 seconds
Request model_3#122 arrives at 1588456.339770467, sleeping for 0.41400148975662887 seconds
Request model_6#112 arrives at 1588456.755781353, sleeping for 0.3563104134518653 seconds
Request model_2#96 arrives at 1588457.113271878, sleeping for 0.02934906166046858 seconds
Request model_5#134 arrives at 1588457.143514346, sleeping for 0.14598150015808642 seconds
Request model_2#97 arrives at 1588457.290407774, sleeping for 0.017748948419466615 seconds
Request model_6#113 arrives at 1588457.310166823, sleeping for 2.124510427005589 seconds
Request model_2#98 arrives at 1588459.435189095, sleeping for 0.5326584822032601 seconds
Request model_3#123 arrives at 1588459.969435683, sleeping for 0.05120959202758968 seconds
Request model_3#124 arrives at 1588460.021784568, sleeping for 0.3587372296024114 seconds
Request model_3#125 arrives at 1588460.381332079, sleeping for 0.14626293606124818 seconds
Request model_3#126 arrives at 1588460.528033705, sleeping for 0.01937220967374742 seconds
Request model_3#127 arrives at 1588460.548331908, sleeping for 0.3692464902997017 seconds
Request model_5#135 arrives at 1588460.91857945, sleeping for 0.19711895380169153 seconds
Request model_3#128 arrives at 1588461.116954496, sleeping for 0.5857051028870046 seconds
Request model_3#129 arrives at 1588461.703173625, sleeping for 1.151666936231777 seconds
Request model_4#30 arrives at 1588462.856216989, sleeping for 0.08970726141706109 seconds
Request model_4#31 arrives at 1588462.946658551, sleeping for 0.4600931932218373 seconds
Request model_3#130 arrives at 1588463.407796878, sleeping for 0.1627864867914468 seconds
Request model_3#131 arrives at 1588463.570911008, sleeping for 0.2658611978404224 seconds
Request model_4#32 arrives at 1588463.837827891, sleeping for 0.7053534116130322 seconds
Request model_4#33 arrives at 1588464.544231327, sleeping for 0.17992025427520275 seconds
Request model_3#132 arrives at 1588464.725428423, sleeping for 0.12125623505562544 seconds
Request model_3#133 arrives at 1588464.847084981, sleeping for 1.0295254127122462 seconds
Request model_6#114 arrives at 1588465.877543, sleeping for 0.1256831055507064 seconds
Request model_3#134 arrives at 1588466.004387947, sleeping for 1.094957685098052 seconds
Request model_3#135 arrives at 1588467.100013878, sleeping for 0.7652660999447107 seconds
Request model_4#34 arrives at 1588467.867101493, sleeping for 0.5738007742911577 seconds
Request model_4#35 arrives at 1588468.441523763, sleeping for 0.03312357817776501 seconds
Request model_6#115 arrives at 1588468.475598311, sleeping for 0.14577682502567768 seconds
Request model_3#136 arrives at 1588468.621737542, sleeping for 0.06828752253204584 seconds
Request model_3#137 arrives at 1588468.691171446, sleeping for 0.3513117143884301 seconds
Request model_4#36 arrives at 1588469.044647972, sleeping for 0.30693793948739767 seconds
Request model_3#138 arrives at 1588469.352215331, sleeping for 0.7433090303093195 seconds
Request model_3#139 arrives at 1588470.096492903, sleeping for 0.5231377382297069 seconds
Request model_3#140 arrives at 1588470.620117171, sleeping for 0.08278748905286193 seconds
Request model_5#136 arrives at 1588470.703405329, sleeping for 0.026666535530239344 seconds
Request model_4#37 arrives at 1588470.731267609, sleeping for 1.1762687349691987 seconds
Request model_2#99 arrives at 1588471.908258655, sleeping for 0.20004763151519 seconds
Request model_3#141 arrives at 1588472.109008298, sleeping for 0.19965164200402796 seconds
Request model_3#142 arrives at 1588472.309957723, sleeping for 0.08818391151726246 seconds
Request model_3#143 arrives at 1588472.399192046, sleeping for 1.0380346623715013 seconds
Request model_3#144 arrives at 1588473.438495163, sleeping for 0.5125082603190094 seconds
Request model_3#145 arrives at 1588473.951917535, sleeping for 0.0916424822062254 seconds
Request model_5#137 arrives at 1588474.04411817, sleeping for 2.800918764201924 seconds
Request model_5#138 arrives at 1588476.845973448, sleeping for 0.2053187156561762 seconds
Request model_4#38 arrives at 1588477.052210253, sleeping for 0.14859189256094396 seconds
Request model_5#139 arrives at 1588477.201722841, sleeping for 0.4362078234553337 seconds
Request model_5#140 arrives at 1588477.63921632, sleeping for 1.5738389706239104 seconds
Request model_3#146 arrives at 1588479.214465989, sleeping for 0.04016324644908309 seconds
Request model_4#39 arrives at 1588479.255142325, sleeping for 0.0014189549256116152 seconds
Request model_5#141 arrives at 1588479.257593884, sleeping for 0.02475684555247426 seconds
Request model_5#142 arrives at 1588479.283462139, sleeping for 0.009898015763610601 seconds
Request model_2#100 arrives at 1588479.29423113, sleeping for 0.7743988723959774 seconds
Request model_5#143 arrives at 1588480.069496216, sleeping for 0.00029223388992249966 seconds
Request model_3#147 arrives at 1588480.070665015, sleeping for 1.1925278438720852 seconds
Request model_4#40 arrives at 1588481.263621321, sleeping for 0.045370053965598345 seconds
Request model_5#144 arrives at 1588481.309933631, sleeping for 0.5246473790612072 seconds
Request model_4#41 arrives at 1588481.835162582, sleeping for 0.246918874559924 seconds
Request model_3#148 arrives at 1588482.083223772, sleeping for 0.2726179682649672 seconds
Request model_3#149 arrives at 1588482.356819286, sleeping for 0.08252983167767525 seconds
Request model_4#42 arrives at 1588482.440617678, sleeping for 0.031141360057517886 seconds
Request model_5#145 arrives at 1588482.472114045, sleeping for 0.4591114658396691 seconds
Request model_3#150 arrives at 1588482.932352315, sleeping for 0.11826023948378861 seconds
Request model_2#101 arrives at 1588483.052802194, sleeping for 0.060955582885071635 seconds
Request model_4#43 arrives at 1588483.114913102, sleeping for 0.36345762363635004 seconds
Request model_3#151 arrives at 1588483.480049886, sleeping for 0.5746099909301847 seconds
Request model_5#146 arrives at 1588484.056227401, sleeping for 0.3034465634264052 seconds
Request model_2#102 arrives at 1588484.360872228, sleeping for 0.9375518683809787 seconds
Request model_3#152 arrives at 1588485.299445996, sleeping for 2.414620477706194 seconds
Request model_2#103 arrives at 1588487.714673281, sleeping for 0.1249444221612066 seconds
Request model_3#153 arrives at 1588487.840128896, sleeping for 0.24987473478540778 seconds
Request model_3#154 arrives at 1588488.090458344, sleeping for 0.12497226987034082 seconds
Request model_4#44 arrives at 1588488.216220163, sleeping for 1.8628786166664213 seconds
Request model_3#155 arrives at 1588490.081186668, sleeping for 0.3081598589196801 seconds
Request model_4#45 arrives at 1588490.39184444, sleeping for 0.15433207247406244 seconds
Request model_3#156 arrives at 1588490.547270662, sleeping for 0.1188952000811696 seconds
Request model_4#46 arrives at 1588490.667735011, sleeping for 0.5573665967676789 seconds
Request model_3#157 arrives at 1588491.225957741, sleeping for 0.1708544585853815 seconds
Request model_6#116 arrives at 1588491.397263803, sleeping for 0.6865032867062837 seconds
Request model_3#158 arrives at 1588492.084178903, sleeping for 0.18034301907755435 seconds
Request model_3#159 arrives at 1588492.265570242, sleeping for 0.11549339420162141 seconds
Request model_3#160 arrives at 1588492.381748078, sleeping for 0.2375158730428666 seconds
Request model_5#147 arrives at 1588492.621278014, sleeping for 0.11284989304840565 seconds
Request model_5#148 arrives at 1588492.734962051, sleeping for 0.8211202672682703 seconds
Request model_2#104 arrives at 1588493.557563755, sleeping for 0.07421585614793003 seconds
Request model_5#149 arrives at 1588493.632522451, sleeping for 0.7729583536274731 seconds
Request model_3#161 arrives at 1588494.406297936, sleeping for 0.2888780329376459 seconds
Request model_6#117 arrives at 1588494.6958448, sleeping for 0.054691084660589695 seconds
Request model_5#150 arrives at 1588494.750751744, sleeping for 0.03521144902333617 seconds
Request model_3#162 arrives at 1588494.786385433, sleeping for 0.1911846634466201 seconds
Request model_6#118 arrives at 1588494.978109619, sleeping for 0.3686293938662857 seconds
Request model_6#119 arrives at 1588495.347439334, sleeping for 0.009666575817391276 seconds
Request model_2#105 arrives at 1588495.358899081, sleeping for 0.014616732252761722 seconds
Request model_3#163 arrives at 1588495.374591259, sleeping for 0.2350467243231833 seconds
Request model_4#47 arrives at 1588495.610810781, sleeping for 0.04524468118324876 seconds
Request model_3#164 arrives at 1588495.656483115, sleeping for 0.6169454478658736 seconds
Request model_3#165 arrives at 1588496.273970002, sleeping for 0.321279312716797 seconds
Request model_3#166 arrives at 1588496.596775036, sleeping for 0.12911879760213196 seconds
Request model_3#167 arrives at 1588496.726500965, sleeping for 1.0429116981104016 seconds
Request model_5#151 arrives at 1588497.770480849, sleeping for 0.07152720401063561 seconds
Request model_5#152 arrives at 1588497.843878192, sleeping for 0.12750804098322988 seconds
Request model_2#106 arrives at 1588497.972354011, sleeping for 0.47780231735669076 seconds
Request model_5#153 arrives at 1588498.451349393, sleeping for 0.18439377727918327 seconds
Request model_3#168 arrives at 1588498.636540931, sleeping for 0.6184995002113283 seconds
Request model_5#154 arrives at 1588499.256170594, sleeping for 0.8659243870060891 seconds
Request model_3#169 arrives at 1588500.123160242, sleeping for 0.3979304765816778 seconds
Request model_3#170 arrives at 1588500.52190362, sleeping for 0.5541777068283409 seconds
Request model_3#171 arrives at 1588501.077170058, sleeping for 1.5283166985027492 seconds
Request model_6#120 arrives at 1588502.606809815, sleeping for 0.3885218387003988 seconds
Request model_2#107 arrives at 1588502.996352073, sleeping for 0.41977472277358174 seconds
Request model_4#48 arrives at 1588503.418430116, sleeping for 1.3133136737160385 seconds
Request model_3#172 arrives at 1588504.733744967, sleeping for 0.47733465395867825 seconds
Request model_4#49 arrives at 1588505.213499475, sleeping for 0.16579116904176772 seconds
Request model_4#50 arrives at 1588505.379986591, sleeping for 0.11035434762015939 seconds
Request model_3#173 arrives at 1588505.491657333, sleeping for 0.1755700702778995 seconds
Request model_2#108 arrives at 1588505.667428169, sleeping for 0.5549333884846419 seconds
Request model_2#109 arrives at 1588506.222968249, sleeping for 1.5321562045719475 seconds
Request model_3#174 arrives at 1588507.755847041, sleeping for 0.09914825879968703 seconds
Request model_3#175 arrives at 1588507.855600173, sleeping for 0.027900671353563666 seconds
Request model_3#176 arrives at 1588507.88433683, sleeping for 0.5489711889531463 seconds
Request model_3#177 arrives at 1588508.434065096, sleeping for 0.5194054893217981 seconds
Request model_3#178 arrives at 1588508.954907725, sleeping for 0.38626689626835287 seconds
Request model_3#179 arrives at 1588509.343065022, sleeping for 0.23483030777424574 seconds
Request model_3#180 arrives at 1588509.578903261, sleeping for 0.1724912349600345 seconds
Request model_6#121 arrives at 1588509.752525611, sleeping for 0.06201794999651611 seconds
Request model_3#181 arrives at 1588509.814989052, sleeping for 0.10387031431309879 seconds
Request model_4#51 arrives at 1588509.920477228, sleeping for 0.606395410373807 seconds
Request model_4#52 arrives at 1588510.527676738, sleeping for 1.3506189454346895 seconds
Request model_2#110 arrives at 1588511.880490722, sleeping for 0.07336757541634142 seconds
Request model_3#182 arrives at 1588511.954820172, sleeping for 0.174148702993989 seconds
Request model_5#155 arrives at 1588512.130075324, sleeping for 0.10279242903925478 seconds
Request model_4#53 arrives at 1588512.233912607, sleeping for 0.2952602356672287 seconds
Request model_2#111 arrives at 1588512.530576475, sleeping for 0.7951933303847909 seconds
Request model_3#183 arrives at 1588513.32813252, sleeping for 0.6234566629864275 seconds
Request model_3#184 arrives at 1588513.953092384, sleeping for 0.5701581919565797 seconds
Request model_2#112 arrives at 1588514.524491225, sleeping for 0.14971158048138022 seconds
Request model_6#122 arrives at 1588514.675127721, sleeping for 0.6979529280215502 seconds
Request model_5#156 arrives at 1588515.373927412, sleeping for 0.2929926714859903 seconds
Request model_3#185 arrives at 1588515.668216132, sleeping for 0.8167444688733667 seconds
Request model_3#186 arrives at 1588516.485292895, sleeping for 0.21152650681324303 seconds
Request model_3#187 arrives at 1588516.697740177, sleeping for 0.45018964586779475 seconds
Request model_6#123 arrives at 1588517.14874118, sleeping for 0.20377628435380757 seconds
Request model_2#113 arrives at 1588517.353428284, sleeping for 0.11699609248898923 seconds
Request model_3#188 arrives at 1588517.471137091, sleeping for 0.23751483671367168 seconds
Request model_2#114 arrives at 1588517.710471907, sleeping for 0.017076719319447875 seconds
Request model_4#54 arrives at 1588517.728562593, sleeping for 0.6013462226837873 seconds
Request model_3#189 arrives at 1588518.331248939, sleeping for 0.3690715709235519 seconds
Request model_2#115 arrives at 1588518.701041038, sleeping for 0.425854419125244 seconds
Request model_4#55 arrives at 1588519.127593406, sleeping for 0.1683741535525769 seconds
Request model_4#56 arrives at 1588519.297402507, sleeping for 0.0008740881457924843 seconds
Request model_4#57 arrives at 1588519.298903598, sleeping for 1.0665477069560438 seconds
Request model_4#58 arrives at 1588520.366573942, sleeping for 0.07875750656239688 seconds
Request model_3#190 arrives at 1588520.44588674, sleeping for 0.21707097301259637 seconds
Request model_3#191 arrives at 1588520.663542412, sleeping for 0.7916845639701933 seconds
Request model_5#157 arrives at 1588521.45614953, sleeping for 0.6346205142326653 seconds
Request model_5#158 arrives at 1588522.092121278, sleeping for 2.488777734339237 seconds
Request model_5#159 arrives at 1588524.581427346, sleeping for 1.1529169289860874 seconds
Request model_5#160 arrives at 1588525.735740113, sleeping for 0.7810305014718324 seconds
Request model_5#161 arrives at 1588526.518059854, sleeping for 0.2939911459106952 seconds
Request model_3#192 arrives at 1588526.812915089, sleeping for 0.4111629258841276 seconds
Request model_3#193 arrives at 1588527.22530308, sleeping for 0.05973027413710952 seconds
Request model_3#194 arrives at 1588527.287052885, sleeping for 0.01305878534913063 seconds
Request model_5#162 arrives at 1588527.302182399, sleeping for 0.38045459263958037 seconds
Request model_3#195 arrives at 1588527.68402696, sleeping for 0.15611332724802196 seconds
Request model_2#116 arrives at 1588527.840799953, sleeping for 0.6378759529907256 seconds
Request model_3#196 arrives at 1588528.479094558, sleeping for 0.9780108584091067 seconds
Request model_3#197 arrives at 1588529.458923929, sleeping for 0.4176375351380557 seconds
Request model_3#198 arrives at 1588529.878018091, sleeping for 2.8134407608304173 seconds
Request model_3#199 arrives at 1588532.693271728, sleeping for 0.5166695693042129 seconds
Request model_1#35 arrives at 1588533.210666851, sleeping for 1.1577025505248457 seconds
Request model_4#59 arrives at 1588534.369808336, sleeping for 0.9554641111753881 seconds
Request model_5#163 arrives at 1588535.327243549, sleeping for 0.5586334422696382 seconds
Request model_1#36 arrives at 1588535.88679321, sleeping for 0.3523841348942369 seconds
Request model_4#60 arrives at 1588536.240811431, sleeping for 0.16840595100075006 seconds
Request model_5#164 arrives at 1588536.410625382, sleeping for 0.3342268541455269 seconds
Request model_5#165 arrives at 1588536.745841081, sleeping for 0.516679490217939 seconds
Request model_5#166 arrives at 1588537.26411867, sleeping for 0.24414217565208673 seconds
Request model_4#61 arrives at 1588537.509038888, sleeping for 0.6359470204915851 seconds
Request model_1#37 arrives at 1588538.146134545, sleeping for 0.5191526524722576 seconds
Request model_5#167 arrives at 1588538.666350969, sleeping for 0.27209462807513773 seconds
Request model_5#168 arrives at 1588538.939845273, sleeping for 0.7320259874686599 seconds
Request model_5#169 arrives at 1588539.67257226, sleeping for 0.13232964696362615 seconds
Request model_5#170 arrives at 1588539.805236181, sleeping for 0.007759251864627004 seconds
Request model_5#171 arrives at 1588539.813164271, sleeping for 1.302364148432389 seconds
Request model_5#172 arrives at 1588541.117179619, sleeping for 1.393904964439571 seconds
Request model_5#173 arrives at 1588542.512136333, sleeping for 1.8381515976507217 seconds
Request model_5#174 arrives at 1588544.352299846, sleeping for 0.1266222051344812 seconds
Request model_5#175 arrives at 1588544.479620956, sleeping for 0.12832759344018996 seconds
Request model_5#176 arrives at 1588544.60875391, sleeping for 0.3823364758864045 seconds
Request model_1#38 arrives at 1588544.992117543, sleeping for 0.2353523534256965 seconds
Request model_2#117 arrives at 1588545.228262174, sleeping for 0.07042050454765558 seconds
Request model_5#177 arrives at 1588545.299118039, sleeping for 0.11180002498440444 seconds
Request model_1#39 arrives at 1588545.412807917, sleeping for 0.45896676182746887 seconds
Request model_5#178 arrives at 1588545.872579985, sleeping for 0.38213666435331106 seconds
Request model_5#179 arrives at 1588546.255471864, sleeping for 0.4678135185968131 seconds
Request model_1#40 arrives at 1588546.724682694, sleeping for 0.17285513668321073 seconds
Request model_5#180 arrives at 1588546.898570476, sleeping for 0.9159035284537822 seconds
Request model_1#41 arrives at 1588547.816151519, sleeping for 0 seconds
Request model_4#62 arrives at 1588547.816850464, sleeping for 1.7534878058359027 seconds
Request model_5#181 arrives at 1588549.571779034, sleeping for 0.2333880146034062 seconds
Request model_1#42 arrives at 1588549.80578742, sleeping for 0.1640684485901147 seconds
Request model_4#63 arrives at 1588549.970848375, sleeping for 0.1085404995828867 seconds
Request model_5#182 arrives at 1588550.080060639, sleeping for 0.5847375723533332 seconds
Request model_4#64 arrives at 1588550.666095261, sleeping for 0.07386312121525407 seconds
Request model_1#43 arrives at 1588550.740521162, sleeping for 0.1627215133048594 seconds
Request model_5#183 arrives at 1588550.904481179, sleeping for 0.7828496636357158 seconds
Request model_2#118 arrives at 1588551.688592675, sleeping for 1.03703811368905 seconds
Request model_5#184 arrives at 1588552.726050382, sleeping for 0.6240609441883862 seconds
Request model_5#185 arrives at 1588553.350989358, sleeping for 0.025366859510540962 seconds
Request model_4#65 arrives at 1588553.377579638, sleeping for 1.2263311063870788 seconds
Request model_4#66 arrives at 1588554.60513392, sleeping for 0.3572280751541257 seconds
Request model_2#119 arrives at 1588554.963368823, sleeping for 0.16262539010494947 seconds
Request model_5#186 arrives at 1588555.126720545, sleeping for 0.049168995348736644 seconds
Request model_5#187 arrives at 1588555.176647132, sleeping for 0.014736462151631713 seconds
Request model_4#67 arrives at 1588555.19236929, sleeping for 0.005349271232262254 seconds
Request model_5#188 arrives at 1588555.198129114, sleeping for 0.09315880853682756 seconds
Request model_5#189 arrives at 1588555.291936942, sleeping for 0.8223192726727575 seconds
Request model_5#190 arrives at 1588556.117115518, sleeping for 0.04261425603181124 seconds
Request model_5#191 arrives at 1588556.160435724, sleeping for 0.002760021947324276 seconds
Request model_1#44 arrives at 1588556.164207633, sleeping for 0.6492385764140636 seconds
Request model_5#192 arrives at 1588556.815174524, sleeping for 0.0608008187264204 seconds
Request model_5#193 arrives at 1588556.87682098, sleeping for 0.6684792975429446 seconds
Request model_4#68 arrives at 1588557.545796707, sleeping for 0.4139783044811338 seconds
Request model_5#194 arrives at 1588557.96099397, sleeping for 0.20991018577478826 seconds
Request model_5#195 arrives at 1588558.172076482, sleeping for 0.6886558269616216 seconds
Request model_1#45 arrives at 1588558.861228042, sleeping for 0.10188225260935724 seconds
Request model_5#196 arrives at 1588558.963560524, sleeping for 0.09140040865167975 seconds
Request model_5#197 arrives at 1588559.055950561, sleeping for 0.09177424013614655 seconds
Request model_5#198 arrives at 1588559.148911073, sleeping for 0.5135109561961144 seconds
Request model_5#199 arrives at 1588559.663720237, sleeping for 0.4260518839582801 seconds
Request model_4#69 arrives at 1588560.090688949, sleeping for 0.5568415056914091 seconds
Request model_4#70 arrives at 1588560.648695469, sleeping for 0.09590268414467573 seconds
Request model_5#200 arrives at 1588560.745038616, sleeping for 0.22250916180200875 seconds
Request model_2#120 arrives at 1588560.968147829, sleeping for 1.0081663765013218 seconds
Request model_4#71 arrives at 1588561.977599036, sleeping for 0.8132777349092066 seconds
Request model_5#201 arrives at 1588562.792043941, sleeping for 0.11054223822429776 seconds
Request model_4#72 arrives at 1588562.903465232, sleeping for 0.028299996629357338 seconds
Request model_5#202 arrives at 1588562.932778803, sleeping for 1.942959706299007 seconds
Request model_1#46 arrives at 1588564.877083263, sleeping for 0.4604363520629704 seconds
Request model_5#203 arrives at 1588565.338607776, sleeping for 0.48179733706638217 seconds
Request model_5#204 arrives at 1588565.821435279, sleeping for 1.687030371511355 seconds
Request model_5#205 arrives at 1588567.509928729, sleeping for 0.46884751273319125 seconds
Request model_1#47 arrives at 1588567.979620064, sleeping for 0.6603743648156524 seconds
Request model_5#206 arrives at 1588568.641458587, sleeping for 0.04217463219538331 seconds
Request model_1#48 arrives at 1588568.684926245, sleeping for 1.1931398154702038 seconds
Request model_5#207 arrives at 1588569.87956175, sleeping for 0.38424511696211994 seconds
Request model_1#49 arrives at 1588570.265075919, sleeping for 0.9418711378239095 seconds
Request model_5#208 arrives at 1588571.207353769, sleeping for 0.20923477737233043 seconds
Request model_5#209 arrives at 1588571.417723856, sleeping for 1.5378814854193479 seconds
Request model_1#50 arrives at 1588572.957320544, sleeping for 3.303584935842082 seconds
Request model_2#121 arrives at 1588576.263352691, sleeping for 0.40519089926965535 seconds
Request model_2#122 arrives at 1588576.670015749, sleeping for 0.2696059059817344 seconds
Request model_2#123 arrives at 1588576.940094337, sleeping for 0.3043432873673737 seconds
Request model_1#51 arrives at 1588577.245300211, sleeping for 0.47194814356043935 seconds
Request model_4#73 arrives at 1588577.718208069, sleeping for 0.5316052359994501 seconds
Request model_1#52 arrives at 1588578.250925859, sleeping for 0.08437063358724117 seconds
Request model_1#53 arrives at 1588578.336072371, sleeping for 0.8900738782249391 seconds
Request model_4#74 arrives at 1588579.228103873, sleeping for 0.38553746440447867 seconds
Request model_4#75 arrives at 1588579.614285287, sleeping for 0.2363279100973159 seconds
Request model_5#210 arrives at 1588579.85189928, sleeping for 0.05960899405181408 seconds
Request model_5#211 arrives at 1588579.913004431, sleeping for 0.3042714446783066 seconds
Request model_5#212 arrives at 1588580.218287235, sleeping for 0.023631921969354153 seconds
Request model_2#124 arrives at 1588580.242414677, sleeping for 0.790715912822634 seconds
Request model_5#213 arrives at 1588581.033828869, sleeping for 1.3329052412882447 seconds
Request model_5#214 arrives at 1588582.368249159, sleeping for 0.4459128559101373 seconds
Request model_4#76 arrives at 1588582.814920429, sleeping for 0.32633281662128866 seconds
Request model_4#77 arrives at 1588583.142149619, sleeping for 1.6962077198550105 seconds
Request model_5#215 arrives at 1588584.83979793, sleeping for 0.06340096099302173 seconds
Request model_4#78 arrives at 1588584.904153245, sleeping for 0.3405952490866184 seconds
Request model_4#79 arrives at 1588585.24529977, sleeping for 0.09375619073398411 seconds
Request model_5#216 arrives at 1588585.339833713, sleeping for 0.17996670212596655 seconds
Request model_5#217 arrives at 1588585.520574157, sleeping for 0.09625635575503111 seconds
Request model_5#218 arrives at 1588585.617580049, sleeping for 0.20871944865211844 seconds
Request model_5#219 arrives at 1588585.82836122, sleeping for 0.1080738331656903 seconds
Request model_5#220 arrives at 1588585.936959059, sleeping for 0.5056936363689601 seconds
Request model_2#125 arrives at 1588586.444130846, sleeping for 0.21558428066782653 seconds
Request model_5#221 arrives at 1588586.66059264, sleeping for 0.292659935541451 seconds
Request model_4#80 arrives at 1588586.953880043, sleeping for 0.532857172889635 seconds
Request model_4#81 arrives at 1588587.488633139, sleeping for 0.40866585494950414 seconds
Request model_4#82 arrives at 1588587.898569673, sleeping for 0.08807687042281032 seconds
Request model_5#222 arrives at 1588587.987464303, sleeping for 0.5536229361314327 seconds
Request model_2#126 arrives at 1588588.542439481, sleeping for 0.034484221832826734 seconds
Request model_5#223 arrives at 1588588.578150541, sleeping for 0.0002042765263468027 seconds
Request model_2#127 arrives at 1588588.579609722, sleeping for 0.21840748633258045 seconds
Request model_5#224 arrives at 1588588.799166459, sleeping for 0.35327961668372154 seconds
Request model_4#83 arrives at 1588589.153424892, sleeping for 0.5862481342628598 seconds
Request model_5#225 arrives at 1588589.740534053, sleeping for 0.3763404788915068 seconds
Request model_4#84 arrives at 1588590.11776846, sleeping for 1.7607301145326346 seconds
Request model_5#226 arrives at 1588591.879551336, sleeping for 0.14131819712929428 seconds
Request model_2#128 arrives at 1588592.022118051, sleeping for 0.4856761822011322 seconds
Request model_5#227 arrives at 1588592.509044596, sleeping for 0.8787099183537066 seconds
Request model_5#228 arrives at 1588593.390160596, sleeping for 0.028037086594849825 seconds
Request model_2#129 arrives at 1588593.41863317, sleeping for 0.7190853680949658 seconds
Request model_2#130 arrives at 1588594.138427822, sleeping for 0.9478811693843454 seconds
Request model_4#85 arrives at 1588595.087546145, sleeping for 0.20093965926207602 seconds
Request model_5#229 arrives at 1588595.289797712, sleeping for 0.6718952180817723 seconds
Request model_5#230 arrives at 1588595.962566439, sleeping for 0.2799847866408527 seconds
Request model_1#54 arrives at 1588596.243365758, sleeping for 1.1705345548689365 seconds
Request model_1#55 arrives at 1588597.415620955, sleeping for 0.8151037683710456 seconds
Request model_2#131 arrives at 1588598.23258616, sleeping for 0.4696507300250232 seconds
Request model_5#231 arrives at 1588598.703325643, sleeping for 1.239110937807709 seconds
Request model_1#56 arrives at 1588599.943429532, sleeping for 0.2310910129453987 seconds
Request model_1#57 arrives at 1588600.175119911, sleeping for 0.10370126622729003 seconds
Request model_4#86 arrives at 1588600.28099544, sleeping for 0.0036365087144076824 seconds
Request model_5#232 arrives at 1588600.285731225, sleeping for 0.3305911021307111 seconds
Request model_5#233 arrives at 1588600.616880535, sleeping for 0.48027850058861077 seconds
Request model_2#132 arrives at 1588601.09850086, sleeping for 0.10272002080455422 seconds
Request model_4#87 arrives at 1588601.203419742, sleeping for 0.029580482747405767 seconds
Request model_1#58 arrives at 1588601.233350997, sleeping for 0.30068042781203985 seconds
Request model_1#59 arrives at 1588601.534559581, sleeping for 0.100682164542377 seconds
Request model_5#234 arrives at 1588601.635817535, sleeping for 0.6611581423785537 seconds
Request model_5#235 arrives at 1588602.298238404, sleeping for 0.22136618942022324 seconds
Request model_5#236 arrives at 1588602.520824624, sleeping for 0.9705577241256833 seconds
Request model_4#88 arrives at 1588603.493119262, sleeping for 0.10501379892230034 seconds
Request model_2#133 arrives at 1588603.599150373, sleeping for 3.45831046695821 seconds
Request model_4#89 arrives at 1588607.059373998, sleeping for 0.38435579487122595 seconds
Request model_4#90 arrives at 1588607.444973518, sleeping for 0.10195722407661378 seconds
Request model_4#91 arrives at 1588607.54731008, sleeping for 0.37829550611786544 seconds
Request model_2#134 arrives at 1588607.926987176, sleeping for 0.6947345507796854 seconds
Request model_6#124 arrives at 1588608.622599826, sleeping for 1.0960830277763307 seconds
Request model_4#92 arrives at 1588609.719608736, sleeping for 0.48432510904967785 seconds
Request model_6#125 arrives at 1588610.205390532, sleeping for 0.03911366360262036 seconds
Request model_6#126 arrives at 1588610.245770187, sleeping for 0.2189469956792891 seconds
Request model_2#135 arrives at 1588610.465328884, sleeping for 0.4414395282510668 seconds
Request model_4#93 arrives at 1588610.908139396, sleeping for 0.9679918005131185 seconds
Request model_6#127 arrives at 1588611.877103699, sleeping for 0.7445200080983341 seconds
Request model_2#136 arrives at 1588612.622553936, sleeping for 0.1783954354468733 seconds
Request model_6#128 arrives at 1588612.801761268, sleeping for 0.034952521789819 seconds
Request model_2#137 arrives at 1588612.837660219, sleeping for 0.715901922667399 seconds
============================================================
BENCHMARK RESULTS
============================================================
Completed requests: 858
Aborted requests: 0
Request throughput: 1.98 req/s
Input throughput: 580.97 tokens/s
Output throughput: 326.81 tokens/s
Mean TTFT: 216.1 ms
P99 TTFT: 4393.5 ms
Mean TPOT: 39.0 ms
P99 TPOT: 74.9 ms
Mean Latency: 6664.1 ms
P99 Latency: 22745.1 ms
============================================================
Results saved to /workspace/prism-merge/exp/results/final-prototype-vs-paper-faithful/raw/armC/raw/paper-faithful-v6/bursty/rate_2/seed_1
Requests saved to /workspace/prism-merge/exp/results/final-prototype-vs-paper-faithful/raw/armC/raw/paper-faithful-v6/bursty/rate_2/seed_1/requests
