[2026-08-20 06:59:43.792 GlobalController] All assigned GPU ids: [0, 1, 2, 3]
[2026-08-20 06:59:43.850 GlobalController] Total single GPU memory: 79.25 GB
[2026-08-20 06:59:46.331 GlobalController] GPU 0, memory: 71.69 GB
[2026-08-20 06:59:48.351 GlobalController] GPU 1, memory: 71.45 GB
[2026-08-20 06:59:50.094 GlobalController] GPU 2, memory: 71.69 GB
[2026-08-20 06:59:51.870 GlobalController] GPU 3, memory: 71.69 GB
[2026-08-20 06:59:51.870 GlobalController] Time for checking GPU memory: 8.0204s
[2026-08-20 06:59:51.870 GlobalController] Model weight information loaded successfully
[2026-08-20 06:59:51.871 GlobalController] Using policy: SimpleGlobalPolicy
[2026-08-20 06:59:51.872 GlobalController] Starting schedule statistic thread
[2026-08-20 06:59:51.874 GlobalController] Waiting for the first generate request to start model scheduling
[2026-08-20 06:59:51.874 GlobalController] Schedule statistics will be logged to /workspace/prism-exp/prism-research/benchmark/multi-model/benchmark/multi-model/stats_2026-08-20T06:59:51.873892.log
[2026-08-20 06:59:51.874 GlobalController] Loading model weight information for statistics
[2026-08-20 06:59:51.874 GlobalController] Loaded model weights from /workspace/prism-exp/prism-research/python/sglang/multi_model/scheduling/../utils/model_info.json
[2026-08-20 06:59:51.874 GlobalController] Loading model config and mapping weights
[2026-08-20 06:59:51.874 GlobalController] Mapped 1 models to their weights
[2026-08-20 06:59:51.874 GlobalController] Set GPU total memory: {0: 80, 1: 80, 2: 80, 3: 80}
[2026-08-20 07:00:17.419 GlobalController] model_1: num_unfinished_reqs: 0, num_waiting_reqs: 0, num_running_reqs: 0, last_arrival_time_ref: N/A, earliest_arrived_req_in_queue: N/A, last_finish_time_ref: N/A
[2026-08-20 07:00:17.519 GlobalController] model_1: num_unfinished_reqs: 1, num_waiting_reqs: 1, num_running_reqs: 0, last_arrival_time_ref: 0:00:33.657568, earliest_arrived_req_in_queue: 0:00:33.657568, last_finish_time_ref: N/A
[2026-08-20 07:00:17.520 GlobalController] Schedule interval: 5 seconds
[2026-08-20 07:00:17.520 GlobalController] Starting model scheduling
[2026-08-20 07:00:17.520 GlobalController] Time for preprocessing data structures: 0.0001s
[2026-08-20 07:00:17.520 GlobalController] Model model_1:
[2026-08-20 07:00:17.520 GlobalController]   Instance 0: ACTIVE, memory usage: 2.28 GB, gpu_ids: [0], init_memory_pool_size: 0 GB
[2026-08-20 07:00:17.520 GlobalController]   Instance 1: INACTIVE, memory usage: 2.28 GB, gpu_ids: [1], init_memory_pool_size: 0 GB
[2026-08-20 07:00:17.520 GlobalController]   Instance 2: INACTIVE, memory usage: 2.28 GB, gpu_ids: [2], init_memory_pool_size: 0 GB
[2026-08-20 07:00:17.520 GlobalController]   Instance 3: INACTIVE, memory usage: 2.28 GB, gpu_ids: [3], init_memory_pool_size: 0 GB
[2026-08-20 07:00:17.520 GlobalController] first request time: 1787209217.4498887
[2026-08-20 07:00:17.520 GlobalController] Model model_1 has been idle for 0.07 seconds, its own last request or global first request time is 1787209217.4498887
[2026-08-20 07:00:17.520 GlobalController] Model model_1 has waiting/running requests: True
[2026-08-20 07:00:17.520 GlobalController] Time for idle instance eviction: 0.0001s
[2026-08-20 07:00:17.521 GlobalController] GPU 0, mem 68.9202880859375
[2026-08-20 07:00:17.521 GlobalController] GPU 1, mem 68.9202880859375
[2026-08-20 07:00:17.521 GlobalController] GPU 2, mem 71.6937255859375
[2026-08-20 07:00:17.521 GlobalController] GPU 3, mem 71.6937255859375
[2026-08-20 07:00:17.521 GlobalController] Time for checking GPU memory: 0.0004s
[2026-08-20 07:00:17.521 GlobalController] GPU 0:
[2026-08-20 07:00:17.521 GlobalController]   Memory per request (smoothed requests): 76.97 GB
[2026-08-20 07:00:17.521 GlobalController]   Total requests (smoothed): 1.00
[2026-08-20 07:00:17.521 GlobalController]   Available memory: 68.92 GB
[2026-08-20 07:00:17.521 GlobalController]     Model model_1:
[2026-08-20 07:00:17.521 GlobalController]       Requests (smoothed): 1.00
[2026-08-20 07:00:17.521 GlobalController]       Model memory: 2.28 GB
[2026-08-20 07:00:17.521 GlobalController] GPU 1:
[2026-08-20 07:00:17.521 GlobalController]   Memory per request (smoothed requests): 79.25 GB
[2026-08-20 07:00:17.521 GlobalController]   Total requests (smoothed): 0.00
[2026-08-20 07:00:17.521 GlobalController]   Available memory: 68.92 GB
[2026-08-20 07:00:17.521 GlobalController] GPU 2:
[2026-08-20 07:00:17.521 GlobalController]   Memory per request (smoothed requests): 79.25 GB
[2026-08-20 07:00:17.521 GlobalController]   Total requests (smoothed): 0.00
[2026-08-20 07:00:17.521 GlobalController]   Available memory: 71.69 GB
[2026-08-20 07:00:17.521 GlobalController] GPU 3:
[2026-08-20 07:00:17.521 GlobalController]   Memory per request (smoothed requests): 79.25 GB
[2026-08-20 07:00:17.521 GlobalController]   Total requests (smoothed): 0.00
[2026-08-20 07:00:17.521 GlobalController]   Available memory: 71.69 GB
[2026-08-20 07:00:17.521 GlobalController] Current unstable pairs: 6
[2026-08-20 07:00:17.521 GlobalController] No migrations found that reduce unstable pairs
[2026-08-20 07:00:17.521 GlobalController] Time for finding migrations: 0.0006s
[2026-08-20 07:00:17.522 GlobalController] Time for planning inactive model activation: 0.0000s
[2026-08-20 07:00:17.522 GlobalController] Time for creating action list: 0.0000s
[2026-08-20 07:00:17.522 GlobalController] Total time for global scheduling: 0.0016s
[2026-08-20 07:00:19.323 GlobalController] model_1: num_unfinished_reqs: 1, num_waiting_reqs: 0, num_running_reqs: 1, last_arrival_time_ref: 0:00:33.657568, earliest_arrived_req_in_queue: N/A, last_finish_time_ref: N/A
[2026-08-20 07:00:20.125 GlobalController] model_1: num_unfinished_reqs: 1, num_waiting_reqs: 0, num_running_reqs: 1, last_arrival_time_ref: 0:00:36.303336, earliest_arrived_req_in_queue: N/A, last_finish_time_ref: 0:00:36.297681
[2026-08-20 07:00:20.325 GlobalController] model_1: num_unfinished_reqs: 1, num_waiting_reqs: 0, num_running_reqs: 1, last_arrival_time_ref: 0:00:36.519910, earliest_arrived_req_in_queue: N/A, last_finish_time_ref: 0:00:36.517555
[2026-08-20 07:00:20.626 GlobalController] model_1: num_unfinished_reqs: 1, num_waiting_reqs: 0, num_running_reqs: 1, last_arrival_time_ref: 0:00:36.738329, earliest_arrived_req_in_queue: N/A, last_finish_time_ref: 0:00:36.737131
[2026-08-20 07:00:20.826 GlobalController] model_1: num_unfinished_reqs: 0, num_waiting_reqs: 0, num_running_reqs: 0, last_arrival_time_ref: 0:00:36.738329, earliest_arrived_req_in_queue: N/A, last_finish_time_ref: 0:00:36.951415
[2026-08-20 07:00:21.888 GlobalController] Received signal to shutdown
