Real trace file: /workspace/prism-merge/exp/workloads/final-compare/bursty_r2_s3.pkl
[PRISM_DIRECT] 816 requests, span 418.8s
Starting TP benchmark: paper-faithful-v6_bursty_rate2_seed3
Generated 816 requests
Request model_3#0 arrives at 1628606.74145473, sleeping for 0.20641350001096725 seconds
Request model_1#0 arrives at 1628606.94984174, sleeping for 0.6795123529154807 seconds
Request model_1#1 arrives at 1628607.630624132, sleeping for 0.09302302543073893 seconds
Request model_3#1 arrives at 1628607.724723754, sleeping for 1.012636006809771 seconds
Request model_1#2 arrives at 1628608.739100098, sleeping for 0.6625917591154575 seconds
Request model_1#3 arrives at 1628609.403118429, sleeping for 0.020548449596390128 seconds
Request model_3#2 arrives at 1628609.424344924, sleeping for 0.3309992563445121 seconds
Request model_6#0 arrives at 1628609.756909928, sleeping for 0.013891131384298205 seconds
Request model_6#1 arrives at 1628609.77263345, sleeping for 0.5066781679634005 seconds
Request model_6#2 arrives at 1628610.280735139, sleeping for 0.27428436768241227 seconds
Request model_6#3 arrives at 1628610.555859417, sleeping for 1.6652045138180256 seconds
Request model_6#4 arrives at 1628612.222938031, sleeping for 0.03670178120955825 seconds
Request model_6#5 arrives at 1628612.261144478, sleeping for 0.09754688525572419 seconds
Request model_3#3 arrives at 1628612.359347471, sleeping for 0.12446696171537042 seconds
Request model_3#4 arrives at 1628612.485015547, sleeping for 1.1636928708758205 seconds
Request model_5#0 arrives at 1628613.65029686, sleeping for 0.6990530190523714 seconds
Request model_6#6 arrives at 1628614.350229638, sleeping for 0.29731214977800846 seconds
Request model_6#7 arrives at 1628614.648398434, sleeping for 0.5537612068001181 seconds
Request model_3#5 arrives at 1628615.203487726, sleeping for 1.3716728864237666 seconds
Request model_3#6 arrives at 1628616.575732785, sleeping for 0.23744828975759447 seconds
Request model_3#7 arrives at 1628616.815047054, sleeping for 1.93343864264898 seconds
Request model_3#8 arrives at 1628618.750311253, sleeping for 0.6993889301083982 seconds
Request model_3#9 arrives at 1628619.450416229, sleeping for 0.08919744030572474 seconds
Request model_3#10 arrives at 1628619.54073448, sleeping for 0.12733156536705792 seconds
Request model_2#0 arrives at 1628619.668900826, sleeping for 0.37380420486442745 seconds
Request model_2#1 arrives at 1628620.043474804, sleeping for 0.542372579453513 seconds
Request model_6#8 arrives at 1628620.587103875, sleeping for 0.08327681641094387 seconds
Request model_6#9 arrives at 1628620.671398839, sleeping for 0.05727081629447639 seconds
Request model_6#10 arrives at 1628620.729847683, sleeping for 0.5691238038707525 seconds
Request model_3#11 arrives at 1628621.300075, sleeping for 0.5431781718507409 seconds
Request model_3#12 arrives at 1628621.843943312, sleeping for 0.23334413231350482 seconds
Request model_6#11 arrives at 1628622.078393253, sleeping for 0.2174171507358551 seconds
Request model_1#4 arrives at 1628622.296637147, sleeping for 0.05617752159014344 seconds
Request model_6#12 arrives at 1628622.35373216, sleeping for 0.3647116746287793 seconds
Request model_2#2 arrives at 1628622.719802182, sleeping for 0.36700696032494307 seconds
Request model_6#13 arrives at 1628623.088720636, sleeping for 0.1427069278433919 seconds
Request model_6#14 arrives at 1628623.231650355, sleeping for 0.03760963515378535 seconds
Request model_6#15 arrives at 1628623.270339666, sleeping for 0.3072487865574658 seconds
Request model_6#16 arrives at 1628623.578342576, sleeping for 0.00042509217746555805 seconds
Request model_3#13 arrives at 1628623.579093082, sleeping for 1.2951311049982905 seconds
Request model_1#5 arrives at 1628624.875442274, sleeping for 0.2506449178326875 seconds
Request model_3#14 arrives at 1628625.126769425, sleeping for 0.0743843880482018 seconds
Request model_3#15 arrives at 1628625.202044609, sleeping for 0.12598674767650664 seconds
Request model_6#17 arrives at 1628625.329343647, sleeping for 0.5221592895686626 seconds
Request model_3#16 arrives at 1628625.85295368, sleeping for 0.12069946713745594 seconds
Request model_1#6 arrives at 1628625.97408002, sleeping for 1.4119538788218051 seconds
Request model_6#18 arrives at 1628627.388450276, sleeping for 1.321544159669429 seconds
Request model_6#19 arrives at 1628628.712099537, sleeping for 0.2621630553621799 seconds
Request model_3#17 arrives at 1628628.975446429, sleeping for 0.7468898126389831 seconds
Request model_6#20 arrives at 1628629.723526223, sleeping for 1.615437488304451 seconds
Request model_1#7 arrives at 1628631.340277155, sleeping for 1.0808067785110325 seconds
Request model_6#21 arrives at 1628632.421960125, sleeping for 0.29347832640632987 seconds
Request model_3#18 arrives at 1628632.716306888, sleeping for 0.09054729552008212 seconds
Request model_2#3 arrives at 1628632.808832416, sleeping for 0.30547777144238353 seconds
Request model_6#22 arrives at 1628633.115209122, sleeping for 0.3893386770505458 seconds
Request model_1#8 arrives at 1628633.505487419, sleeping for 0.5021929682698101 seconds
Request model_6#23 arrives at 1628634.008026686, sleeping for 0.31529135443270206 seconds
Request model_1#9 arrives at 1628634.324095737, sleeping for 0.1946915271691978 seconds
Request model_1#10 arrives at 1628634.519405652, sleeping for 0.21366117685101926 seconds
Request model_6#24 arrives at 1628634.733720844, sleeping for 0.6516952100209892 seconds
Request model_3#19 arrives at 1628635.386913489, sleeping for 0.7102069430984557 seconds
Request model_1#11 arrives at 1628636.098123144, sleeping for 0.5760755618102849 seconds
Request model_1#12 arrives at 1628636.67533152, sleeping for 0.14326106547378004 seconds
Request model_3#20 arrives at 1628636.820366644, sleeping for 0.6369001939892769 seconds
Request model_6#25 arrives at 1628637.45828803, sleeping for 0.40523031330667436 seconds
Request model_1#13 arrives at 1628637.864816342, sleeping for 0.17889481666497886 seconds
Request model_6#26 arrives at 1628638.044169832, sleeping for 0.40214105625636876 seconds
Request model_1#14 arrives at 1628638.448091843, sleeping for 0.971955589717254 seconds
Request model_5#1 arrives at 1628639.421017235, sleeping for 0.3206627394538373 seconds
Request model_3#21 arrives at 1628639.742386527, sleeping for 0.009245177963748574 seconds
Request model_6#27 arrives at 1628639.75187112, sleeping for 1.6424171754624695 seconds
Request model_3#22 arrives at 1628641.396184145, sleeping for 0.4957918687723577 seconds
Request model_6#28 arrives at 1628641.892774024, sleeping for 0.32238533766940236 seconds
Request model_3#23 arrives at 1628642.216439892, sleeping for 0.39859151979908347 seconds
Request model_3#24 arrives at 1628642.615959708, sleeping for 1.1727363425306976 seconds
Request model_6#29 arrives at 1628643.790132327, sleeping for 0.7845074725337327 seconds
Request model_3#25 arrives at 1628644.575644744, sleeping for 1.129378984682262 seconds
Request model_3#26 arrives at 1628645.705315286, sleeping for 0.7342302883043885 seconds
Request model_3#27 arrives at 1628646.441020046, sleeping for 0.31033612485043705 seconds
Request model_3#28 arrives at 1628646.752131066, sleeping for 0.7520855984184891 seconds
Request model_3#29 arrives at 1628647.505972606, sleeping for 0.1418116723652929 seconds
Request model_3#30 arrives at 1628647.648223328, sleeping for 0.15552591439336538 seconds
Request model_3#31 arrives at 1628647.804876612, sleeping for 0.7024756448809057 seconds
Request model_3#32 arrives at 1628648.507939597, sleeping for 0.30463464255444705 seconds
Request model_1#15 arrives at 1628648.813373883, sleeping for 0.5812072213739157 seconds
Request model_6#30 arrives at 1628649.395184159, sleeping for 0.5035866987891495 seconds
Request model_3#33 arrives at 1628649.900244651, sleeping for 0.5396516232285649 seconds
Request model_2#4 arrives at 1628650.440793438, sleeping for 0.8656617407687008 seconds
Request model_5#2 arrives at 1628651.309074412, sleeping for 2.1771599173080176 seconds
Request model_2#5 arrives at 1628653.487418719, sleeping for 0.12781354901380837 seconds
Request model_5#3 arrives at 1628653.615690522, sleeping for 1.422093034023419 seconds
Request model_2#6 arrives at 1628655.038504828, sleeping for 1.3585150833241642 seconds
Request model_3#34 arrives at 1628656.398284354, sleeping for 0.2366838501766324 seconds
Request model_5#4 arrives at 1628656.63543721, sleeping for 0.06074344925582409 seconds
Request model_2#7 arrives at 1628656.696384022, sleeping for 0.14003635267727077 seconds
Request model_2#8 arrives at 1628656.837298623, sleeping for 0.22370166727341712 seconds
Request model_5#5 arrives at 1628657.062260094, sleeping for 0.5940894952509552 seconds
Request model_5#6 arrives at 1628657.657857404, sleeping for 0.574624900938943 seconds
Request model_5#7 arrives at 1628658.233216867, sleeping for 1.0685731556732208 seconds
Request model_2#9 arrives at 1628659.303255329, sleeping for 0.12355403718538582 seconds
Request model_6#31 arrives at 1628659.42753434, sleeping for 0.17225257051177323 seconds
Request model_3#35 arrives at 1628659.600465419, sleeping for 0.16664339019916952 seconds
Request model_3#36 arrives at 1628659.768278117, sleeping for 0.6603934834711254 seconds
Request model_5#8 arrives at 1628660.429383053, sleeping for 0.9225712965708226 seconds
Request model_5#9 arrives at 1628661.353125131, sleeping for 0.15835740300826728 seconds
Request model_5#10 arrives at 1628661.512060211, sleeping for 0.167864422313869 seconds
Request model_3#37 arrives at 1628661.680064151, sleeping for 0.2418737963307649 seconds
Request model_6#32 arrives at 1628661.92296828, sleeping for 0.4399345775600523 seconds
Request model_3#38 arrives at 1628662.363954752, sleeping for 0.3235696542542428 seconds
Request model_3#39 arrives at 1628662.688480603, sleeping for 1.939565159380436 seconds
Request model_5#11 arrives at 1628664.629884842, sleeping for 0.8705007317475975 seconds
Request model_5#12 arrives at 1628665.50098351, sleeping for 1.0770294209942222 seconds
Request model_5#13 arrives at 1628666.5792393, sleeping for 0.01367235742509365 seconds
Request model_3#40 arrives at 1628666.593200288, sleeping for 0.07747477246448398 seconds
Request model_3#41 arrives at 1628666.671242882, sleeping for 0.01020243507809937 seconds
Request model_5#14 arrives at 1628666.682439359, sleeping for 1.6496281942818314 seconds
Request model_3#42 arrives at 1628668.333634979, sleeping for 0.017742094350978732 seconds
Request model_5#15 arrives at 1628668.352046851, sleeping for 0.9705521846190095 seconds
Request model_3#43 arrives at 1628669.323635325, sleeping for 0.13984011951833963 seconds
Request model_5#16 arrives at 1628669.464577075, sleeping for 0.9761725624557585 seconds
Request model_5#17 arrives at 1628670.442289514, sleeping for 0.07653276366181672 seconds
Request model_5#18 arrives at 1628670.51932088, sleeping for 1.1298331068828702 seconds
Request model_5#19 arrives at 1628671.6497576, sleeping for 0.11372417281381786 seconds
Request model_5#20 arrives at 1628671.763909463, sleeping for 0.29909547977149487 seconds
Request model_5#21 arrives at 1628672.063925112, sleeping for 0.8778600841760635 seconds
Request model_5#22 arrives at 1628672.942687956, sleeping for 0.5354828857816756 seconds
Request model_6#33 arrives at 1628673.478949223, sleeping for 0.8802676184568554 seconds
Request model_5#23 arrives at 1628674.360150744, sleeping for 0.28725284012034535 seconds
Request model_3#44 arrives at 1628674.64936013, sleeping for 0.5541301090270281 seconds
Request model_3#45 arrives at 1628675.204704982, sleeping for 0.02041576011106372 seconds
Request model_6#34 arrives at 1628675.225754615, sleeping for 0.20174348331056535 seconds
Request model_3#46 arrives at 1628675.427866907, sleeping for 1.5460690080653876 seconds
Request model_5#24 arrives at 1628676.975498738, sleeping for 0.8566707710269839 seconds
Request model_4#0 arrives at 1628677.833318367, sleeping for 1.2750872215256095 seconds
Request model_3#47 arrives at 1628679.108722212, sleeping for 0.2475561846513301 seconds
Request model_5#25 arrives at 1628679.356796449, sleeping for 0.5946570381056517 seconds
Request model_5#26 arrives at 1628679.953239697, sleeping for 0.6327110545244068 seconds
Request model_3#48 arrives at 1628680.587123365, sleeping for 0.7240799602586776 seconds
Request model_3#49 arrives at 1628681.312781351, sleeping for 0.007900106254965067 seconds
Request model_6#35 arrives at 1628681.3217159, sleeping for 0.6051239501684904 seconds
Request model_5#27 arrives at 1628681.928022874, sleeping for 0.5006299286615103 seconds
Request model_5#28 arrives at 1628682.429851221, sleeping for 0.31108721857890487 seconds
Request model_5#29 arrives at 1628682.741593929, sleeping for 0.09524147375486791 seconds
Request model_5#30 arrives at 1628682.837880882, sleeping for 0.6895507499575615 seconds
Request model_2#10 arrives at 1628683.528477407, sleeping for 0.5215064745862037 seconds
Request model_5#31 arrives at 1628684.051479496, sleeping for 0.14773735078051686 seconds
Request model_3#50 arrives at 1628684.19949734, sleeping for 1.0692301006056368 seconds
Request model_3#51 arrives at 1628685.27031527, sleeping for 0.05517748789861798 seconds
Request model_2#11 arrives at 1628685.326448634, sleeping for 0.1244930811226368 seconds
Request model_6#36 arrives at 1628685.451438279, sleeping for 0.24305580323562026 seconds
Request model_5#32 arrives at 1628685.695565174, sleeping for 0.32209225301630795 seconds
Request model_5#33 arrives at 1628686.018453988, sleeping for 1.9588408085983247 seconds
Request model_3#52 arrives at 1628687.979651123, sleeping for 0.7046350995078683 seconds
Request model_5#34 arrives at 1628688.68516344, sleeping for 0.15815838193520904 seconds
Request model_5#35 arrives at 1628688.843905476, sleeping for 0.10597551381215453 seconds
Request model_5#36 arrives at 1628688.950690891, sleeping for 0.38533164421096444 seconds
Request model_5#37 arrives at 1628689.336719681, sleeping for 0.07504487922415137 seconds
Request model_2#12 arrives at 1628689.412469646, sleeping for 0.4045767430216074 seconds
Request model_2#13 arrives at 1628689.817633704, sleeping for 0.30825156928040087 seconds
Request model_5#38 arrives at 1628690.126543289, sleeping for 0.3076830201316625 seconds
Request model_3#53 arrives at 1628690.435236622, sleeping for 0.05937239760532975 seconds
Request model_5#39 arrives at 1628690.496476635, sleeping for 0.11713316198438406 seconds
Request model_5#40 arrives at 1628690.613931552, sleeping for 0.15530790528282523 seconds
Request model_3#54 arrives at 1628690.770071187, sleeping for 0.7193808441516012 seconds
Request model_3#55 arrives at 1628691.490104795, sleeping for 0.016587757039815187 seconds
Request model_3#56 arrives at 1628691.507105196, sleeping for 0.8314917555544525 seconds
Request model_5#41 arrives at 1628692.338935028, sleeping for 0.6148902860004455 seconds
Request model_5#42 arrives at 1628692.95464005, sleeping for 0.13145408127456903 seconds
Request model_3#57 arrives at 1628693.086513568, sleeping for 0.047460698755458 seconds
Request model_5#43 arrives at 1628693.134182006, sleeping for 0.09157305723056197 seconds
Request model_2#14 arrives at 1628693.226046695, sleeping for 0.7763665241654962 seconds
Request model_5#44 arrives at 1628694.003372374, sleeping for 0.34487691381946206 seconds
Request model_6#37 arrives at 1628694.349397404, sleeping for 0.21435684524476528 seconds
Request model_3#58 arrives at 1628694.564504565, sleeping for 0.2389375059865415 seconds
Request model_3#59 arrives at 1628694.804053883, sleeping for 0.0430785093922168 seconds
Request model_6#38 arrives at 1628694.84770811, sleeping for 0.03138679498806596 seconds
Request model_5#45 arrives at 1628694.879325894, sleeping for 0.3213371380697936 seconds
Request model_5#46 arrives at 1628695.201220559, sleeping for 0.01647508959285915 seconds
Request model_3#60 arrives at 1628695.218147499, sleeping for 0.09536237129941583 seconds
Request model_5#47 arrives at 1628695.313851898, sleeping for 0.07038332847878337 seconds
Request model_5#48 arrives at 1628695.384531473, sleeping for 0.6779601473826915 seconds
Request model_5#49 arrives at 1628696.063364492, sleeping for 0.16368178906850517 seconds
Request model_5#50 arrives at 1628696.227646139, sleeping for 0.040926200803369284 seconds
Request model_2#15 arrives at 1628696.269523693, sleeping for 0.1094608474522829 seconds
Request model_2#16 arrives at 1628696.37929942, sleeping for 1.0638338513672352 seconds
Request model_5#51 arrives at 1628697.444217987, sleeping for 0.7947769491001964 seconds
Request model_2#17 arrives at 1628698.240640092, sleeping for 0.4181890923064202 seconds
Request model_6#39 arrives at 1628698.660255739, sleeping for 0.14657783298753202 seconds
Request model_3#61 arrives at 1628698.808318162, sleeping for 2.218232140177861 seconds
Request model_5#52 arrives at 1628701.027531182, sleeping for 1.1062452679034323 seconds
Request model_2#18 arrives at 1628702.134124148, sleeping for 0.4640682735480368 seconds
Request model_5#53 arrives at 1628702.599305546, sleeping for 0.39261650783009827 seconds
Request model_2#19 arrives at 1628702.993328195, sleeping for 0.007644019089639187 seconds
Request model_5#54 arrives at 1628703.001318117, sleeping for 0.15054444735869765 seconds
Request model_3#62 arrives at 1628703.15217439, sleeping for 0.43799541355110705 seconds
Request model_5#55 arrives at 1628703.592083043, sleeping for 0.6636104600038379 seconds
Request model_3#63 arrives at 1628704.25695754, sleeping for 0.4587382096797228 seconds
Request model_5#56 arrives at 1628704.716403763, sleeping for 0.8914658105932176 seconds
Request model_5#57 arrives at 1628705.609175138, sleeping for 0.5519033966120332 seconds
Request model_3#64 arrives at 1628706.162472254, sleeping for 0.7096655613277107 seconds
Request model_5#58 arrives at 1628706.872450289, sleeping for 0.46252650674432516 seconds
Request model_3#65 arrives at 1628707.335508489, sleeping for 0.6866308627650142 seconds
Request model_4#1 arrives at 1628708.022821079, sleeping for 1.868062186986208 seconds
Request model_6#40 arrives at 1628709.893838233, sleeping for 0.5054415261838585 seconds
Request model_4#2 arrives at 1628710.399708823, sleeping for 0.9819705877453089 seconds
Request model_5#59 arrives at 1628711.382035825, sleeping for 0.04133446840569377 seconds
Request model_4#3 arrives at 1628711.423931907, sleeping for 0.2940285843797028 seconds
Request model_4#4 arrives at 1628711.719034712, sleeping for 0.06400199420750141 seconds
Request model_4#5 arrives at 1628711.783902612, sleeping for 0.22300798748619854 seconds
Request model_4#6 arrives at 1628712.007895669, sleeping for 0.4996659404132515 seconds
Request model_3#66 arrives at 1628712.509849467, sleeping for 0.03394668991677463 seconds
Request model_6#41 arrives at 1628712.544099551, sleeping for 0.27761973696760833 seconds
Request model_3#67 arrives at 1628712.823064981, sleeping for 0.7963747195899487 seconds
Request model_4#7 arrives at 1628713.620728349, sleeping for 0.039141319459304214 seconds
Request model_4#8 arrives at 1628713.661570374, sleeping for 0.059854668797925115 seconds
Request model_4#9 arrives at 1628713.721781098, sleeping for 0.16263587959110737 seconds
Request model_4#10 arrives at 1628713.88563064, sleeping for 0.45733217778615654 seconds
Request model_5#60 arrives at 1628714.344207754, sleeping for 0.978652777383104 seconds
Request model_6#42 arrives at 1628715.323517971, sleeping for 0.43618614389561117 seconds
Request model_4#11 arrives at 1628715.760261067, sleeping for 1.0299855154007673 seconds
Request model_4#12 arrives at 1628716.792127227, sleeping for 0.2507715355604887 seconds
Request model_4#13 arrives at 1628717.043457423, sleeping for 0.043514754390344024 seconds
Request model_6#43 arrives at 1628717.087717515, sleeping for 0.12603551126085222 seconds
Request model_5#61 arrives at 1628717.214986395, sleeping for 0.09566155076026917 seconds
Request model_6#44 arrives at 1628717.311246017, sleeping for 0.49766510259360075 seconds
Request model_5#62 arrives at 1628717.809273874, sleeping for 0.12947304197587073 seconds
Request model_4#14 arrives at 1628717.939208685, sleeping for 0.40238911658525467 seconds
Request model_4#15 arrives at 1628718.34226481, sleeping for 1.1013031771872193 seconds
Request model_6#45 arrives at 1628719.445227647, sleeping for 0.5966502449009567 seconds
Request model_3#68 arrives at 1628720.042054255, sleeping for 0.32606968889012933 seconds
Request model_6#46 arrives at 1628720.368918472, sleeping for 1.3987837019376457 seconds
Request model_5#63 arrives at 1628721.76945003, sleeping for 0.052085052244365215 seconds
Request model_6#47 arrives at 1628721.822590699, sleeping for 0.5910784862935543 seconds
Request model_4#16 arrives at 1628722.414360128, sleeping for 0.2703849468380213 seconds
Request model_6#48 arrives at 1628722.685579906, sleeping for 0.04077014746144414 seconds
Request model_4#17 arrives at 1628722.727476769, sleeping for 0.2331354203633964 seconds
Request model_4#18 arrives at 1628722.961423681, sleeping for 0.0025956472381949425 seconds
Request model_5#64 arrives at 1628722.964561645, sleeping for 0.11598464753478765 seconds
Request model_4#19 arrives at 1628723.081735578, sleeping for 0.04572798823937774 seconds
Request model_6#49 arrives at 1628723.128471547, sleeping for 1.130761287175119 seconds
Request model_3#69 arrives at 1628724.259961251, sleeping for 0.7021674315910786 seconds
Request model_4#20 arrives at 1628724.963850581, sleeping for 0.5741980555467308 seconds
Request model_4#21 arrives at 1628725.540125089, sleeping for 1.4450077144429088 seconds
Request model_5#65 arrives at 1628726.986583246, sleeping for 1.4486890423577279 seconds
Request model_6#50 arrives at 1628728.435914654, sleeping for 0.43076056940481067 seconds
Request model_4#22 arrives at 1628728.86789615, sleeping for 0.5840240695979446 seconds
Request model_4#23 arrives at 1628729.452725132, sleeping for 1.2572260918095708 seconds
Request model_4#24 arrives at 1628730.710525954, sleeping for 0.7359670870937407 seconds
Request model_6#51 arrives at 1628731.447533987, sleeping for 0.06999317021109164 seconds
Request model_6#52 arrives at 1628731.517938539, sleeping for 0.7304808332119137 seconds
Request model_6#53 arrives at 1628732.249334708, sleeping for 0.1671450575813651 seconds
Request model_6#54 arrives at 1628732.418369279, sleeping for 0.3745812966953963 seconds
Request model_6#55 arrives at 1628732.793794028, sleeping for 0.17813270026817918 seconds
Request model_6#56 arrives at 1628732.972355663, sleeping for 0.245851906016469 seconds
Request model_6#57 arrives at 1628733.219512654, sleeping for 0.1523411099333316 seconds
Request model_4#25 arrives at 1628733.372546452, sleeping for 0.0957782173063606 seconds
Request model_6#58 arrives at 1628733.469365467, sleeping for 0.903627841733396 seconds
Request model_5#66 arrives at 1628734.374802095, sleeping for 1.7271719723939896 seconds
Request model_4#26 arrives at 1628736.103047274, sleeping for 0.8746708142571151 seconds
Request model_6#59 arrives at 1628736.978162587, sleeping for 0.0034765780437737703 seconds
Request model_4#27 arrives at 1628736.981911855, sleeping for 0.12445274204947054 seconds
Request model_6#60 arrives at 1628737.106610525, sleeping for 1.0603467158507556 seconds
Request model_3#70 arrives at 1628738.168176042, sleeping for 0.013610847759991884 seconds
Request model_5#67 arrives at 1628738.183372389, sleeping for 0.8078083787113428 seconds
Request model_6#61 arrives at 1628738.992371783, sleeping for 0.19636752037331462 seconds
Request model_5#68 arrives at 1628739.189099156, sleeping for 1.1288139126263559 seconds
Request model_4#28 arrives at 1628740.319727223, sleeping for 0.7771825094241649 seconds
Request model_5#69 arrives at 1628741.098126831, sleeping for 0.21512257936410606 seconds
Request model_4#29 arrives at 1628741.314172163, sleeping for 0.31436752271838486 seconds
Request model_4#30 arrives at 1628741.629375277, sleeping for 0.0344266714528203 seconds
Request model_6#62 arrives at 1628741.664113354, sleeping for 0.25651811994612217 seconds
Request model_4#31 arrives at 1628741.921789806, sleeping for 0.0593287015799433 seconds
Request model_6#63 arrives at 1628741.982530773, sleeping for 0.2636365797370672 seconds
Request model_6#64 arrives at 1628742.246827296, sleeping for 0.6076046593952924 seconds
Request model_6#65 arrives at 1628742.855355596, sleeping for 1.0834468365646899 seconds
Request model_3#71 arrives at 1628743.939909167, sleeping for 0.9381835544481874 seconds
Request model_4#32 arrives at 1628744.879863895, sleeping for 0.3000639833044261 seconds
Request model_5#70 arrives at 1628745.180541977, sleeping for 0.1487891161814332 seconds
Request model_3#72 arrives at 1628745.329813785, sleeping for 0.8436200879514217 seconds
Request model_6#66 arrives at 1628746.17460868, sleeping for 0.20691396784968674 seconds
Request model_6#67 arrives at 1628746.383276024, sleeping for 0 seconds
Request model_4#33 arrives at 1628746.38398911, sleeping for 0.17622822988778353 seconds
Request model_5#71 arrives at 1628746.561027241, sleeping for 0.12022618693299592 seconds
Request model_4#34 arrives at 1628746.68191022, sleeping for 0.6074962781276554 seconds
Request model_6#68 arrives at 1628747.290606681, sleeping for 0.7615504688583314 seconds
Request model_5#72 arrives at 1628748.053239534, sleeping for 0.23106241109780967 seconds
Request model_4#35 arrives at 1628748.285435219, sleeping for 0.24991258303634822 seconds
Request model_3#73 arrives at 1628748.535823544, sleeping for 0.12638037698343396 seconds
Request model_3#74 arrives at 1628748.662779959, sleeping for 0.6803609908092767 seconds
Request model_6#69 arrives at 1628749.344168938, sleeping for 1.5086148993577808 seconds
Request model_3#75 arrives at 1628750.854526558, sleeping for 0.33044122555293143 seconds
Request model_6#70 arrives at 1628751.186319898, sleeping for 0.18136272230185568 seconds
Request model_3#76 arrives at 1628751.368971052, sleeping for 0.285193964606151 seconds
Request model_6#71 arrives at 1628751.656439011, sleeping for 0.10217974428087473 seconds
Request model_6#72 arrives at 1628751.759820376, sleeping for 0.384226752910763 seconds
Request model_6#73 arrives at 1628752.144549193, sleeping for 0.008996318560093641 seconds
Request model_6#74 arrives at 1628752.155468397, sleeping for 0.49343996844254434 seconds
Request model_3#77 arrives at 1628752.650098148, sleeping for 1.8992419061250985 seconds
Request model_4#36 arrives at 1628754.550744325, sleeping for 2.0834713557269424 seconds
Request model_5#73 arrives at 1628756.63496617, sleeping for 1.067126433365047 seconds
Request model_6#75 arrives at 1628757.703770542, sleeping for 0.5096370072569698 seconds
Request model_4#37 arrives at 1628758.214291464, sleeping for 0.8177501240279526 seconds
Request model_3#78 arrives at 1628759.03245677, sleeping for 0.06520230183377862 seconds
Request model_4#38 arrives at 1628759.098467637, sleeping for 0.4618643044959754 seconds
Request model_6#76 arrives at 1628759.560666118, sleeping for 0.8055047304369509 seconds
Request model_5#74 arrives at 1628760.368755396, sleeping for 0.24586873967200518 seconds
Request model_3#79 arrives at 1628760.615247779, sleeping for 0.2835617687087506 seconds
Request model_4#39 arrives at 1628760.89926252, sleeping for 0.6629252552520484 seconds
Request model_3#80 arrives at 1628761.563713884, sleeping for 0.6040732995606959 seconds
Request model_5#75 arrives at 1628762.168765152, sleeping for 1.2214777513872832 seconds
Request model_4#40 arrives at 1628763.391237941, sleeping for 0.4014496107120067 seconds
Request model_6#77 arrives at 1628763.793794352, sleeping for 1.4303615135140717 seconds
Request model_4#41 arrives at 1628765.225537347, sleeping for 0.23839259915985167 seconds
Request model_5#76 arrives at 1628765.464392431, sleeping for 0.5700232808012515 seconds
Request model_5#77 arrives at 1628766.036902558, sleeping for 0.003098543733358383 seconds
Request model_5#78 arrives at 1628766.04115163, sleeping for 0.7875746551435441 seconds
Request model_6#78 arrives at 1628766.829666695, sleeping for 0.1364254797808826 seconds
Request model_6#79 arrives at 1628766.966534856, sleeping for 0.31754400907084346 seconds
Request model_4#42 arrives at 1628767.28487615, sleeping for 0.1034980162512511 seconds
Request model_5#79 arrives at 1628767.390043538, sleeping for 0.40981805860064924 seconds
Request model_6#80 arrives at 1628767.801556197, sleeping for 0.7314002092462033 seconds
Request model_6#81 arrives at 1628768.533858789, sleeping for 0.24496158421970904 seconds
Request model_6#82 arrives at 1628768.780230631, sleeping for 0.12618644256144762 seconds
Request model_5#80 arrives at 1628768.907455947, sleeping for 0.9249066365882754 seconds
Request model_6#83 arrives at 1628769.833529187, sleeping for 0.3386412251275033 seconds
Request model_3#81 arrives at 1628770.173037614, sleeping for 0.6126959687098861 seconds
Request model_6#84 arrives at 1628770.787156947, sleeping for 0.23697005049325526 seconds
Request model_4#43 arrives at 1628771.026459434, sleeping for 1.1397168273106217 seconds
Request model_3#82 arrives at 1628772.169450228, sleeping for 0.35697768931277096 seconds
Request model_6#85 arrives at 1628772.527230484, sleeping for 1.1343851550482213 seconds
Request model_6#86 arrives at 1628773.662217825, sleeping for 0.03655109414830804 seconds
Request model_4#44 arrives at 1628773.700091706, sleeping for 0.5967663528863341 seconds
Request model_5#81 arrives at 1628774.298418708, sleeping for 2.300314844120294 seconds
Request model_6#87 arrives at 1628776.59997792, sleeping for 0.7165812756866217 seconds
Request model_5#82 arrives at 1628777.317368155, sleeping for 1.552856229711324 seconds
Request model_6#88 arrives at 1628778.871251507, sleeping for 0.19459048961289227 seconds
Request model_6#89 arrives at 1628779.066407304, sleeping for 0.11240315344184637 seconds
Request model_5#83 arrives at 1628779.17932834, sleeping for 0.18928135512396693 seconds
Request model_6#90 arrives at 1628779.36962179, sleeping for 0.6563374539837241 seconds
Request model_3#83 arrives at 1628780.026769352, sleeping for 0.4152487956453115 seconds
Request model_5#84 arrives at 1628780.442760873, sleeping for 0.38393637421540916 seconds
Request model_4#45 arrives at 1628780.827897778, sleeping for 0.26932557625696063 seconds
Request model_6#91 arrives at 1628781.097899719, sleeping for 0.22098991484381258 seconds
Request model_6#92 arrives at 1628781.319767501, sleeping for 1.3660600800067186 seconds
Request model_6#93 arrives at 1628782.686677706, sleeping for 0.8432171423919499 seconds
Request model_6#94 arrives at 1628783.530596569, sleeping for 0.032017425866797566 seconds
Request model_4#46 arrives at 1628783.563491131, sleeping for 0.12406657147221267 seconds
Request model_6#95 arrives at 1628783.688270639, sleeping for 0.10066053760237992 seconds
Request model_6#96 arrives at 1628783.789394274, sleeping for 1.100117455702275 seconds
Request model_6#97 arrives at 1628784.89060293, sleeping for 0.12200055154971778 seconds
Request model_5#85 arrives at 1628785.013701104, sleeping for 0.48229118064045906 seconds
Request model_3#84 arrives at 1628785.49690571, sleeping for 0.26360386167652905 seconds
Request model_4#47 arrives at 1628785.76160878, sleeping for 0.5154734388925135 seconds
Request model_4#48 arrives at 1628786.277922519, sleeping for 0.2962237820029259 seconds
Request model_4#49 arrives at 1628786.57532415, sleeping for 0.36252770223654807 seconds
Request model_6#98 arrives at 1628786.938794237, sleeping for 0.20204689959064126 seconds
Request model_6#99 arrives at 1628787.141393591, sleeping for 0.25734893209300935 seconds
Request model_6#100 arrives at 1628787.399789102, sleeping for 0.5488199945539236 seconds
Request model_6#101 arrives at 1628787.949710649, sleeping for 0.8507755598984659 seconds
Request model_2#20 arrives at 1628788.801906323, sleeping for 1.3096342014614493 seconds
Request model_4#50 arrives at 1628790.113363808, sleeping for 0.5911280550062656 seconds
Request model_2#21 arrives at 1628790.705306176, sleeping for 1.9822683453094214 seconds
Request model_2#22 arrives at 1628792.689121574, sleeping for 1.0400729360990226 seconds
Request model_4#51 arrives at 1628793.730238875, sleeping for 0.3824480327311903 seconds
Request model_4#52 arrives at 1628794.113831305, sleeping for 0.07069911574944854 seconds
Request model_2#23 arrives at 1628794.185144851, sleeping for 0.396865903865546 seconds
Request model_4#53 arrives at 1628794.582670088, sleeping for 0.8097307549323887 seconds
Request model_2#24 arrives at 1628795.393605764, sleeping for 0.1141451969742775 seconds
Request model_2#25 arrives at 1628795.509057938, sleeping for 0.06393255293369293 seconds
Request model_2#26 arrives at 1628795.573700914, sleeping for 0.4343908987939358 seconds
Request model_4#54 arrives at 1628796.008763368, sleeping for 1.4639301812276244 seconds
Request model_2#27 arrives at 1628797.473301382, sleeping for 0.5112961991690099 seconds
Request model_4#55 arrives at 1628797.985668938, sleeping for 0.6312461919151247 seconds
Request model_2#28 arrives at 1628798.61750213, sleeping for 0.10782977403141558 seconds
Request model_2#29 arrives at 1628798.726334023, sleeping for 0.32025809306651354 seconds
Request model_2#30 arrives at 1628799.047673306, sleeping for 0.07413132977671921 seconds
Request model_2#31 arrives at 1628799.122203597, sleeping for 1.1810946122277528 seconds
Request model_2#32 arrives at 1628800.304888249, sleeping for 0.04463356197811663 seconds
Request model_2#33 arrives at 1628800.349819893, sleeping for 0.042655256344005466 seconds
Request model_2#34 arrives at 1628800.393595978, sleeping for 1.235854465747252 seconds
Request model_2#35 arrives at 1628801.630750277, sleeping for 0.694180854363367 seconds
Request model_2#36 arrives at 1628802.325905772, sleeping for 0.4292192878201604 seconds
Request model_2#37 arrives at 1628802.756094278, sleeping for 0.32996599562466145 seconds
Request model_2#38 arrives at 1628803.087479587, sleeping for 0.5581769850105047 seconds
Request model_2#39 arrives at 1628803.646193017, sleeping for 0.13320492347702384 seconds
Request model_2#40 arrives at 1628803.780239544, sleeping for 1.4559763113502413 seconds
Request model_2#41 arrives at 1628805.237651817, sleeping for 0.08372400351800025 seconds
Request model_4#56 arrives at 1628805.321904583, sleeping for 1.00144052808173 seconds
Request model_2#42 arrives at 1628806.325803581, sleeping for 0.16761653893627226 seconds
Request model_2#43 arrives at 1628806.493835678, sleeping for 0.9748365003615618 seconds
Request model_2#44 arrives at 1628807.46932209, sleeping for 0.25764526636339724 seconds
Request model_4#57 arrives at 1628807.727436576, sleeping for 0.8645332916639745 seconds
Request model_2#45 arrives at 1628808.592826484, sleeping for 0.0327632580883801 seconds
Request model_2#46 arrives at 1628808.626613612, sleeping for 0.09510174975730479 seconds
Request model_2#47 arrives at 1628808.722347175, sleeping for 0.8869694417808205 seconds
Request model_2#48 arrives at 1628809.610208514, sleeping for 1.3596874792128801 seconds
Request model_2#49 arrives at 1628810.971815841, sleeping for 1.112591496668756 seconds
Request model_4#58 arrives at 1628812.085654689, sleeping for 0.11980015179142356 seconds
Request model_2#50 arrives at 1628812.206494464, sleeping for 0.7790466197766364 seconds
Request model_4#59 arrives at 1628812.986247694, sleeping for 0.21097720065154135 seconds
Request model_2#51 arrives at 1628813.198387058, sleeping for 0.32830191194079816 seconds
Request model_2#52 arrives at 1628813.527043614, sleeping for 0.9176071896217763 seconds
Request model_2#53 arrives at 1628814.446607903, sleeping for 3.351567725185305 seconds
Request model_2#54 arrives at 1628817.799056855, sleeping for 0.8829236002638936 seconds
Request model_2#55 arrives at 1628818.683252682, sleeping for 0.019364494364708662 seconds
Request model_2#56 arrives at 1628818.703217335, sleeping for 0.8199824723415077 seconds
Request model_2#57 arrives at 1628819.525675849, sleeping for 1.597503615776077 seconds
Request model_4#60 arrives at 1628821.12529695, sleeping for 0.3488654678221792 seconds
Request model_2#58 arrives at 1628821.475740962, sleeping for 0.21823048242367804 seconds
Request model_2#59 arrives at 1628821.69509764, sleeping for 0.32455312949605286 seconds
Request model_2#60 arrives at 1628822.020164908, sleeping for 0.38006991567090154 seconds
Request model_2#61 arrives at 1628822.401682177, sleeping for 0.4458531364798546 seconds
Request model_2#62 arrives at 1628822.848393055, sleeping for 0.2181636425666511 seconds
Request model_4#61 arrives at 1628823.067409241, sleeping for 0.27348165097646415 seconds
Request model_2#63 arrives at 1628823.341564218, sleeping for 0.06011827848851681 seconds
Request model_2#64 arrives at 1628823.402691486, sleeping for 0.03692162036895752 seconds
Request model_2#65 arrives at 1628823.440882548, sleeping for 0.7103178570978343 seconds
Request model_2#66 arrives at 1628824.15212495, sleeping for 0.42716679256409407 seconds
Request model_4#62 arrives at 1628824.580557908, sleeping for 0.023948906688019633 seconds
Request model_5#86 arrives at 1628824.604788193, sleeping for 0.6647839257493615 seconds
Request model_5#87 arrives at 1628825.270534496, sleeping for 0.10837346990592778 seconds
Request model_5#88 arrives at 1628825.379758532, sleeping for 0.9284757568966597 seconds
Request model_5#89 arrives at 1628826.30895953, sleeping for 0.0804902648087591 seconds
Request model_5#90 arrives at 1628826.389744898, sleeping for 0.5258641680702567 seconds
Request model_5#91 arrives at 1628826.915889733, sleeping for 1.0496253888122737 seconds
Request model_5#92 arrives at 1628827.966679191, sleeping for 0.1558602226432413 seconds
Request model_5#93 arrives at 1628828.122851385, sleeping for 0.3335559458937496 seconds
Request model_5#94 arrives at 1628828.457434364, sleeping for 0.9538776914123446 seconds
Request model_5#95 arrives at 1628829.413664888, sleeping for 0.06814957200549543 seconds
Request model_5#96 arrives at 1628829.483372712, sleeping for 0.02269585127942264 seconds
Request model_5#97 arrives at 1628829.506577869, sleeping for 0.17237676260992885 seconds
Request model_5#98 arrives at 1628829.679388771, sleeping for 0.46680849604308605 seconds
Request model_1#16 arrives at 1628830.147265219, sleeping for 0.5446839793585241 seconds
Request model_5#99 arrives at 1628830.693251585, sleeping for 0.6886344833765179 seconds
Request model_5#100 arrives at 1628831.383133711, sleeping for 0.05305370385758579 seconds
Request model_5#101 arrives at 1628831.437087173, sleeping for 0.6616878798231483 seconds
Request model_5#102 arrives at 1628832.099789711, sleeping for 2.763329492416233 seconds
Request model_5#103 arrives at 1628834.863611875, sleeping for 0.15253501571714878 seconds
Request model_5#104 arrives at 1628835.016712316, sleeping for 0.18682536878623068 seconds
Request model_5#105 arrives at 1628835.204183829, sleeping for 0.21706111636012793 seconds
Request model_5#106 arrives at 1628835.422530868, sleeping for 0.4357189438305795 seconds
Request model_5#107 arrives at 1628835.859089596, sleeping for 0.022920725867152214 seconds
Request model_5#108 arrives at 1628835.88315961, sleeping for 0.06472795829176903 seconds
Request model_5#109 arrives at 1628835.948083737, sleeping for 0.45563403354026377 seconds
Request model_5#110 arrives at 1628836.404926859, sleeping for 0.22312892437912524 seconds
Request model_5#111 arrives at 1628836.629410776, sleeping for 0.8788634845986962 seconds
Request model_3#85 arrives at 1628837.509647305, sleeping for 0.7453073668293655 seconds
Request model_5#112 arrives at 1628838.255717838, sleeping for 1.5362069089896977 seconds
Request model_5#113 arrives at 1628839.793601044, sleeping for 0.5672126442659646 seconds
Request model_5#114 arrives at 1628840.361897228, sleeping for 0.11532865720801055 seconds
Request model_5#115 arrives at 1628840.477949475, sleeping for 0.6419304509181529 seconds
Request model_5#116 arrives at 1628841.121332663, sleeping for 0.7354074371978641 seconds
Request model_5#117 arrives at 1628841.858014763, sleeping for 1.0597376863006502 seconds
Request model_5#118 arrives at 1628842.918997222, sleeping for 1.071320720948279 seconds
Request model_3#86 arrives at 1628843.991325347, sleeping for 0.16783211380243301 seconds
Request model_5#119 arrives at 1628844.159612093, sleeping for 0.026108354795724154 seconds
Request model_5#120 arrives at 1628844.187799398, sleeping for 1.2710052053444088 seconds
Request model_1#17 arrives at 1628845.459572167, sleeping for 0.22506318823434412 seconds
Request model_5#121 arrives at 1628845.685217341, sleeping for 0.10509925847873092 seconds
Request model_5#122 arrives at 1628845.790933159, sleeping for 0.2416185517795384 seconds
Request model_5#123 arrives at 1628846.032896128, sleeping for 0.022417795145884156 seconds
Request model_1#18 arrives at 1628846.055683032, sleeping for 0.03626165213063359 seconds
Request model_5#124 arrives at 1628846.093507731, sleeping for 0.10768728563562036 seconds
Request model_5#125 arrives at 1628846.201741198, sleeping for 0.28678861749358475 seconds
Request model_5#126 arrives at 1628846.489638958, sleeping for 0.22582663502544165 seconds
Request model_5#127 arrives at 1628846.716564072, sleeping for 0.9489441267214715 seconds
Request model_5#128 arrives at 1628847.6665531, sleeping for 0.18087988812476397 seconds
Request model_5#129 arrives at 1628847.84843408, sleeping for 0.556940728565678 seconds
Request model_5#130 arrives at 1628848.406576924, sleeping for 0.024906755425035954 seconds
Request model_5#131 arrives at 1628848.432583333, sleeping for 0.18301087454892695 seconds
Request model_5#132 arrives at 1628848.616398787, sleeping for 0.2817411278374493 seconds
Request model_5#133 arrives at 1628848.899311009, sleeping for 0.014415503479540348 seconds
Request model_5#134 arrives at 1628848.914003071, sleeping for 1.4751235696021467 seconds
Request model_5#135 arrives at 1628850.390981874, sleeping for 0.356139030540362 seconds
Request model_5#136 arrives at 1628850.748085432, sleeping for 0.2488339375704527 seconds
Request model_3#87 arrives at 1628850.997321926, sleeping for 0.2792967192362994 seconds
Request model_5#137 arrives at 1628851.277641847, sleeping for 0.743967087706551 seconds
Request model_5#138 arrives at 1628852.022216865, sleeping for 0.7049866369925439 seconds
Request model_5#139 arrives at 1628852.728115097, sleeping for 0.6531604891642928 seconds
Request model_5#140 arrives at 1628853.381976141, sleeping for 0.2527715910691768 seconds
Request model_5#141 arrives at 1628853.635699149, sleeping for 0.17335480079054832 seconds
Request model_5#142 arrives at 1628853.809726178, sleeping for 0.1506878174841404 seconds
Request model_1#19 arrives at 1628853.961521807, sleeping for 0.018249663757160306 seconds
Request model_5#143 arrives at 1628853.981450989, sleeping for 0.22038802038878202 seconds
Request model_5#144 arrives at 1628854.202256896, sleeping for 0.013552551157772541 seconds
Request model_5#145 arrives at 1628854.216924498, sleeping for 1.8967349180020392 seconds
Request model_5#146 arrives at 1628856.115046304, sleeping for 0.4861579255666584 seconds
Request model_5#147 arrives at 1628856.602478537, sleeping for 0.8695975155569613 seconds
Request model_5#148 arrives at 1628857.473031914, sleeping for 1.1488456414081156 seconds
Request model_5#149 arrives at 1628858.622877944, sleeping for 0.4725003365892917 seconds
Request model_5#150 arrives at 1628859.097960312, sleeping for 0.6846348005346954 seconds
Request model_5#151 arrives at 1628859.784719825, sleeping for 1.0087291572708637 seconds
Request model_5#152 arrives at 1628860.794904078, sleeping for 0.086032121675089 seconds
Request model_5#153 arrives at 1628860.881970713, sleeping for 1.1417272612452507 seconds
Request model_5#154 arrives at 1628862.024939819, sleeping for 0.47685527545399964 seconds
Request model_5#155 arrives at 1628862.5031807, sleeping for 2.514348929282278 seconds
Request model_5#156 arrives at 1628865.019307207, sleeping for 0.02998342248611152 seconds
Request model_5#157 arrives at 1628865.049614498, sleeping for 0.8478432821575552 seconds
Request model_5#158 arrives at 1628865.898582758, sleeping for 0.8229515950661153 seconds
Request model_5#159 arrives at 1628866.72418105, sleeping for 2.9412829058710486 seconds
Request model_5#160 arrives at 1628869.66593489, sleeping for 0.044291588710621 seconds
Request model_5#161 arrives at 1628869.710839533, sleeping for 0.15713987941853702 seconds
Request model_5#162 arrives at 1628869.868634367, sleeping for 0.10416145133785903 seconds
Request model_5#163 arrives at 1628869.974424204, sleeping for 0.2172117328736931 seconds
Request model_5#164 arrives at 1628870.192545468, sleeping for 0.03076761565171182 seconds
Request model_5#165 arrives at 1628870.223653536, sleeping for 0.2547672095242888 seconds
Request model_5#166 arrives at 1628870.479588729, sleeping for 0.7474174723029137 seconds
Request model_5#167 arrives at 1628871.227516716, sleeping for 0.3219397843349725 seconds
Request model_5#168 arrives at 1628871.550835333, sleeping for 0.008155604358762503 seconds
Request model_5#169 arrives at 1628871.559941952, sleeping for 0.7524517262354493 seconds
Request model_5#170 arrives at 1628872.312800617, sleeping for 0.46805651183240116 seconds
Request model_5#171 arrives at 1628872.781828696, sleeping for 0.22697798698209226 seconds
Request model_5#172 arrives at 1628873.00920236, sleeping for 0.33362693595699966 seconds
Request model_5#173 arrives at 1628873.343289149, sleeping for 0.22332751331850886 seconds
Request model_5#174 arrives at 1628873.567200067, sleeping for 0.29581737681292 seconds
Request model_5#175 arrives at 1628873.864135353, sleeping for 0.5491679992992431 seconds
Request model_5#176 arrives at 1628874.414177529, sleeping for 0.16739844577386975 seconds
Request model_5#177 arrives at 1628874.582307892, sleeping for 0.028157327556982636 seconds
Request model_5#178 arrives at 1628874.611012141, sleeping for 0.42082444322295487 seconds
Request model_5#179 arrives at 1628875.032798249, sleeping for 0.746702979085967 seconds
Request model_5#180 arrives at 1628875.780513713, sleeping for 0.14033528277650476 seconds
Request model_3#88 arrives at 1628875.921536479, sleeping for 0.09008274390362203 seconds
Request model_3#89 arrives at 1628876.012302731, sleeping for 0.6271468193735927 seconds
Request model_1#20 arrives at 1628876.640404432, sleeping for 0.539667994948104 seconds
Request model_5#181 arrives at 1628877.181317828, sleeping for 0.9977970100007951 seconds
Request model_3#90 arrives at 1628878.180336869, sleeping for 0.042980143800377846 seconds
Request model_5#182 arrives at 1628878.224554016, sleeping for 0.11592054995708168 seconds
Request model_1#21 arrives at 1628878.34176848, sleeping for 0.29505860758945346 seconds
Request model_5#183 arrives at 1628878.638216041, sleeping for 0.2306159120053053 seconds
Request model_3#91 arrives at 1628878.87012763, sleeping for 0.27756856102496386 seconds
Request model_4#63 arrives at 1628879.14814952, sleeping for 0.4713604166172445 seconds
Request model_5#184 arrives at 1628879.62008839, sleeping for 1.0906504457816482 seconds
Request model_4#64 arrives at 1628880.712393711, sleeping for 0.46076547307893634 seconds
Request model_3#92 arrives at 1628881.17389656, sleeping for 0.48095657653175294 seconds
Request model_3#93 arrives at 1628881.655846016, sleeping for 0.4800902346614748 seconds
Request model_3#94 arrives at 1628882.137254767, sleeping for 1.479781759902835 seconds
Request model_5#185 arrives at 1628883.618404412, sleeping for 0.03370380285196006 seconds
Request model_3#95 arrives at 1628883.65230527, sleeping for 0.22563749249093235 seconds
Request model_1#22 arrives at 1628883.87914713, sleeping for 0.030637554358690977 seconds
Request model_3#96 arrives at 1628883.910849772, sleeping for 0.40647183428518474 seconds
Request model_4#65 arrives at 1628884.318365339, sleeping for 0.8345169257372618 seconds
Request model_4#66 arrives at 1628885.154237993, sleeping for 0.05540940095670521 seconds
Request model_4#67 arrives at 1628885.210390421, sleeping for 0.4820321991574019 seconds
Request model_4#68 arrives at 1628885.692787699, sleeping for 0.3846359667368233 seconds
Request model_4#69 arrives at 1628886.078087776, sleeping for 0.11489970493130386 seconds
Request model_3#97 arrives at 1628886.194214332, sleeping for 0.25529160629957914 seconds
Request model_4#70 arrives at 1628886.450619907, sleeping for 0.11762213078327477 seconds
Request model_5#186 arrives at 1628886.568981339, sleeping for 0.036477842135354877 seconds
Request model_3#98 arrives at 1628886.60711608, sleeping for 0.07112407055683434 seconds
Request model_1#23 arrives at 1628886.680316428, sleeping for 0.2618745614308864 seconds
Request model_3#99 arrives at 1628886.942852979, sleeping for 0.3134193771984428 seconds
Request model_3#100 arrives at 1628887.257203376, sleeping for 0.43141294666565955 seconds
Request model_3#101 arrives at 1628887.689772544, sleeping for 0.22620001225732267 seconds
Request model_4#71 arrives at 1628887.917413849, sleeping for 0.04673096118494868 seconds
Request model_4#72 arrives at 1628887.964908161, sleeping for 0.3694000644609332 seconds
Request model_1#24 arrives at 1628888.335460526, sleeping for 0.44838593900203705 seconds
Request model_6#102 arrives at 1628888.784843312, sleeping for 0.11422520130872726 seconds
Request model_6#103 arrives at 1628888.89997313, sleeping for 0.22593938559293747 seconds
Request model_3#102 arrives at 1628889.127320743, sleeping for 1.3796748640015721 seconds
Request model_1#25 arrives at 1628890.508143439, sleeping for 0.26347091724164784 seconds
Request model_3#103 arrives at 1628890.772100061, sleeping for 0.3359173173084855 seconds
Request model_5#187 arrives at 1628891.108708817, sleeping for 0.22016402962617576 seconds
Request model_3#104 arrives at 1628891.329865682, sleeping for 1.3947140001691878 seconds
Request model_5#188 arrives at 1628892.726124245, sleeping for 0.577449785079807 seconds
Request model_1#26 arrives at 1628893.303853338, sleeping for 0.471535170217976 seconds
Request model_6#104 arrives at 1628893.776134887, sleeping for 0.27377844299189746 seconds
Request model_1#27 arrives at 1628894.050578299, sleeping for 0.027038617292419076 seconds
Request model_4#73 arrives at 1628894.078424131, sleeping for 1.1320899929851294 seconds
Request model_3#105 arrives at 1628895.211492156, sleeping for 0.9328772886656225 seconds
Request model_3#106 arrives at 1628896.145520004, sleeping for 0.12325227563269436 seconds
Request model_3#107 arrives at 1628896.269854841, sleeping for 0.46672058128751814 seconds
Request model_3#108 arrives at 1628896.737474765, sleeping for 1.098766373936087 seconds
Request model_6#105 arrives at 1628897.837498497, sleeping for 0.7829002835787833 seconds
Request model_3#109 arrives at 1628898.621343579, sleeping for 1.0362042956985533 seconds
Request model_3#110 arrives at 1628899.6582818, sleeping for 0.23545385361649096 seconds
Request model_1#28 arrives at 1628899.89455714, sleeping for 0.03587281028740108 seconds
Request model_4#74 arrives at 1628899.932516359, sleeping for 0.06104629044421017 seconds
Request model_1#29 arrives at 1628899.994656643, sleeping for 0.23597453231923282 seconds
Request model_4#75 arrives at 1628900.232714356, sleeping for 0.6267489960882813 seconds
Request model_3#111 arrives at 1628900.860115876, sleeping for 0.007684063632041216 seconds
Request model_3#112 arrives at 1628900.868068097, sleeping for 0.241172804730013 seconds
Request model_3#113 arrives at 1628901.110105301, sleeping for 0.20266948617063463 seconds
Request model_5#189 arrives at 1628901.313937754, sleeping for 0.11460516974329948 seconds
Request model_1#30 arrives at 1628901.428829739, sleeping for 0.4194349523168057 seconds
Request model_3#114 arrives at 1628901.849466943, sleeping for 0.40154667221941054 seconds
Request model_4#76 arrives at 1628902.251367395, sleeping for 0.278248572954908 seconds
Request model_4#77 arrives at 1628902.5303197, sleeping for 0.5368568673729897 seconds
Request model_3#115 arrives at 1628903.067775864, sleeping for 0.6265868588816375 seconds
Request model_3#116 arrives at 1628903.695399885, sleeping for 0.21377385105006397 seconds
Request model_1#31 arrives at 1628903.910362252, sleeping for 0.11037874454632401 seconds
Request model_1#32 arrives at 1628904.021729811, sleeping for 0.18901543226093054 seconds
Request model_4#78 arrives at 1628904.211261185, sleeping for 0.8672421355731785 seconds
Request model_4#79 arrives at 1628905.079277666, sleeping for 0.8972117155790329 seconds
Request model_4#80 arrives at 1628905.977463098, sleeping for 0.6663654104340822 seconds
Request model_4#81 arrives at 1628906.644454007, sleeping for 1.2011211602948606 seconds
Request model_1#33 arrives at 1628907.846098379, sleeping for 0.7261357761453837 seconds
Request model_5#190 arrives at 1628908.574232565, sleeping for 0.5511464399751276 seconds
Request model_1#34 arrives at 1628909.126547981, sleeping for 0.77749363030307 seconds
Request model_3#117 arrives at 1628909.905527023, sleeping for 0.3398287498857826 seconds
Request model_4#82 arrives at 1628910.245947555, sleeping for 0.10570952016860247 seconds
Request model_1#35 arrives at 1628910.351876901, sleeping for 0.21152439969591796 seconds
Request model_4#83 arrives at 1628910.563887456, sleeping for 0.2618720242753625 seconds
Request model_4#84 arrives at 1628910.826250404, sleeping for 0.041079964488744736 seconds
Request model_4#85 arrives at 1628910.868173993, sleeping for 0.2643206228967756 seconds
Request model_4#86 arrives at 1628911.133180451, sleeping for 0.5315824868157506 seconds
Request model_1#36 arrives at 1628911.666096339, sleeping for 1.2168649970553815 seconds
Request model_6#106 arrives at 1628912.883595219, sleeping for 0.5757525239605457 seconds
Request model_1#37 arrives at 1628913.461478739, sleeping for 0.7341489249374717 seconds
Request model_4#87 arrives at 1628914.19719081, sleeping for 1.294160557212308 seconds
Request model_1#38 arrives at 1628915.493742941, sleeping for 0.12593094049952924 seconds
Request model_1#39 arrives at 1628915.619998322, sleeping for 0.37493739160709083 seconds
Request model_3#118 arrives at 1628915.995759193, sleeping for 0.37922781775705516 seconds
Request model_4#88 arrives at 1628916.375454843, sleeping for 0.674141805851832 seconds
Request model_1#40 arrives at 1628917.050897045, sleeping for 0.609853298170492 seconds
Request model_4#89 arrives at 1628917.661471832, sleeping for 0.9546978224534541 seconds
Request model_3#119 arrives at 1628918.617186907, sleeping for 0.08947173645719886 seconds
Request model_3#120 arrives at 1628918.707230273, sleeping for 0.7825118955224752 seconds
Request model_3#121 arrives at 1628919.491591793, sleeping for 0.27241249196231365 seconds
Request model_4#90 arrives at 1628919.764887963, sleeping for 0.2194707072339952 seconds
Request model_3#122 arrives at 1628919.984938978, sleeping for 0.4009003525134176 seconds
Request model_5#191 arrives at 1628920.386619515, sleeping for 0.3686466042418033 seconds
Request model_4#91 arrives at 1628920.755853695, sleeping for 0.39516069437377155 seconds
Request model_1#41 arrives at 1628921.151358485, sleeping for 0.24049774836748838 seconds
Request model_1#42 arrives at 1628921.392081088, sleeping for 0.4011437373701483 seconds
Request model_4#92 arrives at 1628921.794161828, sleeping for 0.5777174851391464 seconds
Request model_6#107 arrives at 1628922.372467089, sleeping for 0.5015680815558881 seconds
Request model_4#93 arrives at 1628922.87587774, sleeping for 0.06263251579366624 seconds
Request model_6#108 arrives at 1628922.938759578, sleeping for 0.22092007007449865 seconds
Request model_6#109 arrives at 1628923.160616336, sleeping for 0.8556177574209869 seconds
Request model_6#110 arrives at 1628924.01660652, sleeping for 0.32470249268226326 seconds
Request model_6#111 arrives at 1628924.342607761, sleeping for 0.7430298065301031 seconds
Request model_4#94 arrives at 1628925.086107319, sleeping for 0.8459790125489235 seconds
Request model_6#112 arrives at 1628925.933823229, sleeping for 0.428567172260955 seconds
Request model_6#113 arrives at 1628926.363594619, sleeping for 1.687374297529459 seconds
Request model_6#114 arrives at 1628928.053624278, sleeping for 0.3741223483812064 seconds
Request model_6#115 arrives at 1628928.428096537, sleeping for 0.20123816467821598 seconds
Request model_6#116 arrives at 1628928.630065433, sleeping for 0.41832818766124547 seconds
Request model_6#117 arrives at 1628929.049158262, sleeping for 0.435410930076614 seconds
Request model_6#118 arrives at 1628929.485157259, sleeping for 0.7642083463724703 seconds
Request model_6#119 arrives at 1628930.25038469, sleeping for 0.5224516799207777 seconds
Request model_6#120 arrives at 1628930.773822312, sleeping for 0.016492664581164718 seconds
Request model_6#121 arrives at 1628930.7906525, sleeping for 0.5673973762895912 seconds
Request model_6#122 arrives at 1628931.358891053, sleeping for 0.06958013074472547 seconds
Request model_6#123 arrives at 1628931.428749474, sleeping for 0.4670310732908547 seconds
Request model_6#124 arrives at 1628931.896612413, sleeping for 0.3156649270094931 seconds
Request model_6#125 arrives at 1628932.213664715, sleeping for 0.34021579124964774 seconds
Request model_4#95 arrives at 1628932.554982081, sleeping for 0.36226888792589307 seconds
Request model_6#126 arrives at 1628932.918508506, sleeping for 0.31066939840093255 seconds
Request model_6#127 arrives at 1628933.230295048, sleeping for 2.3405817050952464 seconds
Request model_6#128 arrives at 1628935.573388319, sleeping for 0.37911362387239933 seconds
Request model_6#129 arrives at 1628935.953320208, sleeping for 0.052442643558606505 seconds
Request model_6#130 arrives at 1628936.00743829, sleeping for 0.39540360355749726 seconds
Request model_6#131 arrives at 1628936.403659873, sleeping for 0.9120087423361838 seconds
Request model_6#132 arrives at 1628937.316221933, sleeping for 0.4672777110245079 seconds
Request model_1#43 arrives at 1628937.784638826, sleeping for 0.3811234342865646 seconds
Request model_6#133 arrives at 1628938.166200847, sleeping for 0.3328388459049165 seconds
Request model_6#134 arrives at 1628938.500332778, sleeping for 0.8460240003187209 seconds
Request model_6#135 arrives at 1628939.34756147, sleeping for 0.28899644454941154 seconds
Request model_6#136 arrives at 1628939.637018742, sleeping for 0.1829677310306579 seconds
Request model_6#137 arrives at 1628939.821121441, sleeping for 0.03294227481819689 seconds
Request model_6#138 arrives at 1628939.854978079, sleeping for 1.4291208432987332 seconds
Request model_4#96 arrives at 1628941.285550786, sleeping for 1.0955986778717488 seconds
Request model_6#139 arrives at 1628942.382337255, sleeping for 0.2736060165334493 seconds
Request model_6#140 arrives at 1628942.658138572, sleeping for 0.7838938888162374 seconds
Request model_1#44 arrives at 1628943.443447033, sleeping for 0.39716401137411594 seconds
Request model_6#141 arrives at 1628943.84171932, sleeping for 0.011065795086324215 seconds
Request model_6#142 arrives at 1628943.853759172, sleeping for 1.2390077891759574 seconds
Request model_6#143 arrives at 1628945.094855837, sleeping for 0.06908176839351654 seconds
Request model_6#144 arrives at 1628945.16499371, sleeping for 0.5521659043151885 seconds
Request model_6#145 arrives at 1628945.718549008, sleeping for 0.2167592761106789 seconds
Request model_6#146 arrives at 1628945.936059082, sleeping for 0.42492907703854144 seconds
Request model_4#97 arrives at 1628946.362504793, sleeping for 0.3680748452898115 seconds
Request model_4#98 arrives at 1628946.731450828, sleeping for 0.35169959627091885 seconds
Request model_4#99 arrives at 1628947.084857614, sleeping for 0.021870014956220984 seconds
Request model_6#147 arrives at 1628947.106984832, sleeping for 0.5050315170083195 seconds
Request model_6#148 arrives at 1628947.612659056, sleeping for 0.4520457563921809 seconds
Request model_6#149 arrives at 1628948.065861011, sleeping for 0.11759873619303107 seconds
Request model_6#150 arrives at 1628948.184742155, sleeping for 0.8063545667100698 seconds
Request model_6#151 arrives at 1628948.992169582, sleeping for 0.5198946490418166 seconds
Request model_6#152 arrives at 1628949.512692138, sleeping for 0.17161150253377855 seconds
Request model_1#45 arrives at 1628949.684754175, sleeping for 0.22144454065710306 seconds
Request model_6#153 arrives at 1628949.906915334, sleeping for 0.39067593635991216 seconds
Request model_6#154 arrives at 1628950.297981646, sleeping for 0.10637734830379486 seconds
Request model_6#155 arrives at 1628950.40501437, sleeping for 0.49331535934470594 seconds
Request model_6#156 arrives at 1628950.899457487, sleeping for 0.8673987442161888 seconds
Request model_6#157 arrives at 1628951.767794567, sleeping for 0.2414441357832402 seconds
Request model_6#158 arrives at 1628952.010095088, sleeping for 0.117384422570467 seconds
Request model_6#159 arrives at 1628952.128063604, sleeping for 0.7703373699914664 seconds
Request model_6#160 arrives at 1628952.89994663, sleeping for 0.30390761559829116 seconds
Request model_6#161 arrives at 1628953.204334223, sleeping for 0.27913129120133817 seconds
Request model_6#162 arrives at 1628953.484721824, sleeping for 0.6078080553561449 seconds
Request model_6#163 arrives at 1628954.094319256, sleeping for 0.7231865655630827 seconds
Request model_6#164 arrives at 1628954.819103343, sleeping for 0.494379319017753 seconds
Request model_6#165 arrives at 1628955.314622339, sleeping for 0.18500373419374228 seconds
Request model_4#100 arrives at 1628955.500505091, sleeping for 0.5987103912048042 seconds
Request model_6#166 arrives at 1628956.099671174, sleeping for 1.3535735558252782 seconds
Request model_6#167 arrives at 1628957.454966701, sleeping for 0.5827452226076275 seconds
Request model_6#168 arrives at 1628958.038601595, sleeping for 0.024370138067752123 seconds
Request model_6#169 arrives at 1628958.063256472, sleeping for 0.5855353765655309 seconds
Request model_6#170 arrives at 1628958.650414823, sleeping for 0.522004083963111 seconds
Request model_6#171 arrives at 1628959.173047164, sleeping for 0.006945888279005885 seconds
Request model_6#172 arrives at 1628959.180275149, sleeping for 1.719007123960182 seconds
Request model_4#101 arrives at 1628960.899968973, sleeping for 0.01347600040026009 seconds
Request model_4#102 arrives at 1628960.915003086, sleeping for 0.0735094288829714 seconds
Request model_6#173 arrives at 1628960.989673154, sleeping for 0.46104057948105037 seconds
Request model_6#174 arrives at 1628961.451856625, sleeping for 0.009494899539276958 seconds
Request model_4#103 arrives at 1628961.4631337, sleeping for 0.028445530217140913 seconds
Request model_6#175 arrives at 1628961.491842328, sleeping for 0.24775854591280222 seconds
Request model_6#176 arrives at 1628961.74086255, sleeping for 0.31464216159656644 seconds
Request model_6#177 arrives at 1628962.057392835, sleeping for 0.7627058895304799 seconds
Request model_6#178 arrives at 1628962.820676452, sleeping for 1.2209341144189239 seconds
Request model_6#179 arrives at 1628964.042487323, sleeping for 0.413492183201015 seconds
Request model_6#180 arrives at 1628964.458034429, sleeping for 0.39431613497436047 seconds
Request model_6#181 arrives at 1628964.853842195, sleeping for 0.12267061090096831 seconds
Request model_6#182 arrives at 1628964.97694412, sleeping for 1.189178521744907 seconds
Request model_6#183 arrives at 1628966.168095436, sleeping for 0.34950298885814846 seconds
Request model_6#184 arrives at 1628966.518536148, sleeping for 0.20818737568333745 seconds
Request model_6#185 arrives at 1628966.728561593, sleeping for 0.13155104382894933 seconds
Request model_6#186 arrives at 1628966.861313901, sleeping for 0.2994078143965453 seconds
Request model_1#46 arrives at 1628967.161806613, sleeping for 1.6860343308653682 seconds
Request model_6#187 arrives at 1628968.848161779, sleeping for 0.5353062921203673 seconds
Request model_6#188 arrives at 1628969.384069939, sleeping for 0.9371127451304346 seconds
Request model_6#189 arrives at 1628970.323010548, sleeping for 0.5364073442760855 seconds
Request model_6#190 arrives at 1628970.861591588, sleeping for 0.06610354292206466 seconds
Request model_6#191 arrives at 1628970.928556046, sleeping for 0.5380674935877323 seconds
Request model_1#47 arrives at 1628971.468326605, sleeping for 0.04835471557453275 seconds
Request model_6#192 arrives at 1628971.517333777, sleeping for 1.5317976041696966 seconds
Request model_6#193 arrives at 1628973.049359838, sleeping for 2.8326115161180496 seconds
Request model_1#48 arrives at 1628975.883396084, sleeping for 0.6542978866491467 seconds
Request model_6#194 arrives at 1628976.538691458, sleeping for 0.004708602791652083 seconds
Request model_6#195 arrives at 1628976.543627296, sleeping for 0.19951016688719392 seconds
Request model_6#196 arrives at 1628976.743586113, sleeping for 0.37157714227214456 seconds
Request model_4#104 arrives at 1628977.116566435, sleeping for 0.4831017015967518 seconds
Request model_6#197 arrives at 1628977.600652869, sleeping for 0.13306122017093003 seconds
Request model_6#198 arrives at 1628977.734556866, sleeping for 1.755956980632618 seconds
Request model_6#199 arrives at 1628979.491988255, sleeping for 0.026621193159371614 seconds
Request model_6#200 arrives at 1628979.520130569, sleeping for 0.5140203330665827 seconds
Request model_4#105 arrives at 1628980.034833495, sleeping for 0.30533896293491125 seconds
Request model_6#201 arrives at 1628980.34112956, sleeping for 0.5729971809778363 seconds
Request model_6#202 arrives at 1628980.916570267, sleeping for 0.015341682825237513 seconds
Request model_6#203 arrives at 1628980.93265332, sleeping for 1.0802376072388142 seconds
Request model_6#204 arrives at 1628982.014114707, sleeping for 0.07276840251870453 seconds
Request model_1#49 arrives at 1628982.088111529, sleeping for 0.4783606710843742 seconds
Request model_6#205 arrives at 1628982.567567198, sleeping for 0.684269058983773 seconds
Request model_6#206 arrives at 1628983.253866846, sleeping for 0.016490946523845196 seconds
Request model_6#207 arrives at 1628983.270651823, sleeping for 0.9136147426906973 seconds
Request model_1#50 arrives at 1628984.185632587, sleeping for 0.5546825400087982 seconds
Request model_6#208 arrives at 1628984.7421598, sleeping for 0.3521410992834717 seconds
Request model_6#209 arrives at 1628985.094793496, sleeping for 0.008320078253746033 seconds
Request model_6#210 arrives at 1628985.103884245, sleeping for 0.12960775312967598 seconds
Request model_6#211 arrives at 1628985.233645859, sleeping for 0.7229309007525444 seconds
Request model_6#212 arrives at 1628985.957937565, sleeping for 0.16402630344964564 seconds
Request model_6#213 arrives at 1628986.122403503, sleeping for 1.3594418540596962 seconds
Request model_6#214 arrives at 1628987.482741495, sleeping for 0.04205178306438029 seconds
Request model_6#215 arrives at 1628987.525181157, sleeping for 0.34301404748111963 seconds
Request model_6#216 arrives at 1628987.869316588, sleeping for 2.505481484811753 seconds
Request model_6#217 arrives at 1628990.375414342, sleeping for 0.7120204153470695 seconds
Request model_6#218 arrives at 1628991.089062995, sleeping for 0.5343704149127007 seconds
Request model_6#219 arrives at 1628991.625465864, sleeping for 0.05862677190452814 seconds
Request model_6#220 arrives at 1628991.684413832, sleeping for 0.049857999896630645 seconds
Request model_6#221 arrives at 1628991.735116756, sleeping for 0.0658378906082362 seconds
Request model_6#222 arrives at 1628991.801821832, sleeping for 0.981345342239365 seconds
Request model_6#223 arrives at 1628992.784173054, sleeping for 0.5565998712554574 seconds
Request model_4#106 arrives at 1628993.341815774, sleeping for 0.22129649575799704 seconds
Request model_6#224 arrives at 1628993.563933679, sleeping for 0.19875013851560652 seconds
Request model_6#225 arrives at 1628993.763819716, sleeping for 0.30768015305511653 seconds
Request model_6#226 arrives at 1628994.071816102, sleeping for 0.14550844603218138 seconds
Request model_6#227 arrives at 1628994.218535604, sleeping for 1.1613383418880403 seconds
Request model_6#228 arrives at 1628995.381431125, sleeping for 0.5978618320077658 seconds
Request model_6#229 arrives at 1628995.981055743, sleeping for 0.08135101199150085 seconds
Request model_6#230 arrives at 1628996.063377448, sleeping for 0.4325041326228529 seconds
Request model_4#107 arrives at 1628996.498386567, sleeping for 0.08257526718080044 seconds
Request model_6#231 arrives at 1628996.581439597, sleeping for 1.392848226474598 seconds
Request model_4#108 arrives at 1628997.974609703, sleeping for 0.16646094154566526 seconds
Request model_6#232 arrives at 1628998.14170425, sleeping for 0.28372052079066634 seconds
Request model_6#233 arrives at 1628998.426429129, sleeping for 0.7754079266451299 seconds
Request model_6#234 arrives at 1628999.202852058, sleeping for 0.6804277463816106 seconds
Request model_6#235 arrives at 1628999.884681308, sleeping for 0.10857265233062208 seconds
Request model_6#236 arrives at 1628999.993776416, sleeping for 0.9645280234981328 seconds
Request model_6#237 arrives at 1629000.960163014, sleeping for 0.9074280965141952 seconds
Request model_6#238 arrives at 1629001.86823807, sleeping for 0.8104728569742292 seconds
Request model_6#239 arrives at 1629002.680093856, sleeping for 0.13680622819811106 seconds
Request model_6#240 arrives at 1629002.817157685, sleeping for 1.4492963200900704 seconds
Request model_5#192 arrives at 1629004.268200887, sleeping for 0.23600192833691835 seconds
Request model_5#193 arrives at 1629004.506515224, sleeping for 0.6899205991066992 seconds
Request model_1#51 arrives at 1629005.198078347, sleeping for 0.7820271551609039 seconds
Request model_5#194 arrives at 1629005.980849652, sleeping for 0.4728156756609678 seconds
Request model_6#241 arrives at 1629006.45545966, sleeping for 1.2306249374523759 seconds
Request model_5#195 arrives at 1629007.688098715, sleeping for 0.1974321431480348 seconds
Request model_2#67 arrives at 1629007.886115726, sleeping for 0.934016419108957 seconds
Request model_1#52 arrives at 1629008.822488814, sleeping for 0.0597445429302752 seconds
Request model_6#242 arrives at 1629008.883182774, sleeping for 1.0451006032526493 seconds
Request model_1#53 arrives at 1629009.930207271, sleeping for 0.29636737471446395 seconds
Request model_6#243 arrives at 1629010.227120872, sleeping for 0.5233101129997522 seconds
Request model_4#109 arrives at 1629010.751787538, sleeping for 0.16710153594613075 seconds
Request model_1#54 arrives at 1629010.920108584, sleeping for 0.10955905518494546 seconds
Request model_4#110 arrives at 1629011.030189109, sleeping for 0.4593721446581185 seconds
Request model_6#244 arrives at 1629011.490968971, sleeping for 2.457387440139428 seconds
Request model_1#55 arrives at 1629013.949116992, sleeping for 0.318726604571566 seconds
Request model_2#68 arrives at 1629014.268480673, sleeping for 0.270005343016237 seconds
Request model_1#56 arrives at 1629014.539374576, sleeping for 0.670394707005471 seconds
Request model_4#111 arrives at 1629015.210384851, sleeping for 0.25557299330830574 seconds
Request model_2#69 arrives at 1629015.466406881, sleeping for 1.5469539107289165 seconds
Request model_6#245 arrives at 1629017.014869556, sleeping for 0.3087088332977146 seconds
Request model_5#196 arrives at 1629017.324659613, sleeping for 0.029113213531672955 seconds
Request model_4#112 arrives at 1629017.354716951, sleeping for 0.08982432167977095 seconds
Request model_4#113 arrives at 1629017.445730891, sleeping for 0.9045905799139291 seconds
Request model_1#57 arrives at 1629018.351480274, sleeping for 1.9314275535289198 seconds
Request model_1#58 arrives at 1629020.285087836, sleeping for 1.65261369664222 seconds
Request model_4#114 arrives at 1629021.938524333, sleeping for 0.09965999331325293 seconds
Request model_6#246 arrives at 1629022.038518361, sleeping for 0.6409432031214237 seconds
Request model_1#59 arrives at 1629022.679782659, sleeping for 0.6755248347762972 seconds
Request model_5#197 arrives at 1629023.356576457, sleeping for 0.05760577553883195 seconds
Request model_4#115 arrives at 1629023.414525236, sleeping for 0.1764616456348449 seconds
Request model_6#247 arrives at 1629023.591464276, sleeping for 0.06426922208629549 seconds
Request model_2#70 arrives at 1629023.656495789, sleeping for 2.126978848595172 seconds
============================================================
BENCHMARK RESULTS
============================================================
Completed requests: 816
Aborted requests: 0
Request throughput: 1.90 req/s
Input throughput: 557.89 tokens/s
Output throughput: 321.82 tokens/s
Mean TTFT: 171.3 ms
P99 TTFT: 2229.3 ms
Mean TPOT: 33.0 ms
P99 TPOT: 64.5 ms
Mean Latency: 5738.3 ms
P99 Latency: 16980.3 ms
============================================================
Results saved to /workspace/prism-merge/exp/results/final-prototype-vs-paper-faithful/raw/armC-final-overlap/raw/paper-faithful-v6/bursty/rate_2/seed_3
Requests saved to /workspace/prism-merge/exp/results/final-prototype-vs-paper-faithful/raw/armC-final-overlap/raw/paper-faithful-v6/bursty/rate_2/seed_3/requests
