[2026-08-20 07:01:57.959 GPU_Scheduler_0] starting GPU scheduler for GPU 0
[2026-08-20 07:01:57.961 GPU_Scheduler_0] Model states init: {'model_1': 'deactivated'}
[2026-08-20 07:01:57.961 GPU_Scheduler_0] [PAPER-TP] WorkerPool gpu=0 owned=[0, 1] shadow=[] {0: 1, 1: 4}
[2026-08-20 07:01:58.626 GPU_Scheduler_0] [PAPER-TP] activating model_1 tp_size=4 on gpus=[0, 1, 2, 3] slot=1 (owner gpu=0)
[2026-08-20 07:01:58.626 GPU_Scheduler_0] Assign worker 1 to model_1. Current model_to_worker: {'model_1': 1}
[2026-08-20 07:01:58.628 GPU_Scheduler_0] Waiting for models to be activated: {'model_1': 'activating'}
[2026-08-20 07:01:58.638 GPU_Scheduler_0] Waiting for models to be activated: {'model_1': 'activating'}
[2026-08-20 07:01:58.648 GPU_Scheduler_0] Waiting for models to be activated: {'model_1': 'activating'}
[2026-08-20 07:01:58.659 GPU_Scheduler_0] Waiting for models to be activated: {'model_1': 'activating'}
[2026-08-20 07:01:58.669 GPU_Scheduler_0] Waiting for models to be activated: {'model_1': 'activating'}
[2026-08-20 07:01:58.679 GPU_Scheduler_0] Waiting for models to be activated: {'model_1': 'activating'}
[2026-08-20 07:01:58.690 GPU_Scheduler_0] Waiting for models to be activated: {'model_1': 'activating'}
[2026-08-20 07:01:58.700 GPU_Scheduler_0] Waiting for models to be activated: {'model_1': 'activating'}
[2026-08-20 07:01:58.710 GPU_Scheduler_0] Waiting for models to be activated: {'model_1': 'activating'}
[2026-08-20 07:01:58.720 GPU_Scheduler_0] Waiting for models to be activated: {'model_1': 'activating'}
[2026-08-20 07:01:58.731 GPU_Scheduler_0] Waiting for models to be activated: {'model_1': 'activating'}
[2026-08-20 07:01:58.741 GPU_Scheduler_0] Waiting for models to be activated: {'model_1': 'activating'}
[2026-08-20 07:01:58.751 GPU_Scheduler_0] Waiting for models to be activated: {'model_1': 'activating'}
[2026-08-20 07:01:58.762 GPU_Scheduler_0] Waiting for models to be activated: {'model_1': 'activating'}
[2026-08-20 07:01:58.772 GPU_Scheduler_0] Waiting for models to be activated: {'model_1': 'activating'}
[2026-08-20 07:01:58.782 GPU_Scheduler_0] Waiting for models to be activated: {'model_1': 'activating'}
[2026-08-20 07:01:58.793 GPU_Scheduler_0] Waiting for models to be activated: {'model_1': 'activating'}
[2026-08-20 07:01:58.803 GPU_Scheduler_0] Waiting for models to be activated: {'model_1': 'activating'}
[2026-08-20 07:01:58.813 GPU_Scheduler_0] Waiting for models to be activated: {'model_1': 'activating'}
[2026-08-20 07:01:58.824 GPU_Scheduler_0] Waiting for models to be activated: {'model_1': 'activating'}
[2026-08-20 07:01:58.834 GPU_Scheduler_0] Waiting for models to be activated: {'model_1': 'activating'}
[2026-08-20 07:01:58.844 GPU_Scheduler_0] Waiting for models to be activated: {'model_1': 'activating'}
[2026-08-20 07:01:58.855 GPU_Scheduler_0] Waiting for models to be activated: {'model_1': 'activating'}
[2026-08-20 07:01:58.865 GPU_Scheduler_0] Waiting for models to be activated: {'model_1': 'activating'}
[2026-08-20 07:01:58.875 GPU_Scheduler_0] Waiting for models to be activated: {'model_1': 'activating'}
[2026-08-20 07:01:58.886 GPU_Scheduler_0] Waiting for models to be activated: {'model_1': 'activating'}
[2026-08-20 07:01:58.896 GPU_Scheduler_0] Waiting for models to be activated: {'model_1': 'activating'}
[2026-08-20 07:01:58.906 GPU_Scheduler_0] Waiting for models to be activated: {'model_1': 'activating'}
[2026-08-20 07:01:58.917 GPU_Scheduler_0] Waiting for models to be activated: {'model_1': 'activating'}
[2026-08-20 07:01:58.927 GPU_Scheduler_0] Waiting for models to be activated: {'model_1': 'activating'}
[2026-08-20 07:01:58.937 GPU_Scheduler_0] Waiting for models to be activated: {'model_1': 'activating'}
[2026-08-20 07:01:58.948 GPU_Scheduler_0] Waiting for models to be activated: {'model_1': 'activating'}
[2026-08-20 07:01:58.958 GPU_Scheduler_0] Waiting for models to be activated: {'model_1': 'activating'}
[2026-08-20 07:01:58.968 GPU_Scheduler_0] Waiting for models to be activated: {'model_1': 'activating'}
[2026-08-20 07:01:58.979 GPU_Scheduler_0] Waiting for models to be activated: {'model_1': 'activating'}
[2026-08-20 07:01:58.989 GPU_Scheduler_0] Waiting for models to be activated: {'model_1': 'activating'}
[2026-08-20 07:01:58.999 GPU_Scheduler_0] Waiting for models to be activated: {'model_1': 'activating'}
[2026-08-20 07:01:59.010 GPU_Scheduler_0] Waiting for models to be activated: {'model_1': 'activating'}
[2026-08-20 07:01:59.020 GPU_Scheduler_0] Waiting for models to be activated: {'model_1': 'activating'}
[2026-08-20 07:01:59.031 GPU_Scheduler_0] Waiting for models to be activated: {'model_1': 'activating'}
[2026-08-20 07:01:59.041 GPU_Scheduler_0] Waiting for models to be activated: {'model_1': 'activating'}
[2026-08-20 07:01:59.051 GPU_Scheduler_0] Waiting for models to be activated: {'model_1': 'activating'}
[2026-08-20 07:01:59.062 GPU_Scheduler_0] Waiting for models to be activated: {'model_1': 'activating'}
[2026-08-20 07:01:59.072 GPU_Scheduler_0] Waiting for models to be activated: {'model_1': 'activating'}
[2026-08-20 07:01:59.082 GPU_Scheduler_0] Waiting for models to be activated: {'model_1': 'activating'}
[2026-08-20 07:01:59.093 GPU_Scheduler_0] Waiting for models to be activated: {'model_1': 'activating'}
[2026-08-20 07:01:59.103 GPU_Scheduler_0] Waiting for models to be activated: {'model_1': 'activating'}
[2026-08-20 07:01:59.114 GPU_Scheduler_0] Waiting for models to be activated: {'model_1': 'activating'}
[2026-08-20 07:01:59.124 GPU_Scheduler_0] Waiting for models to be activated: {'model_1': 'activating'}
[2026-08-20 07:01:59.134 GPU_Scheduler_0] Waiting for models to be activated: {'model_1': 'activating'}
[2026-08-20 07:01:59.145 GPU_Scheduler_0] Waiting for models to be activated: {'model_1': 'activating'}
[2026-08-20 07:01:59.155 GPU_Scheduler_0] Waiting for models to be activated: {'model_1': 'activating'}
[2026-08-20 07:01:59.165 GPU_Scheduler_0] Waiting for models to be activated: {'model_1': 'activating'}
[2026-08-20 07:01:59.175 GPU_Scheduler_0] Waiting for models to be activated: {'model_1': 'activating'}
[2026-08-20 07:01:59.186 GPU_Scheduler_0] Waiting for models to be activated: {'model_1': 'activating'}
[2026-08-20 07:01:59.196 GPU_Scheduler_0] Waiting for models to be activated: {'model_1': 'activating'}
[2026-08-20 07:01:59.207 GPU_Scheduler_0] Waiting for models to be activated: {'model_1': 'activating'}
[2026-08-20 07:01:59.217 GPU_Scheduler_0] Waiting for models to be activated: {'model_1': 'activating'}
[2026-08-20 07:01:59.227 GPU_Scheduler_0] Waiting for models to be activated: {'model_1': 'activating'}
[2026-08-20 07:01:59.238 GPU_Scheduler_0] Waiting for models to be activated: {'model_1': 'activating'}
[2026-08-20 07:01:59.248 GPU_Scheduler_0] Waiting for models to be activated: {'model_1': 'activating'}
[2026-08-20 07:01:59.258 GPU_Scheduler_0] Waiting for models to be activated: {'model_1': 'activating'}
[2026-08-20 07:01:59.269 GPU_Scheduler_0] Waiting for models to be activated: {'model_1': 'activating'}
[2026-08-20 07:01:59.279 GPU_Scheduler_0] Waiting for models to be activated: {'model_1': 'activating'}
[2026-08-20 07:01:59.290 GPU_Scheduler_0] Waiting for models to be activated: {'model_1': 'activating'}
[2026-08-20 07:01:59.300 GPU_Scheduler_0] Waiting for models to be activated: {'model_1': 'activating'}
[2026-08-20 07:01:59.310 GPU_Scheduler_0] Waiting for models to be activated: {'model_1': 'activating'}
[2026-08-20 07:01:59.321 GPU_Scheduler_0] Waiting for models to be activated: {'model_1': 'activating'}
[2026-08-20 07:01:59.331 GPU_Scheduler_0] Waiting for models to be activated: {'model_1': 'activating'}
[2026-08-20 07:01:59.342 GPU_Scheduler_0] Waiting for models to be activated: {'model_1': 'activating'}
[2026-08-20 07:01:59.352 GPU_Scheduler_0] Waiting for models to be activated: {'model_1': 'activating'}
[2026-08-20 07:01:59.362 GPU_Scheduler_0] Waiting for models to be activated: {'model_1': 'activating'}
[2026-08-20 07:01:59.373 GPU_Scheduler_0] Waiting for models to be activated: {'model_1': 'activating'}
[2026-08-20 07:01:59.383 GPU_Scheduler_0] Waiting for models to be activated: {'model_1': 'activating'}
[2026-08-20 07:01:59.394 GPU_Scheduler_0] Waiting for models to be activated: {'model_1': 'activating'}
[2026-08-20 07:01:59.404 GPU_Scheduler_0] Waiting for models to be activated: {'model_1': 'activating'}
[2026-08-20 07:01:59.414 GPU_Scheduler_0] Waiting for models to be activated: {'model_1': 'activating'}
[2026-08-20 07:01:59.425 GPU_Scheduler_0] Waiting for models to be activated: {'model_1': 'activating'}
[2026-08-20 07:01:59.435 GPU_Scheduler_0] Waiting for models to be activated: {'model_1': 'activating'}
[2026-08-20 07:01:59.446 GPU_Scheduler_0] Waiting for models to be activated: {'model_1': 'activating'}
[2026-08-20 07:01:59.456 GPU_Scheduler_0] Waiting for models to be activated: {'model_1': 'activating'}
[2026-08-20 07:01:59.466 GPU_Scheduler_0] Waiting for models to be activated: {'model_1': 'activating'}
[2026-08-20 07:01:59.477 GPU_Scheduler_0] Waiting for models to be activated: {'model_1': 'activating'}
[2026-08-20 07:01:59.487 GPU_Scheduler_0] Waiting for models to be activated: {'model_1': 'activating'}
[2026-08-20 07:01:59.498 GPU_Scheduler_0] Waiting for models to be activated: {'model_1': 'activating'}
[2026-08-20 07:01:59.509 GPU_Scheduler_0] Waiting for models to be activated: {'model_1': 'activating'}
[2026-08-20 07:01:59.519 GPU_Scheduler_0] Waiting for models to be activated: {'model_1': 'activating'}
[2026-08-20 07:01:59.530 GPU_Scheduler_0] Waiting for models to be activated: {'model_1': 'activating'}
[2026-08-20 07:01:59.540 GPU_Scheduler_0] Waiting for models to be activated: {'model_1': 'activating'}
[2026-08-20 07:01:59.551 GPU_Scheduler_0] Waiting for models to be activated: {'model_1': 'activating'}
[2026-08-20 07:01:59.561 GPU_Scheduler_0] Waiting for models to be activated: {'model_1': 'activating'}
[2026-08-20 07:01:59.572 GPU_Scheduler_0] Waiting for models to be activated: {'model_1': 'activating'}
[2026-08-20 07:01:59.582 GPU_Scheduler_0] Waiting for models to be activated: {'model_1': 'activating'}
[2026-08-20 07:01:59.593 GPU_Scheduler_0] Waiting for models to be activated: {'model_1': 'activating'}
[2026-08-20 07:01:59.603 GPU_Scheduler_0] Waiting for models to be activated: {'model_1': 'activating'}
[2026-08-20 07:01:59.614 GPU_Scheduler_0] Waiting for models to be activated: {'model_1': 'activating'}
[2026-08-20 07:01:59.624 GPU_Scheduler_0] Waiting for models to be activated: {'model_1': 'activating'}
[2026-08-20 07:01:59.635 GPU_Scheduler_0] Waiting for models to be activated: {'model_1': 'activating'}
[2026-08-20 07:01:59.645 GPU_Scheduler_0] Waiting for models to be activated: {'model_1': 'activating'}
[2026-08-20 07:01:59.656 GPU_Scheduler_0] Waiting for models to be activated: {'model_1': 'activating'}
[2026-08-20 07:01:59.666 GPU_Scheduler_0] Waiting for models to be activated: {'model_1': 'activating'}
[2026-08-20 07:01:59.677 GPU_Scheduler_0] Waiting for models to be activated: {'model_1': 'activating'}
[2026-08-20 07:01:59.688 GPU_Scheduler_0] Waiting for models to be activated: {'model_1': 'activating'}
[2026-08-20 07:01:59.698 GPU_Scheduler_0] Waiting for models to be activated: {'model_1': 'activating'}
[2026-08-20 07:01:59.709 GPU_Scheduler_0] Waiting for models to be activated: {'model_1': 'activating'}
[2026-08-20 07:01:59.719 GPU_Scheduler_0] Waiting for models to be activated: {'model_1': 'activating'}
[2026-08-20 07:01:59.730 GPU_Scheduler_0] Waiting for models to be activated: {'model_1': 'activating'}
[2026-08-20 07:01:59.741 GPU_Scheduler_0] Waiting for models to be activated: {'model_1': 'activating'}
[2026-08-20 07:01:59.752 GPU_Scheduler_0] Waiting for models to be activated: {'model_1': 'activating'}
[2026-08-20 07:01:59.763 GPU_Scheduler_0] Waiting for models to be activated: {'model_1': 'activating'}
[2026-08-20 07:01:59.773 GPU_Scheduler_0] Waiting for models to be activated: {'model_1': 'activating'}
[2026-08-20 07:01:59.784 GPU_Scheduler_0] Waiting for models to be activated: {'model_1': 'activating'}
[2026-08-20 07:01:59.794 GPU_Scheduler_0] Waiting for models to be activated: {'model_1': 'activating'}
[2026-08-20 07:01:59.805 GPU_Scheduler_0] Waiting for models to be activated: {'model_1': 'activating'}
[2026-08-20 07:01:59.818 GPU_Scheduler_0] Waiting for models to be activated: {'model_1': 'activating'}
[2026-08-20 07:01:59.828 GPU_Scheduler_0] Waiting for models to be activated: {'model_1': 'activating'}
[2026-08-20 07:01:59.839 GPU_Scheduler_0] Waiting for models to be activated: {'model_1': 'activating'}
[2026-08-20 07:01:59.849 GPU_Scheduler_0] Waiting for models to be activated: {'model_1': 'activating'}
[2026-08-20 07:01:59.860 GPU_Scheduler_0] Waiting for models to be activated: {'model_1': 'activating'}
[2026-08-20 07:01:59.870 GPU_Scheduler_0] Waiting for models to be activated: {'model_1': 'activating'}
[2026-08-20 07:01:59.881 GPU_Scheduler_0] Waiting for models to be activated: {'model_1': 'activating'}
[2026-08-20 07:01:59.891 GPU_Scheduler_0] Waiting for models to be activated: {'model_1': 'activating'}
[2026-08-20 07:01:59.902 GPU_Scheduler_0] Waiting for models to be activated: {'model_1': 'activating'}
[2026-08-20 07:01:59.913 GPU_Scheduler_0] Waiting for models to be activated: {'model_1': 'activating'}
[2026-08-20 07:01:59.924 GPU_Scheduler_0] Waiting for models to be activated: {'model_1': 'activating'}
[2026-08-20 07:01:59.935 GPU_Scheduler_0] Waiting for models to be activated: {'model_1': 'activating'}
[2026-08-20 07:01:59.945 GPU_Scheduler_0] Waiting for models to be activated: {'model_1': 'activating'}
[2026-08-20 07:01:59.956 GPU_Scheduler_0] Waiting for models to be activated: {'model_1': 'activating'}
[2026-08-20 07:01:59.967 GPU_Scheduler_0] Waiting for models to be activated: {'model_1': 'activating'}
[2026-08-20 07:01:59.978 GPU_Scheduler_0] Waiting for models to be activated: {'model_1': 'activating'}
[2026-08-20 07:01:59.988 GPU_Scheduler_0] Waiting for models to be activated: {'model_1': 'activating'}
[2026-08-20 07:01:59.999 GPU_Scheduler_0] Waiting for models to be activated: {'model_1': 'activating'}
[2026-08-20 07:02:00.009 GPU_Scheduler_0] Waiting for models to be activated: {'model_1': 'activating'}
[2026-08-20 07:02:00.020 GPU_Scheduler_0] Waiting for models to be activated: {'model_1': 'activating'}
[2026-08-20 07:02:00.030 GPU_Scheduler_0] Waiting for models to be activated: {'model_1': 'activating'}
[2026-08-20 07:02:00.041 GPU_Scheduler_0] Waiting for models to be activated: {'model_1': 'activating'}
[2026-08-20 07:02:00.052 GPU_Scheduler_0] Waiting for models to be activated: {'model_1': 'activating'}
[2026-08-20 07:02:00.063 GPU_Scheduler_0] Waiting for models to be activated: {'model_1': 'activating'}
[2026-08-20 07:02:00.073 GPU_Scheduler_0] Waiting for models to be activated: {'model_1': 'activating'}
[2026-08-20 07:02:00.084 GPU_Scheduler_0] Waiting for models to be activated: {'model_1': 'activating'}
[2026-08-20 07:02:00.094 GPU_Scheduler_0] Waiting for models to be activated: {'model_1': 'activating'}
[2026-08-20 07:02:00.104 GPU_Scheduler_0] Waiting for models to be activated: {'model_1': 'activating'}
[2026-08-20 07:02:00.115 GPU_Scheduler_0] Waiting for models to be activated: {'model_1': 'activating'}
[2026-08-20 07:02:00.125 GPU_Scheduler_0] Waiting for models to be activated: {'model_1': 'activating'}
[2026-08-20 07:02:00.135 GPU_Scheduler_0] Waiting for models to be activated: {'model_1': 'activating'}
[2026-08-20 07:02:00.146 GPU_Scheduler_0] Waiting for models to be activated: {'model_1': 'activating'}
[2026-08-20 07:02:00.156 GPU_Scheduler_0] Waiting for models to be activated: {'model_1': 'activating'}
[2026-08-20 07:02:00.166 GPU_Scheduler_0] Waiting for models to be activated: {'model_1': 'activating'}
[2026-08-20 07:02:00.177 GPU_Scheduler_0] Waiting for models to be activated: {'model_1': 'activating'}
[2026-08-20 07:02:00.187 GPU_Scheduler_0] Waiting for models to be activated: {'model_1': 'activating'}
[2026-08-20 07:02:00.197 GPU_Scheduler_0] Waiting for models to be activated: {'model_1': 'activating'}
[2026-08-20 07:02:00.208 GPU_Scheduler_0] Waiting for models to be activated: {'model_1': 'activating'}
[2026-08-20 07:02:00.218 GPU_Scheduler_0] Waiting for models to be activated: {'model_1': 'activating'}
[2026-08-20 07:02:00.228 GPU_Scheduler_0] Waiting for models to be activated: {'model_1': 'activating'}
[2026-08-20 07:02:00.239 GPU_Scheduler_0] Waiting for models to be activated: {'model_1': 'activating'}
[2026-08-20 07:02:00.249 GPU_Scheduler_0] Waiting for models to be activated: {'model_1': 'activating'}
[2026-08-20 07:02:00.259 GPU_Scheduler_0] Waiting for models to be activated: {'model_1': 'activating'}
[2026-08-20 07:02:00.270 GPU_Scheduler_0] Waiting for models to be activated: {'model_1': 'activating'}
[2026-08-20 07:02:00.280 GPU_Scheduler_0] Waiting for models to be activated: {'model_1': 'activating'}
[2026-08-20 07:02:00.290 GPU_Scheduler_0] Waiting for models to be activated: {'model_1': 'activating'}
[2026-08-20 07:02:00.301 GPU_Scheduler_0] Waiting for models to be activated: {'model_1': 'activating'}
[2026-08-20 07:02:00.311 GPU_Scheduler_0] Waiting for models to be activated: {'model_1': 'activating'}
[2026-08-20 07:02:00.322 GPU_Scheduler_0] Waiting for models to be activated: {'model_1': 'activating'}
[2026-08-20 07:02:00.332 GPU_Scheduler_0] Waiting for models to be activated: {'model_1': 'activating'}
[2026-08-20 07:02:00.342 GPU_Scheduler_0] Waiting for models to be activated: {'model_1': 'activating'}
[2026-08-20 07:02:00.353 GPU_Scheduler_0] Waiting for models to be activated: {'model_1': 'activating'}
[2026-08-20 07:02:00.363 GPU_Scheduler_0] Waiting for models to be activated: {'model_1': 'activating'}
[2026-08-20 07:02:00.374 GPU_Scheduler_0] Waiting for models to be activated: {'model_1': 'activating'}
[2026-08-20 07:02:00.385 GPU_Scheduler_0] Waiting for models to be activated: {'model_1': 'activating'}
[2026-08-20 07:02:00.395 GPU_Scheduler_0] Waiting for models to be activated: {'model_1': 'activating'}
[2026-08-20 07:02:00.406 GPU_Scheduler_0] Waiting for models to be activated: {'model_1': 'activating'}
[2026-08-20 07:02:00.417 GPU_Scheduler_0] Waiting for models to be activated: {'model_1': 'activating'}
[2026-08-20 07:02:00.427 GPU_Scheduler_0] Waiting for models to be activated: {'model_1': 'activating'}
[2026-08-20 07:02:00.439 GPU_Scheduler_0] Waiting for models to be activated: {'model_1': 'activating'}
[2026-08-20 07:02:00.449 GPU_Scheduler_0] Waiting for models to be activated: {'model_1': 'activating'}
[2026-08-20 07:02:00.460 GPU_Scheduler_0] Waiting for models to be activated: {'model_1': 'activating'}
[2026-08-20 07:02:00.470 GPU_Scheduler_0] Waiting for models to be activated: {'model_1': 'activating'}
[2026-08-20 07:02:00.481 GPU_Scheduler_0] Waiting for models to be activated: {'model_1': 'activating'}
[2026-08-20 07:02:00.491 GPU_Scheduler_0] Waiting for models to be activated: {'model_1': 'activating'}
[2026-08-20 07:02:00.502 GPU_Scheduler_0] Waiting for models to be activated: {'model_1': 'activating'}
[2026-08-20 07:02:00.513 GPU_Scheduler_0] Waiting for models to be activated: {'model_1': 'activating'}
[2026-08-20 07:02:00.523 GPU_Scheduler_0] Waiting for models to be activated: {'model_1': 'activating'}
[2026-08-20 07:02:00.534 GPU_Scheduler_0] Waiting for models to be activated: {'model_1': 'activating'}
[2026-08-20 07:02:00.545 GPU_Scheduler_0] Waiting for models to be activated: {'model_1': 'activating'}
[2026-08-20 07:02:00.556 GPU_Scheduler_0] Waiting for models to be activated: {'model_1': 'activating'}
[2026-08-20 07:02:00.566 GPU_Scheduler_0] Waiting for models to be activated: {'model_1': 'activating'}
[2026-08-20 07:02:00.577 GPU_Scheduler_0] Waiting for models to be activated: {'model_1': 'activating'}
[2026-08-20 07:02:00.588 GPU_Scheduler_0] Waiting for models to be activated: {'model_1': 'activating'}
[2026-08-20 07:02:00.598 GPU_Scheduler_0] Waiting for models to be activated: {'model_1': 'activating'}
[2026-08-20 07:02:00.609 GPU_Scheduler_0] Waiting for models to be activated: {'model_1': 'activating'}
[2026-08-20 07:02:00.619 GPU_Scheduler_0] Waiting for models to be activated: {'model_1': 'activating'}
[2026-08-20 07:02:00.630 GPU_Scheduler_0] Waiting for models to be activated: {'model_1': 'activating'}
[2026-08-20 07:02:00.640 GPU_Scheduler_0] Waiting for models to be activated: {'model_1': 'activating'}
[2026-08-20 07:02:00.651 GPU_Scheduler_0] Waiting for models to be activated: {'model_1': 'activating'}
[2026-08-20 07:02:00.662 GPU_Scheduler_0] Waiting for models to be activated: {'model_1': 'activating'}
[2026-08-20 07:02:00.672 GPU_Scheduler_0] Waiting for models to be activated: {'model_1': 'activating'}
[2026-08-20 07:02:00.683 GPU_Scheduler_0] Waiting for models to be activated: {'model_1': 'activating'}
[2026-08-20 07:02:00.693 GPU_Scheduler_0] Waiting for models to be activated: {'model_1': 'activating'}
[2026-08-20 07:02:00.704 GPU_Scheduler_0] Waiting for models to be activated: {'model_1': 'activating'}
[2026-08-20 07:02:00.715 GPU_Scheduler_0] Waiting for models to be activated: {'model_1': 'activating'}
[2026-08-20 07:02:00.725 GPU_Scheduler_0] Waiting for models to be activated: {'model_1': 'activating'}
[2026-08-20 07:02:00.736 GPU_Scheduler_0] Waiting for models to be activated: {'model_1': 'activating'}
[2026-08-20 07:02:00.746 GPU_Scheduler_0] Waiting for models to be activated: {'model_1': 'activating'}
[2026-08-20 07:02:00.757 GPU_Scheduler_0] Waiting for models to be activated: {'model_1': 'activating'}
[2026-08-20 07:02:00.768 GPU_Scheduler_0] Waiting for models to be activated: {'model_1': 'activating'}
[2026-08-20 07:02:00.778 GPU_Scheduler_0] Waiting for models to be activated: {'model_1': 'activating'}
[2026-08-20 07:02:00.789 GPU_Scheduler_0] Waiting for models to be activated: {'model_1': 'activating'}
[2026-08-20 07:02:00.799 GPU_Scheduler_0] Waiting for models to be activated: {'model_1': 'activating'}
[2026-08-20 07:02:00.810 GPU_Scheduler_0] Waiting for models to be activated: {'model_1': 'activating'}
[2026-08-20 07:02:00.821 GPU_Scheduler_0] Waiting for models to be activated: {'model_1': 'activating'}
[2026-08-20 07:02:00.831 GPU_Scheduler_0] Waiting for models to be activated: {'model_1': 'activating'}
[2026-08-20 07:02:00.842 GPU_Scheduler_0] Waiting for models to be activated: {'model_1': 'activating'}
[2026-08-20 07:02:00.852 GPU_Scheduler_0] Waiting for models to be activated: {'model_1': 'activating'}
[2026-08-20 07:02:00.863 GPU_Scheduler_0] Waiting for models to be activated: {'model_1': 'activating'}
[2026-08-20 07:02:00.874 GPU_Scheduler_0] Waiting for models to be activated: {'model_1': 'activating'}
[2026-08-20 07:02:00.884 GPU_Scheduler_0] Waiting for models to be activated: {'model_1': 'activating'}
[2026-08-20 07:02:00.895 GPU_Scheduler_0] Waiting for models to be activated: {'model_1': 'activating'}
[2026-08-20 07:02:00.906 GPU_Scheduler_0] Waiting for models to be activated: {'model_1': 'activating'}
[2026-08-20 07:02:00.916 GPU_Scheduler_0] Waiting for models to be activated: {'model_1': 'activating'}
[2026-08-20 07:02:00.927 GPU_Scheduler_0] Waiting for models to be activated: {'model_1': 'activating'}
[2026-08-20 07:02:00.937 GPU_Scheduler_0] Waiting for models to be activated: {'model_1': 'activating'}
[2026-08-20 07:02:00.948 GPU_Scheduler_0] Waiting for models to be activated: {'model_1': 'activating'}
[2026-08-20 07:02:00.958 GPU_Scheduler_0] Waiting for models to be activated: {'model_1': 'activating'}
[2026-08-20 07:02:00.969 GPU_Scheduler_0] Waiting for models to be activated: {'model_1': 'activating'}
[2026-08-20 07:02:00.980 GPU_Scheduler_0] Waiting for models to be activated: {'model_1': 'activating'}
[2026-08-20 07:02:00.990 GPU_Scheduler_0] Waiting for models to be activated: {'model_1': 'activating'}
[2026-08-20 07:02:01.001 GPU_Scheduler_0] Waiting for models to be activated: {'model_1': 'activating'}
[2026-08-20 07:02:01.011 GPU_Scheduler_0] Waiting for models to be activated: {'model_1': 'activating'}
[2026-08-20 07:02:01.022 GPU_Scheduler_0] Waiting for models to be activated: {'model_1': 'activating'}
[2026-08-20 07:02:01.032 GPU_Scheduler_0] Waiting for models to be activated: {'model_1': 'activating'}
[2026-08-20 07:02:01.043 GPU_Scheduler_0] Waiting for models to be activated: {'model_1': 'activating'}
[2026-08-20 07:02:01.054 GPU_Scheduler_0] Waiting for models to be activated: {'model_1': 'activating'}
[2026-08-20 07:02:01.064 GPU_Scheduler_0] Waiting for models to be activated: {'model_1': 'activating'}
[2026-08-20 07:02:01.075 GPU_Scheduler_0] Waiting for models to be activated: {'model_1': 'activating'}
[2026-08-20 07:02:01.086 GPU_Scheduler_0] Waiting for models to be activated: {'model_1': 'activating'}
[2026-08-20 07:02:01.097 GPU_Scheduler_0] Waiting for models to be activated: {'model_1': 'activating'}
[2026-08-20 07:02:01.107 GPU_Scheduler_0] Waiting for models to be activated: {'model_1': 'activating'}
[2026-08-20 07:02:01.118 GPU_Scheduler_0] Waiting for models to be activated: {'model_1': 'activating'}
[2026-08-20 07:02:01.129 GPU_Scheduler_0] Waiting for models to be activated: {'model_1': 'activating'}
[2026-08-20 07:02:01.139 GPU_Scheduler_0] Waiting for models to be activated: {'model_1': 'activating'}
[2026-08-20 07:02:01.150 GPU_Scheduler_0] Waiting for models to be activated: {'model_1': 'activating'}
[2026-08-20 07:02:01.160 GPU_Scheduler_0] Waiting for models to be activated: {'model_1': 'activating'}
[2026-08-20 07:02:01.171 GPU_Scheduler_0] Waiting for models to be activated: {'model_1': 'activating'}
[2026-08-20 07:02:01.181 GPU_Scheduler_0] Waiting for models to be activated: {'model_1': 'activating'}
[2026-08-20 07:02:01.192 GPU_Scheduler_0] Waiting for models to be activated: {'model_1': 'activating'}
[2026-08-20 07:02:01.203 GPU_Scheduler_0] Waiting for models to be activated: {'model_1': 'activating'}
[2026-08-20 07:02:01.213 GPU_Scheduler_0] Waiting for models to be activated: {'model_1': 'activating'}
[2026-08-20 07:02:01.224 GPU_Scheduler_0] Waiting for models to be activated: {'model_1': 'activating'}
[2026-08-20 07:02:01.234 GPU_Scheduler_0] Waiting for models to be activated: {'model_1': 'activating'}
[2026-08-20 07:02:01.245 GPU_Scheduler_0] Waiting for models to be activated: {'model_1': 'activating'}
[2026-08-20 07:02:01.256 GPU_Scheduler_0] Waiting for models to be activated: {'model_1': 'activating'}
[2026-08-20 07:02:01.266 GPU_Scheduler_0] Waiting for models to be activated: {'model_1': 'activating'}
[2026-08-20 07:02:01.277 GPU_Scheduler_0] Waiting for models to be activated: {'model_1': 'activating'}
[2026-08-20 07:02:01.288 GPU_Scheduler_0] Waiting for models to be activated: {'model_1': 'activating'}
[2026-08-20 07:02:01.298 GPU_Scheduler_0] Waiting for models to be activated: {'model_1': 'activating'}
[2026-08-20 07:02:01.309 GPU_Scheduler_0] Waiting for models to be activated: {'model_1': 'activating'}
[2026-08-20 07:02:01.320 GPU_Scheduler_0] Waiting for models to be activated: {'model_1': 'activating'}
[2026-08-20 07:02:01.330 GPU_Scheduler_0] Waiting for models to be activated: {'model_1': 'activating'}
[2026-08-20 07:02:01.341 GPU_Scheduler_0] Waiting for models to be activated: {'model_1': 'activating'}
[2026-08-20 07:02:01.351 GPU_Scheduler_0] Waiting for models to be activated: {'model_1': 'activating'}
[2026-08-20 07:02:01.362 GPU_Scheduler_0] Waiting for models to be activated: {'model_1': 'activating'}
[2026-08-20 07:02:01.373 GPU_Scheduler_0] Waiting for models to be activated: {'model_1': 'activating'}
[2026-08-20 07:02:01.383 GPU_Scheduler_0] Waiting for models to be activated: {'model_1': 'activating'}
[2026-08-20 07:02:01.394 GPU_Scheduler_0] Waiting for models to be activated: {'model_1': 'activating'}
[2026-08-20 07:02:01.405 GPU_Scheduler_0] Waiting for models to be activated: {'model_1': 'activating'}
[2026-08-20 07:02:01.415 GPU_Scheduler_0] Waiting for models to be activated: {'model_1': 'activating'}
[2026-08-20 07:02:01.426 GPU_Scheduler_0] Waiting for models to be activated: {'model_1': 'activating'}
[2026-08-20 07:02:01.437 GPU_Scheduler_0] Waiting for models to be activated: {'model_1': 'activating'}
[2026-08-20 07:02:01.447 GPU_Scheduler_0] Waiting for models to be activated: {'model_1': 'activating'}
[2026-08-20 07:02:01.458 GPU_Scheduler_0] Waiting for models to be activated: {'model_1': 'activating'}
[2026-08-20 07:02:01.469 GPU_Scheduler_0] Waiting for models to be activated: {'model_1': 'activating'}
[2026-08-20 07:02:01.479 GPU_Scheduler_0] Waiting for models to be activated: {'model_1': 'activating'}
[2026-08-20 07:02:01.490 GPU_Scheduler_0] Waiting for models to be activated: {'model_1': 'activating'}
[2026-08-20 07:02:01.500 GPU_Scheduler_0] Waiting for models to be activated: {'model_1': 'activating'}
[2026-08-20 07:02:01.511 GPU_Scheduler_0] Model model_1 (instance 0) activation succeeded on GPU 0
[2026-08-20 07:02:01.516 GPU_Scheduler_0] net_available: inf, queue_len: 0
[2026-08-20 07:02:02.521 GPU_Scheduler_0] net_available: inf, queue_len: 0
[2026-08-20 07:02:03.525 GPU_Scheduler_0] net_available: inf, queue_len: 0
[2026-08-20 07:02:04.535 GPU_Scheduler_0] net_available: inf, queue_len: 0
[2026-08-20 07:02:05.541 GPU_Scheduler_0] net_available: inf, queue_len: 0
[2026-08-20 07:02:06.522 GPU_Scheduler_0] [V5-LOOP] {"iters": 477, "t_mem": 0.009522025706246495, "t_redis": 0.18657293706201017, "t_admit": 0.006587351905182004, "t_send": 0.0006240659859031439, "t_iter": 0.2033063806593418, "admitted": 0, "iter_max": 0.006103501887992024, "gpu_id": 0, "window_s": 5.009267091751099}
[2026-08-20 07:02:06.543 GPU_Scheduler_0] net_available: inf, queue_len: 0
[2026-08-20 07:02:07.553 GPU_Scheduler_0] net_available: inf, queue_len: 0
[2026-08-20 07:02:08.555 GPU_Scheduler_0] net_available: inf, queue_len: 0
[2026-08-20 07:02:08.835 GPU_Scheduler_1] starting GPU scheduler for GPU 1
[2026-08-20 07:02:08.837 GPU_Scheduler_1] Model states init: {'model_1': 'deactivated'}
[2026-08-20 07:02:08.837 GPU_Scheduler_1] [PAPER-TP] WorkerPool gpu=1 owned=[0] shadow=[1] {0: 1, 1: 4}
[2026-08-20 07:02:08.906 GPU_Scheduler_1] net_available: inf, queue_len: 0
[2026-08-20 07:02:09.563 GPU_Scheduler_0] net_available: inf, queue_len: 0
[2026-08-20 07:02:09.911 GPU_Scheduler_1] net_available: inf, queue_len: 0
[2026-08-20 07:02:10.569 GPU_Scheduler_0] net_available: inf, queue_len: 0
[2026-08-20 07:02:10.915 GPU_Scheduler_1] net_available: inf, queue_len: 0
[2026-08-20 07:02:11.525 GPU_Scheduler_0] [V5-LOOP] {"iters": 480, "t_mem": 0.008127057226374745, "t_redis": 0.14452210906893015, "t_admit": 0.006516862194985151, "t_send": 0.0005438241641968489, "t_iter": 0.1597098526544869, "admitted": 0, "iter_max": 0.0013733890373259783, "gpu_id": 0, "window_s": 5.002703666687012}
[2026-08-20 07:02:11.577 GPU_Scheduler_0] net_available: inf, queue_len: 0
[2026-08-20 07:02:11.919 GPU_Scheduler_1] net_available: inf, queue_len: 0
[2026-08-20 07:02:12.581 GPU_Scheduler_0] net_available: inf, queue_len: 0
[2026-08-20 07:02:12.926 GPU_Scheduler_1] net_available: inf, queue_len: 0
[2026-08-20 07:02:13.589 GPU_Scheduler_0] net_available: inf, queue_len: 0
[2026-08-20 07:02:13.914 GPU_Scheduler_1] [V5-LOOP] {"iters": 494, "t_mem": 0.010962624102830887, "t_redis": 0.004056602483615279, "t_admit": 0.009237689431756735, "t_send": 0.0010633033234626055, "t_iter": 0.025320219341665506, "admitted": 0, "iter_max": 0.0006018138956278563, "gpu_id": 1, "window_s": 5.007278680801392}
[2026-08-20 07:02:13.934 GPU_Scheduler_1] net_available: inf, queue_len: 0
[2026-08-20 07:02:14.597 GPU_Scheduler_0] net_available: inf, queue_len: 0
[2026-08-20 07:02:14.941 GPU_Scheduler_1] net_available: inf, queue_len: 0
[2026-08-20 07:02:15.606 GPU_Scheduler_0] net_available: inf, queue_len: 0
[2026-08-20 07:02:15.945 GPU_Scheduler_1] net_available: inf, queue_len: 0
[2026-08-20 07:02:16.411 GPU_Scheduler_2] starting GPU scheduler for GPU 2
[2026-08-20 07:02:16.413 GPU_Scheduler_2] Model states init: {'model_1': 'deactivated'}
[2026-08-20 07:02:16.413 GPU_Scheduler_2] [PAPER-TP] WorkerPool gpu=2 owned=[0] shadow=[1] {0: 1, 1: 4}
[2026-08-20 07:02:16.476 GPU_Scheduler_2] net_available: inf, queue_len: 0
[2026-08-20 07:02:16.535 GPU_Scheduler_0] [V5-LOOP] {"iters": 473, "t_mem": 0.010981448693200946, "t_redis": 0.21306275995448232, "t_admit": 0.007537115830928087, "t_send": 0.0007547694258391857, "t_iter": 0.23233609390445054, "admitted": 0, "iter_max": 0.0015549298841506243, "gpu_id": 0, "window_s": 5.009054899215698}
[2026-08-20 07:02:16.607 GPU_Scheduler_0] net_available: inf, queue_len: 0
[2026-08-20 07:02:16.947 GPU_Scheduler_1] net_available: inf, queue_len: 0
[2026-08-20 07:02:17.480 GPU_Scheduler_2] net_available: inf, queue_len: 0
[2026-08-20 07:02:17.616 GPU_Scheduler_0] net_available: inf, queue_len: 0
[2026-08-20 07:02:17.948 GPU_Scheduler_1] net_available: inf, queue_len: 0
[2026-08-20 07:02:18.484 GPU_Scheduler_2] net_available: inf, queue_len: 0
[2026-08-20 07:02:18.616 GPU_Scheduler_0] net_available: inf, queue_len: 0
[2026-08-20 07:02:18.921 GPU_Scheduler_1] [V5-LOOP] {"iters": 494, "t_mem": 0.008861535461619496, "t_redis": 0.0024933875538408756, "t_admit": 0.006649753311648965, "t_send": 0.0006417348049581051, "t_iter": 0.018646411132067442, "admitted": 0, "iter_max": 0.0003394731320440769, "gpu_id": 1, "window_s": 5.007044792175293}
[2026-08-20 07:02:18.952 GPU_Scheduler_1] net_available: inf, queue_len: 0
[2026-08-20 07:02:19.494 GPU_Scheduler_2] net_available: inf, queue_len: 0
[2026-08-20 07:02:19.626 GPU_Scheduler_0] net_available: inf, queue_len: 0
[2026-08-20 07:02:19.957 GPU_Scheduler_1] net_available: inf, queue_len: 0
[2026-08-20 07:02:20.498 GPU_Scheduler_2] net_available: inf, queue_len: 0
[2026-08-20 07:02:20.635 GPU_Scheduler_0] net_available: inf, queue_len: 0
[2026-08-20 07:02:20.962 GPU_Scheduler_1] net_available: inf, queue_len: 0
[2026-08-20 07:02:21.483 GPU_Scheduler_2] [V5-LOOP] {"iters": 494, "t_mem": 0.010285076918080449, "t_redis": 0.003829754190519452, "t_admit": 0.009237771155312657, "t_send": 0.0009787799790501595, "t_iter": 0.024331382242962718, "admitted": 0, "iter_max": 0.0005133629310876131, "gpu_id": 2, "window_s": 5.0070741176605225}
[2026-08-20 07:02:21.504 GPU_Scheduler_2] net_available: inf, queue_len: 0
[2026-08-20 07:02:21.543 GPU_Scheduler_0] [V5-LOOP] {"iters": 486, "t_mem": 0.00607267371378839, "t_redis": 0.09571195184253156, "t_admit": 0.0038296463899314404, "t_send": 0.00042474991641938686, "t_iter": 0.10603902186267078, "admitted": 0, "iter_max": 0.0005511641502380371, "gpu_id": 0, "window_s": 5.007646560668945}
[2026-08-20 07:02:21.646 GPU_Scheduler_0] net_available: inf, queue_len: 0
[2026-08-20 07:02:21.968 GPU_Scheduler_1] net_available: inf, queue_len: 0
[2026-08-20 07:02:22.507 GPU_Scheduler_2] net_available: inf, queue_len: 0
[2026-08-20 07:02:22.655 GPU_Scheduler_0] net_available: inf, queue_len: 0
[2026-08-20 07:02:22.974 GPU_Scheduler_1] net_available: inf, queue_len: 0
[2026-08-20 07:02:23.510 GPU_Scheduler_2] net_available: inf, queue_len: 0
[2026-08-20 07:02:23.655 GPU_Scheduler_0] net_available: inf, queue_len: 0
[2026-08-20 07:02:23.827 GPU_Scheduler_3] starting GPU scheduler for GPU 3
[2026-08-20 07:02:23.830 GPU_Scheduler_3] Model states init: {'model_1': 'deactivated'}
[2026-08-20 07:02:23.830 GPU_Scheduler_3] [PAPER-TP] WorkerPool gpu=3 owned=[0] shadow=[1] {0: 1, 1: 4}
[2026-08-20 07:02:23.873 GPU_Scheduler_3] net_available: inf, queue_len: 0
[2026-08-20 07:02:23.929 GPU_Scheduler_1] [V5-LOOP] {"iters": 493, "t_mem": 0.011485096998512745, "t_redis": 0.004080826649442315, "t_admit": 0.009462289744988084, "t_send": 0.0009765161667019129, "t_iter": 0.026004729559645057, "admitted": 0, "iter_max": 0.0006790740881115198, "gpu_id": 1, "window_s": 5.0077149868011475}
[2026-08-20 07:02:23.981 GPU_Scheduler_1] net_available: inf, queue_len: 0
[2026-08-20 07:02:24.514 GPU_Scheduler_2] net_available: inf, queue_len: 0
[2026-08-20 07:02:24.663 GPU_Scheduler_0] net_available: inf, queue_len: 0
[2026-08-20 07:02:24.878 GPU_Scheduler_3] net_available: inf, queue_len: 0
[2026-08-20 07:02:24.900 GPU_Scheduler_0] Admitted 1 requests for model_1
[2026-08-20 07:02:24.984 GPU_Scheduler_1] net_available: inf, queue_len: 0
[2026-08-20 07:02:25.522 GPU_Scheduler_2] net_available: inf, queue_len: 0
[2026-08-20 07:02:25.673 GPU_Scheduler_0] net_available: inf, queue_len: 0
[2026-08-20 07:02:25.868 GPU_Scheduler_0] Admitted 1 requests for model_1
[2026-08-20 07:02:25.883 GPU_Scheduler_3] net_available: inf, queue_len: 0
[2026-08-20 07:02:25.989 GPU_Scheduler_1] net_available: inf, queue_len: 0
[2026-08-20 07:02:26.491 GPU_Scheduler_2] [V5-LOOP] {"iters": 493, "t_mem": 0.009286235319450498, "t_redis": 0.0030839298851788044, "t_admit": 0.007412455277517438, "t_send": 0.0007641459815204144, "t_iter": 0.020546766463667154, "admitted": 0, "iter_max": 0.00036431197077035904, "gpu_id": 2, "window_s": 5.0071632862091064}
[2026-08-20 07:02:26.532 GPU_Scheduler_2] net_available: inf, queue_len: 0
[2026-08-20 07:02:26.548 GPU_Scheduler_0] [V5-LOOP] {"iters": 486, "t_mem": 0.006121605401858687, "t_redis": 0.09330698708072305, "t_admit": 0.0036545784678310156, "t_send": 0.0012550000101327896, "t_iter": 0.10433817096054554, "admitted": 2, "iter_max": 0.0008348259143531322, "gpu_id": 0, "window_s": 5.0052220821380615}
[2026-08-20 07:02:26.682 GPU_Scheduler_0] net_available: inf, queue_len: 0
[2026-08-20 07:02:26.888 GPU_Scheduler_3] net_available: inf, queue_len: 0
[2026-08-20 07:02:26.995 GPU_Scheduler_1] net_available: inf, queue_len: 0
[2026-08-20 07:02:27.094 GPU_Scheduler_0] Admitted 1 requests for model_1
[2026-08-20 07:02:27.331 GPU_Scheduler_0] Admitted 1 requests for model_1
[2026-08-20 07:02:27.534 GPU_Scheduler_2] net_available: inf, queue_len: 0
[2026-08-20 07:02:27.547 GPU_Scheduler_0] Admitted 1 requests for model_1
[2026-08-20 07:02:27.691 GPU_Scheduler_0] net_available: inf, queue_len: 0
[2026-08-20 07:02:27.891 GPU_Scheduler_3] net_available: inf, queue_len: 0
[2026-08-20 07:02:28.000 GPU_Scheduler_1] net_available: inf, queue_len: 0
[2026-08-20 07:02:28.536 GPU_Scheduler_2] net_available: inf, queue_len: 0
[2026-08-20 07:02:28.700 GPU_Scheduler_0] net_available: inf, queue_len: 0
[2026-08-20 07:02:28.863 GPU_Scheduler_0] Received signal to shutdown
[2026-08-20 07:02:28.863 GPU_Scheduler_3] Received signal to shutdown
[2026-08-20 07:02:28.863 GPU_Scheduler_2] Received signal to shutdown
[2026-08-20 07:02:28.863 GPU_Scheduler_1] Received signal to shutdown
[2026-08-20 07:02:28.864 GPU_Scheduler_3] Cleaning up GPUScheduler GPU 3 ZMQ sockets and IPC files
[2026-08-20 07:02:28.865 GPU_Scheduler_3] GPUScheduler GPU 3 cleanup completed
[2026-08-20 07:02:28.865 GPU_Scheduler_0] Cleaning up GPUScheduler GPU 0 ZMQ sockets and IPC files
[2026-08-20 07:02:28.865 GPU_Scheduler_3] Cleaning up WorkerPool GPU 3 ZMQ sockets and IPC files
[2026-08-20 07:02:28.865 GPU_Scheduler_3] Removed IPC file: gpu_scheduler_3_to_worker_0
[2026-08-20 07:02:28.865 GPU_Scheduler_3] WorkerPool GPU 3 cleanup completed
[2026-08-20 07:02:28.865 GPU_Scheduler_0] GPUScheduler GPU 0 cleanup completed
[2026-08-20 07:02:28.865 GPU_Scheduler_2] Cleaning up GPUScheduler GPU 2 ZMQ sockets and IPC files
[2026-08-20 07:02:28.865 GPU_Scheduler_0] Cleaning up WorkerPool GPU 0 ZMQ sockets and IPC files
[2026-08-20 07:02:28.865 GPU_Scheduler_0] Removed IPC file: gpu_scheduler_0_to_worker_0
[2026-08-20 07:02:28.865 GPU_Scheduler_0] WorkerPool GPU 0 cleanup completed
[2026-08-20 07:02:28.865 GPU_Scheduler_2] GPUScheduler GPU 2 cleanup completed
[2026-08-20 07:02:28.865 GPU_Scheduler_2] Cleaning up WorkerPool GPU 2 ZMQ sockets and IPC files
[2026-08-20 07:02:28.866 GPU_Scheduler_2] Removed IPC file: gpu_scheduler_2_to_worker_0
[2026-08-20 07:02:28.866 GPU_Scheduler_2] WorkerPool GPU 2 cleanup completed
[2026-08-20 07:02:28.874 GPU_Scheduler_1] Cleaning up GPUScheduler GPU 1 ZMQ sockets and IPC files
[2026-08-20 07:02:28.874 GPU_Scheduler_1] GPUScheduler GPU 1 cleanup completed
[2026-08-20 07:02:28.874 GPU_Scheduler_1] Cleaning up WorkerPool GPU 1 ZMQ sockets and IPC files
[2026-08-20 07:02:28.875 GPU_Scheduler_1] Removed IPC file: gpu_scheduler_1_to_worker_0
[2026-08-20 07:02:28.875 GPU_Scheduler_1] WorkerPool GPU 1 cleanup completed
[2026-08-20 07:02:28.892 GPU_Scheduler_3] Cleaning up GPUScheduler GPU 3 ZMQ sockets and IPC files
[2026-08-20 07:02:28.893 GPU_Scheduler_3] GPUScheduler GPU 3 cleanup completed
[2026-08-20 07:02:28.893 GPU_Scheduler_3] Cleaning up WorkerPool GPU 3 ZMQ sockets and IPC files
[2026-08-20 07:02:28.893 GPU_Scheduler_3] WorkerPool GPU 3 cleanup completed
[2026-08-20 07:02:28.896 GPU_Scheduler_0] Cleaning up GPUScheduler GPU 0 ZMQ sockets and IPC files
[2026-08-20 07:02:28.896 GPU_Scheduler_0] GPUScheduler GPU 0 cleanup completed
[2026-08-20 07:02:28.896 GPU_Scheduler_0] Cleaning up WorkerPool GPU 0 ZMQ sockets and IPC files
[2026-08-20 07:02:28.896 GPU_Scheduler_0] WorkerPool GPU 0 cleanup completed
[2026-08-20 07:02:28.900 GPU_Scheduler_2] Cleaning up GPUScheduler GPU 2 ZMQ sockets and IPC files
[2026-08-20 07:02:28.900 GPU_Scheduler_2] GPUScheduler GPU 2 cleanup completed
[2026-08-20 07:02:28.900 GPU_Scheduler_2] Cleaning up WorkerPool GPU 2 ZMQ sockets and IPC files
[2026-08-20 07:02:28.900 GPU_Scheduler_2] WorkerPool GPU 2 cleanup completed
[2026-08-20 07:02:28.990 GPU_Scheduler_1] Cleaning up GPUScheduler GPU 1 ZMQ sockets and IPC files
[2026-08-20 07:02:28.991 GPU_Scheduler_1] GPUScheduler GPU 1 cleanup completed
[2026-08-20 07:02:28.991 GPU_Scheduler_1] Cleaning up WorkerPool GPU 1 ZMQ sockets and IPC files
[2026-08-20 07:02:28.991 GPU_Scheduler_1] WorkerPool GPU 1 cleanup completed
