Real trace file: /workspace/prism-merge/exp/workloads/final-compare/bursty_r2_s2.pkl
[PRISM_DIRECT] 815 requests, span 419.6s
Starting TP benchmark: paper-faithful-v6_bursty_rate2_seed2
Generated 815 requests
Request model_1#0 arrives at 1589459.698590433, sleeping for 0.42150181415490806 seconds
Request model_4#0 arrives at 1589460.121308093, sleeping for 0.4858687468804419 seconds
Request model_1#1 arrives at 1589460.608580589, sleeping for 0.4635222421493381 seconds
Request model_1#2 arrives at 1589461.073503683, sleeping for 0.28978027938865125 seconds
Request model_1#3 arrives at 1589461.364210978, sleeping for 0.4894943907856941 seconds
Request model_3#0 arrives at 1589461.854348396, sleeping for 0.41136740799993277 seconds
Request model_1#4 arrives at 1589462.267437801, sleeping for 0.5324533965904266 seconds
Request model_1#5 arrives at 1589462.800277767, sleeping for 1.3742849919945002 seconds
Request model_1#6 arrives at 1589464.17702505, sleeping for 1.9679525820538402 seconds
Request model_1#7 arrives at 1589466.145762153, sleeping for 0.2402385277673602 seconds
Request model_4#1 arrives at 1589466.38742279, sleeping for 0.013061579084023833 seconds
Request model_1#8 arrives at 1589466.400858164, sleeping for 0.3313142373226583 seconds
Request model_4#2 arrives at 1589466.73340345, sleeping for 1.0853853614535183 seconds
Request model_1#9 arrives at 1589467.820045042, sleeping for 0.07195210573263466 seconds
Request model_1#10 arrives at 1589467.894270873, sleeping for 0.5207015536725521 seconds
Request model_1#11 arrives at 1589468.415965912, sleeping for 0.12033462524414062 seconds
Request model_1#12 arrives at 1589468.537572007, sleeping for 0.873492423677817 seconds
Request model_4#3 arrives at 1589469.41226245, sleeping for 0.06791375018656254 seconds
Request model_1#13 arrives at 1589469.481577623, sleeping for 0.8515508584678173 seconds
Request model_1#14 arrives at 1589470.334500608, sleeping for 0.002175944158807397 seconds
Request model_4#4 arrives at 1589470.337730193, sleeping for 1.1434023266192526 seconds
Request model_3#1 arrives at 1589471.482978895, sleeping for 0.8625830102246255 seconds
Request model_4#5 arrives at 1589472.347060866, sleeping for 1.553991387365386 seconds
Request model_3#2 arrives at 1589473.902051576, sleeping for 1.5587929282337427 seconds
Request model_1#15 arrives at 1589475.463678557, sleeping for 0.06710605532862246 seconds
Request model_1#16 arrives at 1589475.533079311, sleeping for 0.044445297913625836 seconds
Request model_1#17 arrives at 1589475.578337608, sleeping for 0.9251410148572177 seconds
Request model_1#18 arrives at 1589476.504598837, sleeping for 1.3868678805883974 seconds
Request model_1#19 arrives at 1589477.891934858, sleeping for 0.3667012888472527 seconds
Request model_1#20 arrives at 1589478.25918041, sleeping for 0.4278700891882181 seconds
Request model_3#3 arrives at 1589478.688130006, sleeping for 0.6668255489785224 seconds
Request model_1#21 arrives at 1589479.355875208, sleeping for 0.5692533841356635 seconds
Request model_4#6 arrives at 1589479.927956884, sleeping for 0.048202978214249015 seconds
Request model_4#7 arrives at 1589479.977095941, sleeping for 0.069324437296018 seconds
Request model_1#22 arrives at 1589480.047042589, sleeping for 0.6940541805233806 seconds
Request model_3#4 arrives at 1589480.741582225, sleeping for 1.4318163094576448 seconds
Request model_1#23 arrives at 1589482.176123659, sleeping for 1.0178359849378467 seconds
Request model_4#8 arrives at 1589483.195591862, sleeping for 0.7447922267019749 seconds
Request model_1#24 arrives at 1589483.9410879, sleeping for 0.599720036610961 seconds
Request model_1#25 arrives at 1589484.541808916, sleeping for 0.45515230717137456 seconds
Request model_4#9 arrives at 1589484.997454687, sleeping for 0.4571180837228894 seconds
Request model_4#10 arrives at 1589485.455836939, sleeping for 0.8156088045798242 seconds
Request model_1#26 arrives at 1589486.272244211, sleeping for 0.15235225553624332 seconds
Request model_4#11 arrives at 1589486.425362738, sleeping for 0.1876663863658905 seconds
Request model_4#12 arrives at 1589486.614234449, sleeping for 0.02947304956614971 seconds
Request model_1#27 arrives at 1589486.643935317, sleeping for 0.11296080169267952 seconds
Request model_3#5 arrives at 1589486.757735352, sleeping for 1.833888900000602 seconds
Request model_1#28 arrives at 1589488.592103305, sleeping for 2.345814159139991 seconds
Request model_1#29 arrives at 1589490.939021875, sleeping for 0.7501529240980744 seconds
Request model_4#13 arrives at 1589491.691212944, sleeping for 0.02204903750680387 seconds
Request model_1#30 arrives at 1589491.713505305, sleeping for 0.5035753725096583 seconds
Request model_1#31 arrives at 1589492.21794684, sleeping for 0.05813818355090916 seconds
Request model_4#14 arrives at 1589492.277055355, sleeping for 0.5504578207619488 seconds
Request model_4#15 arrives at 1589492.828293239, sleeping for 0.2131975891534239 seconds
Request model_4#16 arrives at 1589493.04190736, sleeping for 0.05774349323473871 seconds
Request model_4#17 arrives at 1589493.100612481, sleeping for 0.7675322410650551 seconds
Request model_1#32 arrives at 1589493.86856062, sleeping for 0.0568202284630388 seconds
Request model_4#18 arrives at 1589493.926286084, sleeping for 0.10267081926576793 seconds
Request model_1#33 arrives at 1589494.031032798, sleeping for 0.17928712163120508 seconds
Request model_3#6 arrives at 1589494.21086223, sleeping for 0.670514157274738 seconds
Request model_3#7 arrives at 1589494.882040276, sleeping for 0.12509418721310794 seconds
Request model_3#8 arrives at 1589495.008284916, sleeping for 0.06448381883092225 seconds
Request model_1#34 arrives at 1589495.072985863, sleeping for 0.3327842317521572 seconds
Request model_1#35 arrives at 1589495.406220783, sleeping for 0.16972869518212974 seconds
Request model_1#36 arrives at 1589495.577216046, sleeping for 0.6401465975213796 seconds
Request model_1#37 arrives at 1589496.218560903, sleeping for 0.4356584579218179 seconds
Request model_1#38 arrives at 1589496.655313668, sleeping for 0.9351593651808798 seconds
Request model_3#9 arrives at 1589497.591773721, sleeping for 0.6494942912831903 seconds
Request model_4#19 arrives at 1589498.242686911, sleeping for 0.13986326521262527 seconds
Request model_1#39 arrives at 1589498.383595163, sleeping for 0.7522762240841985 seconds
Request model_1#40 arrives at 1589499.137031871, sleeping for 0.48913830146193504 seconds
Request model_4#20 arrives at 1589499.62778648, sleeping for 0.04228292335756123 seconds
Request model_3#10 arrives at 1589499.670899402, sleeping for 0.2964407161343843 seconds
Request model_1#41 arrives at 1589499.968291716, sleeping for 0.19853269471786916 seconds
Request model_1#42 arrives at 1589500.167267814, sleeping for 0.10253274673596025 seconds
Request model_4#21 arrives at 1589500.270274785, sleeping for 0.0216804351657629 seconds
Request model_3#11 arrives at 1589500.292676947, sleeping for 0.6844124973285943 seconds
Request model_1#43 arrives at 1589500.977421017, sleeping for 0.44175264216028154 seconds
Request model_3#12 arrives at 1589501.419931305, sleeping for 0.42721095005981624 seconds
Request model_4#22 arrives at 1589501.848666769, sleeping for 0.11451079952530563 seconds
Request model_1#44 arrives at 1589501.964318087, sleeping for 0.18025788036175072 seconds
Request model_1#45 arrives at 1589502.145101336, sleeping for 1.0553827020339668 seconds
Request model_3#13 arrives at 1589503.200762584, sleeping for 1.0674589234404266 seconds
Request model_1#46 arrives at 1589504.269578383, sleeping for 0.11482263309881091 seconds
Request model_1#47 arrives at 1589504.385225141, sleeping for 0.6725909868255258 seconds
Request model_1#48 arrives at 1589505.058662723, sleeping for 0.1325268903747201 seconds
Request model_1#49 arrives at 1589505.191902556, sleeping for 0.3774043177254498 seconds
Request model_1#50 arrives at 1589505.570139641, sleeping for 0.09748674230650067 seconds
Request model_1#51 arrives at 1589505.668686158, sleeping for 0.008881986839696765 seconds
Request model_4#23 arrives at 1589505.677808968, sleeping for 0.3633808835875243 seconds
Request model_4#24 arrives at 1589506.041411891, sleeping for 0.6579136594664305 seconds
Request model_4#25 arrives at 1589506.699761687, sleeping for 0.049338457407429814 seconds
Request model_4#26 arrives at 1589506.749537799, sleeping for 1.6465554074384272 seconds
Request model_1#52 arrives at 1589508.397212943, sleeping for 1.2334003942087293 seconds
Request model_3#14 arrives at 1589509.632889213, sleeping for 0.16263434058055282 seconds
Request model_1#53 arrives at 1589509.796506449, sleeping for 0.666104584466666 seconds
Request model_1#54 arrives at 1589510.463739833, sleeping for 0.6688298543449491 seconds
Request model_3#15 arrives at 1589511.13391984, sleeping for 0.5594372830819339 seconds
Request model_1#55 arrives at 1589511.69511306, sleeping for 1.3389158628415316 seconds
Request model_3#16 arrives at 1589513.034670576, sleeping for 0.9375119388569146 seconds
Request model_4#27 arrives at 1589513.973447815, sleeping for 0.6619126694276929 seconds
Request model_4#28 arrives at 1589514.635850562, sleeping for 0.39038820448331535 seconds
Request model_3#17 arrives at 1589515.026921654, sleeping for 0.1317962221801281 seconds
Request model_1#56 arrives at 1589515.160713132, sleeping for 0.5362204276025295 seconds
Request model_1#57 arrives at 1589515.697962057, sleeping for 0.06599257397465408 seconds
Request model_4#29 arrives at 1589515.764927861, sleeping for 0.3964815267827362 seconds
Request model_4#30 arrives at 1589516.16197443, sleeping for 0.2402894941624254 seconds
Request model_4#31 arrives at 1589516.40292958, sleeping for 0.3788524849805981 seconds
Request model_3#18 arrives at 1589516.78315638, sleeping for 0.442040276248008 seconds
Request model_1#58 arrives at 1589517.2260014, sleeping for 0.05813342542387545 seconds
Request model_3#19 arrives at 1589517.284696931, sleeping for 0.681928857928142 seconds
Request model_1#59 arrives at 1589517.967984168, sleeping for 0.48785748914815485 seconds
Request model_4#32 arrives at 1589518.4567308, sleeping for 0.21065210946835577 seconds
Request model_1#60 arrives at 1589518.668400306, sleeping for 0.9003397640772164 seconds
Request model_1#61 arrives at 1589519.570770174, sleeping for 0.6393710654228926 seconds
Request model_3#20 arrives at 1589520.212771543, sleeping for 0.9215435795485973 seconds
Request model_3#21 arrives at 1589521.13578432, sleeping for 0.1873490426223725 seconds
Request model_3#22 arrives at 1589521.323908194, sleeping for 0.44193620956502855 seconds
Request model_3#23 arrives at 1589521.766584093, sleeping for 0.4277480028104037 seconds
Request model_1#62 arrives at 1589522.196118181, sleeping for 0.7105177317280322 seconds
Request model_1#63 arrives at 1589522.907305861, sleeping for 0.02129144105128944 seconds
Request model_1#64 arrives at 1589522.929548052, sleeping for 0.4499565733131021 seconds
Request model_3#24 arrives at 1589523.3800426, sleeping for 1.4568114925641567 seconds
Request model_1#65 arrives at 1589524.838292056, sleeping for 0.6946408257354051 seconds
Request model_1#66 arrives at 1589525.534190019, sleeping for 0.12136625871062279 seconds
Request model_3#25 arrives at 1589525.65676019, sleeping for 0.5775477145798504 seconds
Request model_1#67 arrives at 1589526.23516829, sleeping for 1.3622549851424992 seconds
Request model_3#26 arrives at 1589527.598848179, sleeping for 0.4881351988296956 seconds
Request model_4#33 arrives at 1589528.088811451, sleeping for 0.4006097640376538 seconds
Request model_4#34 arrives at 1589528.490632395, sleeping for 0.7342631320934743 seconds
Request model_4#35 arrives at 1589529.226134191, sleeping for 0.17557295807637274 seconds
Request model_1#68 arrives at 1589529.403638414, sleeping for 0.07295588194392622 seconds
Request model_1#69 arrives at 1589529.478126406, sleeping for 0.34207447012886405 seconds
Request model_4#36 arrives at 1589529.820962778, sleeping for 1.393637356813997 seconds
Request model_4#37 arrives at 1589531.215893146, sleeping for 0.5013935251627117 seconds
Request model_1#70 arrives at 1589531.718873867, sleeping for 1.4172822036780417 seconds
Request model_4#38 arrives at 1589533.137267425, sleeping for 0.007020589662715793 seconds
Request model_1#71 arrives at 1589533.144619051, sleeping for 0.8179104484152049 seconds
Request model_4#39 arrives at 1589533.964867698, sleeping for 0.07368591031990945 seconds
Request model_3#27 arrives at 1589534.03946193, sleeping for 0.09799780370667577 seconds
Request model_4#40 arrives at 1589534.13844002, sleeping for 1.0430728755891323 seconds
Request model_4#41 arrives at 1589535.182532144, sleeping for 0.5641796553973109 seconds
Request model_3#28 arrives at 1589535.746990467, sleeping for 0.9889910258352757 seconds
Request model_3#29 arrives at 1589536.737081336, sleeping for 1.1415209288243204 seconds
Request model_1#72 arrives at 1589537.880821435, sleeping for 1.0169495143927634 seconds
Request model_4#42 arrives at 1589538.898833239, sleeping for 0.710103286197409 seconds
Request model_1#73 arrives at 1589539.609990447, sleeping for 0.588397262385115 seconds
Request model_1#74 arrives at 1589540.199401171, sleeping for 1.206337659386918 seconds
Request model_3#30 arrives at 1589541.407001139, sleeping for 0.12100004334934056 seconds
Request model_1#75 arrives at 1589541.528503392, sleeping for 1.5743665874470025 seconds
Request model_4#43 arrives at 1589543.103842442, sleeping for 0.26616305275820196 seconds
Request model_1#76 arrives at 1589543.371372755, sleeping for 0.1658360455185175 seconds
Request model_3#31 arrives at 1589543.538438347, sleeping for 0.20047612441703677 seconds
Request model_1#77 arrives at 1589543.73943083, sleeping for 0.09901079861447215 seconds
Request model_4#44 arrives at 1589543.839150425, sleeping for 0.3310143349226564 seconds
Request model_3#32 arrives at 1589544.170900041, sleeping for 0.9008677087258548 seconds
Request model_1#78 arrives at 1589545.074188883, sleeping for 0.5468248929828405 seconds
Request model_3#33 arrives at 1589545.622008067, sleeping for 1.013450832106173 seconds
Request model_6#0 arrives at 1589546.636571653, sleeping for 0.9891882995143533 seconds
Request model_6#1 arrives at 1589547.627412037, sleeping for 0.17273072339594364 seconds
Request model_3#34 arrives at 1589547.80104042, sleeping for 0.05554857803508639 seconds
Request model_6#2 arrives at 1589547.85718464, sleeping for 1.4318004224915057 seconds
Request model_6#3 arrives at 1589549.290000725, sleeping for 0.0722048927564174 seconds
Request model_5#0 arrives at 1589549.363676751, sleeping for 1.1315653310157359 seconds
Request model_6#4 arrives at 1589550.495912649, sleeping for 0.1830906542018056 seconds
Request model_6#5 arrives at 1589550.67976466, sleeping for 0.42872569779865444 seconds
Request model_3#35 arrives at 1589551.109964021, sleeping for 0.10406615282408893 seconds
Request model_5#1 arrives at 1589551.21539925, sleeping for 0.14568031579256058 seconds
Request model_3#36 arrives at 1589551.361822204, sleeping for 1.2497340973932296 seconds
Request model_6#6 arrives at 1589552.613169096, sleeping for 0.5302124433219433 seconds
Request model_6#7 arrives at 1589553.143917898, sleeping for 0.8209852685686201 seconds
Request model_3#37 arrives at 1589553.967948301, sleeping for 0.05167837277986109 seconds
Request model_2#0 arrives at 1589554.020074651, sleeping for 0.003966602962464094 seconds
Request model_6#8 arrives at 1589554.024939429, sleeping for 0.8283394013997167 seconds
Request model_3#38 arrives at 1589554.854159682, sleeping for 0.758970384253189 seconds
Request model_6#9 arrives at 1589555.615603724, sleeping for 0.6309681164566427 seconds
Request model_3#39 arrives at 1589556.247707974, sleeping for 0.3475490687415004 seconds
Request model_6#10 arrives at 1589556.596274229, sleeping for 0.09648582804948092 seconds
Request model_3#40 arrives at 1589556.693814467, sleeping for 0.10789559176191688 seconds
Request model_5#2 arrives at 1589556.802312149, sleeping for 0.007440217770636082 seconds
Request model_6#11 arrives at 1589556.810601913, sleeping for 0.2255706489086151 seconds
Request model_5#3 arrives at 1589557.037189411, sleeping for 1.0044658628758043 seconds
Request model_3#41 arrives at 1589558.043533272, sleeping for 0.5538977952674031 seconds
Request model_6#12 arrives at 1589558.599023035, sleeping for 0.09884517942555249 seconds
Request model_3#42 arrives at 1589558.698493058, sleeping for 0.31132358754985034 seconds
Request model_6#13 arrives at 1589559.01019851, sleeping for 0.6628502935636789 seconds
Request model_6#14 arrives at 1589559.674563807, sleeping for 0.1439966601319611 seconds
Request model_3#43 arrives at 1589559.820523776, sleeping for 0.03572014253586531 seconds
Request model_3#44 arrives at 1589559.857245848, sleeping for 0.16478573344647884 seconds
Request model_3#45 arrives at 1589560.022675038, sleeping for 0.25291323149576783 seconds
Request model_3#46 arrives at 1589560.276422804, sleeping for 0.3337566570844501 seconds
Request model_6#15 arrives at 1589560.611055522, sleeping for 1.0804495720658451 seconds
Request model_3#47 arrives at 1589561.692169846, sleeping for 0.9479958300944418 seconds
Request model_5#4 arrives at 1589562.643146862, sleeping for 1.1972407551947981 seconds
Request model_6#16 arrives at 1589563.841686527, sleeping for 0.3085504143964499 seconds
Request model_5#5 arrives at 1589564.151180271, sleeping for 0.397127308184281 seconds
Request model_5#6 arrives at 1589564.548881463, sleeping for 0.1380823003128171 seconds
Request model_5#7 arrives at 1589564.688190271, sleeping for 0.47320147627033293 seconds
Request model_5#8 arrives at 1589565.162175767, sleeping for 0.07627469208091497 seconds
Request model_3#48 arrives at 1589565.23942247, sleeping for 0.20888241427019238 seconds
Request model_5#9 arrives at 1589565.449197169, sleeping for 0.4058548843022436 seconds
Request model_5#10 arrives at 1589565.85603798, sleeping for 0.49645818723365664 seconds
Request model_6#17 arrives at 1589566.353424396, sleeping for 0.6057965043000877 seconds
Request model_6#18 arrives at 1589566.96144557, sleeping for 1.0973083779681474 seconds
Request model_3#49 arrives at 1589568.059440743, sleeping for 0.6051141030620784 seconds
Request model_3#50 arrives at 1589568.665701344, sleeping for 0.57411326514557 seconds
Request model_6#19 arrives at 1589569.240923836, sleeping for 0.012218098621815443 seconds
Request model_3#51 arrives at 1589569.254054957, sleeping for 0.3182308573741466 seconds
Request model_3#52 arrives at 1589569.573256996, sleeping for 0.07135776104405522 seconds
Request model_5#11 arrives at 1589569.646348477, sleeping for 1.9113776779267937 seconds
Request model_5#12 arrives at 1589571.558257603, sleeping for 0.4584845080971718 seconds
Request model_6#20 arrives at 1589572.017343174, sleeping for 0.3302411693148315 seconds
Request model_5#13 arrives at 1589572.348095911, sleeping for 0.9691664564888924 seconds
Request model_6#21 arrives at 1589573.318504375, sleeping for 0.26577096222899854 seconds
Request model_3#53 arrives at 1589573.584840798, sleeping for 0.9935771161690354 seconds
Request model_6#22 arrives at 1589574.580294693, sleeping for 0.42309160507284105 seconds
Request model_3#54 arrives at 1589575.004852839, sleeping for 0.5220027992036194 seconds
Request model_3#55 arrives at 1589575.528115823, sleeping for 0.04267750843428075 seconds
Request model_6#23 arrives at 1589575.571356185, sleeping for 0.43500510533340275 seconds
Request model_5#14 arrives at 1589576.00747099, sleeping for 1.0373945417813957 seconds
Request model_3#56 arrives at 1589577.046068776, sleeping for 0.2901286946143955 seconds
Request model_3#57 arrives at 1589577.336956547, sleeping for 0.14174242201261222 seconds
Request model_6#24 arrives at 1589577.479055917, sleeping for 0.1819306444376707 seconds
Request model_6#25 arrives at 1589577.66199812, sleeping for 0.02821321622468531 seconds
Request model_3#58 arrives at 1589577.690782341, sleeping for 0.20617366675287485 seconds
Request model_5#15 arrives at 1589577.899096259, sleeping for 0.2822010861709714 seconds
Request model_3#59 arrives at 1589578.182659273, sleeping for 0.42977990908548236 seconds
Request model_6#26 arrives at 1589578.612985724, sleeping for 0.40761839877814054 seconds
Request model_6#27 arrives at 1589579.021332136, sleeping for 0.7403185141738504 seconds
Request model_3#60 arrives at 1589579.763212286, sleeping for 0.8421591052319854 seconds
Request model_3#61 arrives at 1589580.605733228, sleeping for 1.7555448052007705 seconds
Request model_5#16 arrives at 1589582.363069765, sleeping for 0.007162198657169938 seconds
Request model_3#62 arrives at 1589582.371315548, sleeping for 0.19429718842729926 seconds
Request model_6#28 arrives at 1589582.566198823, sleeping for 0.7434367928653955 seconds
Request model_6#29 arrives at 1589583.311248877, sleeping for 0.22028433810919523 seconds
Request model_3#63 arrives at 1589583.532399263, sleeping for 0.5823790053837001 seconds
Request model_5#17 arrives at 1589584.115800047, sleeping for 0.07968992530368268 seconds
Request model_5#18 arrives at 1589584.196640867, sleeping for 0.24808262079022825 seconds
Request model_6#30 arrives at 1589584.446134321, sleeping for 0.35443181823939085 seconds
Request model_3#64 arrives at 1589584.801591876, sleeping for 0.08774109021760523 seconds
Request model_3#65 arrives at 1589584.890548478, sleeping for 0.842810639180243 seconds
Request model_6#31 arrives at 1589585.734147758, sleeping for 0.518049429403618 seconds
Request model_6#32 arrives at 1589586.253475881, sleeping for 0.1648927265778184 seconds
Request model_5#19 arrives at 1589586.420523702, sleeping for 0.9229026953689754 seconds
Request model_5#20 arrives at 1589587.344597158, sleeping for 0.6147028431296349 seconds
Request model_3#66 arrives at 1589587.960096568, sleeping for 0.004740317817777395 seconds
Request model_5#21 arrives at 1589587.965697861, sleeping for 0.069630570942536 seconds
Request model_5#22 arrives at 1589588.03593099, sleeping for 0.7662234415765852 seconds
Request model_6#33 arrives at 1589588.802968621, sleeping for 0.8393987296149135 seconds
Request model_3#67 arrives at 1589589.643065394, sleeping for 0.050991099793463945 seconds
Request model_5#23 arrives at 1589589.694481068, sleeping for 0.12169345421716571 seconds
Request model_6#34 arrives at 1589589.816954647, sleeping for 0.30387999559752643 seconds
Request model_6#35 arrives at 1589590.121684254, sleeping for 1.94851223542355 seconds
Request model_6#36 arrives at 1589592.071708557, sleeping for 0.820386950392276 seconds
Request model_6#37 arrives at 1589592.893247966, sleeping for 0.08516178675927222 seconds
Request model_6#38 arrives at 1589592.979465928, sleeping for 0.8656905754469335 seconds
Request model_3#68 arrives at 1589593.846470866, sleeping for 0.27446080767549574 seconds
Request model_3#69 arrives at 1589594.121551225, sleeping for 0.15925287175923586 seconds
Request model_5#24 arrives at 1589594.281410301, sleeping for 0.06147169950418174 seconds
Request model_6#39 arrives at 1589594.343163424, sleeping for 1.1008841930888593 seconds
Request model_5#25 arrives at 1589595.44464521, sleeping for 0.027991811744868755 seconds
Request model_3#70 arrives at 1589595.473667713, sleeping for 0.050667168106883764 seconds
Request model_6#40 arrives at 1589595.524484202, sleeping for 0.15572514524683356 seconds
Request model_5#26 arrives at 1589595.681453026, sleeping for 0.35533995530568063 seconds
Request model_5#27 arrives at 1589596.037158763, sleeping for 0.6694070973899215 seconds
Request model_6#41 arrives at 1589596.707458292, sleeping for 0.559737276751548 seconds
Request model_5#28 arrives at 1589597.268055721, sleeping for 0.9869455927982926 seconds
Request model_5#29 arrives at 1589598.256336648, sleeping for 0.9749888840597123 seconds
Request model_6#42 arrives at 1589599.231940499, sleeping for 0.09823317406699061 seconds
Request model_3#71 arrives at 1589599.331042548, sleeping for 0.6397358423564583 seconds
Request model_6#43 arrives at 1589599.971956402, sleeping for 0.4553472902625799 seconds
Request model_6#44 arrives at 1589600.428113709, sleeping for 0.3479145849123597 seconds
Request model_3#72 arrives at 1589600.778341905, sleeping for 0.05046781920827925 seconds
Request model_5#30 arrives at 1589600.828896712, sleeping for 0.050455017713829875 seconds
Request model_6#45 arrives at 1589600.879629541, sleeping for 0.7084105091635138 seconds
Request model_6#46 arrives at 1589601.589109301, sleeping for 0.3268764733802527 seconds
Request model_3#73 arrives at 1589601.917128725, sleeping for 0.06706491066142917 seconds
Request model_3#74 arrives at 1589601.985926063, sleeping for 0.018845855025574565 seconds
Request model_6#47 arrives at 1589602.005608264, sleeping for 0.4617163597140461 seconds
Request model_3#75 arrives at 1589602.468361621, sleeping for 0.3355457838624716 seconds
Request model_5#31 arrives at 1589602.804440758, sleeping for 0.5345737100578845 seconds
Request model_5#32 arrives at 1589603.341660707, sleeping for 0.9337203849572688 seconds
Request model_6#48 arrives at 1589604.277498321, sleeping for 0.0006933091208338737 seconds
Request model_5#33 arrives at 1589604.279336025, sleeping for 0.8286633116658777 seconds
Request model_6#49 arrives at 1589605.108721784, sleeping for 0.11371144442819059 seconds
Request model_6#50 arrives at 1589605.223643055, sleeping for 0.47395496792159975 seconds
Request model_5#34 arrives at 1589605.699924236, sleeping for 0.6825477434322238 seconds
Request model_6#51 arrives at 1589606.383366765, sleeping for 0.11345803178846836 seconds
Request model_3#76 arrives at 1589606.497253009, sleeping for 0.8308848938904703 seconds
Request model_6#52 arrives at 1589607.329151416, sleeping for 0.022033942164853215 seconds
Request model_6#53 arrives at 1589607.352369344, sleeping for 0.21861377824097872 seconds
Request model_6#54 arrives at 1589607.571595904, sleeping for 0.06220719451084733 seconds
Request model_3#77 arrives at 1589607.634630038, sleeping for 0.5901708246674389 seconds
Request model_5#35 arrives at 1589608.225744909, sleeping for 1.2200422217138112 seconds
Request model_5#36 arrives at 1589609.446883301, sleeping for 0.6861267066560686 seconds
Request model_5#37 arrives at 1589610.133350913, sleeping for 0.12380415224470198 seconds
Request model_5#38 arrives at 1589610.25828571, sleeping for 0.028431315207853913 seconds
Request model_6#55 arrives at 1589610.287155512, sleeping for 0.1955895167775452 seconds
Request model_6#56 arrives at 1589610.483129024, sleeping for 0.9456779428292066 seconds
Request model_5#39 arrives at 1589611.429850491, sleeping for 0.4600750526878983 seconds
Request model_6#57 arrives at 1589611.891320499, sleeping for 1.2652578060515225 seconds
Request model_5#40 arrives at 1589613.157173222, sleeping for 0.6888354241382331 seconds
Request model_3#78 arrives at 1589613.846685987, sleeping for 2.3044964547734708 seconds
Request model_3#79 arrives at 1589616.152968845, sleeping for 0.030792610719799995 seconds
Request model_5#41 arrives at 1589616.184033723, sleeping for 0.3599092517979443 seconds
Request model_5#42 arrives at 1589616.544830928, sleeping for 0.0028220978565514088 seconds
Request model_3#80 arrives at 1589616.548525797, sleeping for 0.5912949293851852 seconds
Request model_6#58 arrives at 1589617.140067831, sleeping for 0.3282151611056179 seconds
Request model_6#59 arrives at 1589617.469091373, sleeping for 0.15683289803564548 seconds
Request model_5#43 arrives at 1589617.627063194, sleeping for 0.1816205964423716 seconds
Request model_6#60 arrives at 1589617.809598313, sleeping for 0.1642878339625895 seconds
Request model_6#61 arrives at 1589617.974330416, sleeping for 0.22537801251746714 seconds
Request model_3#81 arrives at 1589618.200337898, sleeping for 0.6603420227766037 seconds
Request model_6#62 arrives at 1589618.860968891, sleeping for 0.6273171782959253 seconds
Request model_5#44 arrives at 1589619.489608969, sleeping for 1.6345140892080963 seconds
Request model_5#45 arrives at 1589621.125857471, sleeping for 0.09140107943676412 seconds
Request model_6#63 arrives at 1589621.218209888, sleeping for 0.27024606545455754 seconds
Request model_5#46 arrives at 1589621.48980136, sleeping for 0.74956398550421 seconds
Request model_3#82 arrives at 1589622.240521563, sleeping for 0.1934998284559697 seconds
Request model_6#64 arrives at 1589622.434658862, sleeping for 0.012389505514875054 seconds
Request model_3#83 arrives at 1589622.447350519, sleeping for 0.2703316432889551 seconds
Request model_3#84 arrives at 1589622.718308315, sleeping for 0.4117331374436617 seconds
Request model_3#85 arrives at 1589623.132157947, sleeping for 0.4882577701937407 seconds
Request model_6#65 arrives at 1589623.621663519, sleeping for 1.0185222283471376 seconds
Request model_6#66 arrives at 1589624.64090603, sleeping for 2.92747857933864 seconds
Request model_6#67 arrives at 1589627.570024048, sleeping for 0.11112331715412438 seconds
Request model_5#47 arrives at 1589627.681489732, sleeping for 0.2986412274185568 seconds
Request model_5#48 arrives at 1589627.981141399, sleeping for 0.2855000130366534 seconds
Request model_6#68 arrives at 1589628.268572362, sleeping for 0.16836638376116753 seconds
Request model_6#69 arrives at 1589628.437332465, sleeping for 0.43387920735403895 seconds
Request model_5#49 arrives at 1589628.872132787, sleeping for 0.11669666599482298 seconds
Request model_3#86 arrives at 1589628.99002364, sleeping for 0.4133080292958766 seconds
Request model_6#70 arrives at 1589629.403954222, sleeping for 0.6734086237847805 seconds
Request model_5#50 arrives at 1589630.07819882, sleeping for 0.10945978155359626 seconds
Request model_3#87 arrives at 1589630.188292753, sleeping for 0.2127051381394267 seconds
Request model_3#88 arrives at 1589630.402308783, sleeping for 1.007120026042685 seconds
Request model_6#71 arrives at 1589631.410848462, sleeping for 0.4721683613024652 seconds
Request model_6#72 arrives at 1589631.885361288, sleeping for 0.15571173653006554 seconds
Request model_6#73 arrives at 1589632.042039279, sleeping for 0.2760861029382795 seconds
Request model_5#51 arrives at 1589632.319380114, sleeping for 0.7492164724972099 seconds
Request model_6#74 arrives at 1589633.069444292, sleeping for 0.9572224074508995 seconds
Request model_6#75 arrives at 1589634.027505493, sleeping for 0.06971762562170625 seconds
Request model_5#52 arrives at 1589634.097494289, sleeping for 0.9645106026437134 seconds
Request model_3#89 arrives at 1589635.062233802, sleeping for 0.6258189519867301 seconds
Request model_3#90 arrives at 1589635.688267109, sleeping for 0.3594034912530333 seconds
Request model_3#91 arrives at 1589636.048338938, sleeping for 0.568703721743077 seconds
Request model_3#92 arrives at 1589636.617952133, sleeping for 0.18747885432094336 seconds
Request model_6#76 arrives at 1589636.80690256, sleeping for 0.1634770950768143 seconds
Request model_4#45 arrives at 1589636.971368381, sleeping for 1.0404518283903599 seconds
Request model_2#1 arrives at 1589638.013458596, sleeping for 0.05220886203460395 seconds
Request model_4#46 arrives at 1589638.065977228, sleeping for 0.10502869309857488 seconds
Request model_1#79 arrives at 1589638.172252242, sleeping for 0.4179683434776962 seconds
Request model_4#47 arrives at 1589638.592470732, sleeping for 0.048288455698639154 seconds
Request model_2#2 arrives at 1589638.641396997, sleeping for 0.08588596782647073 seconds
Request model_4#48 arrives at 1589638.727705098, sleeping for 0.4849867634475231 seconds
Request model_2#3 arrives at 1589639.214208386, sleeping for 0.6696996332611889 seconds
Request model_5#53 arrives at 1589639.8855046, sleeping for 0.6884742034599185 seconds
Request model_2#4 arrives at 1589640.574973952, sleeping for 1.7028475003316998 seconds
Request model_4#49 arrives at 1589642.279772935, sleeping for 0.5060923791024834 seconds
Request model_5#54 arrives at 1589642.78688544, sleeping for 0.6225024578161538 seconds
Request model_4#50 arrives at 1589643.410542118, sleeping for 0.22663465328514576 seconds
Request model_4#51 arrives at 1589643.637729269, sleeping for 0.3695448525249958 seconds
Request model_4#52 arrives at 1589644.008339968, sleeping for 1.5676053969655186 seconds
Request model_4#53 arrives at 1589645.577625651, sleeping for 0.07690384681336582 seconds
Request model_2#5 arrives at 1589645.654890073, sleeping for 0.3458663721103221 seconds
Request model_2#6 arrives at 1589646.001999513, sleeping for 0.23757513449527323 seconds
Request model_2#7 arrives at 1589646.241419827, sleeping for 0.8442251507658511 seconds
Request model_4#54 arrives at 1589647.086805294, sleeping for 0.8188212586101145 seconds
Request model_4#55 arrives at 1589647.906170351, sleeping for 0.11384169314987957 seconds
Request model_1#80 arrives at 1589648.021083771, sleeping for 1.1791917902883142 seconds
Request model_2#8 arrives at 1589649.201158122, sleeping for 0.19783710478805006 seconds
Request model_2#9 arrives at 1589649.400295277, sleeping for 0.11011828831396997 seconds
Request model_4#56 arrives at 1589649.511594, sleeping for 0.1881860038265586 seconds
Request model_2#10 arrives at 1589649.70087388, sleeping for 0.540095048956573 seconds
Request model_2#11 arrives at 1589650.241497902, sleeping for 0.19876674679107964 seconds
Request model_2#12 arrives at 1589650.440500796, sleeping for 0.023179049836471677 seconds
Request model_1#81 arrives at 1589650.464232988, sleeping for 0.27453127480112016 seconds
Request model_1#82 arrives at 1589650.739169185, sleeping for 1.2346933954395354 seconds
Request model_2#13 arrives at 1589651.974313027, sleeping for 0.5522125391289592 seconds
Request model_1#83 arrives at 1589652.527834217, sleeping for 1.2654740656726062 seconds
Request model_2#14 arrives at 1589653.79442161, sleeping for 0.05165769858285785 seconds
Request model_2#15 arrives at 1589653.846297207, sleeping for 1.4751037554815412 seconds
Request model_4#57 arrives at 1589655.323390512, sleeping for 0.4339178882073611 seconds
Request model_4#58 arrives at 1589655.758655617, sleeping for 0.7555563484784216 seconds
Request model_5#55 arrives at 1589656.51492796, sleeping for 0.049408560153096914 seconds
Request model_1#84 arrives at 1589656.564728001, sleeping for 0.708380282856524 seconds
Request model_2#16 arrives at 1589657.273673291, sleeping for 2.0665523894131184 seconds
Request model_2#17 arrives at 1589659.341629012, sleeping for 0.18687849235720932 seconds
Request model_4#59 arrives at 1589659.529603422, sleeping for 0.6229004426859319 seconds
Request model_1#85 arrives at 1589660.153963154, sleeping for 0.1548587461002171 seconds
Request model_1#86 arrives at 1589660.309377375, sleeping for 0.17503490834496915 seconds
Request model_2#18 arrives at 1589660.486751404, sleeping for 1.1996473562903702 seconds
Request model_1#87 arrives at 1589661.68734517, sleeping for 0.8964108743239194 seconds
Request model_1#88 arrives at 1589662.584399811, sleeping for 0.046582784270867705 seconds
Request model_4#60 arrives at 1589662.631475161, sleeping for 0.12202851730398834 seconds
Request model_2#19 arrives at 1589662.754328622, sleeping for 0.07922328636050224 seconds
Request model_2#20 arrives at 1589662.834050373, sleeping for 0.7213959670625627 seconds
Request model_2#21 arrives at 1589663.556420696, sleeping for 0.8335652265232056 seconds
Request model_2#22 arrives at 1589664.390679685, sleeping for 0.5661285740789026 seconds
Request model_4#61 arrives at 1589664.95795244, sleeping for 0.05024603591300547 seconds
Request model_1#89 arrives at 1589665.00874901, sleeping for 0.041314285481348634 seconds
Request model_2#23 arrives at 1589665.050860782, sleeping for 0.3008342261891812 seconds
Request model_1#90 arrives at 1589665.352802145, sleeping for 1.3217850823421031 seconds
Request model_1#91 arrives at 1589666.676028409, sleeping for 0.7278250360395759 seconds
Request model_4#62 arrives at 1589667.406395943, sleeping for 0.2903897955548018 seconds
Request model_1#92 arrives at 1589667.697560293, sleeping for 0.16313683753833175 seconds
Request model_2#24 arrives at 1589667.861421878, sleeping for 0.665974656585604 seconds
Request model_1#93 arrives at 1589668.52885716, sleeping for 0.04253335879184306 seconds
Request model_2#25 arrives at 1589668.571796829, sleeping for 0.2356686475686729 seconds
Request model_2#26 arrives at 1589668.808190109, sleeping for 0.10532933659851551 seconds
Request model_2#27 arrives at 1589668.914509004, sleeping for 0.6016258045565337 seconds
Request model_4#63 arrives at 1589669.517022728, sleeping for 0.0481075975112617 seconds
Request model_2#28 arrives at 1589669.565805732, sleeping for 0.03201178531162441 seconds
Request model_2#29 arrives at 1589669.598878495, sleeping for 0.6822111587971449 seconds
Request model_2#30 arrives at 1589670.281499873, sleeping for 0.692127225222066 seconds
Request model_4#64 arrives at 1589670.974668582, sleeping for 0.10202967002987862 seconds
Request model_4#65 arrives at 1589671.078269415, sleeping for 0.2480157408863306 seconds
Request model_1#94 arrives at 1589671.327316133, sleeping for 0.16017528274096549 seconds
Request model_5#56 arrives at 1589671.488597288, sleeping for 0.2108333061914891 seconds
Request model_4#66 arrives at 1589671.699895526, sleeping for 0.5375730020459741 seconds
Request model_4#67 arrives at 1589672.23839949, sleeping for 0.20585512788966298 seconds
Request model_2#31 arrives at 1589672.445752568, sleeping for 0.0026358498726040125 seconds
Request model_4#68 arrives at 1589672.448926382, sleeping for 0.3409643587656319 seconds
Request model_1#95 arrives at 1589672.790572109, sleeping for 1.0164007861167192 seconds
Request model_1#96 arrives at 1589673.807469577, sleeping for 1.2729436925146729 seconds
Request model_3#93 arrives at 1589675.081495253, sleeping for 0.7661957154050469 seconds
Request model_1#97 arrives at 1589675.848625018, sleeping for 0.6587978324387223 seconds
Request model_2#32 arrives at 1589676.50965403, sleeping for 0.11069114645943046 seconds
Request model_2#33 arrives at 1589676.621186324, sleeping for 0.4245510289911181 seconds
Request model_2#34 arrives at 1589677.047023015, sleeping for 0.24044785578735173 seconds
Request model_4#69 arrives at 1589677.288514334, sleeping for 0.3525913499761373 seconds
Request model_1#98 arrives at 1589677.642189283, sleeping for 1.0014072416815907 seconds
Request model_1#99 arrives at 1589678.645394155, sleeping for 0.2269978711847216 seconds
Request model_4#70 arrives at 1589678.873620823, sleeping for 1.1194787244312465 seconds
Request model_4#71 arrives at 1589679.994238114, sleeping for 0.4699063191656023 seconds
Request model_4#72 arrives at 1589680.466297039, sleeping for 1.1528995605185628 seconds
Request model_2#35 arrives at 1589681.620402006, sleeping for 0.3866078716237098 seconds
Request model_5#57 arrives at 1589682.007895313, sleeping for 0.5252846730872989 seconds
Request model_1#100 arrives at 1589682.534692837, sleeping for 0.020588301587849855 seconds
Request model_2#36 arrives at 1589682.555858519, sleeping for 0.494554053992033 seconds
Request model_1#101 arrives at 1589683.05218081, sleeping for 0.5413307882845402 seconds
Request model_3#94 arrives at 1589683.594854315, sleeping for 0.218121716985479 seconds
Request model_2#37 arrives at 1589683.813463679, sleeping for 0.08106493391096592 seconds
Request model_5#58 arrives at 1589683.894740912, sleeping for 0.02337773609906435 seconds
Request model_1#102 arrives at 1589683.918468353, sleeping for 0.06652263691648841 seconds
Request model_4#73 arrives at 1589683.985374665, sleeping for 0.1522018879186362 seconds
Request model_2#38 arrives at 1589684.138195965, sleeping for 0.7206781732384115 seconds
Request model_2#39 arrives at 1589684.860598587, sleeping for 0.6782765090465546 seconds
Request model_2#40 arrives at 1589685.539736177, sleeping for 1.2449551210738719 seconds
Request model_5#59 arrives at 1589686.786913937, sleeping for 0.006306944414973259 seconds
Request model_1#103 arrives at 1589686.793788069, sleeping for 0.005622988799586892 seconds
Request model_2#41 arrives at 1589686.80045809, sleeping for 1.1774534215219319 seconds
Request model_4#74 arrives at 1589687.979410318, sleeping for 0.12588446214795113 seconds
Request model_4#75 arrives at 1589688.105750005, sleeping for 0.034246213035658 seconds
Request model_3#95 arrives at 1589688.140788833, sleeping for 0.1607987154275179 seconds
Request model_1#104 arrives at 1589688.302457701, sleeping for 1.509309142595157 seconds
Request model_4#76 arrives at 1589689.81341735, sleeping for 0.0003574397414922714 seconds
Request model_1#105 arrives at 1589689.814297216, sleeping for 0.011437242850661278 seconds
Request model_4#77 arrives at 1589689.826212977, sleeping for 0.2587852515280247 seconds
Request model_5#60 arrives at 1589690.086541821, sleeping for 0.2568791634403169 seconds
Request model_2#42 arrives at 1589690.344273324, sleeping for 0.4862153644207865 seconds
Request model_1#106 arrives at 1589690.830802839, sleeping for 0.11768440227024257 seconds
Request model_4#78 arrives at 1589690.950689507, sleeping for 0.11667122947983444 seconds
Request model_2#43 arrives at 1589691.068519679, sleeping for 0.3473523270804435 seconds
Request model_6#77 arrives at 1589691.416511514, sleeping for 1.4578463395591825 seconds
Request model_5#61 arrives at 1589692.875296422, sleeping for 0.032024811720475554 seconds
Request model_6#78 arrives at 1589692.907889792, sleeping for 0.5792583571746945 seconds
Request model_6#79 arrives at 1589693.48897047, sleeping for 0.1773279516492039 seconds
Request model_6#80 arrives at 1589693.667708649, sleeping for 0.4148198983166367 seconds
Request model_6#81 arrives at 1589694.082989749, sleeping for 0.10700165340676904 seconds
Request model_6#82 arrives at 1589694.190504681, sleeping for 0.13952989201061428 seconds
Request model_5#62 arrives at 1589694.330584584, sleeping for 0.545563398860395 seconds
Request model_5#63 arrives at 1589694.877380191, sleeping for 1.5740125104784966 seconds
Request model_5#64 arrives at 1589696.453540437, sleeping for 0.09290260821580887 seconds
Request model_5#65 arrives at 1589696.547481466, sleeping for 1.0071191343013197 seconds
Request model_6#83 arrives at 1589697.557820101, sleeping for 0.7532107341103256 seconds
Request model_6#84 arrives at 1589698.312198377, sleeping for 0.18063776404596865 seconds
Request model_5#66 arrives at 1589698.493656486, sleeping for 1.9899678339716047 seconds
Request model_5#67 arrives at 1589700.484343165, sleeping for 0.9187218493316323 seconds
Request model_5#68 arrives at 1589701.404456939, sleeping for 0.2806833570357412 seconds
Request model_5#69 arrives at 1589701.685887553, sleeping for 0.6014325416181237 seconds
Request model_4#79 arrives at 1589702.289175352, sleeping for 0.6550598042085767 seconds
Request model_4#80 arrives at 1589702.945140143, sleeping for 0.1112949897069484 seconds
Request model_6#85 arrives at 1589703.056857559, sleeping for 1.0589175424538553 seconds
Request model_5#70 arrives at 1589704.117587299, sleeping for 0.7424276559613645 seconds
Request model_5#71 arrives at 1589704.86244297, sleeping for 0.08480278542265296 seconds
Request model_5#72 arrives at 1589704.948071606, sleeping for 0.7219411367550492 seconds
Request model_6#86 arrives at 1589705.670594706, sleeping for 0.20538780209608376 seconds
Request model_6#87 arrives at 1589705.876670684, sleeping for 0.17853541113436222 seconds
Request model_6#88 arrives at 1589706.056038117, sleeping for 0.17478755651973188 seconds
Request model_6#89 arrives at 1589706.231706501, sleeping for 0.712936440249905 seconds
Request model_5#73 arrives at 1589706.945355694, sleeping for 0.09190871776081622 seconds
Request model_5#74 arrives at 1589707.037626941, sleeping for 0.5299561265856028 seconds
Request model_6#90 arrives at 1589707.569107289, sleeping for 0.5860748691484332 seconds
Request model_5#75 arrives at 1589708.156107972, sleeping for 1.0191783409100026 seconds
Request model_5#76 arrives at 1589709.175912838, sleeping for 0.4513347640167922 seconds
Request model_5#77 arrives at 1589709.6281313, sleeping for 0.36314997798763216 seconds
Request model_5#78 arrives at 1589709.991694253, sleeping for 0.7304242716636509 seconds
Request model_4#81 arrives at 1589710.723561335, sleeping for 0.6969240824691951 seconds
Request model_4#82 arrives at 1589711.422802617, sleeping for 0.6032186744268984 seconds
Request model_6#91 arrives at 1589712.02683236, sleeping for 1.2062426949851215 seconds
Request model_4#83 arrives at 1589713.234381463, sleeping for 2.5482880556955934 seconds
Request model_6#92 arrives at 1589715.783853556, sleeping for 0.029159026220440865 seconds
Request model_5#79 arrives at 1589715.813953407, sleeping for 0.2684010004159063 seconds
Request model_5#80 arrives at 1589716.083878373, sleeping for 0.9643007121048868 seconds
Request model_4#84 arrives at 1589717.049372782, sleeping for 0.2088718912564218 seconds
Request model_5#81 arrives at 1589717.259777643, sleeping for 1.3019086080603302 seconds
Request model_5#82 arrives at 1589718.563517841, sleeping for 0.579546834109351 seconds
Request model_6#93 arrives at 1589719.144145535, sleeping for 0.3348078834824264 seconds
Request model_5#83 arrives at 1589719.479454481, sleeping for 0.41766333021223545 seconds
Request model_5#84 arrives at 1589719.897901764, sleeping for 1.0270756960380822 seconds
Request model_5#85 arrives at 1589720.925958691, sleeping for 0.3353547612205148 seconds
Request model_5#86 arrives at 1589721.262778329, sleeping for 0.44125751801766455 seconds
Request model_5#87 arrives at 1589721.705313706, sleeping for 0.11511834943667054 seconds
Request model_5#88 arrives at 1589721.821316604, sleeping for 0.5468692558351904 seconds
Request model_6#94 arrives at 1589722.369535839, sleeping for 0.9407892064191401 seconds
Request model_5#89 arrives at 1589723.312205634, sleeping for 0.15057026268914342 seconds
Request model_5#90 arrives at 1589723.463398761, sleeping for 0.8834100160747766 seconds
Request model_5#91 arrives at 1589724.349696854, sleeping for 0.7200753327924758 seconds
Request model_5#92 arrives at 1589725.07049132, sleeping for 0.10234488756395876 seconds
Request model_6#95 arrives at 1589725.174041932, sleeping for 0.26635032519698143 seconds
Request model_6#96 arrives at 1589725.440955445, sleeping for 0.26770704612135887 seconds
Request model_6#97 arrives at 1589725.710580588, sleeping for 0.20933920377865434 seconds
Request model_6#98 arrives at 1589725.920959948, sleeping for 1.301070629619062 seconds
Request model_5#93 arrives at 1589727.223424286, sleeping for 1.490513710770756 seconds
Request model_6#99 arrives at 1589728.71503603, sleeping for 0.743025632807985 seconds
Request model_4#85 arrives at 1589729.458872603, sleeping for 0.06009815610013902 seconds
Request model_4#86 arrives at 1589729.520370623, sleeping for 0.2044862867332995 seconds
Request model_6#100 arrives at 1589729.725385522, sleeping for 0.03429155936464667 seconds
Request model_6#101 arrives at 1589729.760649552, sleeping for 0.3830797814298421 seconds
Request model_6#102 arrives at 1589730.144832552, sleeping for 0.389622135553509 seconds
Request model_5#94 arrives at 1589730.535190109, sleeping for 0.4684147285297513 seconds
Request model_6#103 arrives at 1589731.00444453, sleeping for 2.1065710349939764 seconds
Request model_6#104 arrives at 1589733.112508031, sleeping for 0.24081812775693834 seconds
Request model_5#95 arrives at 1589733.353993029, sleeping for 0.7859701199922711 seconds
Request model_5#96 arrives at 1589734.141162402, sleeping for 0.13112963596358895 seconds
Request model_6#105 arrives at 1589734.273352064, sleeping for 1.2259074016474187 seconds
Request model_5#97 arrives at 1589735.499722988, sleeping for 0.4497912353836 seconds
Request model_6#106 arrives at 1589735.951639866, sleeping for 0.1828610310330987 seconds
Request model_5#98 arrives at 1589736.135005779, sleeping for 0.9760725044179708 seconds
Request model_5#99 arrives at 1589737.113273815, sleeping for 1.047462945105508 seconds
Request model_5#100 arrives at 1589738.161582886, sleeping for 0.44058100669644773 seconds
Request model_5#101 arrives at 1589738.603061504, sleeping for 0.048233709996566176 seconds
Request model_5#102 arrives at 1589738.65225633, sleeping for 0.03542307438328862 seconds
Request model_6#107 arrives at 1589738.687940713, sleeping for 1.0003589619882405 seconds
Request model_4#87 arrives at 1589739.689619717, sleeping for 0.06678249128162861 seconds
Request model_5#103 arrives at 1589739.757184904, sleeping for 0.2571149116847664 seconds
Request model_5#104 arrives at 1589740.015785103, sleeping for 0.2344898278824985 seconds
Request model_6#108 arrives at 1589740.251414256, sleeping for 0.28215087461285293 seconds
Request model_6#109 arrives at 1589740.534557962, sleeping for 2.2069337852299213 seconds
Request model_5#105 arrives at 1589742.741965692, sleeping for 0.014222753467038274 seconds
Request model_6#110 arrives at 1589742.757115298, sleeping for 0.02931769867427647 seconds
Request model_5#106 arrives at 1589742.787060567, sleeping for 0.11696682032197714 seconds
Request model_5#107 arrives at 1589742.905180481, sleeping for 0.17378155491314828 seconds
Request model_5#108 arrives at 1589743.079588765, sleeping for 0.31409758469089866 seconds
Request model_6#111 arrives at 1589743.394526665, sleeping for 0.06846970249898732 seconds
Request model_6#112 arrives at 1589743.464807382, sleeping for 0.26710706064477563 seconds
Request model_6#113 arrives at 1589743.732634301, sleeping for 0.18769353348761797 seconds
Request model_4#88 arrives at 1589743.92068073, sleeping for 1.0512122015934438 seconds
Request model_5#109 arrives at 1589744.973576416, sleeping for 0.11012877523899078 seconds
Request model_6#114 arrives at 1589745.084896457, sleeping for 0.12362272897735238 seconds
Request model_6#115 arrives at 1589745.209027977, sleeping for 0.6143519396428019 seconds
Request model_6#116 arrives at 1589745.824354625, sleeping for 1.533055319916457 seconds
Request model_5#110 arrives at 1589747.357959458, sleeping for 0.23543788632377982 seconds
Request model_6#117 arrives at 1589747.594134475, sleeping for 0.23700088076293468 seconds
Request model_5#111 arrives at 1589747.833134213, sleeping for 0.4440038474276662 seconds
Request model_5#112 arrives at 1589748.277921636, sleeping for 0.09226876241154969 seconds
Request model_5#113 arrives at 1589748.370792537, sleeping for 0.6712676491588354 seconds
Request model_3#96 arrives at 1589749.04299648, sleeping for 3.599463837686926 seconds
Request model_3#97 arrives at 1589752.643611726, sleeping for 0.24559025513008237 seconds
Request model_6#118 arrives at 1589752.889467706, sleeping for 0.46853475365787745 seconds
Request model_2#44 arrives at 1589753.359048099, sleeping for 1.3746798543725163 seconds
Request model_2#45 arrives at 1589754.735519519, sleeping for 0.5960013479925692 seconds
Request model_3#98 arrives at 1589755.332598516, sleeping for 1.2256465000100434 seconds
Request model_6#119 arrives at 1589756.558792987, sleeping for 0.3286485425196588 seconds
Request model_2#46 arrives at 1589756.88862555, sleeping for 0.48644178663380444 seconds
Request model_3#99 arrives at 1589757.37624283, sleeping for 0.23045693733729422 seconds
Request model_2#47 arrives at 1589757.607487309, sleeping for 0.09957482991740108 seconds
Request model_6#120 arrives at 1589757.708119169, sleeping for 0.4584215448703617 seconds
Request model_2#48 arrives at 1589758.168056197, sleeping for 0.3904925719834864 seconds
Request model_3#100 arrives at 1589758.559986355, sleeping for 0.829537361394614 seconds
Request model_6#121 arrives at 1589759.391008442, sleeping for 0.3600952073466033 seconds
Request model_6#122 arrives at 1589759.752554888, sleeping for 0.18219279614277184 seconds
Request model_6#123 arrives at 1589759.936067502, sleeping for 0.8140348885208368 seconds
Request model_2#49 arrives at 1589760.751156777, sleeping for 0.20535971829667687 seconds
Request model_2#50 arrives at 1589760.958713194, sleeping for 0.6548237942624837 seconds
Request model_3#101 arrives at 1589761.614169768, sleeping for 0.3802029090002179 seconds
Request model_3#102 arrives at 1589761.995501655, sleeping for 1.087106783175841 seconds
Request model_2#51 arrives at 1589763.083982261, sleeping for 0.5132837854325771 seconds
Request model_3#103 arrives at 1589763.59757097, sleeping for 1.3135209665633738 seconds
Request model_3#104 arrives at 1589764.912229685, sleeping for 1.1685127336531878 seconds
Request model_3#105 arrives at 1589766.081993293, sleeping for 0.2091223152820021 seconds
Request model_3#106 arrives at 1589766.2920826, sleeping for 0.7206675224006176 seconds
Request model_2#52 arrives at 1589767.013162515, sleeping for 1.2596660614944994 seconds
Request model_2#53 arrives at 1589768.274225941, sleeping for 0.11917042033746839 seconds
Request model_3#107 arrives at 1589768.395380488, sleeping for 0.5319577842019498 seconds
Request model_6#124 arrives at 1589768.928636356, sleeping for 0.9347260724753141 seconds
Request model_2#54 arrives at 1589769.864550305, sleeping for 0.2255182529333979 seconds
Request model_2#55 arrives at 1589770.091079017, sleeping for 1.0229930384084582 seconds
Request model_2#56 arrives at 1589771.117260735, sleeping for 1.262431479524821 seconds
Request model_3#108 arrives at 1589772.381677397, sleeping for 0.0989102206658572 seconds
Request model_3#109 arrives at 1589772.481624482, sleeping for 0.818540106061846 seconds
Request model_6#125 arrives at 1589773.302259728, sleeping for 0.4240842608269304 seconds
Request model_3#110 arrives at 1589773.727858183, sleeping for 0.39348980877548456 seconds
Request model_3#111 arrives at 1589774.122060368, sleeping for 0.27329264720901847 seconds
Request model_3#112 arrives at 1589774.396352466, sleeping for 0.9283421467989683 seconds
Request model_2#57 arrives at 1589775.32525797, sleeping for 0.18204406672157347 seconds
Request model_3#113 arrives at 1589775.508659893, sleeping for 0.24505245895124972 seconds
Request model_3#114 arrives at 1589775.754482263, sleeping for 0.18960292730480433 seconds
Request model_2#58 arrives at 1589775.944545876, sleeping for 0.02182177291251719 seconds
Request model_5#114 arrives at 1589775.967366021, sleeping for 0.010801368160173297 seconds
Request model_3#115 arrives at 1589775.979146171, sleeping for 0.5888406250160187 seconds
Request model_3#116 arrives at 1589776.568547699, sleeping for 1.0210040234960616 seconds
Request model_6#126 arrives at 1589777.590542995, sleeping for 0.11915866099298 seconds
Request model_2#59 arrives at 1589777.71149746, sleeping for 0.016425340436398983 seconds
Request model_2#60 arrives at 1589777.728205888, sleeping for 0.82357845781371 seconds
Request model_2#61 arrives at 1589778.554654908, sleeping for 0.3064974045846611 seconds
Request model_3#117 arrives at 1589778.861703687, sleeping for 0.39825846743769944 seconds
Request model_3#118 arrives at 1589779.261226312, sleeping for 2.545552693773061 seconds
Request model_2#62 arrives at 1589781.808389342, sleeping for 0.5145701770670712 seconds
Request model_6#127 arrives at 1589782.324115966, sleeping for 0.5866372908931226 seconds
Request model_5#115 arrives at 1589782.911784849, sleeping for 0.41148064751178026 seconds
Request model_3#119 arrives at 1589783.324555986, sleeping for 2.1622950381133705 seconds
Request model_6#128 arrives at 1589785.488484874, sleeping for 0.5086311839986593 seconds
Request model_2#63 arrives at 1589785.998103871, sleeping for 0.730574925430119 seconds
Request model_2#64 arrives at 1589786.729966018, sleeping for 0.07150020240806043 seconds
Request model_6#129 arrives at 1589786.803626631, sleeping for 0.0023598317056894302 seconds
Request model_6#130 arrives at 1589786.806924566, sleeping for 0.1746203990187496 seconds
Request model_6#131 arrives at 1589786.982944693, sleeping for 0.32820283039472997 seconds
Request model_3#120 arrives at 1589787.311977708, sleeping for 0.39309332706034184 seconds
Request model_2#65 arrives at 1589787.706266884, sleeping for 0.05422916612587869 seconds
Request model_2#66 arrives at 1589787.762464773, sleeping for 0.028173368889838457 seconds
Request model_6#132 arrives at 1589787.791410604, sleeping for 0.21624048426747322 seconds
Request model_6#133 arrives at 1589788.008463443, sleeping for 0.05218499316833913 seconds
Request model_3#121 arrives at 1589788.061750381, sleeping for 0.7523045819252729 seconds
Request model_3#122 arrives at 1589788.814744119, sleeping for 0.18568380689248443 seconds
Request model_2#67 arrives at 1589789.001343936, sleeping for 0.05934537760913372 seconds
Request model_2#68 arrives at 1589789.062334432, sleeping for 0.09951292420737445 seconds
Request model_2#69 arrives at 1589789.162084235, sleeping for 0.34684939309954643 seconds
Request model_3#123 arrives at 1589789.50925133, sleeping for 0.24109932268038392 seconds
Request model_2#70 arrives at 1589789.750962828, sleeping for 0.09604612621478736 seconds
Request model_3#124 arrives at 1589789.847890889, sleeping for 0.10460175224579871 seconds
Request model_3#125 arrives at 1589789.954228132, sleeping for 0.4653303059749305 seconds
Request model_3#126 arrives at 1589790.419886243, sleeping for 0.5763858042191714 seconds
Request model_3#127 arrives at 1589790.997076737, sleeping for 0.8823804066050798 seconds
Request model_3#128 arrives at 1589791.881342348, sleeping for 0.5948409351985902 seconds
Request model_3#129 arrives at 1589792.477151264, sleeping for 0.5944311381317675 seconds
Request model_3#130 arrives at 1589793.072368835, sleeping for 0.9894915674813092 seconds
Request model_3#131 arrives at 1589794.062904309, sleeping for 0.31503495830111206 seconds
Request model_3#132 arrives at 1589794.379360349, sleeping for 1.1844657592009753 seconds
Request model_3#133 arrives at 1589795.564997994, sleeping for 0.12529029930010438 seconds
Request model_3#134 arrives at 1589795.69126413, sleeping for 0.15094083873555064 seconds
Request model_3#135 arrives at 1589795.843480284, sleeping for 0.6119420072063804 seconds
Request model_6#134 arrives at 1589796.45634186, sleeping for 1.1549770848359913 seconds
Request model_3#136 arrives at 1589797.6125053, sleeping for 1.6059194873087108 seconds
Request model_3#137 arrives at 1589799.220363684, sleeping for 0.22974887560121715 seconds
Request model_3#138 arrives at 1589799.450944287, sleeping for 0.737988953711465 seconds
Request model_3#139 arrives at 1589800.190563852, sleeping for 0.08052408578805625 seconds
Request model_6#135 arrives at 1589800.272247537, sleeping for 0.26210884377360344 seconds
Request model_3#140 arrives at 1589800.535146866, sleeping for 0.8505083643831313 seconds
Request model_5#116 arrives at 1589801.386766448, sleeping for 0.4369871101807803 seconds
Request model_3#141 arrives at 1589801.824762867, sleeping for 0.041657816618680954 seconds
Request model_3#142 arrives at 1589801.866903769, sleeping for 0.2932541004847735 seconds
Request model_3#143 arrives at 1589802.160917777, sleeping for 0.4352733630221337 seconds
Request model_3#144 arrives at 1589802.597323484, sleeping for 0.3330292063765228 seconds
Request model_3#145 arrives at 1589802.931436108, sleeping for 0.23717527464032173 seconds
Request model_3#146 arrives at 1589803.169059765, sleeping for 0.11968555697239935 seconds
Request model_3#147 arrives at 1589803.290534684, sleeping for 0.32134426455013454 seconds
Request model_3#148 arrives at 1589803.613302941, sleeping for 0.25462719006463885 seconds
Request model_3#149 arrives at 1589803.869132287, sleeping for 1.7674205775838345 seconds
Request model_2#71 arrives at 1589805.637239885, sleeping for 3.131908841896802 seconds
Request model_6#136 arrives at 1589808.77308112, sleeping for 0.7746894347947091 seconds
Request model_3#150 arrives at 1589809.548934141, sleeping for 0.6450194518547505 seconds
Request model_3#151 arrives at 1589810.195389514, sleeping for 0.38763053133152425 seconds
Request model_2#72 arrives at 1589810.5834734, sleeping for 0.22958400542847812 seconds
Request model_5#117 arrives at 1589810.814128554, sleeping for 0.503922856412828 seconds
Request model_5#118 arrives at 1589811.319347586, sleeping for 0.08759268489666283 seconds
Request model_5#119 arrives at 1589811.408963061, sleeping for 0.46548286033794284 seconds
Request model_5#120 arrives at 1589811.875306226, sleeping for 0.09001472452655435 seconds
Request model_5#121 arrives at 1589811.966270422, sleeping for 0.004464172525331378 seconds
Request model_5#122 arrives at 1589811.970961038, sleeping for 0.18432505358941853 seconds
Request model_6#137 arrives at 1589812.155840881, sleeping for 0.09972590883262455 seconds
Request model_6#138 arrives at 1589812.256656932, sleeping for 0.14761070790700614 seconds
Request model_6#139 arrives at 1589812.404713324, sleeping for 1.8843147433362901 seconds
Request model_5#123 arrives at 1589814.291286136, sleeping for 0.2262359014712274 seconds
Request model_5#124 arrives at 1589814.518519233, sleeping for 0.9323190222494304 seconds
Request model_5#125 arrives at 1589815.453550801, sleeping for 0.6951084255706519 seconds
Request model_6#140 arrives at 1589816.151526557, sleeping for 0.6276629539206624 seconds
Request model_6#141 arrives at 1589816.780429014, sleeping for 2.164150547236204 seconds
Request model_5#126 arrives at 1589818.94482905, sleeping for 0.04377809725701809 seconds
Request model_2#73 arrives at 1589818.989006038, sleeping for 0.3069664752110839 seconds
Request model_5#127 arrives at 1589819.296674409, sleeping for 0.45959192933514714 seconds
Request model_2#74 arrives at 1589819.757531952, sleeping for 0.4567184366751462 seconds
Request model_6#142 arrives at 1589820.215958577, sleeping for 0.7341975676827133 seconds
Request model_3#152 arrives at 1589820.951982503, sleeping for 0.722320819972083 seconds
Request model_5#128 arrives at 1589821.674861679, sleeping for 0.0770176942460239 seconds
Request model_5#129 arrives at 1589821.752285101, sleeping for 0.6057760680560023 seconds
Request model_3#153 arrives at 1589822.359572423, sleeping for 0.023232962004840374 seconds
Request model_5#130 arrives at 1589822.383421765, sleeping for 0.1048073738347739 seconds
Request model_5#131 arrives at 1589822.489166164, sleeping for 0.11105361650697887 seconds
Request model_5#132 arrives at 1589822.60124959, sleeping for 0.04729500808753073 seconds
Request model_5#133 arrives at 1589822.648947235, sleeping for 0.0893534712959081 seconds
Request model_6#143 arrives at 1589822.73864713, sleeping for 0.22469727229326963 seconds
Request model_6#144 arrives at 1589822.964509807, sleeping for 0.37604893487878144 seconds
Request model_6#145 arrives at 1589823.341424078, sleeping for 0.7435572405811399 seconds
Request model_3#154 arrives at 1589824.086140711, sleeping for 0.8730183187872171 seconds
Request model_6#146 arrives at 1589824.961401931, sleeping for 0.679082537535578 seconds
Request model_6#147 arrives at 1589825.64153915, sleeping for 0.06776310014538467 seconds
Request model_3#155 arrives at 1589825.710304545, sleeping for 0.12985168979503214 seconds
Request model_5#134 arrives at 1589825.841061795, sleeping for 1.4414607945363969 seconds
Request model_5#135 arrives at 1589827.284247826, sleeping for 0.7842777431942523 seconds
Request model_5#136 arrives at 1589828.069475718, sleeping for 0.14636228373274207 seconds
Request model_5#137 arrives at 1589828.216126289, sleeping for 0.6372175912838429 seconds
Request model_5#138 arrives at 1589828.855579076, sleeping for 0.061471711844205856 seconds
Request model_6#148 arrives at 1589828.9175146, sleeping for 0.3741579295601696 seconds
Request model_6#149 arrives at 1589829.292427205, sleeping for 0.44928083987906575 seconds
Request model_5#139 arrives at 1589829.742130953, sleeping for 0.8483701513614506 seconds
Request model_6#150 arrives at 1589830.592366882, sleeping for 0.19057439360767603 seconds
Request model_6#151 arrives at 1589830.783366852, sleeping for 1.0093068790156394 seconds
Request model_6#152 arrives at 1589831.793482342, sleeping for 0.28591262688860297 seconds
Request model_5#140 arrives at 1589832.081901606, sleeping for 0.4818751416169107 seconds
Request model_6#153 arrives at 1589832.564714286, sleeping for 0.14391472795978189 seconds
Request model_6#154 arrives at 1589832.709636935, sleeping for 0.8349080497864634 seconds
Request model_6#155 arrives at 1589833.546431, sleeping for 0.11769278300926089 seconds
Request model_6#156 arrives at 1589833.665821793, sleeping for 0.27899496746249497 seconds
Request model_6#157 arrives at 1589833.945404789, sleeping for 0.020581508055329323 seconds
Request model_3#156 arrives at 1589833.966709192, sleeping for 0.009752973914146423 seconds
Request model_5#141 arrives at 1589833.977957248, sleeping for 0.11320784757845104 seconds
Request model_5#142 arrives at 1589834.091772389, sleeping for 1.6170908617787063 seconds
Request model_6#158 arrives at 1589835.710038407, sleeping for 0.5752164197620004 seconds
Request model_5#143 arrives at 1589836.286571063, sleeping for 0.14216003543697298 seconds
Request model_2#75 arrives at 1589836.429430995, sleeping for 0.37768265302293 seconds
Request model_6#159 arrives at 1589836.807903707, sleeping for 0.04955213447101414 seconds
Request model_5#144 arrives at 1589836.85793117, sleeping for 1.4896696258801967 seconds
Request model_6#160 arrives at 1589838.350354966, sleeping for 0.05683494103141129 seconds
Request model_6#161 arrives at 1589838.407512053, sleeping for 0.3912105308845639 seconds
Request model_5#145 arrives at 1589838.801161272, sleeping for 0.7019420838914812 seconds
Request model_5#146 arrives at 1589839.504186244, sleeping for 0.29612279892899096 seconds
Request model_6#162 arrives at 1589839.80188731, sleeping for 0.7511089865583926 seconds
Request model_5#147 arrives at 1589840.554094058, sleeping for 0.009978775167837739 seconds
Request model_6#163 arrives at 1589840.565468695, sleeping for 0.026546719716861844 seconds
Request model_6#164 arrives at 1589840.593146697, sleeping for 0.024912292836233974 seconds
Request model_6#165 arrives at 1589840.618966574, sleeping for 0.49759120820090175 seconds
Request model_5#148 arrives at 1589841.117856587, sleeping for 0.035442596999928355 seconds
Request model_6#166 arrives at 1589841.153936293, sleeping for 2.6137751704081893 seconds
Request model_5#149 arrives at 1589843.769006528, sleeping for 0.050104524940252304 seconds
Request model_5#150 arrives at 1589843.819512434, sleeping for 0.37569535057991743 seconds
Request model_6#167 arrives at 1589844.196180513, sleeping for 0.35940307285636663 seconds
Request model_6#168 arrives at 1589844.557250462, sleeping for 0.15607283171266317 seconds
Request model_5#151 arrives at 1589844.714455603, sleeping for 0.005358422873541713 seconds
Request model_5#152 arrives at 1589844.720410939, sleeping for 0.28624438610859215 seconds
Request model_2#76 arrives at 1589845.008208989, sleeping for 0.9951679282821715 seconds
Request model_5#153 arrives at 1589846.00423905, sleeping for 0.03428466082550585 seconds
Request model_3#157 arrives at 1589846.039368489, sleeping for 0.09646221809089184 seconds
Request model_5#154 arrives at 1589846.13629841, sleeping for 0.08918789634481072 seconds
Request model_5#155 arrives at 1589846.226365698, sleeping for 0.037085918709635735 seconds
Request model_5#156 arrives at 1589846.264299378, sleeping for 0.6348107475787401 seconds
Request model_5#157 arrives at 1589846.90054668, sleeping for 0.2019440159201622 seconds
Request model_5#158 arrives at 1589847.103697113, sleeping for 0.5274554234929383 seconds
Request model_6#169 arrives at 1589847.631769338, sleeping for 0.3616744049359113 seconds
Request model_6#170 arrives at 1589847.994238028, sleeping for 0.02212333446368575 seconds
Request model_5#159 arrives at 1589848.016597858, sleeping for 0.5194557532668114 seconds
Request model_6#171 arrives at 1589848.536841604, sleeping for 0.5776027226820588 seconds
Request model_5#160 arrives at 1589849.115628127, sleeping for 0.3426150199957192 seconds
Request model_5#161 arrives at 1589849.45883816, sleeping for 0.028393055079504848 seconds
Request model_5#162 arrives at 1589849.487657891, sleeping for 1.2113317283801734 seconds
Request model_6#172 arrives at 1589850.699540372, sleeping for 1.0551759721711278 seconds
Request model_6#173 arrives at 1589851.757411225, sleeping for 0.07434274163097143 seconds
Request model_6#174 arrives at 1589851.832931512, sleeping for 0.8707150127738714 seconds
Request model_5#163 arrives at 1589852.70411105, sleeping for 0.36609897762537 seconds
Request model_1#107 arrives at 1589853.071749019, sleeping for 1.55368806514889 seconds
Request model_6#175 arrives at 1589854.627023963, sleeping for 0.6234639545436949 seconds
Request model_4#89 arrives at 1589855.251840738, sleeping for 0.3799276363570243 seconds
Request model_6#176 arrives at 1589855.632220844, sleeping for 0.8893020479008555 seconds
Request model_4#90 arrives at 1589856.523418355, sleeping for 0.2502138656564057 seconds
Request model_6#177 arrives at 1589856.774924847, sleeping for 0.19801643374376 seconds
Request model_5#164 arrives at 1589856.97430706, sleeping for 0.841144707519561 seconds
Request model_6#178 arrives at 1589857.816187263, sleeping for 0.2852186723612249 seconds
Request model_4#91 arrives at 1589858.103468848, sleeping for 1.3219016585499048 seconds
Request model_5#165 arrives at 1589859.4268775, sleeping for 0.4134821111802012 seconds
Request model_4#92 arrives at 1589859.840896444, sleeping for 1.2801213299389929 seconds
Request model_1#108 arrives at 1589861.121914422, sleeping for 1.4183825426734984 seconds
Request model_6#179 arrives at 1589862.541416808, sleeping for 0.20985313737764955 seconds
Request model_1#109 arrives at 1589862.751917237, sleeping for 0.2942033533472568 seconds
Request model_4#93 arrives at 1589863.047290114, sleeping for 0.9389350728597492 seconds
Request model_6#180 arrives at 1589863.987886331, sleeping for 0.1452206817921251 seconds
Request model_1#110 arrives at 1589864.134019827, sleeping for 0.22560314182192087 seconds
Request model_6#181 arrives at 1589864.360262286, sleeping for 0.31574821122922003 seconds
Request model_4#94 arrives at 1589864.676990716, sleeping for 0.3350332479458302 seconds
Request model_1#111 arrives at 1589865.013446317, sleeping for 1.117747911484912 seconds
Request model_6#182 arrives at 1589866.132264405, sleeping for 0.0007045438978821039 seconds
Request model_6#183 arrives at 1589866.133449284, sleeping for 0.6879055548924953 seconds
Request model_6#184 arrives at 1589866.822323978, sleeping for 0.20008261501789093 seconds
Request model_6#185 arrives at 1589867.023518185, sleeping for 0.7509409869089723 seconds
Request model_1#112 arrives at 1589867.775677261, sleeping for 0.5844999528490007 seconds
Request model_1#113 arrives at 1589868.361572438, sleeping for 0.7421054560691118 seconds
Request model_1#114 arrives at 1589869.10530003, sleeping for 0.038408066146075726 seconds
Request model_6#186 arrives at 1589869.144385209, sleeping for 0.2512410497292876 seconds
Request model_1#115 arrives at 1589869.396044601, sleeping for 0.12669626018032432 seconds
Request model_6#187 arrives at 1589869.523903908, sleeping for 0.7368604901712388 seconds
Request model_1#116 arrives at 1589870.261136481, sleeping for 0.046856738394126296 seconds
Request model_6#188 arrives at 1589870.308385852, sleeping for 0.8415748949628323 seconds
Request model_6#189 arrives at 1589871.151185661, sleeping for 0.49693623813800514 seconds
Request model_1#117 arrives at 1589871.64972846, sleeping for 0.06254859664477408 seconds
Request model_4#95 arrives at 1589871.712772382, sleeping for 0.2870111968368292 seconds
Request model_6#190 arrives at 1589872.001426127, sleeping for 0.0036438193637877703 seconds
Request model_6#191 arrives at 1589872.006183144, sleeping for 1.2038415488786995 seconds
Request model_1#118 arrives at 1589873.210678726, sleeping for 0.29097325005568564 seconds
Request model_6#192 arrives at 1589873.502051452, sleeping for 0.13723032176494598 seconds
Request model_6#193 arrives at 1589873.640098307, sleeping for 0.6871301711071283 seconds
Request model_1#119 arrives at 1589874.3276541, sleeping for 0.5355808162130415 seconds
Request model_1#120 arrives at 1589874.864077018, sleeping for 1.341453014407307 seconds
Request model_6#194 arrives at 1589876.207778874, sleeping for 2.4581122300587595 seconds
Request model_6#195 arrives at 1589878.667111992, sleeping for 0.09868539706803858 seconds
Request model_6#196 arrives at 1589878.766368001, sleeping for 0.9245043720584363 seconds
============================================================
BENCHMARK RESULTS
============================================================
Completed requests: 815
Aborted requests: 0
Request throughput: 1.90 req/s
Input throughput: 590.52 tokens/s
Output throughput: 303.70 tokens/s
Mean TTFT: 324.1 ms
P99 TTFT: 6280.3 ms
Mean TPOT: 33.9 ms
P99 TPOT: 60.1 ms
Mean Latency: 5743.8 ms
P99 Latency: 18919.3 ms
============================================================
Results saved to /workspace/prism-merge/exp/results/final-prototype-vs-paper-faithful/raw/armC/raw/paper-faithful-v6/bursty/rate_2/seed_2
Requests saved to /workspace/prism-merge/exp/results/final-prototype-vs-paper-faithful/raw/armC/raw/paper-faithful-v6/bursty/rate_2/seed_2/requests
