[2026-08-20 07:28:28.218 GPU_Scheduler_0] starting GPU scheduler for GPU 0
[2026-08-20 07:28:28.220 GPU_Scheduler_0] Model states init: {'model_1': 'deactivated'}
[2026-08-20 07:28:28.221 GPU_Scheduler_0] [PAPER-TP] WorkerPool gpu=0 owned=[0, 1, 2, 3] shadow=[] {0: 1, 1: 2, 2: 2, 3: 2}
[2026-08-20 07:28:29.765 GPU_Scheduler_0] [PAPER-TP] activating model_1 tp_size=2 on gpus=[0, 1] slot=1 (owner gpu=0)
[2026-08-20 07:28:29.765 GPU_Scheduler_0] Assign worker 1 to model_1. Current model_to_worker: {'model_1': 1}
[2026-08-20 07:28:29.768 GPU_Scheduler_0] Waiting for models to be activated: {'model_1': 'activating'}
[2026-08-20 07:28:29.778 GPU_Scheduler_0] Waiting for models to be activated: {'model_1': 'activating'}
[2026-08-20 07:28:29.789 GPU_Scheduler_0] Waiting for models to be activated: {'model_1': 'activating'}
[2026-08-20 07:28:29.799 GPU_Scheduler_0] Waiting for models to be activated: {'model_1': 'activating'}
[2026-08-20 07:28:29.809 GPU_Scheduler_0] Waiting for models to be activated: {'model_1': 'activating'}
[2026-08-20 07:28:29.819 GPU_Scheduler_0] Waiting for models to be activated: {'model_1': 'activating'}
[2026-08-20 07:28:29.830 GPU_Scheduler_0] Waiting for models to be activated: {'model_1': 'activating'}
[2026-08-20 07:28:29.840 GPU_Scheduler_0] Waiting for models to be activated: {'model_1': 'activating'}
[2026-08-20 07:28:29.851 GPU_Scheduler_0] Waiting for models to be activated: {'model_1': 'activating'}
[2026-08-20 07:28:29.861 GPU_Scheduler_0] Waiting for models to be activated: {'model_1': 'activating'}
[2026-08-20 07:28:29.871 GPU_Scheduler_0] Waiting for models to be activated: {'model_1': 'activating'}
[2026-08-20 07:28:29.882 GPU_Scheduler_0] Waiting for models to be activated: {'model_1': 'activating'}
[2026-08-20 07:28:29.892 GPU_Scheduler_0] Waiting for models to be activated: {'model_1': 'activating'}
[2026-08-20 07:28:29.903 GPU_Scheduler_0] Waiting for models to be activated: {'model_1': 'activating'}
[2026-08-20 07:28:29.913 GPU_Scheduler_0] Waiting for models to be activated: {'model_1': 'activating'}
[2026-08-20 07:28:29.924 GPU_Scheduler_0] Waiting for models to be activated: {'model_1': 'activating'}
[2026-08-20 07:28:29.934 GPU_Scheduler_0] Waiting for models to be activated: {'model_1': 'activating'}
[2026-08-20 07:28:29.944 GPU_Scheduler_0] Waiting for models to be activated: {'model_1': 'activating'}
[2026-08-20 07:28:29.955 GPU_Scheduler_0] Waiting for models to be activated: {'model_1': 'activating'}
[2026-08-20 07:28:29.965 GPU_Scheduler_0] Waiting for models to be activated: {'model_1': 'activating'}
[2026-08-20 07:28:29.976 GPU_Scheduler_0] Waiting for models to be activated: {'model_1': 'activating'}
[2026-08-20 07:28:29.986 GPU_Scheduler_0] Waiting for models to be activated: {'model_1': 'activating'}
[2026-08-20 07:28:29.997 GPU_Scheduler_0] Waiting for models to be activated: {'model_1': 'activating'}
[2026-08-20 07:28:30.007 GPU_Scheduler_0] Waiting for models to be activated: {'model_1': 'activating'}
[2026-08-20 07:28:30.018 GPU_Scheduler_0] Waiting for models to be activated: {'model_1': 'activating'}
[2026-08-20 07:28:30.028 GPU_Scheduler_0] Waiting for models to be activated: {'model_1': 'activating'}
[2026-08-20 07:28:30.039 GPU_Scheduler_0] Waiting for models to be activated: {'model_1': 'activating'}
[2026-08-20 07:28:30.049 GPU_Scheduler_0] Waiting for models to be activated: {'model_1': 'activating'}
[2026-08-20 07:28:30.060 GPU_Scheduler_0] Waiting for models to be activated: {'model_1': 'activating'}
[2026-08-20 07:28:30.070 GPU_Scheduler_0] Waiting for models to be activated: {'model_1': 'activating'}
[2026-08-20 07:28:30.081 GPU_Scheduler_0] Waiting for models to be activated: {'model_1': 'activating'}
[2026-08-20 07:28:30.091 GPU_Scheduler_0] Waiting for models to be activated: {'model_1': 'activating'}
[2026-08-20 07:28:30.102 GPU_Scheduler_0] Waiting for models to be activated: {'model_1': 'activating'}
[2026-08-20 07:28:30.112 GPU_Scheduler_0] Waiting for models to be activated: {'model_1': 'activating'}
[2026-08-20 07:28:30.123 GPU_Scheduler_0] Waiting for models to be activated: {'model_1': 'activating'}
[2026-08-20 07:28:30.133 GPU_Scheduler_0] Waiting for models to be activated: {'model_1': 'activating'}
[2026-08-20 07:28:30.144 GPU_Scheduler_0] Waiting for models to be activated: {'model_1': 'activating'}
[2026-08-20 07:28:30.154 GPU_Scheduler_0] Waiting for models to be activated: {'model_1': 'activating'}
[2026-08-20 07:28:30.165 GPU_Scheduler_0] Waiting for models to be activated: {'model_1': 'activating'}
[2026-08-20 07:28:30.175 GPU_Scheduler_0] Waiting for models to be activated: {'model_1': 'activating'}
[2026-08-20 07:28:30.185 GPU_Scheduler_0] Waiting for models to be activated: {'model_1': 'activating'}
[2026-08-20 07:28:30.196 GPU_Scheduler_0] Waiting for models to be activated: {'model_1': 'activating'}
[2026-08-20 07:28:30.206 GPU_Scheduler_0] Waiting for models to be activated: {'model_1': 'activating'}
[2026-08-20 07:28:30.217 GPU_Scheduler_0] Waiting for models to be activated: {'model_1': 'activating'}
[2026-08-20 07:28:30.227 GPU_Scheduler_0] Waiting for models to be activated: {'model_1': 'activating'}
[2026-08-20 07:28:30.237 GPU_Scheduler_0] Waiting for models to be activated: {'model_1': 'activating'}
[2026-08-20 07:28:30.248 GPU_Scheduler_0] Waiting for models to be activated: {'model_1': 'activating'}
[2026-08-20 07:28:30.258 GPU_Scheduler_0] Waiting for models to be activated: {'model_1': 'activating'}
[2026-08-20 07:28:30.268 GPU_Scheduler_0] Waiting for models to be activated: {'model_1': 'activating'}
[2026-08-20 07:28:30.279 GPU_Scheduler_0] Waiting for models to be activated: {'model_1': 'activating'}
[2026-08-20 07:28:30.289 GPU_Scheduler_0] Waiting for models to be activated: {'model_1': 'activating'}
[2026-08-20 07:28:30.299 GPU_Scheduler_0] Waiting for models to be activated: {'model_1': 'activating'}
[2026-08-20 07:28:30.310 GPU_Scheduler_0] Waiting for models to be activated: {'model_1': 'activating'}
[2026-08-20 07:28:30.320 GPU_Scheduler_0] Waiting for models to be activated: {'model_1': 'activating'}
[2026-08-20 07:28:30.330 GPU_Scheduler_0] Waiting for models to be activated: {'model_1': 'activating'}
[2026-08-20 07:28:30.340 GPU_Scheduler_0] Waiting for models to be activated: {'model_1': 'activating'}
[2026-08-20 07:28:30.350 GPU_Scheduler_0] Waiting for models to be activated: {'model_1': 'activating'}
[2026-08-20 07:28:30.361 GPU_Scheduler_0] Waiting for models to be activated: {'model_1': 'activating'}
[2026-08-20 07:28:30.371 GPU_Scheduler_0] Waiting for models to be activated: {'model_1': 'activating'}
[2026-08-20 07:28:30.381 GPU_Scheduler_0] Waiting for models to be activated: {'model_1': 'activating'}
[2026-08-20 07:28:30.391 GPU_Scheduler_0] Waiting for models to be activated: {'model_1': 'activating'}
[2026-08-20 07:28:30.402 GPU_Scheduler_0] Waiting for models to be activated: {'model_1': 'activating'}
[2026-08-20 07:28:30.412 GPU_Scheduler_0] Waiting for models to be activated: {'model_1': 'activating'}
[2026-08-20 07:28:30.422 GPU_Scheduler_0] Waiting for models to be activated: {'model_1': 'activating'}
[2026-08-20 07:28:30.432 GPU_Scheduler_0] Waiting for models to be activated: {'model_1': 'activating'}
[2026-08-20 07:28:30.442 GPU_Scheduler_0] Waiting for models to be activated: {'model_1': 'activating'}
[2026-08-20 07:28:30.453 GPU_Scheduler_0] Waiting for models to be activated: {'model_1': 'activating'}
[2026-08-20 07:28:30.463 GPU_Scheduler_0] Waiting for models to be activated: {'model_1': 'activating'}
[2026-08-20 07:28:30.473 GPU_Scheduler_0] Waiting for models to be activated: {'model_1': 'activating'}
[2026-08-20 07:28:30.483 GPU_Scheduler_0] Waiting for models to be activated: {'model_1': 'activating'}
[2026-08-20 07:28:30.494 GPU_Scheduler_0] Waiting for models to be activated: {'model_1': 'activating'}
[2026-08-20 07:28:30.504 GPU_Scheduler_0] Waiting for models to be activated: {'model_1': 'activating'}
[2026-08-20 07:28:30.514 GPU_Scheduler_0] Waiting for models to be activated: {'model_1': 'activating'}
[2026-08-20 07:28:30.524 GPU_Scheduler_0] Waiting for models to be activated: {'model_1': 'activating'}
[2026-08-20 07:28:30.534 GPU_Scheduler_0] Waiting for models to be activated: {'model_1': 'activating'}
[2026-08-20 07:28:30.545 GPU_Scheduler_0] Waiting for models to be activated: {'model_1': 'activating'}
[2026-08-20 07:28:30.555 GPU_Scheduler_0] Waiting for models to be activated: {'model_1': 'activating'}
[2026-08-20 07:28:30.565 GPU_Scheduler_0] Waiting for models to be activated: {'model_1': 'activating'}
[2026-08-20 07:28:30.575 GPU_Scheduler_0] Waiting for models to be activated: {'model_1': 'activating'}
[2026-08-20 07:28:30.586 GPU_Scheduler_0] Waiting for models to be activated: {'model_1': 'activating'}
[2026-08-20 07:28:30.596 GPU_Scheduler_0] Waiting for models to be activated: {'model_1': 'activating'}
[2026-08-20 07:28:30.606 GPU_Scheduler_0] Waiting for models to be activated: {'model_1': 'activating'}
[2026-08-20 07:28:30.616 GPU_Scheduler_0] Waiting for models to be activated: {'model_1': 'activating'}
[2026-08-20 07:28:30.627 GPU_Scheduler_0] Waiting for models to be activated: {'model_1': 'activating'}
[2026-08-20 07:28:30.637 GPU_Scheduler_0] Waiting for models to be activated: {'model_1': 'activating'}
[2026-08-20 07:28:30.647 GPU_Scheduler_0] Waiting for models to be activated: {'model_1': 'activating'}
[2026-08-20 07:28:30.657 GPU_Scheduler_0] Waiting for models to be activated: {'model_1': 'activating'}
[2026-08-20 07:28:30.668 GPU_Scheduler_0] Waiting for models to be activated: {'model_1': 'activating'}
[2026-08-20 07:28:30.678 GPU_Scheduler_0] Waiting for models to be activated: {'model_1': 'activating'}
[2026-08-20 07:28:30.688 GPU_Scheduler_0] Waiting for models to be activated: {'model_1': 'activating'}
[2026-08-20 07:28:30.698 GPU_Scheduler_0] Waiting for models to be activated: {'model_1': 'activating'}
[2026-08-20 07:28:30.709 GPU_Scheduler_0] Waiting for models to be activated: {'model_1': 'activating'}
[2026-08-20 07:28:30.719 GPU_Scheduler_0] Waiting for models to be activated: {'model_1': 'activating'}
[2026-08-20 07:28:30.729 GPU_Scheduler_0] Waiting for models to be activated: {'model_1': 'activating'}
[2026-08-20 07:28:30.739 GPU_Scheduler_0] Waiting for models to be activated: {'model_1': 'activating'}
[2026-08-20 07:28:30.750 GPU_Scheduler_0] Waiting for models to be activated: {'model_1': 'activating'}
[2026-08-20 07:28:30.760 GPU_Scheduler_0] Waiting for models to be activated: {'model_1': 'activating'}
[2026-08-20 07:28:30.770 GPU_Scheduler_0] Waiting for models to be activated: {'model_1': 'activating'}
[2026-08-20 07:28:30.780 GPU_Scheduler_0] Waiting for models to be activated: {'model_1': 'activating'}
[2026-08-20 07:28:30.791 GPU_Scheduler_0] Waiting for models to be activated: {'model_1': 'activating'}
[2026-08-20 07:28:30.801 GPU_Scheduler_0] Waiting for models to be activated: {'model_1': 'activating'}
[2026-08-20 07:28:30.811 GPU_Scheduler_0] Waiting for models to be activated: {'model_1': 'activating'}
[2026-08-20 07:28:30.822 GPU_Scheduler_0] Waiting for models to be activated: {'model_1': 'activating'}
[2026-08-20 07:28:30.832 GPU_Scheduler_0] Waiting for models to be activated: {'model_1': 'activating'}
[2026-08-20 07:28:30.843 GPU_Scheduler_0] Waiting for models to be activated: {'model_1': 'activating'}
[2026-08-20 07:28:30.853 GPU_Scheduler_0] Waiting for models to be activated: {'model_1': 'activating'}
[2026-08-20 07:28:30.864 GPU_Scheduler_0] Waiting for models to be activated: {'model_1': 'activating'}
[2026-08-20 07:28:30.875 GPU_Scheduler_0] Waiting for models to be activated: {'model_1': 'activating'}
[2026-08-20 07:28:30.885 GPU_Scheduler_0] Waiting for models to be activated: {'model_1': 'activating'}
[2026-08-20 07:28:30.896 GPU_Scheduler_0] Waiting for models to be activated: {'model_1': 'activating'}
[2026-08-20 07:28:30.906 GPU_Scheduler_0] Waiting for models to be activated: {'model_1': 'activating'}
[2026-08-20 07:28:30.917 GPU_Scheduler_0] Waiting for models to be activated: {'model_1': 'activating'}
[2026-08-20 07:28:30.928 GPU_Scheduler_0] Waiting for models to be activated: {'model_1': 'activating'}
[2026-08-20 07:28:30.938 GPU_Scheduler_0] Waiting for models to be activated: {'model_1': 'activating'}
[2026-08-20 07:28:30.951 GPU_Scheduler_0] Waiting for models to be activated: {'model_1': 'activating'}
[2026-08-20 07:28:30.962 GPU_Scheduler_0] Waiting for models to be activated: {'model_1': 'activating'}
[2026-08-20 07:28:30.972 GPU_Scheduler_0] Waiting for models to be activated: {'model_1': 'activating'}
[2026-08-20 07:28:30.983 GPU_Scheduler_0] Waiting for models to be activated: {'model_1': 'activating'}
[2026-08-20 07:28:30.994 GPU_Scheduler_0] Waiting for models to be activated: {'model_1': 'activating'}
[2026-08-20 07:28:31.004 GPU_Scheduler_0] Waiting for models to be activated: {'model_1': 'activating'}
[2026-08-20 07:28:31.015 GPU_Scheduler_0] Waiting for models to be activated: {'model_1': 'activating'}
[2026-08-20 07:28:31.025 GPU_Scheduler_0] Waiting for models to be activated: {'model_1': 'activating'}
[2026-08-20 07:28:31.036 GPU_Scheduler_0] Waiting for models to be activated: {'model_1': 'activating'}
[2026-08-20 07:28:31.046 GPU_Scheduler_0] Waiting for models to be activated: {'model_1': 'activating'}
[2026-08-20 07:28:31.057 GPU_Scheduler_0] Waiting for models to be activated: {'model_1': 'activating'}
[2026-08-20 07:28:31.067 GPU_Scheduler_0] Waiting for models to be activated: {'model_1': 'activating'}
[2026-08-20 07:28:31.078 GPU_Scheduler_0] Waiting for models to be activated: {'model_1': 'activating'}
[2026-08-20 07:28:31.088 GPU_Scheduler_0] Waiting for models to be activated: {'model_1': 'activating'}
[2026-08-20 07:28:31.099 GPU_Scheduler_0] Waiting for models to be activated: {'model_1': 'activating'}
[2026-08-20 07:28:31.109 GPU_Scheduler_0] Waiting for models to be activated: {'model_1': 'activating'}
[2026-08-20 07:28:31.120 GPU_Scheduler_0] Waiting for models to be activated: {'model_1': 'activating'}
[2026-08-20 07:28:31.130 GPU_Scheduler_0] Waiting for models to be activated: {'model_1': 'activating'}
[2026-08-20 07:28:31.141 GPU_Scheduler_0] Waiting for models to be activated: {'model_1': 'activating'}
[2026-08-20 07:28:31.152 GPU_Scheduler_0] Waiting for models to be activated: {'model_1': 'activating'}
[2026-08-20 07:28:31.165 GPU_Scheduler_0] Waiting for models to be activated: {'model_1': 'activating'}
[2026-08-20 07:28:31.176 GPU_Scheduler_0] Waiting for models to be activated: {'model_1': 'activating'}
[2026-08-20 07:28:31.186 GPU_Scheduler_0] Waiting for models to be activated: {'model_1': 'activating'}
[2026-08-20 07:28:31.197 GPU_Scheduler_0] Waiting for models to be activated: {'model_1': 'activating'}
[2026-08-20 07:28:31.207 GPU_Scheduler_0] Waiting for models to be activated: {'model_1': 'activating'}
[2026-08-20 07:28:31.217 GPU_Scheduler_0] Waiting for models to be activated: {'model_1': 'activating'}
[2026-08-20 07:28:31.228 GPU_Scheduler_0] Waiting for models to be activated: {'model_1': 'activating'}
[2026-08-20 07:28:31.238 GPU_Scheduler_0] Waiting for models to be activated: {'model_1': 'activating'}
[2026-08-20 07:28:31.248 GPU_Scheduler_0] Waiting for models to be activated: {'model_1': 'activating'}
[2026-08-20 07:28:31.258 GPU_Scheduler_0] Waiting for models to be activated: {'model_1': 'activating'}
[2026-08-20 07:28:31.269 GPU_Scheduler_0] Waiting for models to be activated: {'model_1': 'activating'}
[2026-08-20 07:28:31.279 GPU_Scheduler_0] Waiting for models to be activated: {'model_1': 'activating'}
[2026-08-20 07:28:31.289 GPU_Scheduler_0] Waiting for models to be activated: {'model_1': 'activating'}
[2026-08-20 07:28:31.299 GPU_Scheduler_0] Waiting for models to be activated: {'model_1': 'activating'}
[2026-08-20 07:28:31.309 GPU_Scheduler_0] Waiting for models to be activated: {'model_1': 'activating'}
[2026-08-20 07:28:31.320 GPU_Scheduler_0] Waiting for models to be activated: {'model_1': 'activating'}
[2026-08-20 07:28:31.330 GPU_Scheduler_0] Waiting for models to be activated: {'model_1': 'activating'}
[2026-08-20 07:28:31.340 GPU_Scheduler_0] Waiting for models to be activated: {'model_1': 'activating'}
[2026-08-20 07:28:31.350 GPU_Scheduler_0] Waiting for models to be activated: {'model_1': 'activating'}
[2026-08-20 07:28:31.361 GPU_Scheduler_0] Waiting for models to be activated: {'model_1': 'activating'}
[2026-08-20 07:28:31.371 GPU_Scheduler_0] Waiting for models to be activated: {'model_1': 'activating'}
[2026-08-20 07:28:31.381 GPU_Scheduler_0] Waiting for models to be activated: {'model_1': 'activating'}
[2026-08-20 07:28:31.392 GPU_Scheduler_0] Waiting for models to be activated: {'model_1': 'activating'}
[2026-08-20 07:28:31.402 GPU_Scheduler_0] Waiting for models to be activated: {'model_1': 'activating'}
[2026-08-20 07:28:31.412 GPU_Scheduler_0] Waiting for models to be activated: {'model_1': 'activating'}
[2026-08-20 07:28:31.423 GPU_Scheduler_0] Waiting for models to be activated: {'model_1': 'activating'}
[2026-08-20 07:28:31.433 GPU_Scheduler_0] Waiting for models to be activated: {'model_1': 'activating'}
[2026-08-20 07:28:31.443 GPU_Scheduler_0] Waiting for models to be activated: {'model_1': 'activating'}
[2026-08-20 07:28:31.454 GPU_Scheduler_0] Waiting for models to be activated: {'model_1': 'activating'}
[2026-08-20 07:28:31.464 GPU_Scheduler_0] Waiting for models to be activated: {'model_1': 'activating'}
[2026-08-20 07:28:31.475 GPU_Scheduler_0] Waiting for models to be activated: {'model_1': 'activating'}
[2026-08-20 07:28:31.485 GPU_Scheduler_0] Waiting for models to be activated: {'model_1': 'activating'}
[2026-08-20 07:28:31.496 GPU_Scheduler_0] Waiting for models to be activated: {'model_1': 'activating'}
[2026-08-20 07:28:31.506 GPU_Scheduler_0] Waiting for models to be activated: {'model_1': 'activating'}
[2026-08-20 07:28:31.516 GPU_Scheduler_0] Waiting for models to be activated: {'model_1': 'activating'}
[2026-08-20 07:28:31.527 GPU_Scheduler_0] Waiting for models to be activated: {'model_1': 'activating'}
[2026-08-20 07:28:31.537 GPU_Scheduler_0] Waiting for models to be activated: {'model_1': 'activating'}
[2026-08-20 07:28:31.547 GPU_Scheduler_0] Waiting for models to be activated: {'model_1': 'activating'}
[2026-08-20 07:28:31.557 GPU_Scheduler_0] Waiting for models to be activated: {'model_1': 'activating'}
[2026-08-20 07:28:31.568 GPU_Scheduler_0] Waiting for models to be activated: {'model_1': 'activating'}
[2026-08-20 07:28:31.578 GPU_Scheduler_0] Waiting for models to be activated: {'model_1': 'activating'}
[2026-08-20 07:28:31.588 GPU_Scheduler_0] Waiting for models to be activated: {'model_1': 'activating'}
[2026-08-20 07:28:31.599 GPU_Scheduler_0] Waiting for models to be activated: {'model_1': 'activating'}
[2026-08-20 07:28:31.609 GPU_Scheduler_0] Waiting for models to be activated: {'model_1': 'activating'}
[2026-08-20 07:28:31.619 GPU_Scheduler_0] Waiting for models to be activated: {'model_1': 'activating'}
[2026-08-20 07:28:31.629 GPU_Scheduler_0] Waiting for models to be activated: {'model_1': 'activating'}
[2026-08-20 07:28:31.640 GPU_Scheduler_0] Waiting for models to be activated: {'model_1': 'activating'}
[2026-08-20 07:28:31.650 GPU_Scheduler_0] Waiting for models to be activated: {'model_1': 'activating'}
[2026-08-20 07:28:31.660 GPU_Scheduler_0] Waiting for models to be activated: {'model_1': 'activating'}
[2026-08-20 07:28:31.670 GPU_Scheduler_0] Waiting for models to be activated: {'model_1': 'activating'}
[2026-08-20 07:28:31.681 GPU_Scheduler_0] Waiting for models to be activated: {'model_1': 'activating'}
[2026-08-20 07:28:31.691 GPU_Scheduler_0] Waiting for models to be activated: {'model_1': 'activating'}
[2026-08-20 07:28:31.701 GPU_Scheduler_0] Waiting for models to be activated: {'model_1': 'activating'}
[2026-08-20 07:28:31.711 GPU_Scheduler_0] Waiting for models to be activated: {'model_1': 'activating'}
[2026-08-20 07:28:31.722 GPU_Scheduler_0] Waiting for models to be activated: {'model_1': 'activating'}
[2026-08-20 07:28:31.732 GPU_Scheduler_0] Waiting for models to be activated: {'model_1': 'activating'}
[2026-08-20 07:28:31.742 GPU_Scheduler_0] Waiting for models to be activated: {'model_1': 'activating'}
[2026-08-20 07:28:31.752 GPU_Scheduler_0] Waiting for models to be activated: {'model_1': 'activating'}
[2026-08-20 07:28:31.763 GPU_Scheduler_0] Waiting for models to be activated: {'model_1': 'activating'}
[2026-08-20 07:28:31.773 GPU_Scheduler_0] Waiting for models to be activated: {'model_1': 'activating'}
[2026-08-20 07:28:31.784 GPU_Scheduler_0] Waiting for models to be activated: {'model_1': 'activating'}
[2026-08-20 07:28:31.794 GPU_Scheduler_0] Waiting for models to be activated: {'model_1': 'activating'}
[2026-08-20 07:28:31.805 GPU_Scheduler_0] Waiting for models to be activated: {'model_1': 'activating'}
[2026-08-20 07:28:31.815 GPU_Scheduler_0] Waiting for models to be activated: {'model_1': 'activating'}
[2026-08-20 07:28:31.825 GPU_Scheduler_0] Waiting for models to be activated: {'model_1': 'activating'}
[2026-08-20 07:28:31.835 GPU_Scheduler_0] Waiting for models to be activated: {'model_1': 'activating'}
[2026-08-20 07:28:31.846 GPU_Scheduler_0] Waiting for models to be activated: {'model_1': 'activating'}
[2026-08-20 07:28:31.856 GPU_Scheduler_0] Waiting for models to be activated: {'model_1': 'activating'}
[2026-08-20 07:28:31.866 GPU_Scheduler_0] Waiting for models to be activated: {'model_1': 'activating'}
[2026-08-20 07:28:31.877 GPU_Scheduler_0] Model model_1 (instance 0) activation succeeded on GPU 0
[2026-08-20 07:28:31.880 GPU_Scheduler_0] net_available: inf, queue_len: 0
[2026-08-20 07:28:32.887 GPU_Scheduler_0] net_available: inf, queue_len: 0
[2026-08-20 07:28:33.893 GPU_Scheduler_0] net_available: inf, queue_len: 0
[2026-08-20 07:28:34.900 GPU_Scheduler_0] net_available: inf, queue_len: 0
[2026-08-20 07:28:35.907 GPU_Scheduler_0] net_available: inf, queue_len: 0
[2026-08-20 07:28:36.886 GPU_Scheduler_0] [V5-LOOP] {"iters": 482, "t_mem": 0.008172043832018971, "t_redis": 0.14086020132526755, "t_admit": 0.005554016679525375, "t_send": 0.000532825943082571, "t_iter": 0.15511908777989447, "admitted": 0, "iter_max": 0.002451804932206869, "gpu_id": 0, "window_s": 5.008241176605225}
[2026-08-20 07:28:36.917 GPU_Scheduler_0] net_available: inf, queue_len: 0
[2026-08-20 07:28:37.919 GPU_Scheduler_0] net_available: inf, queue_len: 0
[2026-08-20 07:28:38.924 GPU_Scheduler_0] net_available: inf, queue_len: 0
[2026-08-20 07:28:39.927 GPU_Scheduler_0] net_available: inf, queue_len: 0
[2026-08-20 07:28:40.934 GPU_Scheduler_0] net_available: inf, queue_len: 0
[2026-08-20 07:28:41.890 GPU_Scheduler_0] [V5-LOOP] {"iters": 482, "t_mem": 0.007227518362924457, "t_redis": 0.12857524259015918, "t_admit": 0.004272320540621877, "t_send": 0.0005111109931021929, "t_iter": 0.1405861924868077, "admitted": 0, "iter_max": 0.0008980259299278259, "gpu_id": 0, "window_s": 5.003804445266724}
[2026-08-20 07:28:41.943 GPU_Scheduler_0] net_available: inf, queue_len: 0
[2026-08-20 07:28:42.948 GPU_Scheduler_0] net_available: inf, queue_len: 0
[2026-08-20 07:28:43.005 GPU_Scheduler_1] starting GPU scheduler for GPU 1
[2026-08-20 07:28:43.007 GPU_Scheduler_1] Model states init: {'model_1': 'deactivated'}
[2026-08-20 07:28:43.007 GPU_Scheduler_1] [PAPER-TP] WorkerPool gpu=1 owned=[0, 4, 5] shadow=[1] {0: 1, 1: 2, 4: 2, 5: 2}
[2026-08-20 07:28:43.087 GPU_Scheduler_1] net_available: inf, queue_len: 0
[2026-08-20 07:28:43.951 GPU_Scheduler_0] net_available: inf, queue_len: 0
[2026-08-20 07:28:44.091 GPU_Scheduler_1] net_available: inf, queue_len: 0
[2026-08-20 07:28:44.953 GPU_Scheduler_0] net_available: inf, queue_len: 0
[2026-08-20 07:28:45.094 GPU_Scheduler_1] net_available: inf, queue_len: 0
[2026-08-20 07:28:45.962 GPU_Scheduler_0] net_available: inf, queue_len: 0
[2026-08-20 07:28:46.099 GPU_Scheduler_1] net_available: inf, queue_len: 0
[2026-08-20 07:28:46.899 GPU_Scheduler_0] [V5-LOOP] {"iters": 478, "t_mem": 0.0107796979136765, "t_redis": 0.1661411914974451, "t_admit": 0.006649272283539176, "t_send": 0.0006971526890993118, "t_iter": 0.1842673143837601, "admitted": 0, "iter_max": 0.0013820391613990068, "gpu_id": 0, "window_s": 5.008323669433594}
[2026-08-20 07:28:46.962 GPU_Scheduler_0] net_available: inf, queue_len: 0
[2026-08-20 07:28:47.106 GPU_Scheduler_1] net_available: inf, queue_len: 0
[2026-08-20 07:28:47.967 GPU_Scheduler_0] net_available: inf, queue_len: 0
[2026-08-20 07:28:48.094 GPU_Scheduler_1] [V5-LOOP] {"iters": 494, "t_mem": 0.012783595593646169, "t_redis": 0.0035006538964807987, "t_admit": 0.009792190976440907, "t_send": 0.0009205264504998922, "t_iter": 0.026996966917067766, "admitted": 0, "iter_max": 0.0012131279800087214, "gpu_id": 1, "window_s": 5.00765061378479}
[2026-08-20 07:28:48.114 GPU_Scheduler_1] net_available: inf, queue_len: 0
[2026-08-20 07:28:48.969 GPU_Scheduler_0] net_available: inf, queue_len: 0
[2026-08-20 07:28:49.118 GPU_Scheduler_1] net_available: inf, queue_len: 0
[2026-08-20 07:28:49.977 GPU_Scheduler_0] net_available: inf, queue_len: 0
[2026-08-20 07:28:50.125 GPU_Scheduler_1] net_available: inf, queue_len: 0
[2026-08-20 07:28:50.947 GPU_Scheduler_2] starting GPU scheduler for GPU 2
[2026-08-20 07:28:50.949 GPU_Scheduler_2] Model states init: {'model_1': 'deactivated'}
[2026-08-20 07:28:50.949 GPU_Scheduler_2] [PAPER-TP] WorkerPool gpu=2 owned=[0, 6] shadow=[2, 4] {0: 1, 2: 2, 4: 2, 6: 2}
[2026-08-20 07:28:50.981 GPU_Scheduler_0] net_available: inf, queue_len: 0
[2026-08-20 07:28:51.015 GPU_Scheduler_2] net_available: inf, queue_len: 0
[2026-08-20 07:28:51.130 GPU_Scheduler_1] net_available: inf, queue_len: 0
[2026-08-20 07:28:51.902 GPU_Scheduler_0] [V5-LOOP] {"iters": 475, "t_mem": 0.010665350127965212, "t_redis": 0.18260003277100623, "t_admit": 0.006445368053391576, "t_send": 0.0007544828113168478, "t_iter": 0.20046523376367986, "admitted": 0, "iter_max": 0.004446457838639617, "gpu_id": 0, "window_s": 5.002220153808594}
[2026-08-20 07:28:51.985 GPU_Scheduler_0] net_available: inf, queue_len: 0
[2026-08-20 07:28:52.015 GPU_Scheduler_2] net_available: inf, queue_len: 0
[2026-08-20 07:28:52.135 GPU_Scheduler_1] net_available: inf, queue_len: 0
[2026-08-20 07:28:52.988 GPU_Scheduler_0] net_available: inf, queue_len: 0
[2026-08-20 07:28:53.018 GPU_Scheduler_2] net_available: inf, queue_len: 0
[2026-08-20 07:28:53.100 GPU_Scheduler_1] [V5-LOOP] {"iters": 493, "t_mem": 0.012040215078741312, "t_redis": 0.0035377484746277332, "t_admit": 0.009826232446357608, "t_send": 0.0008456148207187653, "t_iter": 0.02624981082044542, "admitted": 0, "iter_max": 0.0009457760024815798, "gpu_id": 1, "window_s": 5.005914688110352}
[2026-08-20 07:28:53.141 GPU_Scheduler_1] net_available: inf, queue_len: 0
[2026-08-20 07:28:53.989 GPU_Scheduler_0] net_available: inf, queue_len: 0
[2026-08-20 07:28:54.019 GPU_Scheduler_2] net_available: inf, queue_len: 0
[2026-08-20 07:28:54.147 GPU_Scheduler_1] net_available: inf, queue_len: 0
[2026-08-20 07:28:54.992 GPU_Scheduler_0] net_available: inf, queue_len: 0
[2026-08-20 07:28:55.023 GPU_Scheduler_2] net_available: inf, queue_len: 0
[2026-08-20 07:28:55.152 GPU_Scheduler_1] net_available: inf, queue_len: 0
[2026-08-20 07:28:55.993 GPU_Scheduler_0] net_available: inf, queue_len: 0
[2026-08-20 07:28:56.022 GPU_Scheduler_2] [V5-LOOP] {"iters": 495, "t_mem": 0.009717805776745081, "t_redis": 0.002647621324285865, "t_admit": 0.007490870775654912, "t_send": 0.0007612472400069237, "t_iter": 0.02061754511669278, "admitted": 0, "iter_max": 0.0009871858637779951, "gpu_id": 2, "window_s": 5.0069544315338135}
[2026-08-20 07:28:56.032 GPU_Scheduler_2] net_available: inf, queue_len: 0
[2026-08-20 07:28:56.156 GPU_Scheduler_1] net_available: inf, queue_len: 0
[2026-08-20 07:28:56.912 GPU_Scheduler_0] [V5-LOOP] {"iters": 485, "t_mem": 0.007323184050619602, "t_redis": 0.10688182315789163, "t_admit": 0.0037518178578466177, "t_send": 0.00043868436478078365, "t_iter": 0.11839550943113863, "admitted": 0, "iter_max": 0.0006135441362857819, "gpu_id": 0, "window_s": 5.009896755218506}
[2026-08-20 07:28:56.995 GPU_Scheduler_0] net_available: inf, queue_len: 0
[2026-08-20 07:28:57.037 GPU_Scheduler_2] net_available: inf, queue_len: 0
[2026-08-20 07:28:57.161 GPU_Scheduler_1] net_available: inf, queue_len: 0
[2026-08-20 07:28:58.001 GPU_Scheduler_0] net_available: inf, queue_len: 0
[2026-08-20 07:28:58.041 GPU_Scheduler_2] net_available: inf, queue_len: 0
[2026-08-20 07:28:58.105 GPU_Scheduler_1] [V5-LOOP] {"iters": 493, "t_mem": 0.011718668742105365, "t_redis": 0.0037615341134369373, "t_admit": 0.009253884200006723, "t_send": 0.0008495997171849012, "t_iter": 0.025583686772733927, "admitted": 0, "iter_max": 0.0005940629635006189, "gpu_id": 1, "window_s": 5.004028081893921}
[2026-08-20 07:28:58.166 GPU_Scheduler_1] net_available: inf, queue_len: 0
[2026-08-20 07:28:58.455 GPU_Scheduler_3] starting GPU scheduler for GPU 3
[2026-08-20 07:28:58.457 GPU_Scheduler_3] Model states init: {'model_1': 'deactivated'}
[2026-08-20 07:28:58.457 GPU_Scheduler_3] [PAPER-TP] WorkerPool gpu=3 owned=[0] shadow=[3, 5, 6] {0: 1, 3: 2, 5: 2, 6: 2}
[2026-08-20 07:28:59.003 GPU_Scheduler_0] net_available: inf, queue_len: 0
[2026-08-20 07:28:59.047 GPU_Scheduler_2] net_available: inf, queue_len: 0
[2026-08-20 07:28:59.171 GPU_Scheduler_1] net_available: inf, queue_len: 0
[2026-08-20 07:28:59.830 GPU_Scheduler_3] net_available: inf, queue_len: 0
[2026-08-20 07:29:00.012 GPU_Scheduler_0] net_available: inf, queue_len: 0
[2026-08-20 07:29:00.053 GPU_Scheduler_2] net_available: inf, queue_len: 0
[2026-08-20 07:29:00.177 GPU_Scheduler_1] net_available: inf, queue_len: 0
[2026-08-20 07:29:00.441 GPU_Scheduler_0] Admitted 1 requests for model_1
[2026-08-20 07:29:00.830 GPU_Scheduler_3] net_available: inf, queue_len: 0
[2026-08-20 07:29:00.854 GPU_Scheduler_0] Admitted 1 requests for model_1
[2026-08-20 07:29:01.020 GPU_Scheduler_0] net_available: inf, queue_len: 0
[2026-08-20 07:29:01.029 GPU_Scheduler_2] [V5-LOOP] {"iters": 493, "t_mem": 0.011523374356329441, "t_redis": 0.0037158303894102573, "t_admit": 0.009613710222765803, "t_send": 0.0008589758072048426, "t_iter": 0.025711890775710344, "admitted": 0, "iter_max": 0.0006859439890831709, "gpu_id": 2, "window_s": 5.00671124458313}
[2026-08-20 07:29:01.060 GPU_Scheduler_2] net_available: inf, queue_len: 0
[2026-08-20 07:29:01.181 GPU_Scheduler_1] net_available: inf, queue_len: 0
[2026-08-20 07:29:01.831 GPU_Scheduler_3] net_available: inf, queue_len: 0
[2026-08-20 07:29:01.917 GPU_Scheduler_0] [V5-LOOP] {"iters": 482, "t_mem": 0.008441193727776408, "t_redis": 0.12867444031871855, "t_admit": 0.004628967028111219, "t_send": 0.001523888437077403, "t_iter": 0.14326848951168358, "admitted": 2, "iter_max": 0.002060223137959838, "gpu_id": 0, "window_s": 5.004911661148071}
[2026-08-20 07:29:02.021 GPU_Scheduler_0] net_available: inf, queue_len: 0
[2026-08-20 07:29:02.065 GPU_Scheduler_2] net_available: inf, queue_len: 0
[2026-08-20 07:29:02.187 GPU_Scheduler_1] net_available: inf, queue_len: 0
[2026-08-20 07:29:02.834 GPU_Scheduler_3] net_available: inf, queue_len: 0
[2026-08-20 07:29:03.025 GPU_Scheduler_0] net_available: inf, queue_len: 0
[2026-08-20 07:29:03.070 GPU_Scheduler_2] net_available: inf, queue_len: 0
[2026-08-20 07:29:03.111 GPU_Scheduler_1] [V5-LOOP] {"iters": 493, "t_mem": 0.011501412140205503, "t_redis": 0.003880753181874752, "t_admit": 0.00918466574512422, "t_send": 0.0008580381982028484, "t_iter": 0.025424869265407324, "admitted": 0, "iter_max": 0.0005835539195686579, "gpu_id": 1, "window_s": 5.00532078742981}
[2026-08-20 07:29:03.193 GPU_Scheduler_1] net_available: inf, queue_len: 0
[2026-08-20 07:29:03.838 GPU_Scheduler_3] net_available: inf, queue_len: 0
[2026-08-20 07:29:04.028 GPU_Scheduler_0] net_available: inf, queue_len: 0
[2026-08-20 07:29:04.074 GPU_Scheduler_2] net_available: inf, queue_len: 0
[2026-08-20 07:29:04.198 GPU_Scheduler_1] net_available: inf, queue_len: 0
[2026-08-20 07:29:04.832 GPU_Scheduler_3] [V5-LOOP] {"iters": 495, "t_mem": 0.007274698698893189, "t_redis": 0.0026164876762777567, "t_admit": 0.006210436346009374, "t_send": 0.0006967289373278618, "t_iter": 0.01679835165850818, "admitted": 0, "iter_max": 0.0005392339080572128, "gpu_id": 3, "window_s": 5.0022101402282715}
[2026-08-20 07:29:04.842 GPU_Scheduler_3] net_available: inf, queue_len: 0
[2026-08-20 07:29:05.030 GPU_Scheduler_0] net_available: inf, queue_len: 0
[2026-08-20 07:29:05.080 GPU_Scheduler_2] net_available: inf, queue_len: 0
[2026-08-20 07:29:05.203 GPU_Scheduler_1] net_available: inf, queue_len: 0
[2026-08-20 07:29:05.474 GPU_Scheduler_0] Admitted 1 requests for model_1
[2026-08-20 07:29:05.693 GPU_Scheduler_0] Admitted 1 requests for model_1
[2026-08-20 07:29:05.847 GPU_Scheduler_3] net_available: inf, queue_len: 0
[2026-08-20 07:29:05.910 GPU_Scheduler_0] Admitted 1 requests for model_1
[2026-08-20 07:29:06.034 GPU_Scheduler_0] net_available: inf, queue_len: 0
[2026-08-20 07:29:06.035 GPU_Scheduler_2] [V5-LOOP] {"iters": 493, "t_mem": 0.012096715858206153, "t_redis": 0.0038327930960804224, "t_admit": 0.00919899600557983, "t_send": 0.0008535867091268301, "t_iter": 0.025982091668993235, "admitted": 0, "iter_max": 0.0006333140190690756, "gpu_id": 2, "window_s": 5.005743741989136}
[2026-08-20 07:29:06.086 GPU_Scheduler_2] net_available: inf, queue_len: 0
[2026-08-20 07:29:06.208 GPU_Scheduler_1] net_available: inf, queue_len: 0
[2026-08-20 07:29:06.854 GPU_Scheduler_3] net_available: inf, queue_len: 0
[2026-08-20 07:29:06.922 GPU_Scheduler_0] [V5-LOOP] {"iters": 484, "t_mem": 0.007620884571224451, "t_redis": 0.1104046436958015, "t_admit": 0.003848131513223052, "t_send": 0.0016594177577644587, "t_iter": 0.12353307753801346, "admitted": 3, "iter_max": 0.0008867348078638315, "gpu_id": 0, "window_s": 5.004700183868408}
[2026-08-20 07:29:07.036 GPU_Scheduler_0] net_available: inf, queue_len: 0
[2026-08-20 07:29:07.092 GPU_Scheduler_2] net_available: inf, queue_len: 0
[2026-08-20 07:29:07.213 GPU_Scheduler_1] net_available: inf, queue_len: 0
[2026-08-20 07:29:07.861 GPU_Scheduler_3] net_available: inf, queue_len: 0
[2026-08-20 07:29:08.036 GPU_Scheduler_0] net_available: inf, queue_len: 0
[2026-08-20 07:29:08.096 GPU_Scheduler_2] net_available: inf, queue_len: 0
[2026-08-20 07:29:08.116 GPU_Scheduler_1] [V5-LOOP] {"iters": 493, "t_mem": 0.011599462246522307, "t_redis": 0.003795855212956667, "t_admit": 0.009009151253849268, "t_send": 0.0009034974500536919, "t_iter": 0.025307966163381934, "admitted": 0, "iter_max": 0.00043378304690122604, "gpu_id": 1, "window_s": 5.005090951919556}
[2026-08-20 07:29:08.218 GPU_Scheduler_1] net_available: inf, queue_len: 0
[2026-08-20 07:29:08.399 GPU_Scheduler_0] Received signal to shutdown
[2026-08-20 07:29:08.399 GPU_Scheduler_3] Received signal to shutdown
[2026-08-20 07:29:08.399 GPU_Scheduler_1] Received signal to shutdown
[2026-08-20 07:29:08.399 GPU_Scheduler_2] Received signal to shutdown
[2026-08-20 07:29:08.401 GPU_Scheduler_3] Cleaning up GPUScheduler GPU 3 ZMQ sockets and IPC files
[2026-08-20 07:29:08.401 GPU_Scheduler_3] GPUScheduler GPU 3 cleanup completed
[2026-08-20 07:29:08.401 GPU_Scheduler_3] Cleaning up WorkerPool GPU 3 ZMQ sockets and IPC files
[2026-08-20 07:29:08.402 GPU_Scheduler_3] Removed IPC file: gpu_scheduler_3_to_worker_0
[2026-08-20 07:29:08.402 GPU_Scheduler_3] WorkerPool GPU 3 cleanup completed
[2026-08-20 07:29:08.402 GPU_Scheduler_1] Cleaning up GPUScheduler GPU 1 ZMQ sockets and IPC files
[2026-08-20 07:29:08.402 GPU_Scheduler_2] Cleaning up GPUScheduler GPU 2 ZMQ sockets and IPC files
[2026-08-20 07:29:08.402 GPU_Scheduler_1] GPUScheduler GPU 1 cleanup completed
[2026-08-20 07:29:08.402 GPU_Scheduler_2] GPUScheduler GPU 2 cleanup completed
[2026-08-20 07:29:08.402 GPU_Scheduler_1] Cleaning up WorkerPool GPU 1 ZMQ sockets and IPC files
[2026-08-20 07:29:08.402 GPU_Scheduler_2] Cleaning up WorkerPool GPU 2 ZMQ sockets and IPC files
[2026-08-20 07:29:08.402 GPU_Scheduler_2] Removed IPC file: gpu_scheduler_2_to_worker_0
[2026-08-20 07:29:08.402 GPU_Scheduler_2] WorkerPool GPU 2 cleanup completed
[2026-08-20 07:29:08.413 GPU_Scheduler_0] Cleaning up GPUScheduler GPU 0 ZMQ sockets and IPC files
[2026-08-20 07:29:08.414 GPU_Scheduler_0] GPUScheduler GPU 0 cleanup completed
[2026-08-20 07:29:08.414 GPU_Scheduler_0] Cleaning up WorkerPool GPU 0 ZMQ sockets and IPC files
[2026-08-20 07:29:08.415 GPU_Scheduler_1] Removed IPC file: gpu_scheduler_1_to_worker_0
[2026-08-20 07:29:08.415 GPU_Scheduler_1] WorkerPool GPU 1 cleanup completed
[2026-08-20 07:29:08.415 GPU_Scheduler_0] Removed IPC file: gpu_scheduler_0_to_worker_0
[2026-08-20 07:29:08.417 GPU_Scheduler_0] WorkerPool GPU 0 cleanup completed
[2026-08-20 07:29:08.446 GPU_Scheduler_2] Cleaning up GPUScheduler GPU 2 ZMQ sockets and IPC files
[2026-08-20 07:29:08.446 GPU_Scheduler_2] GPUScheduler GPU 2 cleanup completed
[2026-08-20 07:29:08.446 GPU_Scheduler_0] Cleaning up GPUScheduler GPU 0 ZMQ sockets and IPC files
[2026-08-20 07:29:08.446 GPU_Scheduler_2] Cleaning up WorkerPool GPU 2 ZMQ sockets and IPC files
[2026-08-20 07:29:08.446 GPU_Scheduler_2] WorkerPool GPU 2 cleanup completed
[2026-08-20 07:29:08.446 GPU_Scheduler_0] GPUScheduler GPU 0 cleanup completed
[2026-08-20 07:29:08.446 GPU_Scheduler_0] Cleaning up WorkerPool GPU 0 ZMQ sockets and IPC files
[2026-08-20 07:29:08.446 GPU_Scheduler_0] WorkerPool GPU 0 cleanup completed
[2026-08-20 07:29:08.703 GPU_Scheduler_1] Cleaning up GPUScheduler GPU 1 ZMQ sockets and IPC files
[2026-08-20 07:29:08.704 GPU_Scheduler_1] GPUScheduler GPU 1 cleanup completed
[2026-08-20 07:29:08.704 GPU_Scheduler_1] Cleaning up WorkerPool GPU 1 ZMQ sockets and IPC files
[2026-08-20 07:29:08.704 GPU_Scheduler_1] WorkerPool GPU 1 cleanup completed
[2026-08-20 07:29:08.747 GPU_Scheduler_3] Cleaning up GPUScheduler GPU 3 ZMQ sockets and IPC files
[2026-08-20 07:29:08.748 GPU_Scheduler_3] GPUScheduler GPU 3 cleanup completed
[2026-08-20 07:29:08.748 GPU_Scheduler_3] Cleaning up WorkerPool GPU 3 ZMQ sockets and IPC files
[2026-08-20 07:29:08.748 GPU_Scheduler_3] WorkerPool GPU 3 cleanup completed
