ShareGPT: 2턴 이상 대화 92886개

[rate] 884건 / 360s = 2.46 req/s 평균, cv=1.0, seed=1
  phase 0 [0-360s] 목표 model_1=0.833333 model_4=0.833333 model_5=0.833333  실측 model_1=0.84 model_4=0.84 model_5=0.78
  [rate] n=884  span=359.6s
     실제 prefill 토큰 : p50 120 / p90 582 / p99 810 / max 1009
     prompt_len 필드   : p50 120 / p90 582 / p99 810 / max 1009
     output_len        : p50 120 / p90 470 / p99 771 / max 1642
     prefix 재사용률   : 1.5%  (합성 트레이스는 ~97%, 실제 텍스트는 ~1%)

생성됨: /workspace/datasets/sharegpt/pf/pf_rate2.5_seed1.pkl  (1.0 MB)
ShareGPT: 2턴 이상 대화 92886개

[rate] 931건 / 360s = 2.59 req/s 평균, cv=1.0, seed=2
  phase 0 [0-360s] 목표 model_1=0.833333 model_4=0.833333 model_5=0.833333  실측 model_1=0.91 model_4=0.91 model_5=0.77
  [rate] n=931  span=359.2s
     실제 prefill 토큰 : p50 107 / p90 622 / p99 897 / max 1024
     prompt_len 필드   : p50 107 / p90 622 / p99 897 / max 1024
     output_len        : p50 115 / p90 470 / p99 769 / max 1086
     prefix 재사용률   : 1.3%  (합성 트레이스는 ~97%, 실제 텍스트는 ~1%)

생성됨: /workspace/datasets/sharegpt/pf/pf_rate2.5_seed2.pkl  (1.0 MB)
ShareGPT: 2턴 이상 대화 92886개

[rate] 880건 / 360s = 2.44 req/s 평균, cv=1.0, seed=3
  phase 0 [0-360s] 목표 model_1=0.833333 model_4=0.833333 model_5=0.833333  실측 model_1=0.72 model_4=0.93 model_5=0.80
  [rate] n=880  span=358.2s
     실제 prefill 토큰 : p50 94 / p90 639 / p99 890 / max 1021
     prompt_len 필드   : p50 94 / p90 639 / p99 890 / max 1021
     output_len        : p50 129 / p90 506 / p99 772 / max 1443
     prefix 재사용률   : 1.5%  (합성 트레이스는 ~97%, 실제 텍스트는 ~1%)

생성됨: /workspace/datasets/sharegpt/pf/pf_rate2.5_seed3.pkl  (1.0 MB)
ShareGPT: 2턴 이상 대화 92886개

[rate] 1845건 / 360s = 5.12 req/s 평균, cv=1.0, seed=1
  phase 0 [0-360s] 목표 model_1=1.66667 model_4=1.66667 model_5=1.66667  실측 model_1=1.69 model_4=1.65 model_5=1.78
  [rate] n=1845  span=359.7s
     실제 prefill 토큰 : p50 116 / p90 605 / p99 833 / max 1020
     prompt_len 필드   : p50 116 / p90 605 / p99 833 / max 1020
     output_len        : p50 118 / p90 475 / p99 770 / max 1642
     prefix 재사용률   : 2.1%  (합성 트레이스는 ~97%, 실제 텍스트는 ~1%)

생성됨: /workspace/datasets/sharegpt/pf/pf_rate5_seed1.pkl  (2.1 MB)
ShareGPT: 2턴 이상 대화 92886개

[rate] 1798건 / 360s = 4.99 req/s 평균, cv=1.0, seed=2
  phase 0 [0-360s] 목표 model_1=1.66667 model_4=1.66667 model_5=1.66667  실측 model_1=1.78 model_4=1.55 model_5=1.67
  [rate] n=1798  span=359.8s
     실제 prefill 토큰 : p50 96 / p90 591 / p99 887 / max 1024
     prompt_len 필드   : p50 96 / p90 591 / p99 887 / max 1024
     output_len        : p50 123 / p90 468 / p99 769 / max 1541
     prefix 재사용률   : 1.7%  (합성 트레이스는 ~97%, 실제 텍스트는 ~1%)

생성됨: /workspace/datasets/sharegpt/pf/pf_rate5_seed2.pkl  (1.9 MB)
ShareGPT: 2턴 이상 대화 92886개

[rate] 1773건 / 360s = 4.92 req/s 평균, cv=1.0, seed=3
  phase 0 [0-360s] 목표 model_1=1.66667 model_4=1.66667 model_5=1.66667  실측 model_1=1.59 model_4=1.61 model_5=1.72
  [rate] n=1773  span=359.9s
     실제 prefill 토큰 : p50 110 / p90 626 / p99 890 / max 1024
     prompt_len 필드   : p50 110 / p90 626 / p99 890 / max 1024
     output_len        : p50 122 / p90 503 / p99 771 / max 1537
     prefix 재사용률   : 1.5%  (합성 트레이스는 ~97%, 실제 텍스트는 ~1%)

생성됨: /workspace/datasets/sharegpt/pf/pf_rate5_seed3.pkl  (2.0 MB)
ShareGPT: 2턴 이상 대화 92886개

[rate] 2756건 / 360s = 7.66 req/s 평균, cv=1.0, seed=1
  phase 0 [0-360s] 목표 model_1=2.5 model_4=2.5 model_5=2.5  실측 model_1=2.49 model_4=2.65 model_5=2.52
  [rate] n=2756  span=359.9s
     실제 prefill 토큰 : p50 112 / p90 610 / p99 824 / max 1020
     prompt_len 필드   : p50 112 / p90 610 / p99 824 / max 1020
     output_len        : p50 127 / p90 484 / p99 771 / max 1826
     prefix 재사용률   : 2.8%  (합성 트레이스는 ~97%, 실제 텍스트는 ~1%)

생성됨: /workspace/datasets/sharegpt/pf/pf_rate7.5_seed1.pkl  (3.0 MB)
ShareGPT: 2턴 이상 대화 92886개

[rate] 2771건 / 360s = 7.70 req/s 평균, cv=1.0, seed=2
  phase 0 [0-360s] 목표 model_1=2.5 model_4=2.5 model_5=2.5  실측 model_1=2.70 model_4=2.46 model_5=2.54
  [rate] n=2771  span=359.8s
     실제 prefill 토큰 : p50 98 / p90 595 / p99 866 / max 1024
     prompt_len 필드   : p50 98 / p90 595 / p99 866 / max 1024
     output_len        : p50 124 / p90 470 / p99 769 / max 1541
     prefix 재사용률   : 2.5%  (합성 트레이스는 ~97%, 실제 텍스트는 ~1%)

생성됨: /workspace/datasets/sharegpt/pf/pf_rate7.5_seed2.pkl  (2.9 MB)
ShareGPT: 2턴 이상 대화 92886개

[rate] 2741건 / 360s = 7.61 req/s 평균, cv=1.0, seed=3
  phase 0 [0-360s] 목표 model_1=2.5 model_4=2.5 model_5=2.5  실측 model_1=2.47 model_4=2.56 model_5=2.58
  [rate] n=2741  span=359.9s
     실제 prefill 토큰 : p50 109 / p90 631 / p99 896 / max 1024
     prompt_len 필드   : p50 109 / p90 631 / p99 896 / max 1024
     output_len        : p50 129 / p90 503 / p99 769 / max 1708
     prefix 재사용률   : 2.5%  (합성 트레이스는 ~97%, 실제 텍스트는 ~1%)

생성됨: /workspace/datasets/sharegpt/pf/pf_rate7.5_seed3.pkl  (3.0 MB)
ShareGPT: 2턴 이상 대화 92886개

[rate] 3619건 / 360s = 10.05 req/s 평균, cv=1.0, seed=1
  phase 0 [0-360s] 목표 model_1=3.33333 model_4=3.33333 model_5=3.33333  실측 model_1=3.27 model_4=3.46 model_5=3.33
  [rate] n=3619  span=360.0s
     실제 prefill 토큰 : p50 115 / p90 615 / p99 834 / max 1020
     prompt_len 필드   : p50 115 / p90 615 / p99 834 / max 1020
     output_len        : p50 127 / p90 482 / p99 770 / max 1826
     prefix 재사용률   : 3.2%  (합성 트레이스는 ~97%, 실제 텍스트는 ~1%)

생성됨: /workspace/datasets/sharegpt/pf/pf_rate10_seed1.pkl  (4.0 MB)
ShareGPT: 2턴 이상 대화 92886개

[rate] 3623건 / 360s = 10.06 req/s 평균, cv=1.0, seed=2
  phase 0 [0-360s] 목표 model_1=3.33333 model_4=3.33333 model_5=3.33333  실측 model_1=3.48 model_4=3.36 model_5=3.23
  [rate] n=3623  span=359.9s
     실제 prefill 토큰 : p50 101 / p90 605 / p99 866 / max 1024
     prompt_len 필드   : p50 101 / p90 605 / p99 866 / max 1024
     output_len        : p50 123 / p90 469 / p99 769 / max 1541
     prefix 재사용률   : 3.4%  (합성 트레이스는 ~97%, 실제 텍스트는 ~1%)

생성됨: /workspace/datasets/sharegpt/pf/pf_rate10_seed2.pkl  (3.9 MB)
ShareGPT: 2턴 이상 대화 92886개

[rate] 3654건 / 360s = 10.15 req/s 평균, cv=1.0, seed=3
  phase 0 [0-360s] 목표 model_1=3.33333 model_4=3.33333 model_5=3.33333  실측 model_1=3.28 model_4=3.45 model_5=3.42
  [rate] n=3654  span=359.6s
     실제 prefill 토큰 : p50 104 / p90 625 / p99 892 / max 1024
     prompt_len 필드   : p50 104 / p90 625 / p99 892 / max 1024
     output_len        : p50 130 / p90 509 / p99 770 / max 1708
     prefix 재사용률   : 3.0%  (합성 트레이스는 ~97%, 실제 텍스트는 ~1%)

생성됨: /workspace/datasets/sharegpt/pf/pf_rate10_seed3.pkl  (4.0 MB)
ShareGPT: 2턴 이상 대화 92886개

[rate] 5380건 / 360s = 14.94 req/s 평균, cv=1.0, seed=1
  phase 0 [0-360s] 목표 model_1=5 model_4=5 model_5=5  실측 model_1=4.98 model_4=5.03 model_5=4.94
  [rate] n=5380  span=359.9s
     실제 prefill 토큰 : p50 113 / p90 621 / p99 871 / max 1022
     prompt_len 필드   : p50 113 / p90 621 / p99 871 / max 1022
     output_len        : p50 125 / p90 484 / p99 770 / max 1826
     prefix 재사용률   : 4.0%  (합성 트레이스는 ~97%, 실제 텍스트는 ~1%)

생성됨: /workspace/datasets/sharegpt/pf/pf_rate15_seed1.pkl  (6.0 MB)
ShareGPT: 2턴 이상 대화 92886개

[rate] 5522건 / 360s = 15.34 req/s 평균, cv=1.0, seed=2
  phase 0 [0-360s] 목표 model_1=5 model_4=5 model_5=5  실측 model_1=5.14 model_4=5.01 model_5=5.19
  [rate] n=5522  span=360.0s
     실제 prefill 토큰 : p50 103 / p90 604 / p99 860 / max 1024
     prompt_len 필드   : p50 103 / p90 604 / p99 860 / max 1024
     output_len        : p50 123 / p90 471 / p99 769 / max 1985
     prefix 재사용률   : 4.2%  (합성 트레이스는 ~97%, 실제 텍스트는 ~1%)

생성됨: /workspace/datasets/sharegpt/pf/pf_rate15_seed2.pkl  (6.0 MB)
ShareGPT: 2턴 이상 대화 92886개
Token indices sequence length is longer than the specified maximum sequence length for this model (161271 > 131072). Running this sequence through the model will result in indexing errors

[rate] 5450건 / 360s = 15.14 req/s 평균, cv=1.0, seed=3
  phase 0 [0-360s] 목표 model_1=5 model_4=5 model_5=5  실측 model_1=4.97 model_4=5.19 model_5=4.98
  [rate] n=5450  span=359.9s
     실제 prefill 토큰 : p50 108 / p90 622 / p99 899 / max 1024
     prompt_len 필드   : p50 108 / p90 622 / p99 899 / max 1024
     output_len        : p50 131 / p90 502 / p99 769 / max 1708
     prefix 재사용률   : 3.9%  (합성 트레이스는 ~97%, 실제 텍스트는 ~1%)

생성됨: /workspace/datasets/sharegpt/pf/pf_rate15_seed3.pkl  (5.9 MB)
ShareGPT: 2턴 이상 대화 92886개

[rate] 7209건 / 360s = 20.02 req/s 평균, cv=1.0, seed=1
  phase 0 [0-360s] 목표 model_1=6.66667 model_4=6.66667 model_5=6.66667  실측 model_1=6.75 model_4=6.58 model_5=6.70
  [rate] n=7209  span=359.8s
     실제 prefill 토큰 : p50 116 / p90 619 / p99 856 / max 1022
     prompt_len 필드   : p50 116 / p90 619 / p99 856 / max 1022
     output_len        : p50 127 / p90 486 / p99 771 / max 1837
     prefix 재사용률   : 4.8%  (합성 트레이스는 ~97%, 실제 텍스트는 ~1%)

생성됨: /workspace/datasets/sharegpt/pf/pf_rate20_seed1.pkl  (8.0 MB)
ShareGPT: 2턴 이상 대화 92886개

[rate] 7381건 / 360s = 20.50 req/s 평균, cv=1.0, seed=2
  phase 0 [0-360s] 목표 model_1=6.66667 model_4=6.66667 model_5=6.66667  실측 model_1=6.84 model_4=6.80 model_5=6.86
  [rate] n=7381  span=360.0s
     실제 prefill 토큰 : p50 102 / p90 602 / p99 855 / max 1024
     prompt_len 필드   : p50 102 / p90 602 / p99 855 / max 1024
     output_len        : p50 124 / p90 474 / p99 769 / max 1985
     prefix 재사용률   : 5.0%  (합성 트레이스는 ~97%, 실제 텍스트는 ~1%)

생성됨: /workspace/datasets/sharegpt/pf/pf_rate20_seed2.pkl  (8.0 MB)
ShareGPT: 2턴 이상 대화 92886개
Token indices sequence length is longer than the specified maximum sequence length for this model (161271 > 131072). Running this sequence through the model will result in indexing errors

[rate] 7266건 / 360s = 20.18 req/s 평균, cv=1.0, seed=3
  phase 0 [0-360s] 목표 model_1=6.66667 model_4=6.66667 model_5=6.66667  실측 model_1=6.68 model_4=6.78 model_5=6.72
  [rate] n=7266  span=360.0s
     실제 prefill 토큰 : p50 111 / p90 625 / p99 897 / max 1024
     prompt_len 필드   : p50 111 / p90 625 / p99 897 / max 1024
     output_len        : p50 128 / p90 486 / p99 769 / max 1708
     prefix 재사용률   : 4.8%  (합성 트레이스는 ~97%, 실제 텍스트는 ~1%)

생성됨: /workspace/datasets/sharegpt/pf/pf_rate20_seed3.pkl  (8.0 MB)
ShareGPT: 2턴 이상 대화 92886개

[rate] 9030건 / 360s = 25.08 req/s 평균, cv=1.0, seed=1
  phase 0 [0-360s] 목표 model_1=8.33333 model_4=8.33333 model_5=8.33333  실측 model_1=8.44 model_4=8.16 model_5=8.48
  [rate] n=9030  span=359.9s
     실제 prefill 토큰 : p50 114 / p90 614 / p99 860 / max 1023
     prompt_len 필드   : p50 114 / p90 614 / p99 860 / max 1023
     output_len        : p50 127 / p90 487 / p99 771 / max 1837
     prefix 재사용률   : 5.7%  (합성 트레이스는 ~97%, 실제 텍스트는 ~1%)

생성됨: /workspace/datasets/sharegpt/pf/pf_rate25_seed1.pkl  (9.9 MB)
ShareGPT: 2턴 이상 대화 92886개

[rate] 9143건 / 360s = 25.40 req/s 평균, cv=1.0, seed=2
  phase 0 [0-360s] 목표 model_1=8.33333 model_4=8.33333 model_5=8.33333  실측 model_1=8.53 model_4=8.44 model_5=8.44
  [rate] n=9143  span=360.0s
     실제 prefill 토큰 : p50 104 / p90 607 / p99 841 / max 1024
     prompt_len 필드   : p50 104 / p90 607 / p99 841 / max 1024
     output_len        : p50 125 / p90 474 / p99 769 / max 1985
     prefix 재사용률   : 5.9%  (합성 트레이스는 ~97%, 실제 텍스트는 ~1%)

생성됨: /workspace/datasets/sharegpt/pf/pf_rate25_seed2.pkl  (9.9 MB)
ShareGPT: 2턴 이상 대화 92886개
Token indices sequence length is longer than the specified maximum sequence length for this model (161271 > 131072). Running this sequence through the model will result in indexing errors

[rate] 9065건 / 360s = 25.18 req/s 평균, cv=1.0, seed=3
  phase 0 [0-360s] 목표 model_1=8.33333 model_4=8.33333 model_5=8.33333  실측 model_1=8.37 model_4=8.30 model_5=8.51
  [rate] n=9065  span=360.0s
     실제 prefill 토큰 : p50 110 / p90 621 / p99 881 / max 1024
     prompt_len 필드   : p50 110 / p90 621 / p99 881 / max 1024
     output_len        : p50 131 / p90 486 / p99 769 / max 1835
     prefix 재사용률   : 5.6%  (합성 트레이스는 ~97%, 실제 텍스트는 ~1%)

생성됨: /workspace/datasets/sharegpt/pf/pf_rate25_seed3.pkl  (9.9 MB)
ShareGPT: 2턴 이상 대화 92886개

[rate] 10896건 / 360s = 30.27 req/s 평균, cv=1.0, seed=1
  phase 0 [0-360s] 목표 model_1=10 model_4=10 model_5=10  실측 model_1=10.16 model_4=9.83 model_5=10.28
  [rate] n=10896  span=360.0s
     실제 prefill 토큰 : p50 115 / p90 613 / p99 864 / max 1023
     prompt_len 필드   : p50 115 / p90 613 / p99 864 / max 1023
     output_len        : p50 129 / p90 486 / p99 771 / max 1837
     prefix 재사용률   : 6.4%  (합성 트레이스는 ~97%, 실제 텍스트는 ~1%)

생성됨: /workspace/datasets/sharegpt/pf/pf_rate30_seed1.pkl  (12.0 MB)
ShareGPT: 2턴 이상 대화 92886개

[rate] 10959건 / 360s = 30.44 req/s 평균, cv=1.0, seed=2
  phase 0 [0-360s] 목표 model_1=10 model_4=10 model_5=10  실측 model_1=10.23 model_4=10.37 model_5=9.84
  [rate] n=10959  span=360.0s
     실제 prefill 토큰 : p50 104 / p90 609 / p99 854 / max 1024
     prompt_len 필드   : p50 104 / p90 609 / p99 854 / max 1024
     output_len        : p50 126 / p90 474 / p99 769 / max 1985
     prefix 재사용률   : 6.7%  (합성 트레이스는 ~97%, 실제 텍스트는 ~1%)

생성됨: /workspace/datasets/sharegpt/pf/pf_rate30_seed2.pkl  (11.9 MB)
ShareGPT: 2턴 이상 대화 92886개
Token indices sequence length is longer than the specified maximum sequence length for this model (161271 > 131072). Running this sequence through the model will result in indexing errors

[rate] 10870건 / 360s = 30.19 req/s 평균, cv=1.0, seed=3
  phase 0 [0-360s] 목표 model_1=10 model_4=10 model_5=10  실측 model_1=10.09 model_4=9.97 model_5=10.14
  [rate] n=10870  span=360.0s
     실제 prefill 토큰 : p50 109 / p90 618 / p99 876 / max 1024
     prompt_len 필드   : p50 109 / p90 618 / p99 876 / max 1024
     output_len        : p50 130 / p90 493 / p99 770 / max 1835
     prefix 재사용률   : 6.4%  (합성 트레이스는 ~97%, 실제 텍스트는 ~1%)

생성됨: /workspace/datasets/sharegpt/pf/pf_rate30_seed3.pkl  (11.8 MB)
ShareGPT: 2턴 이상 대화 92886개

[rate] 702건 / 180s = 3.90 req/s 평균, cv=1.0, seed=42
  phase 0 [0-180s] 목표 model_1=4  실측 model_1=3.90
  [rate] n=702  span=179.3s
     실제 prefill 토큰 : p50 101 / p90 568 / p99 776 / max 1020
     prompt_len 필드   : p50 101 / p90 568 / p99 776 / max 1020
     output_len        : p50 144 / p90 495 / p99 772 / max 1834
     prefix 재사용률   : 0.8%  (합성 트레이스는 ~97%, 실제 텍스트는 ~1%)

생성됨: /workspace/datasets/sharegpt/pf/pf_ref_solo.pkl  (0.7 MB)
ShareGPT: 2턴 이상 대화 92886개

[rate] 264건 / 90s = 2.93 req/s 평균, cv=1.0, seed=99
  phase 0 [0-90s] 목표 model_1=1 model_4=1 model_5=1  실측 model_1=1.02 model_4=0.96 model_5=0.96
  [rate] n=264  span=90.0s
     실제 prefill 토큰 : p50 95 / p90 632 / p99 878 / max 952
     prompt_len 필드   : p50 95 / p90 632 / p99 878 / max 952
     output_len        : p50 131 / p90 454 / p99 768 / max 965
     prefix 재사용률   : 0.5%  (합성 트레이스는 ~97%, 실제 텍스트는 ~1%)

생성됨: /workspace/datasets/sharegpt/pf/pf_smoke.pkl  (0.3 MB)
