Real trace file: /workspace/prism-merge/exp/workloads/final-compare/bursty_r2_s3.pkl
[PRISM_DIRECT] 816 requests, span 418.8s
Starting TP benchmark: released-prototype_bursty_rate2_seed3
Generated 816 requests
Request model_3#0 arrives at 1590078.382734396, sleeping for 0.20641331002116203 seconds
Request model_1#0 arrives at 1590078.591062695, sleeping for 0.6795699039939791 seconds
Request model_1#1 arrives at 1590079.271708937, sleeping for 0.09321729652583599 seconds
Request model_3#1 arrives at 1590079.365694693, sleeping for 1.0129439439624548 seconds
Request model_1#2 arrives at 1590080.379721147, sleeping for 0.663250126177445 seconds
Request model_1#3 arrives at 1590081.044666819, sleeping for 0.02027945569716394 seconds
Request model_3#2 arrives at 1590081.065953441, sleeping for 0.33067057537846267 seconds
Request model_6#0 arrives at 1590081.397243938, sleeping for 0.01483722752891481 seconds
Request model_6#1 arrives at 1590081.412245453, sleeping for 0.5083447210490704 seconds
Request model_6#2 arrives at 1590081.921547307, sleeping for 0.2747519058175385 seconds
Request model_6#3 arrives at 1590082.197117309, sleeping for 1.6652266581077129 seconds
Request model_6#4 arrives at 1590083.864438406, sleeping for 0.0364807122386992 seconds
Request model_6#5 arrives at 1590083.902842699, sleeping for 0.09712854051031172 seconds
Request model_3#3 arrives at 1590084.00122696, sleeping for 0.12386680883355439 seconds
Request model_3#4 arrives at 1590084.126440515, sleeping for 1.163547869073227 seconds
Request model_5#0 arrives at 1590085.2913846, sleeping for 0.699245345313102 seconds
Request model_6#6 arrives at 1590085.993622236, sleeping for 0.2951989280991256 seconds
Request model_6#7 arrives at 1590086.290133077, sleeping for 0.5533066100906581 seconds
Request model_3#5 arrives at 1590086.844879758, sleeping for 1.3715605505276471 seconds
Request model_3#6 arrives at 1590088.217331156, sleeping for 0.2371288847643882 seconds
Request model_3#7 arrives at 1590088.454899058, sleeping for 1.9348655147477984 seconds
Request model_3#8 arrives at 1590090.391363247, sleeping for 0.6996164922602475 seconds
Request model_3#9 arrives at 1590091.091522897, sleeping for 0.08937049843370914 seconds
Request model_3#10 arrives at 1590091.182070488, sleeping for 0.1272751037031412 seconds
Request model_2#0 arrives at 1590091.310318226, sleeping for 0.3736660110298544 seconds
Request model_2#1 arrives at 1590091.685033634, sleeping for 0.542094205506146 seconds
Request model_6#8 arrives at 1590092.227996665, sleeping for 0.08366341236978769 seconds
Request model_6#9 arrives at 1590092.312690721, sleeping for 0.057258690474554896 seconds
Request model_6#10 arrives at 1590092.371258277, sleeping for 0.5689927958883345 seconds
Request model_3#11 arrives at 1590092.941156763, sleeping for 0.5433761449530721 seconds
Request model_3#12 arrives at 1590093.485099962, sleeping for 0.2334662084467709 seconds
Request model_6#11 arrives at 1590093.719119687, sleeping for 0.2179698026739061 seconds
Request model_1#4 arrives at 1590093.938183748, sleeping for 0.055910937720909715 seconds
Request model_6#12 arrives at 1590093.994347476, sleeping for 0.36537597491405904 seconds
Request model_2#2 arrives at 1590094.36073202, sleeping for 0.3673558784648776 seconds
Request model_6#13 arrives at 1590094.728547446, sleeping for 0.14416057500056922 seconds
Request model_6#14 arrives at 1590094.875114233, sleeping for 0.035425913287326694 seconds
Request model_6#15 arrives at 1590094.910914626, sleeping for 0.30795378261245787 seconds
Request model_6#16 arrives at 1590095.220339996, sleeping for 0 seconds
Request model_3#13 arrives at 1590095.221211733, sleeping for 1.2942919603083283 seconds
Request model_1#5 arrives at 1590096.516553092, sleeping for 0.25081348582170904 seconds
Request model_3#14 arrives at 1590096.768690194, sleeping for 0.07374255522154272 seconds
Request model_3#15 arrives at 1590096.843443195, sleeping for 0.12586730788461864 seconds
Request model_6#17 arrives at 1590096.970216062, sleeping for 0.5225658307317644 seconds
Request model_3#16 arrives at 1590097.493350111, sleeping for 0.12158209225162864 seconds
Request model_1#6 arrives at 1590097.615226341, sleeping for 1.4120867140591145 seconds
Request model_6#18 arrives at 1590099.028878102, sleeping for 1.3223956597503275 seconds
Request model_6#19 arrives at 1590100.352721288, sleeping for 0.2628214505966753 seconds
Request model_3#17 arrives at 1590100.61656246, sleeping for 0.7470531577710062 seconds
Request model_6#20 arrives at 1590101.364673076, sleeping for 1.6155704213306308 seconds
Request model_1#7 arrives at 1590102.981099153, sleeping for 1.081263096537441 seconds
Request model_6#21 arrives at 1590104.06376834, sleeping for 0.29295016755349934 seconds
Request model_3#18 arrives at 1590104.357890982, sleeping for 0.09024248761124909 seconds
Request model_2#3 arrives at 1590104.448899026, sleeping for 0.30669052759185433 seconds
Request model_6#22 arrives at 1590104.756695603, sleeping for 0.3891309022437781 seconds
Request model_1#8 arrives at 1590105.146842099, sleeping for 0.5021171541884542 seconds
Request model_6#23 arrives at 1590105.650101347, sleeping for 0.31449659960344434 seconds
Request model_1#9 arrives at 1590105.965747814, sleeping for 0.19431890617124736 seconds
Request model_1#10 arrives at 1590106.161032553, sleeping for 0.21331321191973984 seconds
Request model_6#24 arrives at 1590106.375133316, sleeping for 0.6515626539476216 seconds
Request model_3#19 arrives at 1590107.029000892, sleeping for 0.7093986261170357 seconds
Request model_1#11 arrives at 1590107.739555721, sleeping for 0.5759224009234458 seconds
Request model_1#12 arrives at 1590108.318066683, sleeping for 0.14180538849905133 seconds
Request model_3#20 arrives at 1590108.462123261, sleeping for 0.6364229330793023 seconds
Request model_6#25 arrives at 1590109.100210798, sleeping for 0.40458712144754827 seconds
Request model_1#13 arrives at 1590109.506273704, sleeping for 0.17871689074672759 seconds
Request model_6#26 arrives at 1590109.685571661, sleeping for 0.40201899339444935 seconds
Request model_1#14 arrives at 1590110.088104541, sleeping for 0.9732208079658449 seconds
Request model_5#1 arrives at 1590111.062897025, sleeping for 0.32006215560249984 seconds
Request model_3#21 arrives at 1590111.383780052, sleeping for 0.00913033913820982 seconds
Request model_6#27 arrives at 1590111.395011627, sleeping for 1.6405565245077014 seconds
Request model_3#22 arrives at 1590113.037051479, sleeping for 0.49620376084931195 seconds
Request model_6#28 arrives at 1590113.534946196, sleeping for 0.32149238185957074 seconds
Request model_3#23 arrives at 1590113.857444045, sleeping for 0.39886650280095637 seconds
Request model_3#24 arrives at 1590114.257027312, sleeping for 1.1729483345989138 seconds
Request model_6#29 arrives at 1590115.432152063, sleeping for 0.7837670927401632 seconds
Request model_3#25 arrives at 1590116.217485582, sleeping for 1.128817512653768 seconds
Request model_3#26 arrives at 1590117.346988145, sleeping for 0.7338374252431095 seconds
Request model_3#27 arrives at 1590118.08336788, sleeping for 0.30926716700196266 seconds
Request model_3#28 arrives at 1590118.394025689, sleeping for 0.7514738615136594 seconds
Request model_3#29 arrives at 1590119.147033801, sleeping for 0.14202979346737266 seconds
Request model_3#30 arrives at 1590119.289408267, sleeping for 0.15562001150101423 seconds
Request model_3#31 arrives at 1590119.445347916, sleeping for 0.7032839369494468 seconds
Request model_3#32 arrives at 1590120.149727077, sleeping for 0.30412626871839166 seconds
Request model_1#15 arrives at 1590120.456196924, sleeping for 0.5796639763284475 seconds
Request model_6#30 arrives at 1590121.03663561, sleeping for 0.5034148839768022 seconds
Request model_3#33 arrives at 1590121.541231608, sleeping for 0.5399446121882647 seconds
Request model_2#4 arrives at 1590122.082829778, sleeping for 0.8649043168406934 seconds
Request model_5#2 arrives at 1590122.949070824, sleeping for 2.178443851415068 seconds
Request model_2#5 arrives at 1590125.128777654, sleeping for 0.12773396004922688 seconds
Request model_5#3 arrives at 1590125.256999402, sleeping for 1.4220633700024337 seconds
Request model_2#6 arrives at 1590126.680507146, sleeping for 1.3577926214784384 seconds
Request model_3#34 arrives at 1590128.0396926, sleeping for 0.236555440351367 seconds
Request model_5#4 arrives at 1590128.278217079, sleeping for 0.059243226423859596 seconds
Request model_2#7 arrives at 1590128.339499486, sleeping for 0.13820030470378697 seconds
Request model_2#8 arrives at 1590128.478356745, sleeping for 0.2239228815305978 seconds
Request model_5#5 arrives at 1590128.70327104, sleeping for 0.5943581054452807 seconds
Request model_5#6 arrives at 1590129.298280787, sleeping for 0.5754815640393645 seconds
Request model_5#7 arrives at 1590129.876174083, sleeping for 1.0668958956375718 seconds
Request model_2#9 arrives at 1590130.943488972, sleeping for 0.12460081046447158 seconds
Request model_6#31 arrives at 1590131.068620926, sleeping for 0.17244594055227935 seconds
Request model_3#35 arrives at 1590131.242059788, sleeping for 0.1663289973512292 seconds
Request model_3#36 arrives at 1590131.409407834, sleeping for 0.6605438725091517 seconds
Request model_5#8 arrives at 1590132.070927318, sleeping for 0.922306987689808 seconds
Request model_5#9 arrives at 1590132.994973214, sleeping for 0.15778909623622894 seconds
Request model_5#10 arrives at 1590133.153773655, sleeping for 0.16743088443763554 seconds
Request model_3#37 arrives at 1590133.322442431, sleeping for 0.24077549250796437 seconds
Request model_6#32 arrives at 1590133.563876642, sleeping for 0.4403061317279935 seconds
Request model_3#38 arrives at 1590134.004658813, sleeping for 0.3241453093942255 seconds
Request model_3#39 arrives at 1590134.330353726, sleeping for 1.9389720223844051 seconds
Request model_5#11 arrives at 1590136.271314675, sleeping for 0.8703509848564863 seconds
Request model_5#12 arrives at 1590137.142408037, sleeping for 1.0768850902095437 seconds
Request model_5#13 arrives at 1590138.221365084, sleeping for 0.012826329562813044 seconds
Request model_3#40 arrives at 1590138.234463623, sleeping for 0.07749109365977347 seconds
Request model_3#41 arrives at 1590138.312397508, sleeping for 0.01032704534009099 seconds
Request model_5#14 arrives at 1590138.323263881, sleeping for 1.6500829583965242 seconds
Request model_3#42 arrives at 1590139.973838336, sleeping for 0.018817733274772763 seconds
Request model_5#15 arrives at 1590139.993828078, sleeping for 0.9700504636857659 seconds
Request model_3#43 arrives at 1590140.965561227, sleeping for 0.13919421355240047 seconds
Request model_5#16 arrives at 1590141.105793706, sleeping for 0.9762351175304502 seconds
Request model_5#17 arrives at 1590142.083081727, sleeping for 0.07702032686211169 seconds
Request model_5#18 arrives at 1590142.160554118, sleeping for 1.129879934946075 seconds
Request model_5#19 arrives at 1590143.291790583, sleeping for 0.11297028604894876 seconds
Request model_5#20 arrives at 1590143.406109184, sleeping for 0.2981758648529649 seconds
Request model_5#21 arrives at 1590143.705548858, sleeping for 0.8775162741076201 seconds
Request model_5#22 arrives at 1590144.584770981, sleeping for 0.5346797867678106 seconds
Request model_6#33 arrives at 1590145.121673575, sleeping for 0.8788231324870139 seconds
Request model_5#23 arrives at 1590146.001483233, sleeping for 0.2872001773212105 seconds
Request model_3#44 arrives at 1590146.289459138, sleeping for 0.5553061161190271 seconds
Request model_3#45 arrives at 1590146.845601778, sleeping for 0.02079845010302961 seconds
Request model_6#34 arrives at 1590146.867124692, sleeping for 0.2016530423425138 seconds
Request model_3#46 arrives at 1590147.070249391, sleeping for 1.5449674802366644 seconds
Request model_5#24 arrives at 1590148.616474579, sleeping for 0.8569746362045407 seconds
Request model_4#0 arrives at 1590149.474448411, sleeping for 1.2752364936750382 seconds
Request model_3#47 arrives at 1590150.751288286, sleeping for 0.24627008684910834 seconds
Request model_5#25 arrives at 1590150.998685042, sleeping for 0.5940484111197293 seconds
Request model_5#26 arrives at 1590151.593764659, sleeping for 0.6334657887928188 seconds
Request model_3#48 arrives at 1590152.228152395, sleeping for 0.72432946623303 seconds
Request model_3#49 arrives at 1590152.953560256, sleeping for 0.008400947321206331 seconds
Request model_6#35 arrives at 1590152.962898427, sleeping for 0.6052210794296116 seconds
Request model_5#27 arrives at 1590153.569477001, sleeping for 0.5004544677212834 seconds
Request model_5#28 arrives at 1590154.070758373, sleeping for 0.3114590826444328 seconds
Request model_5#29 arrives at 1590154.383308246, sleeping for 0.09480634285137057 seconds
Request model_5#30 arrives at 1590154.478392671, sleeping for 0.6903180470690131 seconds
Request model_2#10 arrives at 1590155.169657591, sleeping for 0.5216058867517859 seconds
Request model_5#31 arrives at 1590155.69284412, sleeping for 0.14765192288905382 seconds
Request model_3#50 arrives at 1590155.841304581, sleeping for 1.068701785756275 seconds
Request model_3#51 arrives at 1590156.910814435, sleeping for 0.055958038894459605 seconds
Request model_2#11 arrives at 1590156.967937541, sleeping for 0.12428339035250247 seconds
Request model_6#36 arrives at 1590157.093078625, sleeping for 0.24269562331028283 seconds
Request model_5#32 arrives at 1590157.3363888, sleeping for 0.32254846300929785 seconds
Request model_5#33 arrives at 1590157.659484463, sleeping for 1.959089609561488 seconds
Request model_3#52 arrives at 1590159.62003548, sleeping for 0.705530448583886 seconds
Request model_5#34 arrives at 1590160.327169531, sleeping for 0.15743218688294291 seconds
Request model_5#35 arrives at 1590160.485510368, sleeping for 0.1056518277619034 seconds
Request model_5#36 arrives at 1590160.592207451, sleeping for 0.38509587035514414 seconds
Request model_5#37 arrives at 1590160.978565896, sleeping for 0.07447903021238744 seconds
Request model_2#12 arrives at 1590161.053982401, sleeping for 0.404344174079597 seconds
Request model_2#13 arrives at 1590161.459436083, sleeping for 0.30772812641225755 seconds
Request model_5#38 arrives at 1590161.768515689, sleeping for 0.3069895862136036 seconds
Request model_3#53 arrives at 1590162.076267765, sleeping for 0.05962113058194518 seconds
Request model_5#39 arrives at 1590162.137673643, sleeping for 0.11721543013118207 seconds
Request model_5#40 arrives at 1590162.255694943, sleeping for 0.15482389042153955 seconds
Request model_3#54 arrives at 1590162.411016027, sleeping for 0.7197161403018981 seconds
Request model_3#55 arrives at 1590163.132133114, sleeping for 0.015839324099943042 seconds
Request model_3#56 arrives at 1590163.148354358, sleeping for 0.8315219595097005 seconds
Request model_5#41 arrives at 1590163.980342491, sleeping for 0.6147624792065471 seconds
Request model_5#42 arrives at 1590164.595875533, sleeping for 0.13149848440662026 seconds
Request model_3#57 arrives at 1590164.728152852, sleeping for 0.0471011009067297 seconds
Request model_5#43 arrives at 1590164.775917736, sleeping for 0.091116743395105 seconds
Request model_2#14 arrives at 1590164.867649825, sleeping for 0.7760427703615278 seconds
Request model_5#44 arrives at 1590165.644526618, sleeping for 0.3450027557555586 seconds
Request model_6#37 arrives at 1590165.990660976, sleeping for 0.21437311940826476 seconds
Request model_3#58 arrives at 1590166.206142899, sleeping for 0.23857879801653326 seconds
Request model_3#59 arrives at 1590166.44628923, sleeping for 0.04212330840528011 seconds
Request model_6#38 arrives at 1590166.489419138, sleeping for 0.030955232912674546 seconds
Request model_5#45 arrives at 1590166.521258331, sleeping for 0.3206841670908034 seconds
Request model_5#46 arrives at 1590166.843262436, sleeping for 0.01571261859498918 seconds
Request model_3#60 arrives at 1590166.859154247, sleeping for 0.09563483949750662 seconds
Request model_5#47 arrives at 1590166.955856964, sleeping for 0.0696575385518372 seconds
Request model_5#48 arrives at 1590167.025785627, sleeping for 0.6779856793582439 seconds
Request model_5#49 arrives at 1590167.704127679, sleeping for 0.16419831826351583 seconds
Request model_5#50 arrives at 1590167.869261677, sleeping for 0.04059038870036602 seconds
Request model_2#15 arrives at 1590167.910041558, sleeping for 0.1102221985347569 seconds
Request model_2#16 arrives at 1590168.020728712, sleeping for 1.063683895394206 seconds
Request model_5#51 arrives at 1590169.085134327, sleeping for 0.7951403162442148 seconds
Request model_2#17 arrives at 1590169.880867213, sleeping for 0.41924153733998537 seconds
Request model_6#39 arrives at 1590170.300898544, sleeping for 0.14721387391909957 seconds
Request model_3#61 arrives at 1590170.449002783, sleeping for 2.2188265351578593 seconds
Request model_5#52 arrives at 1590172.66939138, sleeping for 1.1056652360130101 seconds
Request model_2#18 arrives at 1590173.775756494, sleeping for 0.46371529367752373 seconds
Request model_5#53 arrives at 1590174.240094384, sleeping for 0.3931071260012686 seconds
Request model_2#19 arrives at 1590174.633791475, sleeping for 0.008460075128823519 seconds
Request model_5#54 arrives at 1590174.642525341, sleeping for 0.15061673941090703 seconds
Request model_3#62 arrives at 1590174.794321148, sleeping for 0.43712798156775534 seconds
Request model_5#55 arrives at 1590175.231694412, sleeping for 0.6652787269558758 seconds
Request model_3#63 arrives at 1590175.897550128, sleeping for 0.45942464796826243 seconds
Request model_5#56 arrives at 1590176.358000578, sleeping for 0.8911481418181211 seconds
Request model_5#57 arrives at 1590177.249364553, sleeping for 0.5529938477557153 seconds
Request model_3#64 arrives at 1590177.803655178, sleeping for 0.7097622533328831 seconds
Request model_5#58 arrives at 1590178.514588978, sleeping for 0.4616674839053303 seconds
Request model_3#65 arrives at 1590178.976877421, sleeping for 0.6865423668641597 seconds
Request model_4#1 arrives at 1590179.665216519, sleeping for 1.866946592926979 seconds
Request model_6#40 arrives at 1590181.534995391, sleeping for 0.5055628942791373 seconds
Request model_4#2 arrives at 1590182.041604513, sleeping for 0.9813548037782311 seconds
Request model_5#59 arrives at 1590183.024256774, sleeping for 0.04039363539777696 seconds
Request model_4#3 arrives at 1590183.06569916, sleeping for 0.293541717575863 seconds
Request model_4#4 arrives at 1590183.360350395, sleeping for 0.06396638741716743 seconds
Request model_4#5 arrives at 1590183.425629373, sleeping for 0.2225613126065582 seconds
Request model_4#6 arrives at 1590183.649497, sleeping for 0.499344305600971 seconds
Request model_3#66 arrives at 1590184.14929965, sleeping for 0.03577561303973198 seconds
Request model_6#41 arrives at 1590184.185403935, sleeping for 0.27759440895169973 seconds
Request model_3#67 arrives at 1590184.4642964, sleeping for 0.7964227367192507 seconds
Request model_4#7 arrives at 1590185.261201265, sleeping for 0.039948369609192014 seconds
Request model_4#8 arrives at 1590185.302217918, sleeping for 0.060486511094495654 seconds
Request model_4#9 arrives at 1590185.363066102, sleeping for 0.16263205255381763 seconds
Request model_4#10 arrives at 1590185.52684505, sleeping for 0.45739786396734416 seconds
Request model_5#60 arrives at 1590185.985221834, sleeping for 0.9789180834777653 seconds
Request model_6#42 arrives at 1590186.96461135, sleeping for 0.43637232086621225 seconds
Request model_4#11 arrives at 1590187.401802242, sleeping for 1.029724016552791 seconds
Request model_4#12 arrives at 1590188.43269963, sleeping for 0.2514783185906708 seconds
Request model_4#13 arrives at 1590188.684980983, sleeping for 0.04327036044560373 seconds
Request model_6#43 arrives at 1590188.728944398, sleeping for 0.12608774448744953 seconds
Request model_5#61 arrives at 1590188.855796905, sleeping for 0.09612978668883443 seconds
Request model_6#44 arrives at 1590188.952661173, sleeping for 0.4975288126152009 seconds
Request model_5#62 arrives at 1590189.450915971, sleeping for 0.12911011115647852 seconds
Request model_4#14 arrives at 1590189.580765341, sleeping for 0.40211163670755923 seconds
Request model_4#15 arrives at 1590189.983641252, sleeping for 1.1012067913543433 seconds
Request model_6#45 arrives at 1590191.086464418, sleeping for 0.5966923199594021 seconds
Request model_3#68 arrives at 1590191.684227144, sleeping for 0.3251768657937646 seconds
Request model_6#46 arrives at 1590192.010878274, sleeping for 1.3981033458840102 seconds
Request model_5#63 arrives at 1590193.409840767, sleeping for 0.052973971236497164 seconds
Request model_6#47 arrives at 1590193.464363793, sleeping for 0.5905848885886371 seconds
Request model_4#16 arrives at 1590194.056392415, sleeping for 0.2696328260935843 seconds
Request model_6#48 arrives at 1590194.327073429, sleeping for 0.04055622057057917 seconds
Request model_4#17 arrives at 1590194.368487525, sleeping for 0.23340700031258166 seconds
Request model_4#18 arrives at 1590194.602506468, sleeping for 0.002793246414512396 seconds
Request model_5#64 arrives at 1590194.606035675, sleeping for 0.11579049378633499 seconds
Request model_4#19 arrives at 1590194.722371732, sleeping for 0.046373620396479964 seconds
Request model_6#49 arrives at 1590194.76928615, sleeping for 1.13122649025172 seconds
Request model_3#69 arrives at 1590195.90163112, sleeping for 0.701778128510341 seconds
Request model_4#20 arrives at 1590196.604412427, sleeping for 0.5749158556573093 seconds
Request model_4#21 arrives at 1590197.179772313, sleeping for 1.4466394663322717 seconds
Request model_5#65 arrives at 1590198.627069124, sleeping for 1.4494825406000018 seconds
Request model_6#50 arrives at 1590200.077511889, sleeping for 0.4304431304335594 seconds
Request model_4#22 arrives at 1590200.509143779, sleeping for 0.5840562868397683 seconds
Request model_4#23 arrives at 1590201.093855776, sleeping for 1.2573750638402998 seconds
Request model_4#24 arrives at 1590202.352174686, sleeping for 0.735598131082952 seconds
Request model_6#51 arrives at 1590203.088988493, sleeping for 0.06981830042786896 seconds
Request model_6#52 arrives at 1590203.159079027, sleeping for 0.7306205413769931 seconds
Request model_6#53 arrives at 1590203.89162391, sleeping for 0.16613673162646592 seconds
Request model_6#54 arrives at 1590204.059983143, sleeping for 0.3742464887909591 seconds
Request model_6#55 arrives at 1590204.434390987, sleeping for 0.17881397739984095 seconds
Request model_6#56 arrives at 1590204.614265918, sleeping for 0.24522076733410358 seconds
Request model_6#57 arrives at 1590204.860209083, sleeping for 0.1529240170493722 seconds
Request model_4#25 arrives at 1590205.014024285, sleeping for 0.09557976061478257 seconds
Request model_6#58 arrives at 1590205.110780422, sleeping for 0.9034924230072647 seconds
Request model_5#66 arrives at 1590206.015010244, sleeping for 1.7282433693762869 seconds
Request model_4#26 arrives at 1590207.74639754, sleeping for 0.8726004844065756 seconds
Request model_6#59 arrives at 1590208.620285961, sleeping for 0.0026332600973546505 seconds
Request model_4#27 arrives at 1590208.623653807, sleeping for 0.12399025610648096 seconds
Request model_6#60 arrives at 1590208.748581198, sleeping for 1.0596562190912664 seconds
Request model_3#70 arrives at 1590209.809450484, sleeping for 0.013616292038932443 seconds
Request model_5#67 arrives at 1590209.82462695, sleeping for 0.8078329439740628 seconds
Request model_6#61 arrives at 1590210.633169132, sleeping for 0.1968502774834633 seconds
Request model_5#68 arrives at 1590210.830353465, sleeping for 1.1288392597343773 seconds
Request model_4#28 arrives at 1590211.96068913, sleeping for 0.7775003083515912 seconds
Request model_5#69 arrives at 1590212.739735398, sleeping for 0.2147939584683627 seconds
Request model_4#29 arrives at 1590212.955685723, sleeping for 0.31413354887627065 seconds
Request model_4#30 arrives at 1590213.270826505, sleeping for 0.03425479959696531 seconds
Request model_6#62 arrives at 1590213.30555456, sleeping for 0.2563564400188625 seconds
Request model_4#31 arrives at 1590213.562477168, sleeping for 0.05992080573923886 seconds
Request model_6#63 arrives at 1590213.623578084, sleeping for 0.2638696348294616 seconds
Request model_6#64 arrives at 1590213.888664054, sleeping for 0.6070469475816935 seconds
Request model_6#65 arrives at 1590214.497715316, sleeping for 1.0823648627847433 seconds
Request model_3#71 arrives at 1590215.581358195, sleeping for 0.9380143226590008 seconds
Request model_4#32 arrives at 1590216.521243978, sleeping for 0.2999630863778293 seconds
Request model_5#70 arrives at 1590216.822662905, sleeping for 0.14794819429516792 seconds
Request model_3#72 arrives at 1590216.971194238, sleeping for 0.8435191721655428 seconds
Request model_6#66 arrives at 1590217.816101917, sleeping for 0.20669886679388583 seconds
Request model_6#67 arrives at 1590218.024364014, sleeping for 0 seconds
Request model_4#33 arrives at 1590218.024856908, sleeping for 0.17663991800509393 seconds
Request model_5#71 arrives at 1590218.201995278, sleeping for 0.12053761607967317 seconds
Request model_4#34 arrives at 1590218.3229691, sleeping for 0.607716714264825 seconds
Request model_6#68 arrives at 1590218.931400757, sleeping for 0.7620364187750965 seconds
Request model_5#72 arrives at 1590219.694518782, sleeping for 0.23106327932327986 seconds
Request model_4#35 arrives at 1590219.926550561, sleeping for 0.2500769570469856 seconds
Request model_3#73 arrives at 1590220.177682505, sleeping for 0.12580089224502444 seconds
Request model_3#74 arrives at 1590220.304569952, sleeping for 0.6798504937905818 seconds
Request model_6#69 arrives at 1590220.985174109, sleeping for 1.508889114484191 seconds
Request model_3#75 arrives at 1590222.495272628, sleeping for 0.33097518258728087 seconds
Request model_6#70 arrives at 1590222.827698421, sleeping for 0.18126244540326297 seconds
Request model_3#76 arrives at 1590223.009453616, sleeping for 0.2859906768426299 seconds
Request model_6#71 arrives at 1590223.297480601, sleeping for 0.10241683037020266 seconds
Request model_6#72 arrives at 1590223.400384985, sleeping for 0.3849417499732226 seconds
Request model_6#73 arrives at 1590223.786558159, sleeping for 0.008266748627647758 seconds
Request model_6#74 arrives at 1590223.795360406, sleeping for 0.4948272055480629 seconds
Request model_3#77 arrives at 1590224.290944713, sleeping for 1.8996746973134577 seconds
Request model_4#36 arrives at 1590226.191195895, sleeping for 2.084299491951242 seconds
Request model_5#73 arrives at 1590228.277035211, sleeping for 1.0663371784612536 seconds
Request model_6#75 arrives at 1590229.34509488, sleeping for 0.5095906052738428 seconds
Request model_4#37 arrives at 1590229.855338719, sleeping for 0.8179818950593472 seconds
Request model_3#78 arrives at 1590230.673672135, sleeping for 0.06526625296100974 seconds
Request model_4#38 arrives at 1590230.739845409, sleeping for 0.46176569862291217 seconds
Request model_6#76 arrives at 1590231.20313131, sleeping for 0.8043197446968406 seconds
Request model_5#74 arrives at 1590232.008482707, sleeping for 0.24742160481400788 seconds
Request model_3#79 arrives at 1590232.257188873, sleeping for 0.28290156088769436 seconds
Request model_4#39 arrives at 1590232.540878975, sleeping for 0.662588436389342 seconds
Request model_3#80 arrives at 1590233.205212717, sleeping for 0.6038541025482118 seconds
Request model_5#75 arrives at 1590233.810081577, sleeping for 1.2214406924322248 seconds
Request model_4#40 arrives at 1590235.033617521, sleeping for 0.4003486568108201 seconds
Request model_6#77 arrives at 1590235.435092941, sleeping for 1.43034348054789 seconds
Request model_4#41 arrives at 1590236.866219537, sleeping for 0.23899066518060863 seconds
Request model_5#76 arrives at 1590237.106604168, sleeping for 0.5690910001285374 seconds
Request model_5#77 arrives at 1590237.676770714, sleeping for 0.004510413855314255 seconds
Request model_5#78 arrives at 1590237.682157585, sleeping for 0.7878483962267637 seconds
Request model_6#78 arrives at 1590238.470694444, sleeping for 0.1366786069702357 seconds
Request model_6#79 arrives at 1590238.608653535, sleeping for 0.3167052362114191 seconds
Request model_4#42 arrives at 1590238.926737529, sleeping for 0.10291636339388788 seconds
Request model_5#79 arrives at 1590239.030180747, sleeping for 0.41096093552187085 seconds
Request model_6#80 arrives at 1590239.442982563, sleeping for 0.7312538193073124 seconds
Request model_6#81 arrives at 1590240.175137522, sleeping for 0.24496305733919144 seconds
Request model_6#82 arrives at 1590240.420914516, sleeping for 0.12678199377842247 seconds
Request model_5#80 arrives at 1590240.548500558, sleeping for 0.925141321728006 seconds
Request model_6#83 arrives at 1590241.474923107, sleeping for 0.3385266410186887 seconds
Request model_3#81 arrives at 1590241.814385414, sleeping for 0.6126287549268454 seconds
Request model_6#84 arrives at 1590242.428101681, sleeping for 0.23730385256931186 seconds
Request model_4#43 arrives at 1590242.667249124, sleeping for 1.1402064533904195 seconds
Request model_3#82 arrives at 1590243.810359254, sleeping for 0.3573488392867148 seconds
Request model_6#85 arrives at 1590244.169142019, sleeping for 1.1337533062323928 seconds
Request model_6#86 arrives at 1590245.304924704, sleeping for 0.03512394125573337 seconds
Request model_4#44 arrives at 1590245.341054159, sleeping for 0.5970834561157972 seconds
Request model_5#81 arrives at 1590245.93965394, sleeping for 2.300359468208626 seconds
Request model_6#87 arrives at 1590248.241235829, sleeping for 0.7166028029751033 seconds
Request model_5#82 arrives at 1590248.958578095, sleeping for 1.5529254057910293 seconds
Request model_6#88 arrives at 1590250.512846329, sleeping for 0.19427563389763236 seconds
Request model_6#89 arrives at 1590250.707408422, sleeping for 0.11268074158579111 seconds
Request model_5#83 arrives at 1590250.820415872, sleeping for 0.18947256938554347 seconds
Request model_6#90 arrives at 1590251.010169078, sleeping for 0.6570696320850402 seconds
Request model_3#83 arrives at 1590251.668623626, sleeping for 0.4146735076792538 seconds
Request model_5#84 arrives at 1590252.085021359, sleeping for 0.38295567431487143 seconds
Request model_4#45 arrives at 1590252.468778103, sleeping for 0.2697255373932421 seconds
Request model_6#91 arrives at 1590252.739270344, sleeping for 0.2208988859783858 seconds
Request model_6#92 arrives at 1590252.960873983, sleeping for 1.3662334340624511 seconds
Request model_6#93 arrives at 1590254.328182632, sleeping for 0.8429922524373978 seconds
Request model_6#94 arrives at 1590255.172199673, sleeping for 0.03169439802877605 seconds
Request model_4#46 arrives at 1590255.204469119, sleeping for 0.12436814978718758 seconds
Request model_6#95 arrives at 1590255.329414491, sleeping for 0.10079663153737783 seconds
Request model_6#96 arrives at 1590255.431392948, sleeping for 1.0993984378874302 seconds
Request model_6#97 arrives at 1590256.531447451, sleeping for 0.12243508687242866 seconds
Request model_5#85 arrives at 1590256.65477274, sleeping for 0.48249883065000176 seconds
Request model_3#84 arrives at 1590257.139263212, sleeping for 0.26252559572458267 seconds
Request model_4#47 arrives at 1590257.402700099, sleeping for 0.515661995857954 seconds
Request model_4#48 arrives at 1590257.920103432, sleeping for 0.2953223050571978 seconds
Request model_4#49 arrives at 1590258.216064707, sleeping for 0.3630662413779646 seconds
Request model_6#98 arrives at 1590258.579959579, sleeping for 0.20216049370355904 seconds
Request model_6#99 arrives at 1590258.782957397, sleeping for 0.2570642423816025 seconds
Request model_6#100 arrives at 1590259.040536309, sleeping for 0.5493513636756688 seconds
Request model_6#101 arrives at 1590259.590940403, sleeping for 0.8508251819293946 seconds
Request model_2#20 arrives at 1590260.443103537, sleeping for 1.3097162435296923 seconds
Request model_4#50 arrives at 1590261.754797341, sleeping for 0.5909739381168038 seconds
Request model_2#21 arrives at 1590262.347166345, sleeping for 1.9816875823307782 seconds
Request model_2#22 arrives at 1590264.329029566, sleeping for 1.0414423802867532 seconds
Request model_4#51 arrives at 1590265.371214287, sleeping for 0.3827522068750113 seconds
Request model_4#52 arrives at 1590265.7548026, sleeping for 0.07100715697742999 seconds
Request model_2#23 arrives at 1590265.826116533, sleeping for 0.3971742079593241 seconds
Request model_4#53 arrives at 1590266.22464873, sleeping for 0.8090312890708447 seconds
Request model_2#24 arrives at 1590267.034043327, sleeping for 0.11498717009089887 seconds
Request model_2#25 arrives at 1590267.150257513, sleeping for 0.06401063408702612 seconds
Request model_2#26 arrives at 1590267.215168277, sleeping for 0.43420243193395436 seconds
Request model_4#54 arrives at 1590267.650414744, sleeping for 1.4635591213591397 seconds
Request model_2#27 arrives at 1590269.114918383, sleeping for 0.5109589442145079 seconds
Request model_4#55 arrives at 1590269.627255646, sleeping for 0.6309394501149654 seconds
Request model_2#28 arrives at 1590270.259501453, sleeping for 0.10711065726354718 seconds
Request model_2#29 arrives at 1590270.367922849, sleeping for 0.31994952308014035 seconds
Request model_2#30 arrives at 1590270.688633063, sleeping for 0.07445115875452757 seconds
Request model_2#31 arrives at 1590270.764252499, sleeping for 1.1803260964807123 seconds
Request model_2#32 arrives at 1590271.946066634, sleeping for 0.044735112925991416 seconds
Request model_2#33 arrives at 1590271.991290489, sleeping for 0.04246363649144769 seconds
Request model_2#34 arrives at 1590272.034877271, sleeping for 1.235852408921346 seconds
Request model_2#35 arrives at 1590273.272560251, sleeping for 0.693650366505608 seconds
Request model_2#36 arrives at 1590273.967539456, sleeping for 0.4288656997960061 seconds
Request model_2#37 arrives at 1590274.397671203, sleeping for 0.3296691067516804 seconds
Request model_2#38 arrives at 1590274.728776417, sleeping for 0.5581599611323327 seconds
Request model_2#39 arrives at 1590275.288501481, sleeping for 0.13217519549652934 seconds
Request model_2#40 arrives at 1590275.421309033, sleeping for 1.4561858484521508 seconds
Request model_2#41 arrives at 1590276.879371812, sleeping for 0.08328331471420825 seconds
Request model_4#56 arrives at 1590276.963792815, sleeping for 1.0008312221616507 seconds
Request model_2#42 arrives at 1590277.965889111, sleeping for 0.16881030518561602 seconds
Request model_2#43 arrives at 1590278.135058639, sleeping for 0.9748927254695445 seconds
Request model_2#44 arrives at 1590279.111077036, sleeping for 0.2571704664733261 seconds
Request model_4#57 arrives at 1590279.369569905, sleeping for 0.8636792087927461 seconds
Request model_2#45 arrives at 1590280.233931671, sleeping for 0.03293836722150445 seconds
Request model_2#46 arrives at 1590280.267426806, sleeping for 0.09556938195601106 seconds
Request model_2#47 arrives at 1590280.36368768, sleeping for 0.8869092927780002 seconds
Request model_2#48 arrives at 1590281.251688225, sleeping for 1.3594877843279392 seconds
Request model_2#49 arrives at 1590282.612205151, sleeping for 1.1134823518805206 seconds
Request model_4#58 arrives at 1590283.727434858, sleeping for 0.11930041876621544 seconds
Request model_2#50 arrives at 1590283.848888473, sleeping for 0.7779323267750442 seconds
Request model_4#59 arrives at 1590284.627742447, sleeping for 0.21076288376934826 seconds
Request model_2#51 arrives at 1590284.839201209, sleeping for 0.3287670670542866 seconds
Request model_2#52 arrives at 1590285.169316774, sleeping for 0.9166138358414173 seconds
Request model_2#53 arrives at 1590286.086785354, sleeping for 3.3526693801395595 seconds
Request model_2#54 arrives at 1590289.440830258, sleeping for 0.8824295133817941 seconds
Request model_2#55 arrives at 1590290.325013514, sleeping for 0.018882768461480737 seconds
Request model_2#56 arrives at 1590290.344740265, sleeping for 0.8197389184497297 seconds
Request model_2#57 arrives at 1590291.167323001, sleeping for 1.5971365699078888 seconds
Request model_4#60 arrives at 1590292.76720103, sleeping for 0.34824029402807355 seconds
Request model_2#58 arrives at 1590293.117466129, sleeping for 0.21778473164886236 seconds
Request model_2#59 arrives at 1590293.336022054, sleeping for 0.3249085615389049 seconds
Request model_2#60 arrives at 1590293.661491774, sleeping for 0.380022854777053 seconds
Request model_2#61 arrives at 1590294.041831841, sleeping for 0.446981368586421 seconds
Request model_2#62 arrives at 1590294.490092686, sleeping for 0.21774325775913894 seconds
Request model_4#61 arrives at 1590294.709076475, sleeping for 0.27309402311220765 seconds
Request model_2#63 arrives at 1590294.983457685, sleeping for 0.059504517586901784 seconds
Request model_2#64 arrives at 1590295.044601451, sleeping for 0.03629117156378925 seconds
Request model_2#65 arrives at 1590295.082690241, sleeping for 0.7097896803170443 seconds
Request model_2#66 arrives at 1590295.793245925, sleeping for 0.42732546385377645 seconds
Request model_4#62 arrives at 1590296.221600298, sleeping for 0.024186271708458662 seconds
Request model_5#86 arrives at 1590296.24677788, sleeping for 0.6640739350114018 seconds
Request model_5#87 arrives at 1590296.911856017, sleeping for 0.10833157505840063 seconds
Request model_5#88 arrives at 1590297.020991648, sleeping for 0.9285216070711613 seconds
Request model_5#89 arrives at 1590297.950667861, sleeping for 0.08006195002235472 seconds
Request model_5#90 arrives at 1590298.031822499, sleeping for 0.5250666430220008 seconds
Request model_5#91 arrives at 1590298.559109806, sleeping for 1.0476852618157864 seconds
Request model_5#92 arrives at 1590299.609119186, sleeping for 0.15469959378242493 seconds
Request model_5#93 arrives at 1590299.764453949, sleeping for 0.3332352179568261 seconds
Request model_5#94 arrives at 1590300.09792055, sleeping for 0.9546713815070689 seconds
Request model_5#95 arrives at 1590301.053660611, sleeping for 0.06943289516493678 seconds
Request model_5#96 arrives at 1590301.123838806, sleeping for 0.023508573416620493 seconds
Request model_5#97 arrives at 1590301.147600427, sleeping for 0.17263381066732109 seconds
Request model_5#98 arrives at 1590301.321485231, sleeping for 0.46599164232611656 seconds
Request model_1#16 arrives at 1590301.788834172, sleeping for 0.5443957024253905 seconds
Request model_5#99 arrives at 1590302.333762403, sleeping for 0.689403751399368 seconds
Request model_5#100 arrives at 1590303.024379054, sleeping for 0.053088277112692595 seconds
Request model_5#101 arrives at 1590303.078780059, sleeping for 0.6612749099731445 seconds
Request model_5#102 arrives at 1590303.740707472, sleeping for 2.76369211752899 seconds
Request model_5#103 arrives at 1590306.506266711, sleeping for 0.15115989581681788 seconds
Request model_5#104 arrives at 1590306.658620721, sleeping for 0.18619566992856562 seconds
Request model_5#105 arrives at 1590306.845871248, sleeping for 0.21665284363552928 seconds
Request model_5#106 arrives at 1590307.062827201, sleeping for 0.4367020467761904 seconds
Request model_5#107 arrives at 1590307.500041352, sleeping for 0.023248455952852964 seconds
Request model_5#108 arrives at 1590307.524193575, sleeping for 0.06497307936660945 seconds
Request model_5#109 arrives at 1590307.590300339, sleeping for 0.4546970776282251 seconds
Request model_5#110 arrives at 1590308.045619908, sleeping for 0.22371518169529736 seconds
Request model_5#111 arrives at 1590308.269839496, sleeping for 0.8797134405467659 seconds
Request model_3#85 arrives at 1590309.150714926, sleeping for 0.745518702082336 seconds
Request model_5#112 arrives at 1590309.897675527, sleeping for 1.5355286363046616 seconds
Request model_5#113 arrives at 1590311.435351501, sleeping for 0.566742503317073 seconds
Request model_5#114 arrives at 1590312.003476849, sleeping for 0.11502865236252546 seconds
Request model_5#115 arrives at 1590312.11906152, sleeping for 0.642098912037909 seconds
Request model_5#116 arrives at 1590312.762458561, sleeping for 0.7355626851785928 seconds
Request model_5#117 arrives at 1590313.499712297, sleeping for 1.0593209185171872 seconds
Request model_5#118 arrives at 1590314.560448618, sleeping for 1.0711494211573154 seconds
Request model_3#86 arrives at 1590315.632864948, sleeping for 0.16757154883816838 seconds
Request model_5#119 arrives at 1590315.801087939, sleeping for 0.02591303503140807 seconds
Request model_5#120 arrives at 1590315.827734473, sleeping for 1.2723499163985252 seconds
Request model_1#17 arrives at 1590317.102204031, sleeping for 0.2237103902734816 seconds
Request model_5#121 arrives at 1590317.326786932, sleeping for 0.1048099435865879 seconds
Request model_5#122 arrives at 1590317.433199703, sleeping for 0.2406316539272666 seconds
Request model_5#123 arrives at 1590317.674579901, sleeping for 0.02201373828575015 seconds
Request model_1#18 arrives at 1590317.697664767, sleeping for 0.03555886307731271 seconds
Request model_5#124 arrives at 1590317.733345309, sleeping for 0.10912872361950576 seconds
Request model_5#125 arrives at 1590317.843282506, sleeping for 0.28652611561119556 seconds
Request model_5#126 arrives at 1590318.13121617, sleeping for 0.22552862903103232 seconds
Request model_5#127 arrives at 1590318.357090291, sleeping for 0.9496970938052982 seconds
Request model_5#128 arrives at 1590319.307525231, sleeping for 0.18118788325227797 seconds
Request model_5#129 arrives at 1590319.489767869, sleeping for 0.556886735605076 seconds
Request model_5#130 arrives at 1590320.047886251, sleeping for 0.02487663459032774 seconds
Request model_5#131 arrives at 1590320.073732138, sleeping for 0.18314152560196817 seconds
Request model_5#132 arrives at 1590320.257516568, sleeping for 0.2819027928635478 seconds
Request model_5#133 arrives at 1590320.540413353, sleeping for 0.014594925567507744 seconds
Request model_5#134 arrives at 1590320.556141032, sleeping for 1.4742651646956801 seconds
Request model_5#135 arrives at 1590322.032181937, sleeping for 0.35621902346611023 seconds
Request model_5#136 arrives at 1590322.389059165, sleeping for 0.24913955060765147 seconds
Request model_3#87 arrives at 1590322.639605174, sleeping for 0.27829370740801096 seconds
Request model_5#137 arrives at 1590322.919070643, sleeping for 0.7438179377932101 seconds
Request model_5#138 arrives at 1590323.663990948, sleeping for 0.7044914499856532 seconds
Request model_5#139 arrives at 1590324.369771554, sleeping for 0.6527841172646731 seconds
Request model_5#140 arrives at 1590325.024149869, sleeping for 0.25187705899588764 seconds
Request model_5#141 arrives at 1590325.277356569, sleeping for 0.1729777769651264 seconds
Request model_5#142 arrives at 1590325.451099312, sleeping for 0.15059401956386864 seconds
Request model_1#19 arrives at 1590325.60304602, sleeping for 0.01800671685487032 seconds
Request model_5#143 arrives at 1590325.621518321, sleeping for 0.22160096443258226 seconds
Request model_5#144 arrives at 1590325.844237717, sleeping for 0.01285202638246119 seconds
Request model_5#145 arrives at 1590325.857650319, sleeping for 1.8972887131385505 seconds
Request model_5#146 arrives at 1590327.758358028, sleeping for 0.4841272276826203 seconds
Request model_5#147 arrives at 1590328.243385123, sleeping for 0.8699709856882691 seconds
Request model_5#148 arrives at 1590329.114419538, sleeping for 1.148738423595205 seconds
Request model_5#149 arrives at 1590330.264183777, sleeping for 0.4724731198512018 seconds
Request model_5#150 arrives at 1590330.738910583, sleeping for 0.6849638056010008 seconds
Request model_5#151 arrives at 1590331.424432305, sleeping for 1.010295263491571 seconds
Request model_5#152 arrives at 1590332.436203522, sleeping for 0.08601245377212763 seconds
Request model_5#153 arrives at 1590332.52249349, sleeping for 1.1424841503612697 seconds
Request model_5#154 arrives at 1590333.666917977, sleeping for 0.4761572733987123 seconds
Request model_5#155 arrives at 1590334.144903729, sleeping for 2.5139067464042455 seconds
Request model_5#156 arrives at 1590336.659463253, sleeping for 0.03110728249885142 seconds
Request model_5#157 arrives at 1590336.691761199, sleeping for 0.846977747278288 seconds
Request model_5#158 arrives at 1590337.540084991, sleeping for 0.8227300380822271 seconds
Request model_5#159 arrives at 1590338.365218436, sleeping for 2.9415258660446852 seconds
Request model_5#160 arrives at 1590341.307005333, sleeping for 0.04450043197721243 seconds
Request model_5#161 arrives at 1590341.352027816, sleeping for 0.15723087242804468 seconds
Request model_5#162 arrives at 1590341.509849118, sleeping for 0.10422622645273805 seconds
Request model_5#163 arrives at 1590341.615688045, sleeping for 0.21722696791402996 seconds
Request model_5#164 arrives at 1590341.833568754, sleeping for 0.03102389583364129 seconds
Request model_5#165 arrives at 1590341.865688349, sleeping for 0.2540116726886481 seconds
Request model_5#166 arrives at 1590342.120681341, sleeping for 0.7476051663979888 seconds
Request model_5#167 arrives at 1590342.869095562, sleeping for 0.3216424845159054 seconds
Request model_5#168 arrives at 1590343.19175106, sleeping for 0.008518693502992392 seconds
Request model_5#169 arrives at 1590343.201183102, sleeping for 0.7524900122079998 seconds
Request model_5#170 arrives at 1590343.956236593, sleeping for 0.46589961205609143 seconds
Request model_5#171 arrives at 1590344.423074309, sleeping for 0.22701138025149703 seconds
Request model_5#172 arrives at 1590344.651294917, sleeping for 0.33281368506141007 seconds
Request model_5#173 arrives at 1590344.984998139, sleeping for 0.2228989393915981 seconds
Request model_5#174 arrives at 1590345.208436061, sleeping for 0.29586156900040805 seconds
Request model_5#175 arrives at 1590345.504856459, sleeping for 0.5497270792257041 seconds
Request model_5#176 arrives at 1590346.056243429, sleeping for 0.16661325190216303 seconds
Request model_5#177 arrives at 1590346.223717094, sleeping for 0.0280286215711385 seconds
Request model_5#178 arrives at 1590346.252846346, sleeping for 0.4202701144386083 seconds
Request model_5#179 arrives at 1590346.67352338, sleeping for 0.747257374227047 seconds
Request model_5#180 arrives at 1590347.422060142, sleeping for 0.14006893895566463 seconds
Request model_3#88 arrives at 1590347.563444909, sleeping for 0.08945435006171465 seconds
Request model_3#89 arrives at 1590347.653457515, sleeping for 0.627271311590448 seconds
Request model_1#20 arrives at 1590348.281496198, sleeping for 0.5398559349123389 seconds
Request model_5#181 arrives at 1590348.822905262, sleeping for 0.997488632099703 seconds
Request model_3#90 arrives at 1590349.822129623, sleeping for 0.042466835817322135 seconds
Request model_5#182 arrives at 1590349.865494674, sleeping for 0.11625863797962666 seconds
Request model_1#21 arrives at 1590349.982248983, sleeping for 0.29585697082802653 seconds
Request model_5#183 arrives at 1590350.279050153, sleeping for 0.23106197617016733 seconds
Request model_3#91 arrives at 1590350.510391916, sleeping for 0.27858366118744016 seconds
Request model_4#63 arrives at 1590350.790420059, sleeping for 0.4703698237426579 seconds
Request model_5#184 arrives at 1590351.26187663, sleeping for 1.0901415927801281 seconds
Request model_4#64 arrives at 1590352.353552855, sleeping for 0.4608856551349163 seconds
Request model_3#92 arrives at 1590352.81509222, sleeping for 0.48104046285152435 seconds
Request model_3#93 arrives at 1590353.297385584, sleeping for 0.47982979379594326 seconds
Request model_3#94 arrives at 1590353.778805001, sleeping for 1.4795128121040761 seconds
Request model_5#185 arrives at 1590355.259982502, sleeping for 0.03340619895607233 seconds
Request model_3#95 arrives at 1590355.294172833, sleeping for 0.22504962561652064 seconds
Request model_1#22 arrives at 1590355.520081653, sleeping for 0.030984717654064298 seconds
Request model_3#96 arrives at 1590355.551798885, sleeping for 0.40680231736041605 seconds
Request model_4#65 arrives at 1590355.959058667, sleeping for 0.835103333927691 seconds
Request model_4#66 arrives at 1590356.795977612, sleeping for 0.05495101795531809 seconds
Request model_4#67 arrives at 1590356.85228728, sleeping for 0.4814186261501163 seconds
Request model_4#68 arrives at 1590357.336142516, sleeping for 0.3825618058908731 seconds
Request model_4#69 arrives at 1590357.719841868, sleeping for 0.11442522890865803 seconds
Request model_3#97 arrives at 1590357.835419368, sleeping for 0.2553667763713747 seconds
Request model_4#70 arrives at 1590358.092229185, sleeping for 0.11729355901479721 seconds
Request model_5#186 arrives at 1590358.210722867, sleeping for 0.03601648029871285 seconds
Request model_3#98 arrives at 1590358.247321546, sleeping for 0.07219909061677754 seconds
Request model_1#23 arrives at 1590358.321453651, sleeping for 0.26201816461980343 seconds
Request model_3#99 arrives at 1590358.584435244, sleeping for 0.3131174084264785 seconds
Request model_3#100 arrives at 1590358.898276744, sleeping for 0.4316197447478771 seconds
Request model_3#101 arrives at 1590359.331142821, sleeping for 0.22610977152362466 seconds
Request model_4#71 arrives at 1590359.557808777, sleeping for 0.04761580936610699 seconds
Request model_4#72 arrives at 1590359.606443898, sleeping for 0.3691444934811443 seconds
Request model_1#24 arrives at 1590359.976546957, sleeping for 0.4485798440873623 seconds
Request model_6#102 arrives at 1590360.425553376, sleeping for 0.11479409341700375 seconds
Request model_6#103 arrives at 1590360.540632803, sleeping for 0.2265590187162161 seconds
Request model_3#102 arrives at 1590360.768396338, sleeping for 1.3798783749807626 seconds
Request model_1#25 arrives at 1590362.149608848, sleeping for 0.26328665437176824 seconds
Request model_3#103 arrives at 1590362.413580269, sleeping for 0.33571780659258366 seconds
Request model_5#187 arrives at 1590362.750720107, sleeping for 0.21943293558433652 seconds
Request model_3#104 arrives at 1590362.971122145, sleeping for 1.394737093243748 seconds
Request model_5#188 arrives at 1590364.367271489, sleeping for 0.5775825870223343 seconds
Request model_1#26 arrives at 1590364.945925976, sleeping for 0.47074254835024476 seconds
Request model_6#104 arrives at 1590365.417321517, sleeping for 0.2738722888752818 seconds
Request model_1#27 arrives at 1590365.691914738, sleeping for 0.0269822443369776 seconds
Request model_4#73 arrives at 1590365.720466556, sleeping for 1.13132801419124 seconds
Request model_3#105 arrives at 1590366.853009311, sleeping for 0.9326405196916312 seconds
Request model_3#106 arrives at 1590367.786871554, sleeping for 0.12318101152777672 seconds
Request model_3#107 arrives at 1590367.910913299, sleeping for 0.4669425094034523 seconds
Request model_3#108 arrives at 1590368.379163255, sleeping for 1.0983573000412434 seconds
Request model_6#105 arrives at 1590369.478889361, sleeping for 0.7827892657369375 seconds
Request model_3#109 arrives at 1590370.263192105, sleeping for 1.0356361658778042 seconds
Request model_3#110 arrives at 1590371.30115673, sleeping for 0.23385934974066913 seconds
Request model_1#28 arrives at 1590371.53620275, sleeping for 0.03550813649781048 seconds
Request model_4#74 arrives at 1590371.572631437, sleeping for 0.062210738426074386 seconds
Request model_1#29 arrives at 1590371.635168674, sleeping for 0.23674259730614722 seconds
Request model_4#75 arrives at 1590371.872499981, sleeping for 0.6282435273751616 seconds
Request model_3#111 arrives at 1590372.501953815, sleeping for 0.007128400728106499 seconds
Request model_3#112 arrives at 1590372.510127958, sleeping for 0.24039307981729507 seconds
Request model_3#113 arrives at 1590372.752389703, sleeping for 0.20166463032364845 seconds
Request model_5#189 arrives at 1590372.956096284, sleeping for 0.11372641590423882 seconds
Request model_1#30 arrives at 1590373.070346024, sleeping for 0.4191982934717089 seconds
Request model_3#114 arrives at 1590373.490655606, sleeping for 0.40163841540925205 seconds
Request model_4#76 arrives at 1590373.894390371, sleeping for 0.2765068132430315 seconds
Request model_4#77 arrives at 1590374.173255324, sleeping for 0.535202129278332 seconds
Request model_3#115 arrives at 1590374.709561879, sleeping for 0.6260818899609149 seconds
Request model_3#116 arrives at 1590375.338206967, sleeping for 0.21224802522920072 seconds
Request model_1#31 arrives at 1590375.55128716, sleeping for 0.11073337262496352 seconds
Request model_1#32 arrives at 1590375.662778849, sleeping for 0.18924575042910874 seconds
Request model_4#78 arrives at 1590375.853138529, sleeping for 0.8666447675786912 seconds
Request model_4#79 arrives at 1590376.720445834, sleeping for 0.8973239436745644 seconds
Request model_4#80 arrives at 1590377.618452493, sleeping for 0.6666555015835911 seconds
Request model_4#81 arrives at 1590378.286675543, sleeping for 1.2001800604630262 seconds
Request model_1#33 arrives at 1590379.487968562, sleeping for 0.7255454692058265 seconds
Request model_5#190 arrives at 1590380.215019479, sleeping for 0.5516390220727772 seconds
Request model_1#34 arrives at 1590380.767714178, sleeping for 0.7776069794781506 seconds
Request model_3#117 arrives at 1590381.547204665, sleeping for 0.3394300742074847 seconds
Request model_4#82 arrives at 1590381.887259485, sleeping for 0.10567744635045528 seconds
Request model_1#35 arrives at 1590381.993457564, sleeping for 0.21122300275601447 seconds
Request model_4#83 arrives at 1590382.205520089, sleeping for 0.2615183172747493 seconds
Request model_4#84 arrives at 1590382.467806756, sleeping for 0.040803418727591634 seconds
Request model_4#85 arrives at 1590382.50894848, sleeping for 0.26482578180730343 seconds
Request model_4#86 arrives at 1590382.774980566, sleeping for 0.5310620178934187 seconds
Request model_1#36 arrives at 1590383.306760746, sleeping for 1.2174788261763752 seconds
Request model_6#106 arrives at 1590384.524870053, sleeping for 0.5757567558903247 seconds
Request model_1#37 arrives at 1590385.102491182, sleeping for 0.73441615793854 seconds
Request model_4#87 arrives at 1590385.837842602, sleeping for 1.294788321480155 seconds
Request model_1#38 arrives at 1590387.134192625, sleeping for 0.12676074262708426 seconds
Request model_1#39 arrives at 1590387.261494824, sleeping for 0.37472003581933677 seconds
Request model_3#118 arrives at 1590387.636802553, sleeping for 0.37946412386372685 seconds
Request model_4#88 arrives at 1590388.017134429, sleeping for 0.673741766018793 seconds
Request model_1#40 arrives at 1590388.69217532, sleeping for 0.6098544993437827 seconds
Request model_4#89 arrives at 1590389.303155513, sleeping for 0.9542944876011461 seconds
Request model_3#119 arrives at 1590390.257871084, sleeping for 0.09006662550382316 seconds
Request model_3#120 arrives at 1590390.348976758, sleeping for 0.7820441867224872 seconds
Request model_3#121 arrives at 1590391.132581816, sleeping for 0.2727020352613181 seconds
Request model_4#90 arrives at 1590391.405916768, sleeping for 0.21972111845389009 seconds
Request model_3#122 arrives at 1590391.626049744, sleeping for 0.40106898243539035 seconds
Request model_5#191 arrives at 1590392.028317537, sleeping for 0.3682304183021188 seconds
Request model_4#91 arrives at 1590392.397721181, sleeping for 0.39457502448931336 seconds
Request model_1#41 arrives at 1590392.793317604, sleeping for 0.23981941537931561 seconds
Request model_1#42 arrives at 1590393.035299996, sleeping for 0.39920502551831305 seconds
Request model_4#92 arrives at 1590393.435792326, sleeping for 0.5773670934140682 seconds
Request model_6#107 arrives at 1590394.014719165, sleeping for 0.5005951516795903 seconds
Request model_4#93 arrives at 1590394.516098973, sleeping for 0.06369190895929933 seconds
Request model_6#108 arrives at 1590394.580652345, sleeping for 0.2203090691473335 seconds
Request model_6#109 arrives at 1590394.801673699, sleeping for 0.8558418017346412 seconds
Request model_6#110 arrives at 1590395.659623422, sleeping for 0.32296584686264396 seconds
Request model_6#111 arrives at 1590395.983532979, sleeping for 0.743385044625029 seconds
Request model_4#94 arrives at 1590396.728285611, sleeping for 0.8450808667112142 seconds
Request model_6#112 arrives at 1590397.574932768, sleeping for 0.42873781942762434 seconds
Request model_6#113 arrives at 1590398.005014154, sleeping for 1.6872349185869098 seconds
Request model_6#114 arrives at 1590399.693014078, sleeping for 0.3760130244772881 seconds
Request model_6#115 arrives at 1590400.07007736, sleeping for 0.20053753769025207 seconds
Request model_6#116 arrives at 1590400.272165449, sleeping for 0.41750867781229317 seconds
Request model_6#117 arrives at 1590400.691848995, sleeping for 0.43400145322084427 seconds
Request model_6#118 arrives at 1590401.12713689, sleeping for 0.7635089713148773 seconds
Request model_6#119 arrives at 1590401.891089958, sleeping for 0.5230263180565089 seconds
Request model_6#120 arrives at 1590402.415700393, sleeping for 0.015894859796389937 seconds
Request model_6#121 arrives at 1590402.43232898, sleeping for 0.5670006524305791 seconds
Request model_6#122 arrives at 1590403.000639568, sleeping for 0.06911149178631604 seconds
Request model_6#123 arrives at 1590403.070427339, sleeping for 0.4666335943620652 seconds
Request model_6#124 arrives at 1590403.538635245, sleeping for 0.3149225611705333 seconds
Request model_6#125 arrives at 1590403.85449708, sleeping for 0.3406630423851311 seconds
Request model_4#95 arrives at 1590404.195701698, sleeping for 0.3628298270050436 seconds
Request model_6#126 arrives at 1590404.559913412, sleeping for 0.3105446887202561 seconds
Request model_6#127 arrives at 1590404.871050102, sleeping for 2.341107397340238 seconds
Request model_6#128 arrives at 1590407.213654711, sleeping for 0.3801320679485798 seconds
Request model_6#129 arrives at 1590407.595363238, sleeping for 0.051681209821254015 seconds
Request model_6#130 arrives at 1590407.648092529, sleeping for 0.39603002066724 seconds
Request model_6#131 arrives at 1590408.045148563, sleeping for 0.911800728412345 seconds
Request model_6#132 arrives at 1590408.957711913, sleeping for 0.4670685571618378 seconds
Request model_1#43 arrives at 1590409.425227823, sleeping for 0.3818138833157718 seconds
Request model_6#133 arrives at 1590409.808599653, sleeping for 0.33172080595977604 seconds
Request model_6#134 arrives at 1590410.141667969, sleeping for 0.8459692953620106 seconds
Request model_6#135 arrives at 1590410.989239733, sleeping for 0.28859743755310774 seconds
Request model_6#136 arrives at 1590411.278757918, sleeping for 0.1825095012318343 seconds
Request model_6#137 arrives at 1590411.462453407, sleeping for 0.03289019479416311 seconds
Request model_6#138 arrives at 1590411.495997722, sleeping for 1.429380216402933 seconds
Request model_4#96 arrives at 1590412.926937159, sleeping for 1.0954927508719265 seconds
Request model_6#139 arrives at 1590414.023099997, sleeping for 0.27412340068258345 seconds
Request model_6#140 arrives at 1590414.297933449, sleeping for 0.7853799480944872 seconds
Request model_1#44 arrives at 1590415.084426909, sleeping for 0.39746557152830064 seconds
Request model_6#141 arrives at 1590415.483211005, sleeping for 0.010853896150365472 seconds
Request model_6#142 arrives at 1590415.494586332, sleeping for 1.2394609751645476 seconds
Request model_6#143 arrives at 1590416.735605663, sleeping for 0.06961245834827423 seconds
Request model_6#144 arrives at 1590416.806013269, sleeping for 0.5524267714936286 seconds
Request model_6#145 arrives at 1590417.359447143, sleeping for 0.21714130719192326 seconds
Request model_6#146 arrives at 1590417.577149991, sleeping for 0.4251177741680294 seconds
Request model_4#97 arrives at 1590418.004306853, sleeping for 0.36755253141745925 seconds
Request model_4#98 arrives at 1590418.373027792, sleeping for 0.3514022084418684 seconds
Request model_4#99 arrives at 1590418.725028912, sleeping for 0.0229779330547899 seconds
Request model_6#147 arrives at 1590418.748573581, sleeping for 0.5047233041841537 seconds
Request model_6#148 arrives at 1590419.253642637, sleeping for 0.4523419914767146 seconds
Request model_6#149 arrives at 1590419.707443123, sleeping for 0.11729622026905417 seconds
Request model_6#150 arrives at 1590419.826135387, sleeping for 0.8062424408271909 seconds
Request model_6#151 arrives at 1590420.63282798, sleeping for 0.520515677286312 seconds
Request model_6#152 arrives at 1590421.15427127, sleeping for 0.17131141666322947 seconds
Request model_1#45 arrives at 1590421.32620082, sleeping for 0.22127744182944298 seconds
Request model_6#153 arrives at 1590421.548053059, sleeping for 0.3908170473296195 seconds
Request model_6#154 arrives at 1590421.940096245, sleeping for 0.10554182529449463 seconds
Request model_6#155 arrives at 1590422.04594109, sleeping for 0.49366771546192467 seconds
Request model_6#156 arrives at 1590422.540179734, sleeping for 0.8679551933892071 seconds
Request model_6#157 arrives at 1590423.409407143, sleeping for 0.24111200589686632 seconds
Request model_6#158 arrives at 1590423.651127754, sleeping for 0.11763105285353959 seconds
Request model_6#159 arrives at 1590423.769984889, sleeping for 0.7696973509155214 seconds
Request model_6#160 arrives at 1590424.540608837, sleeping for 0.30452515464276075 seconds
Request model_6#161 arrives at 1590424.846109443, sleeping for 0.2786355472635478 seconds
Request model_6#162 arrives at 1590425.12533381, sleeping for 0.6084751253947616 seconds
Request model_6#163 arrives at 1590425.734996742, sleeping for 0.7237884856294841 seconds
Request model_6#164 arrives at 1590426.460449816, sleeping for 0.49431258207187057 seconds
Request model_6#165 arrives at 1590426.95611155, sleeping for 0.1847960993181914 seconds
Request model_4#100 arrives at 1590427.141983796, sleeping for 0.5985116022638977 seconds
Request model_6#166 arrives at 1590427.741886504, sleeping for 1.3526387319434434 seconds
Request model_6#167 arrives at 1590429.096176707, sleeping for 0.5828150226734579 seconds
Request model_6#168 arrives at 1590429.679971442, sleeping for 0.02428074716590345 seconds
Request model_6#169 arrives at 1590429.70472308, sleeping for 0.5853489846922457 seconds
Request model_6#170 arrives at 1590430.291534169, sleeping for 0.5221640141680837 seconds
Request model_6#171 arrives at 1590430.815231097, sleeping for 0.006041201297193766 seconds
Request model_6#172 arrives at 1590430.821772117, sleeping for 1.718789772130549 seconds
Request model_4#101 arrives at 1590432.54256687, sleeping for 0.012158029479905963 seconds
Request model_4#102 arrives at 1590432.555819471, sleeping for 0.0739718999247998 seconds
Request model_6#173 arrives at 1590432.63059296, sleeping for 0.4614002995658666 seconds
Request model_6#174 arrives at 1590433.093272383, sleeping for 0.00935830781236291 seconds
Request model_4#103 arrives at 1590433.104067126, sleeping for 0.028791680233553052 seconds
Request model_6#175 arrives at 1590433.133734611, sleeping for 0.24714553891681135 seconds
Request model_6#176 arrives at 1590433.38175261, sleeping for 0.31503132777288556 seconds
Request model_6#177 arrives at 1590433.697160892, sleeping for 0.7642167177982628 seconds
Request model_6#178 arrives at 1590434.464132352, sleeping for 1.2187575704883784 seconds
Request model_6#179 arrives at 1590435.684594795, sleeping for 0.41266597737558186 seconds
Request model_6#180 arrives at 1590436.099299813, sleeping for 0.39432985708117485 seconds
Request model_6#181 arrives at 1590436.494684113, sleeping for 0.1231082589365542 seconds
Request model_6#182 arrives at 1590436.618861499, sleeping for 1.188540918752551 seconds
Request model_6#183 arrives at 1590437.809519475, sleeping for 0.34935857611708343 seconds
Request model_6#184 arrives at 1590438.159534931, sleeping for 0.20846781879663467 seconds
Request model_6#185 arrives at 1590438.369465219, sleeping for 0.13192662387154996 seconds
Request model_6#186 arrives at 1590438.50223403, sleeping for 0.29976725159212947 seconds
Request model_1#46 arrives at 1590438.803082901, sleeping for 1.686036919010803 seconds
Request model_6#187 arrives at 1590440.491334746, sleeping for 0.5334132011048496 seconds
Request model_6#188 arrives at 1590441.025359162, sleeping for 0.9371031380724162 seconds
Request model_6#189 arrives at 1590441.964418163, sleeping for 0.5362787754274905 seconds
Request model_6#190 arrives at 1590442.502980304, sleeping for 0.06599468318745494 seconds
Request model_6#191 arrives at 1590442.570075254, sleeping for 0.537827321793884 seconds
Request model_1#47 arrives at 1590443.108485054, sleeping for 0.04947533272206783 seconds
Request model_6#192 arrives at 1590443.158281063, sleeping for 1.5321297643240541 seconds
Request model_6#193 arrives at 1590444.690976864, sleeping for 2.8322743861936033 seconds
Request model_1#48 arrives at 1590447.525606477, sleeping for 0.6533685198519379 seconds
Request model_6#194 arrives at 1590448.180480354, sleeping for 0.0041997728403657675 seconds
Request model_6#195 arrives at 1590448.185009668, sleeping for 0.1994079309515655 seconds
Request model_6#196 arrives at 1590448.385324043, sleeping for 0.37111999839544296 seconds
Request model_4#104 arrives at 1590448.757239786, sleeping for 0.48370719654485583 seconds
Request model_6#197 arrives at 1590449.242131718, sleeping for 0.1328625271562487 seconds
Request model_6#198 arrives at 1590449.375946977, sleeping for 1.7558460456784815 seconds
Request model_6#199 arrives at 1590451.132656002, sleeping for 0.02723316242918372 seconds
Request model_6#200 arrives at 1590451.160713056, sleeping for 0.5147167423274368 seconds
Request model_4#105 arrives at 1590451.676304342, sleeping for 0.305147232953459 seconds
Request model_6#201 arrives at 1590451.983283399, sleeping for 0.5721226080786437 seconds
Request model_6#202 arrives at 1590452.557527781, sleeping for 0.015663325088098645 seconds
Request model_6#203 arrives at 1590452.573346952, sleeping for 1.0808232314884663 seconds
Request model_6#204 arrives at 1590453.655154339, sleeping for 0.07300822669640183 seconds
Request model_1#49 arrives at 1590453.729186883, sleeping for 0.4785652533173561 seconds
Request model_6#205 arrives at 1590454.209839922, sleeping for 0.6832761410623789 seconds
Request model_6#206 arrives at 1590454.893989232, sleeping for 0.017648406559601426 seconds
Request model_6#207 arrives at 1590454.912414272, sleeping for 0.913132619811222 seconds
Request model_1#50 arrives at 1590455.82632271, sleeping for 0.5552720229607075 seconds
Request model_6#208 arrives at 1590456.382968009, sleeping for 0.35261298646219075 seconds
Request model_6#209 arrives at 1590456.736764743, sleeping for 0.007628837367519736 seconds
Request model_6#210 arrives at 1590456.745178167, sleeping for 0.12959349737502635 seconds
Request model_6#211 arrives at 1590456.876233135, sleeping for 0.7216252908110619 seconds
Request model_6#212 arrives at 1590457.599411811, sleeping for 0.16383130359463394 seconds
Request model_6#213 arrives at 1590457.764153005, sleeping for 1.3589715980924666 seconds
Request model_6#214 arrives at 1590459.123845308, sleeping for 0.042227246100082994 seconds
Request model_6#215 arrives at 1590459.167361119, sleeping for 0.34211293142288923 seconds
Request model_6#216 arrives at 1590459.511127577, sleeping for 2.5049493617843837 seconds
Request model_6#217 arrives at 1590462.01746643, sleeping for 0.71124815242365 seconds
Request model_6#218 arrives at 1590462.730049856, sleeping for 0.534662629943341 seconds
Request model_6#219 arrives at 1590463.266588321, sleeping for 0.0587840408552438 seconds
Request model_6#220 arrives at 1590463.325874052, sleeping for 0.04967727605253458 seconds
Request model_6#221 arrives at 1590463.375838463, sleeping for 0.06639563967473805 seconds
Request model_6#222 arrives at 1590463.442831882, sleeping for 0.9816148283425719 seconds
Request model_6#223 arrives at 1590464.426016388, sleeping for 0.5560360234230757 seconds
Request model_4#106 arrives at 1590464.98305161, sleeping for 0.2213410458061844 seconds
Request model_6#224 arrives at 1590465.205219931, sleeping for 0.1987442725803703 seconds
Request model_6#225 arrives at 1590465.404917881, sleeping for 0.30786204407922924 seconds
Request model_6#226 arrives at 1590465.71336738, sleeping for 0.14523699413985014 seconds
Request model_6#227 arrives at 1590465.859003799, sleeping for 1.1621494530700147 seconds
Request model_6#228 arrives at 1590467.023287154, sleeping for 0.5972854890860617 seconds
Request model_6#229 arrives at 1590467.621342577, sleeping for 0.08234391431324184 seconds
Request model_6#230 arrives at 1590467.704296668, sleeping for 0.4328643388580531 seconds
Request model_4#107 arrives at 1590468.138373913, sleeping for 0.08386717736721039 seconds
Request model_6#231 arrives at 1590468.223193399, sleeping for 1.3923741003964096 seconds
Request model_4#108 arrives at 1590469.617440705, sleeping for 0.16490994556806982 seconds
Request model_6#232 arrives at 1590469.784195934, sleeping for 0.28250918281264603 seconds
Request model_6#233 arrives at 1590470.068448129, sleeping for 0.7746700826101005 seconds
Request model_6#234 arrives at 1590470.844405316, sleeping for 0.6801538746803999 seconds
Request model_6#235 arrives at 1590471.526285198, sleeping for 0.10824780841358006 seconds
Request model_6#236 arrives at 1590471.635334148, sleeping for 0.964249727781862 seconds
Request model_6#237 arrives at 1590472.600032353, sleeping for 0.9088382937479764 seconds
Request model_6#238 arrives at 1590473.510000361, sleeping for 0.8099903920665383 seconds
Request model_6#239 arrives at 1590474.321213808, sleeping for 0.13696629228070378 seconds
Request model_6#240 arrives at 1590474.458896706, sleeping for 1.4488373950589448 seconds
Request model_5#192 arrives at 1590475.910071725, sleeping for 0.23541089659556746 seconds
Request model_5#193 arrives at 1590476.146732217, sleeping for 0.6909836521372199 seconds
Request model_1#51 arrives at 1590476.838840976, sleeping for 0.7825442922767252 seconds
Request model_5#194 arrives at 1590477.623071937, sleeping for 0.47187319677323103 seconds
Request model_6#241 arrives at 1590478.095441753, sleeping for 1.2319224604871124 seconds
Request model_5#195 arrives at 1590479.328447411, sleeping for 0.1983634433709085 seconds
Request model_2#67 arrives at 1590479.528152861, sleeping for 0.9332595001906157 seconds
Request model_1#52 arrives at 1590480.462912728, sleeping for 0.060601895209401846 seconds
Request model_6#242 arrives at 1590480.52489368, sleeping for 1.04467067332007 seconds
Request model_1#53 arrives at 1590481.570563691, sleeping for 0.2972902108449489 seconds
Request model_6#243 arrives at 1590481.868833092, sleeping for 0.5228773890994489 seconds
Request model_4#109 arrives at 1590482.392191847, sleeping for 0.16797658312134445 seconds
Request model_1#54 arrives at 1590482.561176793, sleeping for 0.10977097228169441 seconds
Request model_4#110 arrives at 1590482.671865266, sleeping for 0.45897422381676733 seconds
Request model_6#244 arrives at 1590483.131990719, sleeping for 2.457645768299699 seconds
Request model_1#55 arrives at 1590485.590268685, sleeping for 0.31885437783785164 seconds
Request model_2#68 arrives at 1590485.909803698, sleeping for 0.2699624542146921 seconds
Request model_1#56 arrives at 1590486.181342135, sleeping for 0.669706653105095 seconds
Request model_4#111 arrives at 1590486.851637708, sleeping for 0.2555995325092226 seconds
Request model_2#69 arrives at 1590487.107847589, sleeping for 1.5467921188101172 seconds
Request model_6#245 arrives at 1590488.655912555, sleeping for 0.30894499039277434 seconds
Request model_5#196 arrives at 1590488.966445519, sleeping for 0.028606663458049297 seconds
Request model_4#112 arrives at 1590488.995888083, sleeping for 0.0899331858381629 seconds
Request model_4#113 arrives at 1590489.086617774, sleeping for 0.9049841028172523 seconds
Request model_1#57 arrives at 1590489.992247279, sleeping for 1.931940164649859 seconds
Request model_1#58 arrives at 1590491.926449394, sleeping for 1.6525316848419607 seconds
Request model_4#114 arrives at 1590493.580567237, sleeping for 0.09889834537170827 seconds
Request model_6#246 arrives at 1590493.680297477, sleeping for 0.640444063115865 seconds
Request model_1#59 arrives at 1590494.321526718, sleeping for 0.6750614219345152 seconds
Request model_5#197 arrives at 1590494.997670126, sleeping for 0.05779331270605326 seconds
Request model_4#115 arrives at 1590495.056446453, sleeping for 0.17582070478238165 seconds
Request model_6#247 arrives at 1590495.233048738, sleeping for 0.06396489613689482 seconds
Request model_2#70 arrives at 1590495.2976116, sleeping for 2.127143203513697 seconds
============================================================
BENCHMARK RESULTS
============================================================
Completed requests: 816
Aborted requests: 0
Request throughput: 1.91 req/s
Input throughput: 561.80 tokens/s
Output throughput: 324.07 tokens/s
Mean TTFT: 169.0 ms
P99 TTFT: 2615.6 ms
Mean TPOT: 31.9 ms
P99 TPOT: 63.5 ms
Mean Latency: 5607.9 ms
P99 Latency: 16630.1 ms
============================================================
Results saved to /workspace/prism-merge/exp/results/final-prototype-vs-paper-faithful/raw/armA/raw/released-prototype/bursty/rate_2/seed_3
Requests saved to /workspace/prism-merge/exp/results/final-prototype-vs-paper-faithful/raw/armA/raw/released-prototype/bursty/rate_2/seed_3/requests
