[2026-08-20 13:17:12.472 GPU_Scheduler_0] starting GPU scheduler for GPU 0
[2026-08-20 13:17:12.474 GPU_Scheduler_0] Model states init: {'model_1': 'deactivated'}
[2026-08-20 13:17:12.475 GPU_Scheduler_0] [PAPER-TP] WorkerPool gpu=0 owned=[0, 1, 2, 3] shadow=[] {0: 1, 1: 2, 2: 2, 3: 2}
[2026-08-20 13:17:14.040 GPU_Scheduler_0] [PAPER-TP] activating model_1 tp_size=2 on gpus=[0, 1] slot=1 (owner gpu=0)
[2026-08-20 13:17:14.040 GPU_Scheduler_0] Assign worker 1 to model_1. Current model_to_worker: {'model_1': 1}
[2026-08-20 13:17:14.044 GPU_Scheduler_0] Waiting for models to be activated: {'model_1': 'activating'}
[2026-08-20 13:17:14.054 GPU_Scheduler_0] Waiting for models to be activated: {'model_1': 'activating'}
[2026-08-20 13:17:14.065 GPU_Scheduler_0] Waiting for models to be activated: {'model_1': 'activating'}
[2026-08-20 13:17:14.075 GPU_Scheduler_0] Waiting for models to be activated: {'model_1': 'activating'}
[2026-08-20 13:17:14.086 GPU_Scheduler_0] Waiting for models to be activated: {'model_1': 'activating'}
[2026-08-20 13:17:14.096 GPU_Scheduler_0] Waiting for models to be activated: {'model_1': 'activating'}
[2026-08-20 13:17:14.107 GPU_Scheduler_0] Waiting for models to be activated: {'model_1': 'activating'}
[2026-08-20 13:17:14.117 GPU_Scheduler_0] Waiting for models to be activated: {'model_1': 'activating'}
[2026-08-20 13:17:14.127 GPU_Scheduler_0] Waiting for models to be activated: {'model_1': 'activating'}
[2026-08-20 13:17:14.138 GPU_Scheduler_0] Waiting for models to be activated: {'model_1': 'activating'}
[2026-08-20 13:17:14.148 GPU_Scheduler_0] Waiting for models to be activated: {'model_1': 'activating'}
[2026-08-20 13:17:14.159 GPU_Scheduler_0] Waiting for models to be activated: {'model_1': 'activating'}
[2026-08-20 13:17:14.169 GPU_Scheduler_0] Waiting for models to be activated: {'model_1': 'activating'}
[2026-08-20 13:17:14.179 GPU_Scheduler_0] Waiting for models to be activated: {'model_1': 'activating'}
[2026-08-20 13:17:14.190 GPU_Scheduler_0] Waiting for models to be activated: {'model_1': 'activating'}
[2026-08-20 13:17:14.200 GPU_Scheduler_0] Waiting for models to be activated: {'model_1': 'activating'}
[2026-08-20 13:17:14.211 GPU_Scheduler_0] Waiting for models to be activated: {'model_1': 'activating'}
[2026-08-20 13:17:14.221 GPU_Scheduler_0] Waiting for models to be activated: {'model_1': 'activating'}
[2026-08-20 13:17:14.231 GPU_Scheduler_0] Waiting for models to be activated: {'model_1': 'activating'}
[2026-08-20 13:17:14.242 GPU_Scheduler_0] Waiting for models to be activated: {'model_1': 'activating'}
[2026-08-20 13:17:14.252 GPU_Scheduler_0] Waiting for models to be activated: {'model_1': 'activating'}
[2026-08-20 13:17:14.263 GPU_Scheduler_0] Waiting for models to be activated: {'model_1': 'activating'}
[2026-08-20 13:17:14.273 GPU_Scheduler_0] Waiting for models to be activated: {'model_1': 'activating'}
[2026-08-20 13:17:14.284 GPU_Scheduler_0] Waiting for models to be activated: {'model_1': 'activating'}
[2026-08-20 13:17:14.294 GPU_Scheduler_0] Waiting for models to be activated: {'model_1': 'activating'}
[2026-08-20 13:17:14.305 GPU_Scheduler_0] Waiting for models to be activated: {'model_1': 'activating'}
[2026-08-20 13:17:14.315 GPU_Scheduler_0] Waiting for models to be activated: {'model_1': 'activating'}
[2026-08-20 13:17:14.326 GPU_Scheduler_0] Waiting for models to be activated: {'model_1': 'activating'}
[2026-08-20 13:17:14.336 GPU_Scheduler_0] Waiting for models to be activated: {'model_1': 'activating'}
[2026-08-20 13:17:14.347 GPU_Scheduler_0] Waiting for models to be activated: {'model_1': 'activating'}
[2026-08-20 13:17:14.357 GPU_Scheduler_0] Waiting for models to be activated: {'model_1': 'activating'}
[2026-08-20 13:17:14.368 GPU_Scheduler_0] Waiting for models to be activated: {'model_1': 'activating'}
[2026-08-20 13:17:14.379 GPU_Scheduler_0] Waiting for models to be activated: {'model_1': 'activating'}
[2026-08-20 13:17:14.389 GPU_Scheduler_0] Waiting for models to be activated: {'model_1': 'activating'}
[2026-08-20 13:17:14.400 GPU_Scheduler_0] Waiting for models to be activated: {'model_1': 'activating'}
[2026-08-20 13:17:14.410 GPU_Scheduler_0] Waiting for models to be activated: {'model_1': 'activating'}
[2026-08-20 13:17:14.421 GPU_Scheduler_0] Waiting for models to be activated: {'model_1': 'activating'}
[2026-08-20 13:17:14.431 GPU_Scheduler_0] Waiting for models to be activated: {'model_1': 'activating'}
[2026-08-20 13:17:14.442 GPU_Scheduler_0] Waiting for models to be activated: {'model_1': 'activating'}
[2026-08-20 13:17:14.452 GPU_Scheduler_0] Waiting for models to be activated: {'model_1': 'activating'}
[2026-08-20 13:17:14.463 GPU_Scheduler_0] Waiting for models to be activated: {'model_1': 'activating'}
[2026-08-20 13:17:14.473 GPU_Scheduler_0] Waiting for models to be activated: {'model_1': 'activating'}
[2026-08-20 13:17:14.483 GPU_Scheduler_0] Waiting for models to be activated: {'model_1': 'activating'}
[2026-08-20 13:17:14.494 GPU_Scheduler_0] Waiting for models to be activated: {'model_1': 'activating'}
[2026-08-20 13:17:14.504 GPU_Scheduler_0] Waiting for models to be activated: {'model_1': 'activating'}
[2026-08-20 13:17:14.514 GPU_Scheduler_0] Waiting for models to be activated: {'model_1': 'activating'}
[2026-08-20 13:17:14.525 GPU_Scheduler_0] Waiting for models to be activated: {'model_1': 'activating'}
[2026-08-20 13:17:14.535 GPU_Scheduler_0] Waiting for models to be activated: {'model_1': 'activating'}
[2026-08-20 13:17:14.545 GPU_Scheduler_0] Waiting for models to be activated: {'model_1': 'activating'}
[2026-08-20 13:17:14.555 GPU_Scheduler_0] Waiting for models to be activated: {'model_1': 'activating'}
[2026-08-20 13:17:14.566 GPU_Scheduler_0] Waiting for models to be activated: {'model_1': 'activating'}
[2026-08-20 13:17:14.576 GPU_Scheduler_0] Waiting for models to be activated: {'model_1': 'activating'}
[2026-08-20 13:17:14.586 GPU_Scheduler_0] Waiting for models to be activated: {'model_1': 'activating'}
[2026-08-20 13:17:14.597 GPU_Scheduler_0] Waiting for models to be activated: {'model_1': 'activating'}
[2026-08-20 13:17:14.607 GPU_Scheduler_0] Waiting for models to be activated: {'model_1': 'activating'}
[2026-08-20 13:17:14.617 GPU_Scheduler_0] Waiting for models to be activated: {'model_1': 'activating'}
[2026-08-20 13:17:14.627 GPU_Scheduler_0] Waiting for models to be activated: {'model_1': 'activating'}
[2026-08-20 13:17:14.638 GPU_Scheduler_0] Waiting for models to be activated: {'model_1': 'activating'}
[2026-08-20 13:17:14.648 GPU_Scheduler_0] Waiting for models to be activated: {'model_1': 'activating'}
[2026-08-20 13:17:14.658 GPU_Scheduler_0] Waiting for models to be activated: {'model_1': 'activating'}
[2026-08-20 13:17:14.668 GPU_Scheduler_0] Waiting for models to be activated: {'model_1': 'activating'}
[2026-08-20 13:17:14.679 GPU_Scheduler_0] Waiting for models to be activated: {'model_1': 'activating'}
[2026-08-20 13:17:14.689 GPU_Scheduler_0] Waiting for models to be activated: {'model_1': 'activating'}
[2026-08-20 13:17:14.700 GPU_Scheduler_0] Waiting for models to be activated: {'model_1': 'activating'}
[2026-08-20 13:17:14.710 GPU_Scheduler_0] Waiting for models to be activated: {'model_1': 'activating'}
[2026-08-20 13:17:14.720 GPU_Scheduler_0] Waiting for models to be activated: {'model_1': 'activating'}
[2026-08-20 13:17:14.731 GPU_Scheduler_0] Waiting for models to be activated: {'model_1': 'activating'}
[2026-08-20 13:17:14.741 GPU_Scheduler_0] Waiting for models to be activated: {'model_1': 'activating'}
[2026-08-20 13:17:14.751 GPU_Scheduler_0] Waiting for models to be activated: {'model_1': 'activating'}
[2026-08-20 13:17:14.762 GPU_Scheduler_0] Waiting for models to be activated: {'model_1': 'activating'}
[2026-08-20 13:17:14.772 GPU_Scheduler_0] Waiting for models to be activated: {'model_1': 'activating'}
[2026-08-20 13:17:14.783 GPU_Scheduler_0] Waiting for models to be activated: {'model_1': 'activating'}
[2026-08-20 13:17:14.793 GPU_Scheduler_0] Waiting for models to be activated: {'model_1': 'activating'}
[2026-08-20 13:17:14.804 GPU_Scheduler_0] Waiting for models to be activated: {'model_1': 'activating'}
[2026-08-20 13:17:14.816 GPU_Scheduler_0] Waiting for models to be activated: {'model_1': 'activating'}
[2026-08-20 13:17:14.826 GPU_Scheduler_0] Waiting for models to be activated: {'model_1': 'activating'}
[2026-08-20 13:17:14.837 GPU_Scheduler_0] Waiting for models to be activated: {'model_1': 'activating'}
[2026-08-20 13:17:14.847 GPU_Scheduler_0] Waiting for models to be activated: {'model_1': 'activating'}
[2026-08-20 13:17:14.858 GPU_Scheduler_0] Waiting for models to be activated: {'model_1': 'activating'}
[2026-08-20 13:17:14.869 GPU_Scheduler_0] Waiting for models to be activated: {'model_1': 'activating'}
[2026-08-20 13:17:14.879 GPU_Scheduler_0] Waiting for models to be activated: {'model_1': 'activating'}
[2026-08-20 13:17:14.890 GPU_Scheduler_0] Waiting for models to be activated: {'model_1': 'activating'}
[2026-08-20 13:17:14.900 GPU_Scheduler_0] Waiting for models to be activated: {'model_1': 'activating'}
[2026-08-20 13:17:14.911 GPU_Scheduler_0] Waiting for models to be activated: {'model_1': 'activating'}
[2026-08-20 13:17:14.922 GPU_Scheduler_0] Waiting for models to be activated: {'model_1': 'activating'}
[2026-08-20 13:17:14.932 GPU_Scheduler_0] Waiting for models to be activated: {'model_1': 'activating'}
[2026-08-20 13:17:14.943 GPU_Scheduler_0] Waiting for models to be activated: {'model_1': 'activating'}
[2026-08-20 13:17:14.953 GPU_Scheduler_0] Waiting for models to be activated: {'model_1': 'activating'}
[2026-08-20 13:17:14.964 GPU_Scheduler_0] Waiting for models to be activated: {'model_1': 'activating'}
[2026-08-20 13:17:14.974 GPU_Scheduler_0] Waiting for models to be activated: {'model_1': 'activating'}
[2026-08-20 13:17:14.985 GPU_Scheduler_0] Waiting for models to be activated: {'model_1': 'activating'}
[2026-08-20 13:17:14.995 GPU_Scheduler_0] Waiting for models to be activated: {'model_1': 'activating'}
[2026-08-20 13:17:15.006 GPU_Scheduler_0] Waiting for models to be activated: {'model_1': 'activating'}
[2026-08-20 13:17:15.016 GPU_Scheduler_0] Waiting for models to be activated: {'model_1': 'activating'}
[2026-08-20 13:17:15.026 GPU_Scheduler_0] Waiting for models to be activated: {'model_1': 'activating'}
[2026-08-20 13:17:15.037 GPU_Scheduler_0] Waiting for models to be activated: {'model_1': 'activating'}
[2026-08-20 13:17:15.047 GPU_Scheduler_0] Waiting for models to be activated: {'model_1': 'activating'}
[2026-08-20 13:17:15.057 GPU_Scheduler_0] Waiting for models to be activated: {'model_1': 'activating'}
[2026-08-20 13:17:15.067 GPU_Scheduler_0] Waiting for models to be activated: {'model_1': 'activating'}
[2026-08-20 13:17:15.078 GPU_Scheduler_0] Waiting for models to be activated: {'model_1': 'activating'}
[2026-08-20 13:17:15.088 GPU_Scheduler_0] Waiting for models to be activated: {'model_1': 'activating'}
[2026-08-20 13:17:15.098 GPU_Scheduler_0] Waiting for models to be activated: {'model_1': 'activating'}
[2026-08-20 13:17:15.109 GPU_Scheduler_0] Waiting for models to be activated: {'model_1': 'activating'}
[2026-08-20 13:17:15.119 GPU_Scheduler_0] Waiting for models to be activated: {'model_1': 'activating'}
[2026-08-20 13:17:15.129 GPU_Scheduler_0] Waiting for models to be activated: {'model_1': 'activating'}
[2026-08-20 13:17:15.140 GPU_Scheduler_0] Waiting for models to be activated: {'model_1': 'activating'}
[2026-08-20 13:17:15.150 GPU_Scheduler_0] Waiting for models to be activated: {'model_1': 'activating'}
[2026-08-20 13:17:15.160 GPU_Scheduler_0] Waiting for models to be activated: {'model_1': 'activating'}
[2026-08-20 13:17:15.171 GPU_Scheduler_0] Waiting for models to be activated: {'model_1': 'activating'}
[2026-08-20 13:17:15.181 GPU_Scheduler_0] Waiting for models to be activated: {'model_1': 'activating'}
[2026-08-20 13:17:15.191 GPU_Scheduler_0] Waiting for models to be activated: {'model_1': 'activating'}
[2026-08-20 13:17:15.202 GPU_Scheduler_0] Waiting for models to be activated: {'model_1': 'activating'}
[2026-08-20 13:17:15.212 GPU_Scheduler_0] Waiting for models to be activated: {'model_1': 'activating'}
[2026-08-20 13:17:15.222 GPU_Scheduler_0] Waiting for models to be activated: {'model_1': 'activating'}
[2026-08-20 13:17:15.233 GPU_Scheduler_0] Waiting for models to be activated: {'model_1': 'activating'}
[2026-08-20 13:17:15.243 GPU_Scheduler_0] Waiting for models to be activated: {'model_1': 'activating'}
[2026-08-20 13:17:15.253 GPU_Scheduler_0] Waiting for models to be activated: {'model_1': 'activating'}
[2026-08-20 13:17:15.264 GPU_Scheduler_0] Waiting for models to be activated: {'model_1': 'activating'}
[2026-08-20 13:17:15.274 GPU_Scheduler_0] Waiting for models to be activated: {'model_1': 'activating'}
[2026-08-20 13:17:15.284 GPU_Scheduler_0] Waiting for models to be activated: {'model_1': 'activating'}
[2026-08-20 13:17:15.295 GPU_Scheduler_0] Waiting for models to be activated: {'model_1': 'activating'}
[2026-08-20 13:17:15.305 GPU_Scheduler_0] Waiting for models to be activated: {'model_1': 'activating'}
[2026-08-20 13:17:15.316 GPU_Scheduler_0] Waiting for models to be activated: {'model_1': 'activating'}
[2026-08-20 13:17:15.326 GPU_Scheduler_0] Waiting for models to be activated: {'model_1': 'activating'}
[2026-08-20 13:17:15.337 GPU_Scheduler_0] Waiting for models to be activated: {'model_1': 'activating'}
[2026-08-20 13:17:15.348 GPU_Scheduler_0] Waiting for models to be activated: {'model_1': 'activating'}
[2026-08-20 13:17:15.358 GPU_Scheduler_0] Waiting for models to be activated: {'model_1': 'activating'}
[2026-08-20 13:17:15.369 GPU_Scheduler_0] Waiting for models to be activated: {'model_1': 'activating'}
[2026-08-20 13:17:15.379 GPU_Scheduler_0] Waiting for models to be activated: {'model_1': 'activating'}
[2026-08-20 13:17:15.389 GPU_Scheduler_0] Waiting for models to be activated: {'model_1': 'activating'}
[2026-08-20 13:17:15.400 GPU_Scheduler_0] Waiting for models to be activated: {'model_1': 'activating'}
[2026-08-20 13:17:15.410 GPU_Scheduler_0] Waiting for models to be activated: {'model_1': 'activating'}
[2026-08-20 13:17:15.420 GPU_Scheduler_0] Waiting for models to be activated: {'model_1': 'activating'}
[2026-08-20 13:17:15.430 GPU_Scheduler_0] Waiting for models to be activated: {'model_1': 'activating'}
[2026-08-20 13:17:15.441 GPU_Scheduler_0] Waiting for models to be activated: {'model_1': 'activating'}
[2026-08-20 13:17:15.451 GPU_Scheduler_0] Waiting for models to be activated: {'model_1': 'activating'}
[2026-08-20 13:17:15.461 GPU_Scheduler_0] Waiting for models to be activated: {'model_1': 'activating'}
[2026-08-20 13:17:15.472 GPU_Scheduler_0] Waiting for models to be activated: {'model_1': 'activating'}
[2026-08-20 13:17:15.482 GPU_Scheduler_0] Waiting for models to be activated: {'model_1': 'activating'}
[2026-08-20 13:17:15.492 GPU_Scheduler_0] Waiting for models to be activated: {'model_1': 'activating'}
[2026-08-20 13:17:15.502 GPU_Scheduler_0] Waiting for models to be activated: {'model_1': 'activating'}
[2026-08-20 13:17:15.513 GPU_Scheduler_0] Waiting for models to be activated: {'model_1': 'activating'}
[2026-08-20 13:17:15.523 GPU_Scheduler_0] Waiting for models to be activated: {'model_1': 'activating'}
[2026-08-20 13:17:15.533 GPU_Scheduler_0] Waiting for models to be activated: {'model_1': 'activating'}
[2026-08-20 13:17:15.544 GPU_Scheduler_0] Waiting for models to be activated: {'model_1': 'activating'}
[2026-08-20 13:17:15.554 GPU_Scheduler_0] Waiting for models to be activated: {'model_1': 'activating'}
[2026-08-20 13:17:15.565 GPU_Scheduler_0] Waiting for models to be activated: {'model_1': 'activating'}
[2026-08-20 13:17:15.575 GPU_Scheduler_0] Waiting for models to be activated: {'model_1': 'activating'}
[2026-08-20 13:17:15.585 GPU_Scheduler_0] Waiting for models to be activated: {'model_1': 'activating'}
[2026-08-20 13:17:15.596 GPU_Scheduler_0] Waiting for models to be activated: {'model_1': 'activating'}
[2026-08-20 13:17:15.606 GPU_Scheduler_0] Waiting for models to be activated: {'model_1': 'activating'}
[2026-08-20 13:17:15.616 GPU_Scheduler_0] Waiting for models to be activated: {'model_1': 'activating'}
[2026-08-20 13:17:15.627 GPU_Scheduler_0] Waiting for models to be activated: {'model_1': 'activating'}
[2026-08-20 13:17:15.637 GPU_Scheduler_0] Waiting for models to be activated: {'model_1': 'activating'}
[2026-08-20 13:17:15.648 GPU_Scheduler_0] Waiting for models to be activated: {'model_1': 'activating'}
[2026-08-20 13:17:15.658 GPU_Scheduler_0] Waiting for models to be activated: {'model_1': 'activating'}
[2026-08-20 13:17:15.669 GPU_Scheduler_0] Waiting for models to be activated: {'model_1': 'activating'}
[2026-08-20 13:17:15.679 GPU_Scheduler_0] Waiting for models to be activated: {'model_1': 'activating'}
[2026-08-20 13:17:15.690 GPU_Scheduler_0] Waiting for models to be activated: {'model_1': 'activating'}
[2026-08-20 13:17:15.700 GPU_Scheduler_0] Waiting for models to be activated: {'model_1': 'activating'}
[2026-08-20 13:17:15.711 GPU_Scheduler_0] Waiting for models to be activated: {'model_1': 'activating'}
[2026-08-20 13:17:15.721 GPU_Scheduler_0] Waiting for models to be activated: {'model_1': 'activating'}
[2026-08-20 13:17:15.732 GPU_Scheduler_0] Waiting for models to be activated: {'model_1': 'activating'}
[2026-08-20 13:17:15.742 GPU_Scheduler_0] Waiting for models to be activated: {'model_1': 'activating'}
[2026-08-20 13:17:15.753 GPU_Scheduler_0] Waiting for models to be activated: {'model_1': 'activating'}
[2026-08-20 13:17:15.763 GPU_Scheduler_0] Waiting for models to be activated: {'model_1': 'activating'}
[2026-08-20 13:17:15.774 GPU_Scheduler_0] Waiting for models to be activated: {'model_1': 'activating'}
[2026-08-20 13:17:15.784 GPU_Scheduler_0] Waiting for models to be activated: {'model_1': 'activating'}
[2026-08-20 13:17:15.795 GPU_Scheduler_0] Waiting for models to be activated: {'model_1': 'activating'}
[2026-08-20 13:17:15.805 GPU_Scheduler_0] Waiting for models to be activated: {'model_1': 'activating'}
[2026-08-20 13:17:15.816 GPU_Scheduler_0] Waiting for models to be activated: {'model_1': 'activating'}
[2026-08-20 13:17:15.826 GPU_Scheduler_0] Waiting for models to be activated: {'model_1': 'activating'}
[2026-08-20 13:17:15.836 GPU_Scheduler_0] Waiting for models to be activated: {'model_1': 'activating'}
[2026-08-20 13:17:15.847 GPU_Scheduler_0] Waiting for models to be activated: {'model_1': 'activating'}
[2026-08-20 13:17:15.858 GPU_Scheduler_0] Waiting for models to be activated: {'model_1': 'activating'}
[2026-08-20 13:17:15.868 GPU_Scheduler_0] Waiting for models to be activated: {'model_1': 'activating'}
[2026-08-20 13:17:15.878 GPU_Scheduler_0] Waiting for models to be activated: {'model_1': 'activating'}
[2026-08-20 13:17:15.889 GPU_Scheduler_0] Waiting for models to be activated: {'model_1': 'activating'}
[2026-08-20 13:17:15.899 GPU_Scheduler_0] Waiting for models to be activated: {'model_1': 'activating'}
[2026-08-20 13:17:15.910 GPU_Scheduler_0] Waiting for models to be activated: {'model_1': 'activating'}
[2026-08-20 13:17:15.920 GPU_Scheduler_0] Waiting for models to be activated: {'model_1': 'activating'}
[2026-08-20 13:17:15.930 GPU_Scheduler_0] Waiting for models to be activated: {'model_1': 'activating'}
[2026-08-20 13:17:15.941 GPU_Scheduler_0] Waiting for models to be activated: {'model_1': 'activating'}
[2026-08-20 13:17:15.951 GPU_Scheduler_0] Waiting for models to be activated: {'model_1': 'activating'}
[2026-08-20 13:17:15.962 GPU_Scheduler_0] Waiting for models to be activated: {'model_1': 'activating'}
[2026-08-20 13:17:15.972 GPU_Scheduler_0] Waiting for models to be activated: {'model_1': 'activating'}
[2026-08-20 13:17:15.982 GPU_Scheduler_0] Waiting for models to be activated: {'model_1': 'activating'}
[2026-08-20 13:17:15.993 GPU_Scheduler_0] Waiting for models to be activated: {'model_1': 'activating'}
[2026-08-20 13:17:16.003 GPU_Scheduler_0] Waiting for models to be activated: {'model_1': 'activating'}
[2026-08-20 13:17:16.013 GPU_Scheduler_0] Waiting for models to be activated: {'model_1': 'activating'}
[2026-08-20 13:17:16.024 GPU_Scheduler_0] Waiting for models to be activated: {'model_1': 'activating'}
[2026-08-20 13:17:16.034 GPU_Scheduler_0] Waiting for models to be activated: {'model_1': 'activating'}
[2026-08-20 13:17:16.044 GPU_Scheduler_0] Waiting for models to be activated: {'model_1': 'activating'}
[2026-08-20 13:17:16.055 GPU_Scheduler_0] Waiting for models to be activated: {'model_1': 'activating'}
[2026-08-20 13:17:16.065 GPU_Scheduler_0] Waiting for models to be activated: {'model_1': 'activating'}
[2026-08-20 13:17:16.075 GPU_Scheduler_0] Waiting for models to be activated: {'model_1': 'activating'}
[2026-08-20 13:17:16.086 GPU_Scheduler_0] Waiting for models to be activated: {'model_1': 'activating'}
[2026-08-20 13:17:16.096 GPU_Scheduler_0] Waiting for models to be activated: {'model_1': 'activating'}
[2026-08-20 13:17:16.106 GPU_Scheduler_0] Waiting for models to be activated: {'model_1': 'activating'}
[2026-08-20 13:17:16.116 GPU_Scheduler_0] Waiting for models to be activated: {'model_1': 'activating'}
[2026-08-20 13:17:16.127 GPU_Scheduler_0] Waiting for models to be activated: {'model_1': 'activating'}
[2026-08-20 13:17:16.137 GPU_Scheduler_0] Waiting for models to be activated: {'model_1': 'activating'}
[2026-08-20 13:17:16.147 GPU_Scheduler_0] Waiting for models to be activated: {'model_1': 'activating'}
[2026-08-20 13:17:16.157 GPU_Scheduler_0] Waiting for models to be activated: {'model_1': 'activating'}
[2026-08-20 13:17:16.168 GPU_Scheduler_0] Waiting for models to be activated: {'model_1': 'activating'}
[2026-08-20 13:17:16.178 GPU_Scheduler_0] Waiting for models to be activated: {'model_1': 'activating'}
[2026-08-20 13:17:16.188 GPU_Scheduler_0] Waiting for models to be activated: {'model_1': 'activating'}
[2026-08-20 13:17:16.198 GPU_Scheduler_0] Waiting for models to be activated: {'model_1': 'activating'}
[2026-08-20 13:17:16.209 GPU_Scheduler_0] Waiting for models to be activated: {'model_1': 'activating'}
[2026-08-20 13:17:16.219 GPU_Scheduler_0] Waiting for models to be activated: {'model_1': 'activating'}
[2026-08-20 13:17:16.229 GPU_Scheduler_0] Waiting for models to be activated: {'model_1': 'activating'}
[2026-08-20 13:17:16.240 GPU_Scheduler_0] Waiting for models to be activated: {'model_1': 'activating'}
[2026-08-20 13:17:16.250 GPU_Scheduler_0] Waiting for models to be activated: {'model_1': 'activating'}
[2026-08-20 13:17:16.260 GPU_Scheduler_0] Waiting for models to be activated: {'model_1': 'activating'}
[2026-08-20 13:17:16.271 GPU_Scheduler_0] Waiting for models to be activated: {'model_1': 'activating'}
[2026-08-20 13:17:16.281 GPU_Scheduler_0] Waiting for models to be activated: {'model_1': 'activating'}
[2026-08-20 13:17:16.291 GPU_Scheduler_0] Waiting for models to be activated: {'model_1': 'activating'}
[2026-08-20 13:17:16.302 GPU_Scheduler_0] Waiting for models to be activated: {'model_1': 'activating'}
[2026-08-20 13:17:16.312 GPU_Scheduler_0] Waiting for models to be activated: {'model_1': 'activating'}
[2026-08-20 13:17:16.323 GPU_Scheduler_0] Waiting for models to be activated: {'model_1': 'activating'}
[2026-08-20 13:17:16.333 GPU_Scheduler_0] Waiting for models to be activated: {'model_1': 'activating'}
[2026-08-20 13:17:16.343 GPU_Scheduler_0] Waiting for models to be activated: {'model_1': 'activating'}
[2026-08-20 13:17:16.354 GPU_Scheduler_0] Waiting for models to be activated: {'model_1': 'activating'}
[2026-08-20 13:17:16.364 GPU_Scheduler_0] Waiting for models to be activated: {'model_1': 'activating'}
[2026-08-20 13:17:16.375 GPU_Scheduler_0] Waiting for models to be activated: {'model_1': 'activating'}
[2026-08-20 13:17:16.385 GPU_Scheduler_0] Waiting for models to be activated: {'model_1': 'activating'}
[2026-08-20 13:17:16.395 GPU_Scheduler_0] Waiting for models to be activated: {'model_1': 'activating'}
[2026-08-20 13:17:16.406 GPU_Scheduler_0] Waiting for models to be activated: {'model_1': 'activating'}
[2026-08-20 13:17:16.416 GPU_Scheduler_0] Waiting for models to be activated: {'model_1': 'activating'}
[2026-08-20 13:17:16.426 GPU_Scheduler_0] Waiting for models to be activated: {'model_1': 'activating'}
[2026-08-20 13:17:16.437 GPU_Scheduler_0] Waiting for models to be activated: {'model_1': 'activating'}
[2026-08-20 13:17:16.447 GPU_Scheduler_0] Waiting for models to be activated: {'model_1': 'activating'}
[2026-08-20 13:17:16.457 GPU_Scheduler_0] Waiting for models to be activated: {'model_1': 'activating'}
[2026-08-20 13:17:16.468 GPU_Scheduler_0] Waiting for models to be activated: {'model_1': 'activating'}
[2026-08-20 13:17:16.478 GPU_Scheduler_0] Waiting for models to be activated: {'model_1': 'activating'}
[2026-08-20 13:17:16.489 GPU_Scheduler_0] Waiting for models to be activated: {'model_1': 'activating'}
[2026-08-20 13:17:16.499 GPU_Scheduler_0] Waiting for models to be activated: {'model_1': 'activating'}
[2026-08-20 13:17:16.509 GPU_Scheduler_0] Waiting for models to be activated: {'model_1': 'activating'}
[2026-08-20 13:17:16.520 GPU_Scheduler_0] Waiting for models to be activated: {'model_1': 'activating'}
[2026-08-20 13:17:16.530 GPU_Scheduler_0] Waiting for models to be activated: {'model_1': 'activating'}
[2026-08-20 13:17:16.540 GPU_Scheduler_0] Waiting for models to be activated: {'model_1': 'activating'}
[2026-08-20 13:17:16.550 GPU_Scheduler_0] Waiting for models to be activated: {'model_1': 'activating'}
[2026-08-20 13:17:16.561 GPU_Scheduler_0] Waiting for models to be activated: {'model_1': 'activating'}
[2026-08-20 13:17:16.571 GPU_Scheduler_0] Waiting for models to be activated: {'model_1': 'activating'}
[2026-08-20 13:17:16.581 GPU_Scheduler_0] Waiting for models to be activated: {'model_1': 'activating'}
[2026-08-20 13:17:16.592 GPU_Scheduler_0] Waiting for models to be activated: {'model_1': 'activating'}
[2026-08-20 13:17:16.602 GPU_Scheduler_0] Waiting for models to be activated: {'model_1': 'activating'}
[2026-08-20 13:17:16.612 GPU_Scheduler_0] Waiting for models to be activated: {'model_1': 'activating'}
[2026-08-20 13:17:16.623 GPU_Scheduler_0] Waiting for models to be activated: {'model_1': 'activating'}
[2026-08-20 13:17:16.633 GPU_Scheduler_0] Waiting for models to be activated: {'model_1': 'activating'}
[2026-08-20 13:17:16.643 GPU_Scheduler_0] Waiting for models to be activated: {'model_1': 'activating'}
[2026-08-20 13:17:16.653 GPU_Scheduler_0] Waiting for models to be activated: {'model_1': 'activating'}
[2026-08-20 13:17:16.663 GPU_Scheduler_0] Waiting for models to be activated: {'model_1': 'activating'}
[2026-08-20 13:17:16.674 GPU_Scheduler_0] Waiting for models to be activated: {'model_1': 'activating'}
[2026-08-20 13:17:16.684 GPU_Scheduler_0] Waiting for models to be activated: {'model_1': 'activating'}
[2026-08-20 13:17:16.694 GPU_Scheduler_0] Waiting for models to be activated: {'model_1': 'activating'}
[2026-08-20 13:17:16.704 GPU_Scheduler_0] Waiting for models to be activated: {'model_1': 'activating'}
[2026-08-20 13:17:16.715 GPU_Scheduler_0] Waiting for models to be activated: {'model_1': 'activating'}
[2026-08-20 13:17:16.725 GPU_Scheduler_0] Waiting for models to be activated: {'model_1': 'activating'}
[2026-08-20 13:17:16.735 GPU_Scheduler_0] Waiting for models to be activated: {'model_1': 'activating'}
[2026-08-20 13:17:16.745 GPU_Scheduler_0] Waiting for models to be activated: {'model_1': 'activating'}
[2026-08-20 13:17:16.756 GPU_Scheduler_0] Waiting for models to be activated: {'model_1': 'activating'}
[2026-08-20 13:17:16.766 GPU_Scheduler_0] Waiting for models to be activated: {'model_1': 'activating'}
[2026-08-20 13:17:16.776 GPU_Scheduler_0] Waiting for models to be activated: {'model_1': 'activating'}
[2026-08-20 13:17:16.787 GPU_Scheduler_0] Waiting for models to be activated: {'model_1': 'activating'}
[2026-08-20 13:17:16.797 GPU_Scheduler_0] Waiting for models to be activated: {'model_1': 'activating'}
[2026-08-20 13:17:16.807 GPU_Scheduler_0] Waiting for models to be activated: {'model_1': 'activating'}
[2026-08-20 13:17:16.818 GPU_Scheduler_0] Waiting for models to be activated: {'model_1': 'activating'}
[2026-08-20 13:17:16.828 GPU_Scheduler_0] Waiting for models to be activated: {'model_1': 'activating'}
[2026-08-20 13:17:16.839 GPU_Scheduler_0] Waiting for models to be activated: {'model_1': 'activating'}
[2026-08-20 13:17:16.849 GPU_Scheduler_0] Waiting for models to be activated: {'model_1': 'activating'}
[2026-08-20 13:17:16.859 GPU_Scheduler_0] Waiting for models to be activated: {'model_1': 'activating'}
[2026-08-20 13:17:16.870 GPU_Scheduler_0] Waiting for models to be activated: {'model_1': 'activating'}
[2026-08-20 13:17:16.881 GPU_Scheduler_0] Waiting for models to be activated: {'model_1': 'activating'}
[2026-08-20 13:17:16.891 GPU_Scheduler_0] Waiting for models to be activated: {'model_1': 'activating'}
[2026-08-20 13:17:16.902 GPU_Scheduler_0] Waiting for models to be activated: {'model_1': 'activating'}
[2026-08-20 13:17:16.912 GPU_Scheduler_0] Waiting for models to be activated: {'model_1': 'activating'}
[2026-08-20 13:17:16.922 GPU_Scheduler_0] Waiting for models to be activated: {'model_1': 'activating'}
[2026-08-20 13:17:16.933 GPU_Scheduler_0] Waiting for models to be activated: {'model_1': 'activating'}
[2026-08-20 13:17:16.943 GPU_Scheduler_0] Waiting for models to be activated: {'model_1': 'activating'}
[2026-08-20 13:17:16.954 GPU_Scheduler_0] Waiting for models to be activated: {'model_1': 'activating'}
[2026-08-20 13:17:16.964 GPU_Scheduler_0] Waiting for models to be activated: {'model_1': 'activating'}
[2026-08-20 13:17:16.974 GPU_Scheduler_0] Waiting for models to be activated: {'model_1': 'activating'}
[2026-08-20 13:17:16.985 GPU_Scheduler_0] Waiting for models to be activated: {'model_1': 'activating'}
[2026-08-20 13:17:16.995 GPU_Scheduler_0] Waiting for models to be activated: {'model_1': 'activating'}
[2026-08-20 13:17:17.006 GPU_Scheduler_0] Waiting for models to be activated: {'model_1': 'activating'}
[2026-08-20 13:17:17.016 GPU_Scheduler_0] Waiting for models to be activated: {'model_1': 'activating'}
[2026-08-20 13:17:17.026 GPU_Scheduler_0] Waiting for models to be activated: {'model_1': 'activating'}
[2026-08-20 13:17:17.036 GPU_Scheduler_0] Waiting for models to be activated: {'model_1': 'activating'}
[2026-08-20 13:17:17.047 GPU_Scheduler_0] Waiting for models to be activated: {'model_1': 'activating'}
[2026-08-20 13:17:17.057 GPU_Scheduler_0] Waiting for models to be activated: {'model_1': 'activating'}
[2026-08-20 13:17:17.068 GPU_Scheduler_0] Waiting for models to be activated: {'model_1': 'activating'}
[2026-08-20 13:17:17.078 GPU_Scheduler_0] Waiting for models to be activated: {'model_1': 'activating'}
[2026-08-20 13:17:17.089 GPU_Scheduler_0] Waiting for models to be activated: {'model_1': 'activating'}
[2026-08-20 13:17:17.099 GPU_Scheduler_0] Waiting for models to be activated: {'model_1': 'activating'}
[2026-08-20 13:17:17.110 GPU_Scheduler_0] Waiting for models to be activated: {'model_1': 'activating'}
[2026-08-20 13:17:17.120 GPU_Scheduler_0] Waiting for models to be activated: {'model_1': 'activating'}
[2026-08-20 13:17:17.130 GPU_Scheduler_0] Waiting for models to be activated: {'model_1': 'activating'}
[2026-08-20 13:17:17.141 GPU_Scheduler_0] Waiting for models to be activated: {'model_1': 'activating'}
[2026-08-20 13:17:17.151 GPU_Scheduler_0] Waiting for models to be activated: {'model_1': 'activating'}
[2026-08-20 13:17:17.161 GPU_Scheduler_0] Waiting for models to be activated: {'model_1': 'activating'}
[2026-08-20 13:17:17.172 GPU_Scheduler_0] Waiting for models to be activated: {'model_1': 'activating'}
[2026-08-20 13:17:17.182 GPU_Scheduler_0] Waiting for models to be activated: {'model_1': 'activating'}
[2026-08-20 13:17:17.193 GPU_Scheduler_0] Waiting for models to be activated: {'model_1': 'activating'}
[2026-08-20 13:17:17.203 GPU_Scheduler_0] Waiting for models to be activated: {'model_1': 'activating'}
[2026-08-20 13:17:17.213 GPU_Scheduler_0] Waiting for models to be activated: {'model_1': 'activating'}
[2026-08-20 13:17:17.223 GPU_Scheduler_0] Waiting for models to be activated: {'model_1': 'activating'}
[2026-08-20 13:17:17.234 GPU_Scheduler_0] Waiting for models to be activated: {'model_1': 'activating'}
[2026-08-20 13:17:17.244 GPU_Scheduler_0] Waiting for models to be activated: {'model_1': 'activating'}
[2026-08-20 13:17:17.255 GPU_Scheduler_0] Waiting for models to be activated: {'model_1': 'activating'}
[2026-08-20 13:17:17.265 GPU_Scheduler_0] Waiting for models to be activated: {'model_1': 'activating'}
[2026-08-20 13:17:17.275 GPU_Scheduler_0] Waiting for models to be activated: {'model_1': 'activating'}
[2026-08-20 13:17:17.286 GPU_Scheduler_0] Waiting for models to be activated: {'model_1': 'activating'}
[2026-08-20 13:17:17.296 GPU_Scheduler_0] Waiting for models to be activated: {'model_1': 'activating'}
[2026-08-20 13:17:17.306 GPU_Scheduler_0] Waiting for models to be activated: {'model_1': 'activating'}
[2026-08-20 13:17:17.317 GPU_Scheduler_0] Waiting for models to be activated: {'model_1': 'activating'}
[2026-08-20 13:17:17.327 GPU_Scheduler_0] Waiting for models to be activated: {'model_1': 'activating'}
[2026-08-20 13:17:17.337 GPU_Scheduler_0] Waiting for models to be activated: {'model_1': 'activating'}
[2026-08-20 13:17:17.348 GPU_Scheduler_0] Waiting for models to be activated: {'model_1': 'activating'}
[2026-08-20 13:17:17.358 GPU_Scheduler_0] Waiting for models to be activated: {'model_1': 'activating'}
[2026-08-20 13:17:17.368 GPU_Scheduler_0] Waiting for models to be activated: {'model_1': 'activating'}
[2026-08-20 13:17:17.379 GPU_Scheduler_0] Waiting for models to be activated: {'model_1': 'activating'}
[2026-08-20 13:17:17.389 GPU_Scheduler_0] Waiting for models to be activated: {'model_1': 'activating'}
[2026-08-20 13:17:17.399 GPU_Scheduler_0] Waiting for models to be activated: {'model_1': 'activating'}
[2026-08-20 13:17:17.410 GPU_Scheduler_0] Waiting for models to be activated: {'model_1': 'activating'}
[2026-08-20 13:17:17.420 GPU_Scheduler_0] Waiting for models to be activated: {'model_1': 'activating'}
[2026-08-20 13:17:17.431 GPU_Scheduler_0] Waiting for models to be activated: {'model_1': 'activating'}
[2026-08-20 13:17:17.441 GPU_Scheduler_0] Waiting for models to be activated: {'model_1': 'activating'}
[2026-08-20 13:17:17.451 GPU_Scheduler_0] Waiting for models to be activated: {'model_1': 'activating'}
[2026-08-20 13:17:17.462 GPU_Scheduler_0] Waiting for models to be activated: {'model_1': 'activating'}
[2026-08-20 13:17:17.472 GPU_Scheduler_0] Waiting for models to be activated: {'model_1': 'activating'}
[2026-08-20 13:17:17.482 GPU_Scheduler_0] Waiting for models to be activated: {'model_1': 'activating'}
[2026-08-20 13:17:17.493 GPU_Scheduler_0] Waiting for models to be activated: {'model_1': 'activating'}
[2026-08-20 13:17:17.503 GPU_Scheduler_0] Waiting for models to be activated: {'model_1': 'activating'}
[2026-08-20 13:17:17.513 GPU_Scheduler_0] Waiting for models to be activated: {'model_1': 'activating'}
[2026-08-20 13:17:17.524 GPU_Scheduler_0] Waiting for models to be activated: {'model_1': 'activating'}
[2026-08-20 13:17:17.534 GPU_Scheduler_0] Waiting for models to be activated: {'model_1': 'activating'}
[2026-08-20 13:17:17.544 GPU_Scheduler_0] Waiting for models to be activated: {'model_1': 'activating'}
[2026-08-20 13:17:17.554 GPU_Scheduler_0] Waiting for models to be activated: {'model_1': 'activating'}
[2026-08-20 13:17:17.565 GPU_Scheduler_0] Waiting for models to be activated: {'model_1': 'activating'}
[2026-08-20 13:17:17.575 GPU_Scheduler_0] Waiting for models to be activated: {'model_1': 'activating'}
[2026-08-20 13:17:17.585 GPU_Scheduler_0] Waiting for models to be activated: {'model_1': 'activating'}
[2026-08-20 13:17:17.595 GPU_Scheduler_0] Waiting for models to be activated: {'model_1': 'activating'}
[2026-08-20 13:17:17.606 GPU_Scheduler_0] Waiting for models to be activated: {'model_1': 'activating'}
[2026-08-20 13:17:17.616 GPU_Scheduler_0] Waiting for models to be activated: {'model_1': 'activating'}
[2026-08-20 13:17:17.626 GPU_Scheduler_0] Waiting for models to be activated: {'model_1': 'activating'}
[2026-08-20 13:17:17.637 GPU_Scheduler_0] Waiting for models to be activated: {'model_1': 'activating'}
[2026-08-20 13:17:17.647 GPU_Scheduler_0] Waiting for models to be activated: {'model_1': 'activating'}
[2026-08-20 13:17:17.657 GPU_Scheduler_0] Waiting for models to be activated: {'model_1': 'activating'}
[2026-08-20 13:17:17.668 GPU_Scheduler_0] Waiting for models to be activated: {'model_1': 'activating'}
[2026-08-20 13:17:17.678 GPU_Scheduler_0] Waiting for models to be activated: {'model_1': 'activating'}
[2026-08-20 13:17:17.688 GPU_Scheduler_0] Waiting for models to be activated: {'model_1': 'activating'}
[2026-08-20 13:17:17.699 GPU_Scheduler_0] Waiting for models to be activated: {'model_1': 'activating'}
[2026-08-20 13:17:17.709 GPU_Scheduler_0] Waiting for models to be activated: {'model_1': 'activating'}
[2026-08-20 13:17:17.719 GPU_Scheduler_0] Waiting for models to be activated: {'model_1': 'activating'}
[2026-08-20 13:17:17.730 GPU_Scheduler_0] Waiting for models to be activated: {'model_1': 'activating'}
[2026-08-20 13:17:17.740 GPU_Scheduler_0] Waiting for models to be activated: {'model_1': 'activating'}
[2026-08-20 13:17:17.751 GPU_Scheduler_0] Waiting for models to be activated: {'model_1': 'activating'}
[2026-08-20 13:17:17.761 GPU_Scheduler_0] Waiting for models to be activated: {'model_1': 'activating'}
[2026-08-20 13:17:17.772 GPU_Scheduler_0] Waiting for models to be activated: {'model_1': 'activating'}
[2026-08-20 13:17:17.782 GPU_Scheduler_0] Waiting for models to be activated: {'model_1': 'activating'}
[2026-08-20 13:17:17.793 GPU_Scheduler_0] Waiting for models to be activated: {'model_1': 'activating'}
[2026-08-20 13:17:17.803 GPU_Scheduler_0] Waiting for models to be activated: {'model_1': 'activating'}
[2026-08-20 13:17:17.814 GPU_Scheduler_0] Waiting for models to be activated: {'model_1': 'activating'}
[2026-08-20 13:17:17.824 GPU_Scheduler_0] Waiting for models to be activated: {'model_1': 'activating'}
[2026-08-20 13:17:17.835 GPU_Scheduler_0] Waiting for models to be activated: {'model_1': 'activating'}
[2026-08-20 13:17:17.845 GPU_Scheduler_0] Waiting for models to be activated: {'model_1': 'activating'}
[2026-08-20 13:17:17.856 GPU_Scheduler_0] Waiting for models to be activated: {'model_1': 'activating'}
[2026-08-20 13:17:17.866 GPU_Scheduler_0] Waiting for models to be activated: {'model_1': 'activating'}
[2026-08-20 13:17:17.877 GPU_Scheduler_0] Waiting for models to be activated: {'model_1': 'activating'}
[2026-08-20 13:17:17.887 GPU_Scheduler_0] Waiting for models to be activated: {'model_1': 'activating'}
[2026-08-20 13:17:17.898 GPU_Scheduler_0] Waiting for models to be activated: {'model_1': 'activating'}
[2026-08-20 13:17:17.908 GPU_Scheduler_0] Waiting for models to be activated: {'model_1': 'activating'}
[2026-08-20 13:17:17.918 GPU_Scheduler_0] Waiting for models to be activated: {'model_1': 'activating'}
[2026-08-20 13:17:17.929 GPU_Scheduler_0] Waiting for models to be activated: {'model_1': 'activating'}
[2026-08-20 13:17:17.939 GPU_Scheduler_0] Waiting for models to be activated: {'model_1': 'activating'}
[2026-08-20 13:17:17.949 GPU_Scheduler_0] Waiting for models to be activated: {'model_1': 'activating'}
[2026-08-20 13:17:17.960 GPU_Scheduler_0] Waiting for models to be activated: {'model_1': 'activating'}
[2026-08-20 13:17:17.970 GPU_Scheduler_0] Waiting for models to be activated: {'model_1': 'activating'}
[2026-08-20 13:17:17.980 GPU_Scheduler_0] Waiting for models to be activated: {'model_1': 'activating'}
[2026-08-20 13:17:17.991 GPU_Scheduler_0] Waiting for models to be activated: {'model_1': 'activating'}
[2026-08-20 13:17:18.001 GPU_Scheduler_0] Waiting for models to be activated: {'model_1': 'activating'}
[2026-08-20 13:17:18.011 GPU_Scheduler_0] Waiting for models to be activated: {'model_1': 'activating'}
[2026-08-20 13:17:18.022 GPU_Scheduler_0] Waiting for models to be activated: {'model_1': 'activating'}
[2026-08-20 13:17:18.032 GPU_Scheduler_0] Waiting for models to be activated: {'model_1': 'activating'}
[2026-08-20 13:17:18.042 GPU_Scheduler_0] Waiting for models to be activated: {'model_1': 'activating'}
[2026-08-20 13:17:18.053 GPU_Scheduler_0] Waiting for models to be activated: {'model_1': 'activating'}
[2026-08-20 13:17:18.063 GPU_Scheduler_0] Waiting for models to be activated: {'model_1': 'activating'}
[2026-08-20 13:17:18.074 GPU_Scheduler_0] Waiting for models to be activated: {'model_1': 'activating'}
[2026-08-20 13:17:18.084 GPU_Scheduler_0] Waiting for models to be activated: {'model_1': 'activating'}
[2026-08-20 13:17:18.094 GPU_Scheduler_0] Waiting for models to be activated: {'model_1': 'activating'}
[2026-08-20 13:17:18.105 GPU_Scheduler_0] Waiting for models to be activated: {'model_1': 'activating'}
[2026-08-20 13:17:18.115 GPU_Scheduler_0] Waiting for models to be activated: {'model_1': 'activating'}
[2026-08-20 13:17:18.126 GPU_Scheduler_0] Waiting for models to be activated: {'model_1': 'activating'}
[2026-08-20 13:17:18.136 GPU_Scheduler_0] Waiting for models to be activated: {'model_1': 'activating'}
[2026-08-20 13:17:18.147 GPU_Scheduler_0] Waiting for models to be activated: {'model_1': 'activating'}
[2026-08-20 13:17:18.157 GPU_Scheduler_0] Waiting for models to be activated: {'model_1': 'activating'}
[2026-08-20 13:17:18.168 GPU_Scheduler_0] Waiting for models to be activated: {'model_1': 'activating'}
[2026-08-20 13:17:18.178 GPU_Scheduler_0] Waiting for models to be activated: {'model_1': 'activating'}
[2026-08-20 13:17:18.189 GPU_Scheduler_0] Waiting for models to be activated: {'model_1': 'activating'}
[2026-08-20 13:17:18.199 GPU_Scheduler_0] Waiting for models to be activated: {'model_1': 'activating'}
[2026-08-20 13:17:18.210 GPU_Scheduler_0] Waiting for models to be activated: {'model_1': 'activating'}
[2026-08-20 13:17:18.220 GPU_Scheduler_0] Waiting for models to be activated: {'model_1': 'activating'}
[2026-08-20 13:17:18.231 GPU_Scheduler_0] Waiting for models to be activated: {'model_1': 'activating'}
[2026-08-20 13:17:18.241 GPU_Scheduler_0] Waiting for models to be activated: {'model_1': 'activating'}
[2026-08-20 13:17:18.252 GPU_Scheduler_0] Waiting for models to be activated: {'model_1': 'activating'}
[2026-08-20 13:17:18.262 GPU_Scheduler_0] Waiting for models to be activated: {'model_1': 'activating'}
[2026-08-20 13:17:18.273 GPU_Scheduler_0] Waiting for models to be activated: {'model_1': 'activating'}
[2026-08-20 13:17:18.283 GPU_Scheduler_0] Waiting for models to be activated: {'model_1': 'activating'}
[2026-08-20 13:17:18.294 GPU_Scheduler_0] Waiting for models to be activated: {'model_1': 'activating'}
[2026-08-20 13:17:18.304 GPU_Scheduler_0] Waiting for models to be activated: {'model_1': 'activating'}
[2026-08-20 13:17:18.315 GPU_Scheduler_0] Waiting for models to be activated: {'model_1': 'activating'}
[2026-08-20 13:17:18.325 GPU_Scheduler_0] Waiting for models to be activated: {'model_1': 'activating'}
[2026-08-20 13:17:18.335 GPU_Scheduler_0] Waiting for models to be activated: {'model_1': 'activating'}
[2026-08-20 13:17:18.346 GPU_Scheduler_0] Waiting for models to be activated: {'model_1': 'activating'}
[2026-08-20 13:17:18.356 GPU_Scheduler_0] Waiting for models to be activated: {'model_1': 'activating'}
[2026-08-20 13:17:18.367 GPU_Scheduler_0] Waiting for models to be activated: {'model_1': 'activating'}
[2026-08-20 13:17:18.377 GPU_Scheduler_0] Waiting for models to be activated: {'model_1': 'activating'}
[2026-08-20 13:17:18.388 GPU_Scheduler_0] Waiting for models to be activated: {'model_1': 'activating'}
[2026-08-20 13:17:18.398 GPU_Scheduler_0] Waiting for models to be activated: {'model_1': 'activating'}
[2026-08-20 13:17:18.409 GPU_Scheduler_0] Waiting for models to be activated: {'model_1': 'activating'}
[2026-08-20 13:17:18.419 GPU_Scheduler_0] Waiting for models to be activated: {'model_1': 'activating'}
[2026-08-20 13:17:18.430 GPU_Scheduler_0] Waiting for models to be activated: {'model_1': 'activating'}
[2026-08-20 13:17:18.440 GPU_Scheduler_0] Waiting for models to be activated: {'model_1': 'activating'}
[2026-08-20 13:17:18.451 GPU_Scheduler_0] Waiting for models to be activated: {'model_1': 'activating'}
[2026-08-20 13:17:18.461 GPU_Scheduler_0] Waiting for models to be activated: {'model_1': 'activating'}
[2026-08-20 13:17:18.472 GPU_Scheduler_0] Waiting for models to be activated: {'model_1': 'activating'}
[2026-08-20 13:17:18.482 GPU_Scheduler_0] Waiting for models to be activated: {'model_1': 'activating'}
[2026-08-20 13:17:18.492 GPU_Scheduler_0] Waiting for models to be activated: {'model_1': 'activating'}
[2026-08-20 13:17:18.503 GPU_Scheduler_0] Waiting for models to be activated: {'model_1': 'activating'}
[2026-08-20 13:17:18.513 GPU_Scheduler_0] Waiting for models to be activated: {'model_1': 'activating'}
[2026-08-20 13:17:18.524 GPU_Scheduler_0] Waiting for models to be activated: {'model_1': 'activating'}
[2026-08-20 13:17:18.534 GPU_Scheduler_0] Waiting for models to be activated: {'model_1': 'activating'}
[2026-08-20 13:17:18.544 GPU_Scheduler_0] Waiting for models to be activated: {'model_1': 'activating'}
[2026-08-20 13:17:18.555 GPU_Scheduler_0] Waiting for models to be activated: {'model_1': 'activating'}
[2026-08-20 13:17:18.565 GPU_Scheduler_0] Waiting for models to be activated: {'model_1': 'activating'}
[2026-08-20 13:17:18.575 GPU_Scheduler_0] Waiting for models to be activated: {'model_1': 'activating'}
[2026-08-20 13:17:18.586 GPU_Scheduler_0] Waiting for models to be activated: {'model_1': 'activating'}
[2026-08-20 13:17:18.596 GPU_Scheduler_0] Waiting for models to be activated: {'model_1': 'activating'}
[2026-08-20 13:17:18.607 GPU_Scheduler_0] Waiting for models to be activated: {'model_1': 'activating'}
[2026-08-20 13:17:18.617 GPU_Scheduler_0] Waiting for models to be activated: {'model_1': 'activating'}
[2026-08-20 13:17:18.628 GPU_Scheduler_0] Waiting for models to be activated: {'model_1': 'activating'}
[2026-08-20 13:17:18.638 GPU_Scheduler_0] Waiting for models to be activated: {'model_1': 'activating'}
[2026-08-20 13:17:18.648 GPU_Scheduler_0] Waiting for models to be activated: {'model_1': 'activating'}
[2026-08-20 13:17:18.659 GPU_Scheduler_0] Waiting for models to be activated: {'model_1': 'activating'}
[2026-08-20 13:17:18.669 GPU_Scheduler_0] Waiting for models to be activated: {'model_1': 'activating'}
[2026-08-20 13:17:18.680 GPU_Scheduler_0] Waiting for models to be activated: {'model_1': 'activating'}
[2026-08-20 13:17:18.690 GPU_Scheduler_0] Waiting for models to be activated: {'model_1': 'activating'}
[2026-08-20 13:17:18.700 GPU_Scheduler_0] Waiting for models to be activated: {'model_1': 'activating'}
[2026-08-20 13:17:18.711 GPU_Scheduler_0] Waiting for models to be activated: {'model_1': 'activating'}
[2026-08-20 13:17:18.721 GPU_Scheduler_0] Waiting for models to be activated: {'model_1': 'activating'}
[2026-08-20 13:17:18.732 GPU_Scheduler_0] Waiting for models to be activated: {'model_1': 'activating'}
[2026-08-20 13:17:18.742 GPU_Scheduler_0] Waiting for models to be activated: {'model_1': 'activating'}
[2026-08-20 13:17:18.752 GPU_Scheduler_0] Waiting for models to be activated: {'model_1': 'activating'}
[2026-08-20 13:17:18.763 GPU_Scheduler_0] Waiting for models to be activated: {'model_1': 'activating'}
[2026-08-20 13:17:18.773 GPU_Scheduler_0] Waiting for models to be activated: {'model_1': 'activating'}
[2026-08-20 13:17:18.784 GPU_Scheduler_0] Waiting for models to be activated: {'model_1': 'activating'}
[2026-08-20 13:17:18.794 GPU_Scheduler_0] Waiting for models to be activated: {'model_1': 'activating'}
[2026-08-20 13:17:18.805 GPU_Scheduler_0] Waiting for models to be activated: {'model_1': 'activating'}
[2026-08-20 13:17:18.815 GPU_Scheduler_0] Waiting for models to be activated: {'model_1': 'activating'}
[2026-08-20 13:17:18.825 GPU_Scheduler_0] Waiting for models to be activated: {'model_1': 'activating'}
[2026-08-20 13:17:18.836 GPU_Scheduler_0] Waiting for models to be activated: {'model_1': 'activating'}
[2026-08-20 13:17:18.846 GPU_Scheduler_0] Waiting for models to be activated: {'model_1': 'activating'}
[2026-08-20 13:17:18.856 GPU_Scheduler_0] Waiting for models to be activated: {'model_1': 'activating'}
[2026-08-20 13:17:18.867 GPU_Scheduler_0] Waiting for models to be activated: {'model_1': 'activating'}
[2026-08-20 13:17:18.877 GPU_Scheduler_0] Waiting for models to be activated: {'model_1': 'activating'}
[2026-08-20 13:17:18.888 GPU_Scheduler_0] Waiting for models to be activated: {'model_1': 'activating'}
[2026-08-20 13:17:18.898 GPU_Scheduler_0] Waiting for models to be activated: {'model_1': 'activating'}
[2026-08-20 13:17:18.908 GPU_Scheduler_0] Waiting for models to be activated: {'model_1': 'activating'}
[2026-08-20 13:17:18.919 GPU_Scheduler_0] Waiting for models to be activated: {'model_1': 'activating'}
[2026-08-20 13:17:18.929 GPU_Scheduler_0] Waiting for models to be activated: {'model_1': 'activating'}
[2026-08-20 13:17:18.940 GPU_Scheduler_0] Waiting for models to be activated: {'model_1': 'activating'}
[2026-08-20 13:17:18.950 GPU_Scheduler_0] Waiting for models to be activated: {'model_1': 'activating'}
[2026-08-20 13:17:18.960 GPU_Scheduler_0] Waiting for models to be activated: {'model_1': 'activating'}
[2026-08-20 13:17:18.971 GPU_Scheduler_0] Waiting for models to be activated: {'model_1': 'activating'}
[2026-08-20 13:17:18.981 GPU_Scheduler_0] Waiting for models to be activated: {'model_1': 'activating'}
[2026-08-20 13:17:18.992 GPU_Scheduler_0] Waiting for models to be activated: {'model_1': 'activating'}
[2026-08-20 13:17:19.002 GPU_Scheduler_0] Waiting for models to be activated: {'model_1': 'activating'}
[2026-08-20 13:17:19.013 GPU_Scheduler_0] Waiting for models to be activated: {'model_1': 'activating'}
[2026-08-20 13:17:19.023 GPU_Scheduler_0] Waiting for models to be activated: {'model_1': 'activating'}
[2026-08-20 13:17:19.033 GPU_Scheduler_0] Waiting for models to be activated: {'model_1': 'activating'}
[2026-08-20 13:17:19.044 GPU_Scheduler_0] Waiting for models to be activated: {'model_1': 'activating'}
[2026-08-20 13:17:19.054 GPU_Scheduler_0] Waiting for models to be activated: {'model_1': 'activating'}
[2026-08-20 13:17:19.065 GPU_Scheduler_0] Waiting for models to be activated: {'model_1': 'activating'}
[2026-08-20 13:17:19.075 GPU_Scheduler_0] Waiting for models to be activated: {'model_1': 'activating'}
[2026-08-20 13:17:19.085 GPU_Scheduler_0] Waiting for models to be activated: {'model_1': 'activating'}
[2026-08-20 13:17:19.096 GPU_Scheduler_0] Waiting for models to be activated: {'model_1': 'activating'}
[2026-08-20 13:17:19.106 GPU_Scheduler_0] Waiting for models to be activated: {'model_1': 'activating'}
[2026-08-20 13:17:19.117 GPU_Scheduler_0] Waiting for models to be activated: {'model_1': 'activating'}
[2026-08-20 13:17:19.127 GPU_Scheduler_0] Waiting for models to be activated: {'model_1': 'activating'}
[2026-08-20 13:17:19.137 GPU_Scheduler_0] Waiting for models to be activated: {'model_1': 'activating'}
[2026-08-20 13:17:19.148 GPU_Scheduler_0] Waiting for models to be activated: {'model_1': 'activating'}
[2026-08-20 13:17:19.158 GPU_Scheduler_0] Waiting for models to be activated: {'model_1': 'activating'}
[2026-08-20 13:17:19.169 GPU_Scheduler_0] Waiting for models to be activated: {'model_1': 'activating'}
[2026-08-20 13:17:19.179 GPU_Scheduler_0] Waiting for models to be activated: {'model_1': 'activating'}
[2026-08-20 13:17:19.190 GPU_Scheduler_0] Waiting for models to be activated: {'model_1': 'activating'}
[2026-08-20 13:17:19.200 GPU_Scheduler_0] Waiting for models to be activated: {'model_1': 'activating'}
[2026-08-20 13:17:19.210 GPU_Scheduler_0] Waiting for models to be activated: {'model_1': 'activating'}
[2026-08-20 13:17:19.221 GPU_Scheduler_0] Waiting for models to be activated: {'model_1': 'activating'}
[2026-08-20 13:17:19.231 GPU_Scheduler_0] Waiting for models to be activated: {'model_1': 'activating'}
[2026-08-20 13:17:19.242 GPU_Scheduler_0] Waiting for models to be activated: {'model_1': 'activating'}
[2026-08-20 13:17:19.252 GPU_Scheduler_0] Waiting for models to be activated: {'model_1': 'activating'}
[2026-08-20 13:17:19.263 GPU_Scheduler_0] Waiting for models to be activated: {'model_1': 'activating'}
[2026-08-20 13:17:19.273 GPU_Scheduler_0] Waiting for models to be activated: {'model_1': 'activating'}
[2026-08-20 13:17:19.283 GPU_Scheduler_0] Waiting for models to be activated: {'model_1': 'activating'}
[2026-08-20 13:17:19.294 GPU_Scheduler_0] Waiting for models to be activated: {'model_1': 'activating'}
[2026-08-20 13:17:19.304 GPU_Scheduler_0] Waiting for models to be activated: {'model_1': 'activating'}
[2026-08-20 13:17:19.315 GPU_Scheduler_0] Waiting for models to be activated: {'model_1': 'activating'}
[2026-08-20 13:17:19.325 GPU_Scheduler_0] Waiting for models to be activated: {'model_1': 'activating'}
[2026-08-20 13:17:19.336 GPU_Scheduler_0] Waiting for models to be activated: {'model_1': 'activating'}
[2026-08-20 13:17:19.346 GPU_Scheduler_0] Waiting for models to be activated: {'model_1': 'activating'}
[2026-08-20 13:17:19.356 GPU_Scheduler_0] Waiting for models to be activated: {'model_1': 'activating'}
[2026-08-20 13:17:19.367 GPU_Scheduler_0] Waiting for models to be activated: {'model_1': 'activating'}
[2026-08-20 13:17:19.377 GPU_Scheduler_0] Waiting for models to be activated: {'model_1': 'activating'}
[2026-08-20 13:17:19.388 GPU_Scheduler_0] Waiting for models to be activated: {'model_1': 'activating'}
[2026-08-20 13:17:19.398 GPU_Scheduler_0] Waiting for models to be activated: {'model_1': 'activating'}
[2026-08-20 13:17:19.408 GPU_Scheduler_0] Waiting for models to be activated: {'model_1': 'activating'}
[2026-08-20 13:17:19.419 GPU_Scheduler_0] Waiting for models to be activated: {'model_1': 'activating'}
[2026-08-20 13:17:19.429 GPU_Scheduler_0] Waiting for models to be activated: {'model_1': 'activating'}
[2026-08-20 13:17:19.439 GPU_Scheduler_0] Waiting for models to be activated: {'model_1': 'activating'}
[2026-08-20 13:17:19.449 GPU_Scheduler_0] Waiting for models to be activated: {'model_1': 'activating'}
[2026-08-20 13:17:19.460 GPU_Scheduler_0] Waiting for models to be activated: {'model_1': 'activating'}
[2026-08-20 13:17:19.470 GPU_Scheduler_0] Waiting for models to be activated: {'model_1': 'activating'}
[2026-08-20 13:17:19.480 GPU_Scheduler_0] Waiting for models to be activated: {'model_1': 'activating'}
[2026-08-20 13:17:19.490 GPU_Scheduler_0] Waiting for models to be activated: {'model_1': 'activating'}
[2026-08-20 13:17:19.501 GPU_Scheduler_0] Waiting for models to be activated: {'model_1': 'activating'}
[2026-08-20 13:17:19.511 GPU_Scheduler_0] Waiting for models to be activated: {'model_1': 'activating'}
[2026-08-20 13:17:19.521 GPU_Scheduler_0] Waiting for models to be activated: {'model_1': 'activating'}
[2026-08-20 13:17:19.531 GPU_Scheduler_0] Waiting for models to be activated: {'model_1': 'activating'}
[2026-08-20 13:17:19.542 GPU_Scheduler_0] Waiting for models to be activated: {'model_1': 'activating'}
[2026-08-20 13:17:19.552 GPU_Scheduler_0] Waiting for models to be activated: {'model_1': 'activating'}
[2026-08-20 13:17:19.562 GPU_Scheduler_0] Waiting for models to be activated: {'model_1': 'activating'}
[2026-08-20 13:17:19.572 GPU_Scheduler_0] Waiting for models to be activated: {'model_1': 'activating'}
[2026-08-20 13:17:19.583 GPU_Scheduler_0] Waiting for models to be activated: {'model_1': 'activating'}
[2026-08-20 13:17:19.593 GPU_Scheduler_0] Waiting for models to be activated: {'model_1': 'activating'}
[2026-08-20 13:17:19.603 GPU_Scheduler_0] Waiting for models to be activated: {'model_1': 'activating'}
[2026-08-20 13:17:19.613 GPU_Scheduler_0] Waiting for models to be activated: {'model_1': 'activating'}
[2026-08-20 13:17:19.624 GPU_Scheduler_0] Waiting for models to be activated: {'model_1': 'activating'}
[2026-08-20 13:17:19.634 GPU_Scheduler_0] Waiting for models to be activated: {'model_1': 'activating'}
[2026-08-20 13:17:19.644 GPU_Scheduler_0] Waiting for models to be activated: {'model_1': 'activating'}
[2026-08-20 13:17:19.654 GPU_Scheduler_0] Waiting for models to be activated: {'model_1': 'activating'}
[2026-08-20 13:17:19.665 GPU_Scheduler_0] Waiting for models to be activated: {'model_1': 'activating'}
[2026-08-20 13:17:19.675 GPU_Scheduler_0] Waiting for models to be activated: {'model_1': 'activating'}
[2026-08-20 13:17:19.685 GPU_Scheduler_0] Waiting for models to be activated: {'model_1': 'activating'}
[2026-08-20 13:17:19.695 GPU_Scheduler_0] Waiting for models to be activated: {'model_1': 'activating'}
[2026-08-20 13:17:19.705 GPU_Scheduler_0] Waiting for models to be activated: {'model_1': 'activating'}
[2026-08-20 13:17:19.716 GPU_Scheduler_0] Waiting for models to be activated: {'model_1': 'activating'}
[2026-08-20 13:17:19.726 GPU_Scheduler_0] Waiting for models to be activated: {'model_1': 'activating'}
[2026-08-20 13:17:19.736 GPU_Scheduler_0] Waiting for models to be activated: {'model_1': 'activating'}
[2026-08-20 13:17:19.746 GPU_Scheduler_0] Waiting for models to be activated: {'model_1': 'activating'}
[2026-08-20 13:17:19.757 GPU_Scheduler_0] Waiting for models to be activated: {'model_1': 'activating'}
[2026-08-20 13:17:19.767 GPU_Scheduler_0] Waiting for models to be activated: {'model_1': 'activating'}
[2026-08-20 13:17:19.777 GPU_Scheduler_0] Waiting for models to be activated: {'model_1': 'activating'}
[2026-08-20 13:17:19.787 GPU_Scheduler_0] Waiting for models to be activated: {'model_1': 'activating'}
[2026-08-20 13:17:19.798 GPU_Scheduler_0] Waiting for models to be activated: {'model_1': 'activating'}
[2026-08-20 13:17:19.808 GPU_Scheduler_0] Waiting for models to be activated: {'model_1': 'activating'}
[2026-08-20 13:17:19.818 GPU_Scheduler_0] Waiting for models to be activated: {'model_1': 'activating'}
[2026-08-20 13:17:19.828 GPU_Scheduler_0] Waiting for models to be activated: {'model_1': 'activating'}
[2026-08-20 13:17:19.839 GPU_Scheduler_0] Waiting for models to be activated: {'model_1': 'activating'}
[2026-08-20 13:17:19.849 GPU_Scheduler_0] Waiting for models to be activated: {'model_1': 'activating'}
[2026-08-20 13:17:19.859 GPU_Scheduler_0] Waiting for models to be activated: {'model_1': 'activating'}
[2026-08-20 13:17:19.870 GPU_Scheduler_0] Waiting for models to be activated: {'model_1': 'activating'}
[2026-08-20 13:17:19.880 GPU_Scheduler_0] Waiting for models to be activated: {'model_1': 'activating'}
[2026-08-20 13:17:19.890 GPU_Scheduler_0] Waiting for models to be activated: {'model_1': 'activating'}
[2026-08-20 13:17:19.900 GPU_Scheduler_0] Waiting for models to be activated: {'model_1': 'activating'}
[2026-08-20 13:17:19.911 GPU_Scheduler_0] Waiting for models to be activated: {'model_1': 'activating'}
[2026-08-20 13:17:19.921 GPU_Scheduler_0] Waiting for models to be activated: {'model_1': 'activating'}
[2026-08-20 13:17:19.931 GPU_Scheduler_0] Waiting for models to be activated: {'model_1': 'activating'}
[2026-08-20 13:17:19.941 GPU_Scheduler_0] Waiting for models to be activated: {'model_1': 'activating'}
[2026-08-20 13:17:19.952 GPU_Scheduler_0] Waiting for models to be activated: {'model_1': 'activating'}
[2026-08-20 13:17:19.962 GPU_Scheduler_0] Waiting for models to be activated: {'model_1': 'activating'}
[2026-08-20 13:17:19.972 GPU_Scheduler_0] Waiting for models to be activated: {'model_1': 'activating'}
[2026-08-20 13:17:19.982 GPU_Scheduler_0] Waiting for models to be activated: {'model_1': 'activating'}
[2026-08-20 13:17:19.992 GPU_Scheduler_0] Waiting for models to be activated: {'model_1': 'activating'}
[2026-08-20 13:17:20.003 GPU_Scheduler_0] Waiting for models to be activated: {'model_1': 'activating'}
[2026-08-20 13:17:20.013 GPU_Scheduler_0] Waiting for models to be activated: {'model_1': 'activating'}
[2026-08-20 13:17:20.023 GPU_Scheduler_0] Waiting for models to be activated: {'model_1': 'activating'}
[2026-08-20 13:17:20.033 GPU_Scheduler_0] Waiting for models to be activated: {'model_1': 'activating'}
[2026-08-20 13:17:20.044 GPU_Scheduler_0] Waiting for models to be activated: {'model_1': 'activating'}
[2026-08-20 13:17:20.054 GPU_Scheduler_0] Waiting for models to be activated: {'model_1': 'activating'}
[2026-08-20 13:17:20.064 GPU_Scheduler_0] Waiting for models to be activated: {'model_1': 'activating'}
[2026-08-20 13:17:20.074 GPU_Scheduler_0] Waiting for models to be activated: {'model_1': 'activating'}
[2026-08-20 13:17:20.085 GPU_Scheduler_0] Waiting for models to be activated: {'model_1': 'activating'}
[2026-08-20 13:17:20.095 GPU_Scheduler_0] Waiting for models to be activated: {'model_1': 'activating'}
[2026-08-20 13:17:20.105 GPU_Scheduler_0] Waiting for models to be activated: {'model_1': 'activating'}
[2026-08-20 13:17:20.116 GPU_Scheduler_0] Waiting for models to be activated: {'model_1': 'activating'}
[2026-08-20 13:17:20.126 GPU_Scheduler_0] Waiting for models to be activated: {'model_1': 'activating'}
[2026-08-20 13:17:20.136 GPU_Scheduler_0] Waiting for models to be activated: {'model_1': 'activating'}
[2026-08-20 13:17:20.146 GPU_Scheduler_0] Waiting for models to be activated: {'model_1': 'activating'}
[2026-08-20 13:17:20.157 GPU_Scheduler_0] Waiting for models to be activated: {'model_1': 'activating'}
[2026-08-20 13:17:20.167 GPU_Scheduler_0] Waiting for models to be activated: {'model_1': 'activating'}
[2026-08-20 13:17:20.177 GPU_Scheduler_0] Waiting for models to be activated: {'model_1': 'activating'}
[2026-08-20 13:17:20.188 GPU_Scheduler_0] Waiting for models to be activated: {'model_1': 'activating'}
[2026-08-20 13:17:20.198 GPU_Scheduler_0] Waiting for models to be activated: {'model_1': 'activating'}
[2026-08-20 13:17:20.208 GPU_Scheduler_0] Waiting for models to be activated: {'model_1': 'activating'}
[2026-08-20 13:17:20.219 GPU_Scheduler_0] Waiting for models to be activated: {'model_1': 'activating'}
[2026-08-20 13:17:20.229 GPU_Scheduler_0] Waiting for models to be activated: {'model_1': 'activating'}
[2026-08-20 13:17:20.239 GPU_Scheduler_0] Waiting for models to be activated: {'model_1': 'activating'}
[2026-08-20 13:17:20.249 GPU_Scheduler_0] Waiting for models to be activated: {'model_1': 'activating'}
[2026-08-20 13:17:20.260 GPU_Scheduler_0] Waiting for models to be activated: {'model_1': 'activating'}
[2026-08-20 13:17:20.270 GPU_Scheduler_0] Waiting for models to be activated: {'model_1': 'activating'}
[2026-08-20 13:17:20.281 GPU_Scheduler_0] Waiting for models to be activated: {'model_1': 'activating'}
[2026-08-20 13:17:20.291 GPU_Scheduler_0] Waiting for models to be activated: {'model_1': 'activating'}
[2026-08-20 13:17:20.302 GPU_Scheduler_0] Waiting for models to be activated: {'model_1': 'activating'}
[2026-08-20 13:17:20.312 GPU_Scheduler_0] Waiting for models to be activated: {'model_1': 'activating'}
[2026-08-20 13:17:20.323 GPU_Scheduler_0] Waiting for models to be activated: {'model_1': 'activating'}
[2026-08-20 13:17:20.333 GPU_Scheduler_0] Waiting for models to be activated: {'model_1': 'activating'}
[2026-08-20 13:17:20.344 GPU_Scheduler_0] Waiting for models to be activated: {'model_1': 'activating'}
[2026-08-20 13:17:20.354 GPU_Scheduler_0] Waiting for models to be activated: {'model_1': 'activating'}
[2026-08-20 13:17:20.364 GPU_Scheduler_0] Waiting for models to be activated: {'model_1': 'activating'}
[2026-08-20 13:17:20.375 GPU_Scheduler_0] Waiting for models to be activated: {'model_1': 'activating'}
[2026-08-20 13:17:20.385 GPU_Scheduler_0] Waiting for models to be activated: {'model_1': 'activating'}
[2026-08-20 13:17:20.396 GPU_Scheduler_0] Waiting for models to be activated: {'model_1': 'activating'}
[2026-08-20 13:17:20.406 GPU_Scheduler_0] Waiting for models to be activated: {'model_1': 'activating'}
[2026-08-20 13:17:20.417 GPU_Scheduler_0] Waiting for models to be activated: {'model_1': 'activating'}
[2026-08-20 13:17:20.427 GPU_Scheduler_0] Waiting for models to be activated: {'model_1': 'activating'}
[2026-08-20 13:17:20.437 GPU_Scheduler_0] Waiting for models to be activated: {'model_1': 'activating'}
[2026-08-20 13:17:20.448 GPU_Scheduler_0] Waiting for models to be activated: {'model_1': 'activating'}
[2026-08-20 13:17:20.458 GPU_Scheduler_0] Waiting for models to be activated: {'model_1': 'activating'}
[2026-08-20 13:17:20.469 GPU_Scheduler_0] Waiting for models to be activated: {'model_1': 'activating'}
[2026-08-20 13:17:20.479 GPU_Scheduler_0] Waiting for models to be activated: {'model_1': 'activating'}
[2026-08-20 13:17:20.489 GPU_Scheduler_0] Waiting for models to be activated: {'model_1': 'activating'}
[2026-08-20 13:17:20.500 GPU_Scheduler_0] Waiting for models to be activated: {'model_1': 'activating'}
[2026-08-20 13:17:20.510 GPU_Scheduler_0] Waiting for models to be activated: {'model_1': 'activating'}
[2026-08-20 13:17:20.521 GPU_Scheduler_0] Waiting for models to be activated: {'model_1': 'activating'}
[2026-08-20 13:17:20.531 GPU_Scheduler_0] Waiting for models to be activated: {'model_1': 'activating'}
[2026-08-20 13:17:20.541 GPU_Scheduler_0] Waiting for models to be activated: {'model_1': 'activating'}
[2026-08-20 13:17:20.552 GPU_Scheduler_0] Waiting for models to be activated: {'model_1': 'activating'}
[2026-08-20 13:17:20.562 GPU_Scheduler_0] Waiting for models to be activated: {'model_1': 'activating'}
[2026-08-20 13:17:20.573 GPU_Scheduler_0] Waiting for models to be activated: {'model_1': 'activating'}
[2026-08-20 13:17:20.583 GPU_Scheduler_0] Waiting for models to be activated: {'model_1': 'activating'}
[2026-08-20 13:17:20.593 GPU_Scheduler_0] Waiting for models to be activated: {'model_1': 'activating'}
[2026-08-20 13:17:20.604 GPU_Scheduler_0] Waiting for models to be activated: {'model_1': 'activating'}
[2026-08-20 13:17:20.614 GPU_Scheduler_0] Waiting for models to be activated: {'model_1': 'activating'}
[2026-08-20 13:17:20.625 GPU_Scheduler_0] Waiting for models to be activated: {'model_1': 'activating'}
[2026-08-20 13:17:20.635 GPU_Scheduler_0] Waiting for models to be activated: {'model_1': 'activating'}
[2026-08-20 13:17:20.645 GPU_Scheduler_0] Waiting for models to be activated: {'model_1': 'activating'}
[2026-08-20 13:17:20.656 GPU_Scheduler_0] Waiting for models to be activated: {'model_1': 'activating'}
[2026-08-20 13:17:20.666 GPU_Scheduler_0] Waiting for models to be activated: {'model_1': 'activating'}
[2026-08-20 13:17:20.677 GPU_Scheduler_0] Waiting for models to be activated: {'model_1': 'activating'}
[2026-08-20 13:17:20.687 GPU_Scheduler_0] Waiting for models to be activated: {'model_1': 'activating'}
[2026-08-20 13:17:20.697 GPU_Scheduler_0] Waiting for models to be activated: {'model_1': 'activating'}
[2026-08-20 13:17:20.708 GPU_Scheduler_0] Waiting for models to be activated: {'model_1': 'activating'}
[2026-08-20 13:17:20.718 GPU_Scheduler_0] Waiting for models to be activated: {'model_1': 'activating'}
[2026-08-20 13:17:20.729 GPU_Scheduler_0] Waiting for models to be activated: {'model_1': 'activating'}
[2026-08-20 13:17:20.739 GPU_Scheduler_0] Waiting for models to be activated: {'model_1': 'activating'}
[2026-08-20 13:17:20.750 GPU_Scheduler_0] Waiting for models to be activated: {'model_1': 'activating'}
[2026-08-20 13:17:20.760 GPU_Scheduler_0] Waiting for models to be activated: {'model_1': 'activating'}
[2026-08-20 13:17:20.771 GPU_Scheduler_0] Waiting for models to be activated: {'model_1': 'activating'}
[2026-08-20 13:17:20.781 GPU_Scheduler_0] Waiting for models to be activated: {'model_1': 'activating'}
[2026-08-20 13:17:20.792 GPU_Scheduler_0] Waiting for models to be activated: {'model_1': 'activating'}
[2026-08-20 13:17:20.802 GPU_Scheduler_0] Waiting for models to be activated: {'model_1': 'activating'}
[2026-08-20 13:17:20.813 GPU_Scheduler_0] Waiting for models to be activated: {'model_1': 'activating'}
[2026-08-20 13:17:20.823 GPU_Scheduler_0] Waiting for models to be activated: {'model_1': 'activating'}
[2026-08-20 13:17:20.834 GPU_Scheduler_0] Waiting for models to be activated: {'model_1': 'activating'}
[2026-08-20 13:17:20.844 GPU_Scheduler_0] Waiting for models to be activated: {'model_1': 'activating'}
[2026-08-20 13:17:20.855 GPU_Scheduler_0] Waiting for models to be activated: {'model_1': 'activating'}
[2026-08-20 13:17:20.865 GPU_Scheduler_0] Waiting for models to be activated: {'model_1': 'activating'}
[2026-08-20 13:17:20.876 GPU_Scheduler_0] Waiting for models to be activated: {'model_1': 'activating'}
[2026-08-20 13:17:20.886 GPU_Scheduler_0] Waiting for models to be activated: {'model_1': 'activating'}
[2026-08-20 13:17:20.897 GPU_Scheduler_0] Waiting for models to be activated: {'model_1': 'activating'}
[2026-08-20 13:17:20.907 GPU_Scheduler_0] Waiting for models to be activated: {'model_1': 'activating'}
[2026-08-20 13:17:20.918 GPU_Scheduler_0] Waiting for models to be activated: {'model_1': 'activating'}
[2026-08-20 13:17:20.928 GPU_Scheduler_0] Waiting for models to be activated: {'model_1': 'activating'}
[2026-08-20 13:17:20.939 GPU_Scheduler_0] Waiting for models to be activated: {'model_1': 'activating'}
[2026-08-20 13:17:20.949 GPU_Scheduler_0] Waiting for models to be activated: {'model_1': 'activating'}
[2026-08-20 13:17:20.960 GPU_Scheduler_0] Waiting for models to be activated: {'model_1': 'activating'}
[2026-08-20 13:17:20.970 GPU_Scheduler_0] Waiting for models to be activated: {'model_1': 'activating'}
[2026-08-20 13:17:20.981 GPU_Scheduler_0] Waiting for models to be activated: {'model_1': 'activating'}
[2026-08-20 13:17:20.991 GPU_Scheduler_0] Waiting for models to be activated: {'model_1': 'activating'}
[2026-08-20 13:17:21.002 GPU_Scheduler_0] Waiting for models to be activated: {'model_1': 'activating'}
[2026-08-20 13:17:21.012 GPU_Scheduler_0] Waiting for models to be activated: {'model_1': 'activating'}
[2026-08-20 13:17:21.023 GPU_Scheduler_0] Waiting for models to be activated: {'model_1': 'activating'}
[2026-08-20 13:17:21.033 GPU_Scheduler_0] Waiting for models to be activated: {'model_1': 'activating'}
[2026-08-20 13:17:21.044 GPU_Scheduler_0] Waiting for models to be activated: {'model_1': 'activating'}
[2026-08-20 13:17:21.054 GPU_Scheduler_0] Waiting for models to be activated: {'model_1': 'activating'}
[2026-08-20 13:17:21.065 GPU_Scheduler_0] Waiting for models to be activated: {'model_1': 'activating'}
[2026-08-20 13:17:21.075 GPU_Scheduler_0] Waiting for models to be activated: {'model_1': 'activating'}
[2026-08-20 13:17:21.086 GPU_Scheduler_0] Waiting for models to be activated: {'model_1': 'activating'}
[2026-08-20 13:17:21.096 GPU_Scheduler_0] Waiting for models to be activated: {'model_1': 'activating'}
[2026-08-20 13:17:21.107 GPU_Scheduler_0] Waiting for models to be activated: {'model_1': 'activating'}
[2026-08-20 13:17:21.117 GPU_Scheduler_0] Waiting for models to be activated: {'model_1': 'activating'}
[2026-08-20 13:17:21.128 GPU_Scheduler_0] Waiting for models to be activated: {'model_1': 'activating'}
[2026-08-20 13:17:21.138 GPU_Scheduler_0] Waiting for models to be activated: {'model_1': 'activating'}
[2026-08-20 13:17:21.149 GPU_Scheduler_0] Waiting for models to be activated: {'model_1': 'activating'}
[2026-08-20 13:17:21.159 GPU_Scheduler_0] Waiting for models to be activated: {'model_1': 'activating'}
[2026-08-20 13:17:21.170 GPU_Scheduler_0] Waiting for models to be activated: {'model_1': 'activating'}
[2026-08-20 13:17:21.180 GPU_Scheduler_0] Waiting for models to be activated: {'model_1': 'activating'}
[2026-08-20 13:17:21.190 GPU_Scheduler_0] Waiting for models to be activated: {'model_1': 'activating'}
[2026-08-20 13:17:21.201 GPU_Scheduler_0] Waiting for models to be activated: {'model_1': 'activating'}
[2026-08-20 13:17:21.211 GPU_Scheduler_0] Waiting for models to be activated: {'model_1': 'activating'}
[2026-08-20 13:17:21.222 GPU_Scheduler_0] Waiting for models to be activated: {'model_1': 'activating'}
[2026-08-20 13:17:21.239 GPU_Scheduler_0] Waiting for models to be activated: {'model_1': 'activating'}
[2026-08-20 13:17:21.249 GPU_Scheduler_0] Waiting for models to be activated: {'model_1': 'activating'}
[2026-08-20 13:17:21.260 GPU_Scheduler_0] Waiting for models to be activated: {'model_1': 'activating'}
[2026-08-20 13:17:21.270 GPU_Scheduler_0] Waiting for models to be activated: {'model_1': 'activating'}
[2026-08-20 13:17:21.280 GPU_Scheduler_0] Waiting for models to be activated: {'model_1': 'activating'}
[2026-08-20 13:17:21.291 GPU_Scheduler_0] Waiting for models to be activated: {'model_1': 'activating'}
[2026-08-20 13:17:21.301 GPU_Scheduler_0] Waiting for models to be activated: {'model_1': 'activating'}
[2026-08-20 13:17:21.311 GPU_Scheduler_0] Waiting for models to be activated: {'model_1': 'activating'}
[2026-08-20 13:17:21.321 GPU_Scheduler_0] Waiting for models to be activated: {'model_1': 'activating'}
[2026-08-20 13:17:21.332 GPU_Scheduler_0] Waiting for models to be activated: {'model_1': 'activating'}
[2026-08-20 13:17:21.342 GPU_Scheduler_0] Waiting for models to be activated: {'model_1': 'activating'}
[2026-08-20 13:17:21.352 GPU_Scheduler_0] Waiting for models to be activated: {'model_1': 'activating'}
[2026-08-20 13:17:21.363 GPU_Scheduler_0] Waiting for models to be activated: {'model_1': 'activating'}
[2026-08-20 13:17:21.373 GPU_Scheduler_0] Waiting for models to be activated: {'model_1': 'activating'}
[2026-08-20 13:17:21.383 GPU_Scheduler_0] Waiting for models to be activated: {'model_1': 'activating'}
[2026-08-20 13:17:21.394 GPU_Scheduler_0] Waiting for models to be activated: {'model_1': 'activating'}
[2026-08-20 13:17:21.404 GPU_Scheduler_0] Waiting for models to be activated: {'model_1': 'activating'}
[2026-08-20 13:17:21.415 GPU_Scheduler_0] Waiting for models to be activated: {'model_1': 'activating'}
[2026-08-20 13:17:21.425 GPU_Scheduler_0] Waiting for models to be activated: {'model_1': 'activating'}
[2026-08-20 13:17:21.436 GPU_Scheduler_0] Waiting for models to be activated: {'model_1': 'activating'}
[2026-08-20 13:17:21.446 GPU_Scheduler_0] Waiting for models to be activated: {'model_1': 'activating'}
[2026-08-20 13:17:21.457 GPU_Scheduler_0] Waiting for models to be activated: {'model_1': 'activating'}
[2026-08-20 13:17:21.467 GPU_Scheduler_0] Waiting for models to be activated: {'model_1': 'activating'}
[2026-08-20 13:17:21.478 GPU_Scheduler_0] Waiting for models to be activated: {'model_1': 'activating'}
[2026-08-20 13:17:21.488 GPU_Scheduler_0] Waiting for models to be activated: {'model_1': 'activating'}
[2026-08-20 13:17:21.499 GPU_Scheduler_0] Waiting for models to be activated: {'model_1': 'activating'}
[2026-08-20 13:17:21.509 GPU_Scheduler_0] Waiting for models to be activated: {'model_1': 'activating'}
[2026-08-20 13:17:21.520 GPU_Scheduler_0] Waiting for models to be activated: {'model_1': 'activating'}
[2026-08-20 13:17:21.530 GPU_Scheduler_0] Waiting for models to be activated: {'model_1': 'activating'}
[2026-08-20 13:17:21.541 GPU_Scheduler_0] Waiting for models to be activated: {'model_1': 'activating'}
[2026-08-20 13:17:21.551 GPU_Scheduler_0] Waiting for models to be activated: {'model_1': 'activating'}
[2026-08-20 13:17:21.562 GPU_Scheduler_0] Waiting for models to be activated: {'model_1': 'activating'}
[2026-08-20 13:17:21.572 GPU_Scheduler_0] Waiting for models to be activated: {'model_1': 'activating'}
[2026-08-20 13:17:21.582 GPU_Scheduler_0] Waiting for models to be activated: {'model_1': 'activating'}
[2026-08-20 13:17:21.593 GPU_Scheduler_0] Waiting for models to be activated: {'model_1': 'activating'}
[2026-08-20 13:17:21.603 GPU_Scheduler_0] Waiting for models to be activated: {'model_1': 'activating'}
[2026-08-20 13:17:21.614 GPU_Scheduler_0] Waiting for models to be activated: {'model_1': 'activating'}
[2026-08-20 13:17:21.624 GPU_Scheduler_0] Waiting for models to be activated: {'model_1': 'activating'}
[2026-08-20 13:17:21.635 GPU_Scheduler_0] Waiting for models to be activated: {'model_1': 'activating'}
[2026-08-20 13:17:21.645 GPU_Scheduler_0] Waiting for models to be activated: {'model_1': 'activating'}
[2026-08-20 13:17:21.656 GPU_Scheduler_0] Waiting for models to be activated: {'model_1': 'activating'}
[2026-08-20 13:17:21.666 GPU_Scheduler_0] Waiting for models to be activated: {'model_1': 'activating'}
[2026-08-20 13:17:21.677 GPU_Scheduler_0] Waiting for models to be activated: {'model_1': 'activating'}
[2026-08-20 13:17:21.687 GPU_Scheduler_0] Waiting for models to be activated: {'model_1': 'activating'}
[2026-08-20 13:17:21.698 GPU_Scheduler_0] Waiting for models to be activated: {'model_1': 'activating'}
[2026-08-20 13:17:21.708 GPU_Scheduler_0] Waiting for models to be activated: {'model_1': 'activating'}
[2026-08-20 13:17:21.718 GPU_Scheduler_0] Waiting for models to be activated: {'model_1': 'activating'}
[2026-08-20 13:17:21.729 GPU_Scheduler_0] Waiting for models to be activated: {'model_1': 'activating'}
[2026-08-20 13:17:21.739 GPU_Scheduler_0] Waiting for models to be activated: {'model_1': 'activating'}
[2026-08-20 13:17:21.749 GPU_Scheduler_0] Waiting for models to be activated: {'model_1': 'activating'}
[2026-08-20 13:17:21.759 GPU_Scheduler_0] Waiting for models to be activated: {'model_1': 'activating'}
[2026-08-20 13:17:21.770 GPU_Scheduler_0] Waiting for models to be activated: {'model_1': 'activating'}
[2026-08-20 13:17:21.780 GPU_Scheduler_0] Waiting for models to be activated: {'model_1': 'activating'}
[2026-08-20 13:17:21.791 GPU_Scheduler_0] Model model_1 (instance 0) activation succeeded on GPU 0
[2026-08-20 13:17:21.795 GPU_Scheduler_0] net_available: inf, queue_len: 0
[2026-08-20 13:17:22.803 GPU_Scheduler_0] net_available: inf, queue_len: 0
[2026-08-20 13:17:23.805 GPU_Scheduler_0] net_available: inf, queue_len: 0
[2026-08-20 13:17:24.810 GPU_Scheduler_0] net_available: inf, queue_len: 0
[2026-08-20 13:17:25.813 GPU_Scheduler_0] net_available: inf, queue_len: 0
[2026-08-20 13:17:26.800 GPU_Scheduler_0] [V5-LOOP] {"iters": 479, "t_mem": 0.010213906178250909, "t_redis": 0.1651006790343672, "t_admit": 0.006631495663896203, "t_send": 0.000607882859185338, "t_iter": 0.18255396373569965, "admitted": 0, "iter_max": 0.003607430960983038, "gpu_id": 0, "window_s": 5.00800347328186}
[2026-08-20 13:17:26.822 GPU_Scheduler_0] net_available: inf, queue_len: 0
[2026-08-20 13:17:27.830 GPU_Scheduler_0] net_available: inf, queue_len: 0
[2026-08-20 13:17:28.835 GPU_Scheduler_0] net_available: inf, queue_len: 0
[2026-08-20 13:17:29.844 GPU_Scheduler_0] net_available: inf, queue_len: 0
[2026-08-20 13:17:30.847 GPU_Scheduler_0] net_available: inf, queue_len: 0
[2026-08-20 13:17:30.982 GPU_Scheduler_1] starting GPU scheduler for GPU 1
[2026-08-20 13:17:30.984 GPU_Scheduler_1] Model states init: {'model_1': 'deactivated'}
[2026-08-20 13:17:30.985 GPU_Scheduler_1] [PAPER-TP] WorkerPool gpu=1 owned=[0, 4, 5] shadow=[1] {0: 1, 1: 2, 4: 2, 5: 2}
[2026-08-20 13:17:31.051 GPU_Scheduler_1] net_available: inf, queue_len: 0
[2026-08-20 13:17:31.801 GPU_Scheduler_0] [V5-LOOP] {"iters": 482, "t_mem": 0.008172956528142095, "t_redis": 0.12320936052128673, "t_admit": 0.00497829751111567, "t_send": 0.0004711009096354246, "t_iter": 0.13683171547017992, "admitted": 0, "iter_max": 0.0008675649296492338, "gpu_id": 0, "window_s": 5.000129461288452}
[2026-08-20 13:17:31.853 GPU_Scheduler_0] net_available: inf, queue_len: 0
[2026-08-20 13:17:32.053 GPU_Scheduler_1] net_available: inf, queue_len: 0
[2026-08-20 13:17:32.854 GPU_Scheduler_0] net_available: inf, queue_len: 0
[2026-08-20 13:17:33.060 GPU_Scheduler_1] net_available: inf, queue_len: 0
[2026-08-20 13:17:33.864 GPU_Scheduler_0] net_available: inf, queue_len: 0
[2026-08-20 13:17:34.066 GPU_Scheduler_1] net_available: inf, queue_len: 0
[2026-08-20 13:17:34.874 GPU_Scheduler_0] net_available: inf, queue_len: 0
[2026-08-20 13:17:35.071 GPU_Scheduler_1] net_available: inf, queue_len: 0
[2026-08-20 13:17:35.882 GPU_Scheduler_0] net_available: inf, queue_len: 0
[2026-08-20 13:17:36.056 GPU_Scheduler_1] [V5-LOOP] {"iters": 494, "t_mem": 0.011476818937808275, "t_redis": 0.0029803540091961622, "t_admit": 0.008529809769243002, "t_send": 0.0008473482448607683, "t_iter": 0.023834330961108208, "admitted": 0, "iter_max": 0.0007208939641714096, "gpu_id": 1, "window_s": 5.004410266876221}
[2026-08-20 13:17:36.077 GPU_Scheduler_1] net_available: inf, queue_len: 0
[2026-08-20 13:17:36.802 GPU_Scheduler_0] [V5-LOOP] {"iters": 480, "t_mem": 0.008431955939158797, "t_redis": 0.14332521334290504, "t_admit": 0.005431948229670525, "t_send": 0.000565163791179657, "t_iter": 0.15775428130291402, "admitted": 0, "iter_max": 0.0008818651549518108, "gpu_id": 0, "window_s": 5.000198841094971}
[2026-08-20 13:17:36.888 GPU_Scheduler_0] net_available: inf, queue_len: 0
[2026-08-20 13:17:37.080 GPU_Scheduler_1] net_available: inf, queue_len: 0
[2026-08-20 13:17:37.891 GPU_Scheduler_0] net_available: inf, queue_len: 0
[2026-08-20 13:17:38.084 GPU_Scheduler_1] net_available: inf, queue_len: 0
[2026-08-20 13:17:38.898 GPU_Scheduler_0] net_available: inf, queue_len: 0
[2026-08-20 13:17:39.086 GPU_Scheduler_1] net_available: inf, queue_len: 0
[2026-08-20 13:17:39.899 GPU_Scheduler_0] net_available: inf, queue_len: 0
[2026-08-20 13:17:40.087 GPU_Scheduler_1] net_available: inf, queue_len: 0
[2026-08-20 13:17:40.281 GPU_Scheduler_2] starting GPU scheduler for GPU 2
[2026-08-20 13:17:40.283 GPU_Scheduler_2] Model states init: {'model_1': 'deactivated'}
[2026-08-20 13:17:40.283 GPU_Scheduler_2] [PAPER-TP] WorkerPool gpu=2 owned=[0, 6] shadow=[2, 4] {0: 1, 2: 2, 4: 2, 6: 2}
[2026-08-20 13:17:40.900 GPU_Scheduler_0] net_available: inf, queue_len: 0
[2026-08-20 13:17:41.059 GPU_Scheduler_1] [V5-LOOP] {"iters": 494, "t_mem": 0.007873848779127002, "t_redis": 0.001353441970422864, "t_admit": 0.005927631398662925, "t_send": 0.0004068617708981037, "t_iter": 0.015561783919110894, "admitted": 0, "iter_max": 0.0006142531055957079, "gpu_id": 1, "window_s": 5.0025975704193115}
[2026-08-20 13:17:41.090 GPU_Scheduler_1] net_available: inf, queue_len: 0
[2026-08-20 13:17:41.689 GPU_Scheduler_2] net_available: inf, queue_len: 0
[2026-08-20 13:17:41.808 GPU_Scheduler_0] [V5-LOOP] {"iters": 475, "t_mem": 0.010598366847261786, "t_redis": 0.18899194803088903, "t_admit": 0.006297014653682709, "t_send": 0.0007092766463756561, "t_iter": 0.20659660617820919, "admitted": 0, "iter_max": 0.0013566880952566862, "gpu_id": 0, "window_s": 5.005782842636108}
[2026-08-20 13:17:41.903 GPU_Scheduler_0] net_available: inf, queue_len: 0
[2026-08-20 13:17:42.091 GPU_Scheduler_1] net_available: inf, queue_len: 0
[2026-08-20 13:17:42.692 GPU_Scheduler_2] net_available: inf, queue_len: 0
[2026-08-20 13:17:42.911 GPU_Scheduler_0] net_available: inf, queue_len: 0
[2026-08-20 13:17:43.092 GPU_Scheduler_1] net_available: inf, queue_len: 0
[2026-08-20 13:17:43.697 GPU_Scheduler_2] net_available: inf, queue_len: 0
[2026-08-20 13:17:43.913 GPU_Scheduler_0] net_available: inf, queue_len: 0
[2026-08-20 13:17:44.093 GPU_Scheduler_1] net_available: inf, queue_len: 0
[2026-08-20 13:17:44.701 GPU_Scheduler_2] net_available: inf, queue_len: 0
[2026-08-20 13:17:44.917 GPU_Scheduler_0] net_available: inf, queue_len: 0
[2026-08-20 13:17:45.095 GPU_Scheduler_1] net_available: inf, queue_len: 0
[2026-08-20 13:17:45.704 GPU_Scheduler_2] net_available: inf, queue_len: 0
[2026-08-20 13:17:45.917 GPU_Scheduler_0] net_available: inf, queue_len: 0
[2026-08-20 13:17:46.067 GPU_Scheduler_1] [V5-LOOP] {"iters": 495, "t_mem": 0.006911127362400293, "t_redis": 0.001318890368565917, "t_admit": 0.004996174480766058, "t_send": 0.00036513269878923893, "t_iter": 0.013591324910521507, "admitted": 0, "iter_max": 0.0003934029955416918, "gpu_id": 1, "window_s": 5.007067441940308}
[2026-08-20 13:17:46.097 GPU_Scheduler_1] net_available: inf, queue_len: 0
[2026-08-20 13:17:46.696 GPU_Scheduler_2] [V5-LOOP] {"iters": 495, "t_mem": 0.008960969280451536, "t_redis": 0.0020705321803689003, "t_admit": 0.007047701394185424, "t_send": 0.0005597015842795372, "t_iter": 0.018638904439285398, "admitted": 0, "iter_max": 0.0008972359355539083, "gpu_id": 2, "window_s": 5.007513523101807}
[2026-08-20 13:17:46.707 GPU_Scheduler_2] net_available: inf, queue_len: 0
[2026-08-20 13:17:46.813 GPU_Scheduler_0] [V5-LOOP] {"iters": 480, "t_mem": 0.008302727714180946, "t_redis": 0.14825325622223318, "t_admit": 0.005084793781861663, "t_send": 0.0005609274376183748, "t_iter": 0.16220170515589416, "admitted": 0, "iter_max": 0.0008405549451708794, "gpu_id": 0, "window_s": 5.004148721694946}
[2026-08-20 13:17:46.927 GPU_Scheduler_0] net_available: inf, queue_len: 0
[2026-08-20 13:17:47.098 GPU_Scheduler_1] net_available: inf, queue_len: 0
[2026-08-20 13:17:47.709 GPU_Scheduler_2] net_available: inf, queue_len: 0
[2026-08-20 13:17:47.935 GPU_Scheduler_0] net_available: inf, queue_len: 0
[2026-08-20 13:17:48.099 GPU_Scheduler_1] net_available: inf, queue_len: 0
[2026-08-20 13:17:48.713 GPU_Scheduler_2] net_available: inf, queue_len: 0
[2026-08-20 13:17:48.944 GPU_Scheduler_0] net_available: inf, queue_len: 0
[2026-08-20 13:17:49.100 GPU_Scheduler_1] net_available: inf, queue_len: 0
[2026-08-20 13:17:49.474 GPU_Scheduler_3] starting GPU scheduler for GPU 3
[2026-08-20 13:17:49.476 GPU_Scheduler_3] Model states init: {'model_1': 'deactivated'}
[2026-08-20 13:17:49.476 GPU_Scheduler_3] [PAPER-TP] WorkerPool gpu=3 owned=[0] shadow=[3, 5, 6] {0: 1, 3: 2, 5: 2, 6: 2}
[2026-08-20 13:17:49.719 GPU_Scheduler_2] net_available: inf, queue_len: 0
[2026-08-20 13:17:49.953 GPU_Scheduler_0] net_available: inf, queue_len: 0
[2026-08-20 13:17:50.101 GPU_Scheduler_1] net_available: inf, queue_len: 0
[2026-08-20 13:17:50.319 GPU_Scheduler_3] net_available: inf, queue_len: 0
[2026-08-20 13:17:50.721 GPU_Scheduler_2] net_available: inf, queue_len: 0
[2026-08-20 13:17:50.958 GPU_Scheduler_0] net_available: inf, queue_len: 0
[2026-08-20 13:17:51.072 GPU_Scheduler_1] [V5-LOOP] {"iters": 495, "t_mem": 0.006153748603537679, "t_redis": 0.001595859881490469, "t_admit": 0.004615384852513671, "t_send": 0.00045804306864738464, "t_iter": 0.012823036406189203, "admitted": 0, "iter_max": 0.0003089511301368475, "gpu_id": 1, "window_s": 5.005164861679077}
[2026-08-20 13:17:51.103 GPU_Scheduler_1] net_available: inf, queue_len: 0
[2026-08-20 13:17:51.326 GPU_Scheduler_3] net_available: inf, queue_len: 0
[2026-08-20 13:17:51.362 GPU_Scheduler_0] Admitted 1 requests for model_1
[2026-08-20 13:17:51.704 GPU_Scheduler_2] [V5-LOOP] {"iters": 494, "t_mem": 0.008867786498740315, "t_redis": 0.0019272123463451862, "t_admit": 0.008049285504966974, "t_send": 0.0005018035881221294, "t_iter": 0.019346087938174605, "admitted": 0, "iter_max": 0.0024276350159198046, "gpu_id": 2, "window_s": 5.007444858551025}
[2026-08-20 13:17:51.725 GPU_Scheduler_2] net_available: inf, queue_len: 0
[2026-08-20 13:17:51.815 GPU_Scheduler_0] [V5-LOOP] {"iters": 479, "t_mem": 0.008779738564044237, "t_redis": 0.15122570469975471, "t_admit": 0.005525612970814109, "t_send": 0.0014426831621676683, "t_iter": 0.16697373939678073, "admitted": 1, "iter_max": 0.0011267769150435925, "gpu_id": 0, "window_s": 5.00191330909729}
[2026-08-20 13:17:51.964 GPU_Scheduler_0] net_available: inf, queue_len: 0
[2026-08-20 13:17:52.106 GPU_Scheduler_1] net_available: inf, queue_len: 0
[2026-08-20 13:17:52.135 GPU_Scheduler_0] Admitted 1 requests for model_1
[2026-08-20 13:17:52.333 GPU_Scheduler_3] net_available: inf, queue_len: 0
[2026-08-20 13:17:52.726 GPU_Scheduler_2] net_available: inf, queue_len: 0
[2026-08-20 13:17:52.966 GPU_Scheduler_0] net_available: inf, queue_len: 0
[2026-08-20 13:17:53.108 GPU_Scheduler_1] net_available: inf, queue_len: 0
[2026-08-20 13:17:53.338 GPU_Scheduler_3] net_available: inf, queue_len: 0
[2026-08-20 13:17:53.728 GPU_Scheduler_2] net_available: inf, queue_len: 0
[2026-08-20 13:17:53.972 GPU_Scheduler_0] net_available: inf, queue_len: 0
[2026-08-20 13:17:54.110 GPU_Scheduler_1] net_available: inf, queue_len: 0
[2026-08-20 13:17:54.344 GPU_Scheduler_3] net_available: inf, queue_len: 0
[2026-08-20 13:17:54.730 GPU_Scheduler_2] net_available: inf, queue_len: 0
[2026-08-20 13:17:54.978 GPU_Scheduler_0] net_available: inf, queue_len: 0
[2026-08-20 13:17:55.112 GPU_Scheduler_1] net_available: inf, queue_len: 0
[2026-08-20 13:17:55.320 GPU_Scheduler_3] [V5-LOOP] {"iters": 493, "t_mem": 0.011627309489995241, "t_redis": 0.003576548071578145, "t_admit": 0.010999681195244193, "t_send": 0.0009480607695877552, "t_iter": 0.027151599526405334, "admitted": 0, "iter_max": 0.002605724846944213, "gpu_id": 3, "window_s": 5.001056432723999}
[2026-08-20 13:17:55.351 GPU_Scheduler_3] net_available: inf, queue_len: 0
[2026-08-20 13:17:55.731 GPU_Scheduler_2] net_available: inf, queue_len: 0
[2026-08-20 13:17:55.980 GPU_Scheduler_0] net_available: inf, queue_len: 0
[2026-08-20 13:17:56.012 GPU_Scheduler_0] Admitted 1 requests for model_1
[2026-08-20 13:17:56.074 GPU_Scheduler_1] [V5-LOOP] {"iters": 494, "t_mem": 0.007998329121619463, "t_redis": 0.002101557794958353, "t_admit": 0.005543879233300686, "t_send": 0.000535142607986927, "t_iter": 0.01617890875786543, "admitted": 0, "iter_max": 0.00036310311406850815, "gpu_id": 1, "window_s": 5.001043796539307}
[2026-08-20 13:17:56.114 GPU_Scheduler_1] net_available: inf, queue_len: 0
[2026-08-20 13:17:56.357 GPU_Scheduler_3] net_available: inf, queue_len: 0
[2026-08-20 13:17:56.365 GPU_Scheduler_0] Admitted 1 requests for model_1
[2026-08-20 13:17:56.715 GPU_Scheduler_2] [V5-LOOP] {"iters": 495, "t_mem": 0.007929714629426599, "t_redis": 0.0021124209742993116, "t_admit": 0.006479066098108888, "t_send": 0.0005845427513122559, "t_iter": 0.017105744453147054, "admitted": 0, "iter_max": 0.0007873950526118279, "gpu_id": 2, "window_s": 5.010138034820557}
[2026-08-20 13:17:56.735 GPU_Scheduler_2] net_available: inf, queue_len: 0
[2026-08-20 13:17:56.825 GPU_Scheduler_0] [V5-LOOP] {"iters": 476, "t_mem": 0.010735863819718361, "t_redis": 0.18426767853088677, "t_admit": 0.006685412954539061, "t_send": 0.0026373821310698986, "t_iter": 0.2043263374362141, "admitted": 3, "iter_max": 0.00161725003272295, "gpu_id": 0, "window_s": 5.009344577789307}
[2026-08-20 13:17:56.981 GPU_Scheduler_0] net_available: inf, queue_len: 0
[2026-08-20 13:17:57.117 GPU_Scheduler_1] net_available: inf, queue_len: 0
[2026-08-20 13:17:57.362 GPU_Scheduler_3] net_available: inf, queue_len: 0
[2026-08-20 13:17:57.737 GPU_Scheduler_2] net_available: inf, queue_len: 0
[2026-08-20 13:17:57.889 GPU_Scheduler_0] Admitted 1 requests for model_1
[2026-08-20 13:17:57.984 GPU_Scheduler_0] net_available: inf, queue_len: 0
[2026-08-20 13:17:58.120 GPU_Scheduler_1] net_available: inf, queue_len: 0
[2026-08-20 13:17:58.366 GPU_Scheduler_3] net_available: inf, queue_len: 0
[2026-08-20 13:17:58.740 GPU_Scheduler_2] net_available: inf, queue_len: 0
[2026-08-20 13:17:58.986 GPU_Scheduler_0] net_available: inf, queue_len: 0
[2026-08-20 13:17:59.123 GPU_Scheduler_1] net_available: inf, queue_len: 0
[2026-08-20 13:17:59.274 GPU_Scheduler_1] Received signal to shutdown
[2026-08-20 13:17:59.275 GPU_Scheduler_0] Received signal to shutdown
[2026-08-20 13:17:59.275 GPU_Scheduler_3] Received signal to shutdown
[2026-08-20 13:17:59.277 GPU_Scheduler_3] Cleaning up GPUScheduler GPU 3 ZMQ sockets and IPC files
[2026-08-20 13:17:59.275 GPU_Scheduler_2] Received signal to shutdown
[2026-08-20 13:17:59.277 GPU_Scheduler_3] GPUScheduler GPU 3 cleanup completed
[2026-08-20 13:17:59.277 GPU_Scheduler_0] Cleaning up GPUScheduler GPU 0 ZMQ sockets and IPC files
[2026-08-20 13:17:59.277 GPU_Scheduler_3] Cleaning up WorkerPool GPU 3 ZMQ sockets and IPC files
[2026-08-20 13:17:59.277 GPU_Scheduler_3] Removed IPC file: gpu_scheduler_3_to_worker_0
[2026-08-20 13:17:59.278 GPU_Scheduler_0] GPUScheduler GPU 0 cleanup completed
[2026-08-20 13:17:59.278 GPU_Scheduler_3] WorkerPool GPU 3 cleanup completed
[2026-08-20 13:17:59.278 GPU_Scheduler_0] Cleaning up WorkerPool GPU 0 ZMQ sockets and IPC files
[2026-08-20 13:17:59.278 GPU_Scheduler_1] Cleaning up GPUScheduler GPU 1 ZMQ sockets and IPC files
[2026-08-20 13:17:59.278 GPU_Scheduler_0] Removed IPC file: gpu_scheduler_0_to_worker_0
[2026-08-20 13:17:59.278 GPU_Scheduler_0] WorkerPool GPU 0 cleanup completed
[2026-08-20 13:17:59.278 GPU_Scheduler_1] GPUScheduler GPU 1 cleanup completed
[2026-08-20 13:17:59.278 GPU_Scheduler_1] Cleaning up WorkerPool GPU 1 ZMQ sockets and IPC files
[2026-08-20 13:17:59.278 GPU_Scheduler_1] Removed IPC file: gpu_scheduler_1_to_worker_0
[2026-08-20 13:17:59.278 GPU_Scheduler_1] WorkerPool GPU 1 cleanup completed
[2026-08-20 13:17:59.294 GPU_Scheduler_2] Cleaning up GPUScheduler GPU 2 ZMQ sockets and IPC files
[2026-08-20 13:17:59.295 GPU_Scheduler_2] GPUScheduler GPU 2 cleanup completed
[2026-08-20 13:17:59.296 GPU_Scheduler_2] Cleaning up WorkerPool GPU 2 ZMQ sockets and IPC files
[2026-08-20 13:17:59.296 GPU_Scheduler_2] Removed IPC file: gpu_scheduler_2_to_worker_0
[2026-08-20 13:17:59.296 GPU_Scheduler_2] WorkerPool GPU 2 cleanup completed
[2026-08-20 13:17:59.319 GPU_Scheduler_1] Cleaning up GPUScheduler GPU 1 ZMQ sockets and IPC files
[2026-08-20 13:17:59.319 GPU_Scheduler_1] GPUScheduler GPU 1 cleanup completed
[2026-08-20 13:17:59.319 GPU_Scheduler_1] Cleaning up WorkerPool GPU 1 ZMQ sockets and IPC files
[2026-08-20 13:17:59.319 GPU_Scheduler_1] WorkerPool GPU 1 cleanup completed
[2026-08-20 13:17:59.322 GPU_Scheduler_0] Cleaning up GPUScheduler GPU 0 ZMQ sockets and IPC files
[2026-08-20 13:17:59.322 GPU_Scheduler_0] GPUScheduler GPU 0 cleanup completed
[2026-08-20 13:17:59.322 GPU_Scheduler_0] Cleaning up WorkerPool GPU 0 ZMQ sockets and IPC files
[2026-08-20 13:17:59.322 GPU_Scheduler_0] WorkerPool GPU 0 cleanup completed
[2026-08-20 13:17:59.348 GPU_Scheduler_2] Cleaning up GPUScheduler GPU 2 ZMQ sockets and IPC files
[2026-08-20 13:17:59.349 GPU_Scheduler_2] GPUScheduler GPU 2 cleanup completed
[2026-08-20 13:17:59.349 GPU_Scheduler_2] Cleaning up WorkerPool GPU 2 ZMQ sockets and IPC files
[2026-08-20 13:17:59.349 GPU_Scheduler_2] WorkerPool GPU 2 cleanup completed
[2026-08-20 13:17:59.375 GPU_Scheduler_3] Cleaning up GPUScheduler GPU 3 ZMQ sockets and IPC files
[2026-08-20 13:17:59.376 GPU_Scheduler_3] GPUScheduler GPU 3 cleanup completed
[2026-08-20 13:17:59.376 GPU_Scheduler_3] Cleaning up WorkerPool GPU 3 ZMQ sockets and IPC files
[2026-08-20 13:17:59.376 GPU_Scheduler_3] WorkerPool GPU 3 cleanup completed
